Component: ARM Compiler 5.06 update 4 (build 422) Tool: armlink [4d35d2]

==============================================================================

Section Cross References

    main.o(i.main) refers to util.o(i.uart_print_init) for uart_print_init
    main.o(i.main) refers to printf5.o(i.__0snprintf$5) for __2snprintf
    main.o(i.main) refers to util.o(i.uartprint) for uartprint
    main.o(i.main) refers to util.o(i.spi_app_init) for spi_app_init
    main.o(i.main) refers to util.o(i.fifo_init) for fifo_init
    main.o(i.main) refers to buttjob.o(i.butt_init) for butt_init
    main.o(i.main) refers to blefunctions.o(i.ble_app_init) for ble_app_init
    main.o(i.main) refers to util.o(i.spi_handler) for spi_handler
    main.o(i.main) refers to util.o(.bss) for printbuf
    blefunctions.o(i.advertising_init) refers to memseta.o(.text) for __aeabi_memclr4
    blefunctions.o(i.advertising_init) refers to ble_advertising.o(i.ble_advertising_init) for ble_advertising_init
    blefunctions.o(i.advertising_init) refers to app_error.o(i.app_error_handler_bare) for app_error_handler_bare
    blefunctions.o(i.advertising_init) refers to blefunctions.o(.data) for .data
    blefunctions.o(i.advertising_init) refers to blefunctions.o(i.on_adv_evt) for on_adv_evt
    blefunctions.o(i.assert_nrf_callback) refers to app_error.o(i.app_error_handler) for app_error_handler
    blefunctions.o(i.ble_app_init) refers to printf5.o(i.__0snprintf$5) for __2snprintf
    blefunctions.o(i.ble_app_init) refers to util.o(i.uartprint) for uartprint
    blefunctions.o(i.ble_app_init) refers to app_timer.o(i.app_timer_init) for app_timer_init
    blefunctions.o(i.ble_app_init) refers to app_error.o(i.app_error_handler_bare) for app_error_handler_bare
    blefunctions.o(i.ble_app_init) refers to blefunctions.o(i.ble_stack_init) for ble_stack_init
    blefunctions.o(i.ble_app_init) refers to blefunctions.o(i.gap_params_init) for gap_params_init
    blefunctions.o(i.ble_app_init) refers to blefunctions.o(i.services_init) for services_init
    blefunctions.o(i.ble_app_init) refers to blefunctions.o(i.advertising_init) for advertising_init
    blefunctions.o(i.ble_app_init) refers to blefunctions.o(i.conn_params_init) for conn_params_init
    blefunctions.o(i.ble_app_init) refers to ble_advertising.o(i.ble_advertising_start) for ble_advertising_start
    blefunctions.o(i.ble_app_init) refers to util.o(.bss) for printbuf
    blefunctions.o(i.ble_app_init) refers to blefunctions.o(.bss) for .bss
    blefunctions.o(i.ble_evt_dispatch) refers to ble_conn_params.o(i.ble_conn_params_on_ble_evt) for ble_conn_params_on_ble_evt
    blefunctions.o(i.ble_evt_dispatch) refers to ble_nus.o(i.ble_nus_on_ble_evt) for ble_nus_on_ble_evt
    blefunctions.o(i.ble_evt_dispatch) refers to blefunctions.o(i.on_ble_evt) for on_ble_evt
    blefunctions.o(i.ble_evt_dispatch) refers to ble_advertising.o(i.ble_advertising_on_ble_evt) for ble_advertising_on_ble_evt
    blefunctions.o(i.ble_evt_dispatch) refers to bsp_btn_ble.o(i.bsp_btn_ble_on_ble_evt) for bsp_btn_ble_on_ble_evt
    blefunctions.o(i.ble_evt_dispatch) refers to blefunctions.o(.bss) for .bss
    blefunctions.o(i.ble_stack_init) refers to printf5.o(i.__0snprintf$5) for __2snprintf
    blefunctions.o(i.ble_stack_init) refers to util.o(i.uartprint) for uartprint
    blefunctions.o(i.ble_stack_init) refers to softdevice_handler.o(i.softdevice_handler_init) for softdevice_handler_init
    blefunctions.o(i.ble_stack_init) refers to app_error.o(i.app_error_handler_bare) for app_error_handler_bare
    blefunctions.o(i.ble_stack_init) refers to softdevice_handler.o(i.softdevice_enable_get_default_config) for softdevice_enable_get_default_config
    blefunctions.o(i.ble_stack_init) refers to softdevice_handler.o(i.softdevice_enable) for softdevice_enable
    blefunctions.o(i.ble_stack_init) refers to softdevice_handler.o(i.softdevice_ble_evt_handler_set) for softdevice_ble_evt_handler_set
    blefunctions.o(i.ble_stack_init) refers to util.o(.bss) for printbuf
    blefunctions.o(i.ble_stack_init) refers to blefunctions.o(.constdata) for .constdata
    blefunctions.o(i.ble_stack_init) refers to blefunctions.o(.bss) for .bss
    blefunctions.o(i.ble_stack_init) refers to blefunctions.o(i.ble_evt_dispatch) for ble_evt_dispatch
    blefunctions.o(i.bsp_event_handler) refers to blefunctions.o(i.sleep_mode_enter) for sleep_mode_enter
    blefunctions.o(i.bsp_event_handler) refers to app_error.o(i.app_error_handler_bare) for app_error_handler_bare
    blefunctions.o(i.bsp_event_handler) refers to ble_advertising.o(i.ble_advertising_restart_without_whitelist) for ble_advertising_restart_without_whitelist
    blefunctions.o(i.bsp_event_handler) refers to blefunctions.o(.data) for .data
    blefunctions.o(i.conn_params_error_handler) refers to app_error.o(i.app_error_handler_bare) for app_error_handler_bare
    blefunctions.o(i.conn_params_init) refers to memseta.o(.text) for __aeabi_memclr4
[...]
    i.adv_mode_next_avail_get                0x00020050   Section        0  ble_advertising.o(i.adv_mode_next_avail_get)
    adv_mode_next_avail_get                  0x00020051   Thumb Code    80  ble_advertising.o(i.adv_mode_next_avail_get)
    i.advertising_buttons_configure          0x000200a8   Section        0  bsp_btn_ble.o(i.advertising_buttons_configure)
    advertising_buttons_configure            0x000200a9   Thumb Code    54  bsp_btn_ble.o(i.advertising_buttons_configure)
    i.advertising_init                       0x000200e0   Section        0  blefunctions.o(i.advertising_init)
    i.app_error_fault_handler                0x00020148   Section        0  app_error_weak.o(i.app_error_fault_handler)
    i.app_error_handler_bare                 0x0002016c   Section        0  app_error.o(i.app_error_handler_bare)
    i.app_fifo_get                           0x00020182   Section        0  app_fifo.o(i.app_fifo_get)
    i.app_fifo_put                           0x00020198   Section        0  app_fifo.o(i.app_fifo_put)
    i.app_timer_create                       0x000201b4   Section        0  app_timer.o(i.app_timer_create)
    i.app_timer_init                         0x000201d8   Section        0  app_timer.o(i.app_timer_init)
    i.app_timer_start                        0x00020248   Section        0  app_timer.o(i.app_timer_start)
    i.app_timer_stop                         0x000202d0   Section        0  app_timer.o(i.app_timer_stop)
    i.app_uart_put                           0x000202f0   Section        0  app_uart_fifo.o(i.app_uart_put)
    i.app_util_critical_region_enter         0x0002032c   Section        0  app_util_platform.o(i.app_util_critical_region_enter)
    i.app_util_critical_region_exit          0x00020374   Section        0  app_util_platform.o(i.app_util_critical_region_exit)
    i.apply_config                           0x000203a8   Section        0  nrf_drv_uart.o(i.apply_config)
    apply_config                             0x000203a9   Thumb Code   180  nrf_drv_uart.o(i.apply_config)
    i.ble_advdata_set                        0x00020460   Section        0  ble_advdata.o(i.ble_advdata_set)
    i.ble_advertising_init                   0x000204c8   Section        0  ble_advertising.o(i.ble_advertising_init)
    i.ble_advertising_on_ble_evt             0x000205e8   Section        0  ble_advertising.o(i.ble_advertising_on_ble_evt)
    i.ble_advertising_start                  0x00020644   Section        0  ble_advertising.o(i.ble_advertising_start)
    i.ble_app_init                           0x00020748   Section        0  blefunctions.o(i.ble_app_init)
    i.ble_conn_params_init                   0x0002082c   Section        0  ble_conn_params.o(i.ble_conn_params_init)
    i.ble_conn_params_on_ble_evt             0x00020884   Section        0  ble_conn_params.o(i.ble_conn_params_on_ble_evt)
    i.ble_device_addr_encode                 0x00020908   Section        0  ble_advdata.o(i.ble_device_addr_encode)
    ble_device_addr_encode                   0x00020909   Thumb Code    96  ble_advdata.o(i.ble_device_addr_encode)
    i.ble_evt_dispatch                       0x00020968   Section        0  blefunctions.o(i.ble_evt_dispatch)
    i.ble_nus_init                           0x00020994   Section        0  ble_nus.o(i.ble_nus_init)
    i.ble_nus_on_ble_evt                     0x000209f8   Section        0  ble_nus.o(i.ble_nus_on_ble_evt)
    i.ble_srv_is_notification_enabled        0x00020a54   Section        0  ble_srv_common.o(i.ble_srv_is_notification_enabled)
    i.ble_stack_init                         0x00020a5c   Section        0  blefunctions.o(i.ble_stack_init)
    i.bsp_board_button_idx_to_pin            0x00020b4c   Section        0  boards.o(i.bsp_board_button_idx_to_pin)
    i.bsp_board_led_invert                   0x00020b58   Section        0  boards.o(i.bsp_board_led_invert)
    i.bsp_board_led_off                      0x00020b7c   Section        0  boards.o(i.bsp_board_led_off)
    i.bsp_board_led_on                       0x00020b8c   Section        0  boards.o(i.bsp_board_led_on)
    i.bsp_board_led_state_get                0x00020b9c   Section        0  boards.o(i.bsp_board_led_state_get)
    i.bsp_board_leds_off                     0x00020bbc   Section        0  boards.o(i.bsp_board_leds_off)
    i.bsp_board_leds_on                      0x00020bce   Section        0  boards.o(i.bsp_board_leds_on)
    i.bsp_board_pin_to_button_idx            0x00020be0   Section        0  boards.o(i.bsp_board_pin_to_button_idx)
    i.bsp_btn_ble_on_ble_evt                 0x00020c04   Section        0  bsp_btn_ble.o(i.bsp_btn_ble_on_ble_evt)
    i.bsp_btn_ble_sleep_mode_prepare         0x00020c74   Section        0  bsp_btn_ble.o(i.bsp_btn_ble_sleep_mode_prepare)
    i.bsp_button_event_handler               0x00020c94   Section        0  bsp.o(i.bsp_button_event_handler)
    bsp_button_event_handler                 0x00020c95   Thumb Code   136  bsp.o(i.bsp_button_event_handler)
    i.bsp_event_to_button_action_assign      0x00020d28   Section        0  bsp.o(i.bsp_event_to_button_action_assign)
    i.bsp_indication_set                     0x00020d6c   Section        0  bsp.o(i.bsp_indication_set)
    i.bsp_led_indication                     0x00020d84   Section        0  bsp.o(i.bsp_led_indication)
    bsp_led_indication                       0x00020d85   Thumb Code   362  bsp.o(i.bsp_led_indication)
    i.bsp_wakeup_button_enable               0x00020ef8   Section        0  bsp.o(i.bsp_wakeup_button_enable)
    i.butt_handler                           0x00020f08   Section        0  buttjob.o(i.butt_handler)
    i.butt_init                              0x00020f50   Section        0  buttjob.o(i.butt_init)
    i.channel_free                           0x00020f80   Section        0  nrf_drv_gpiote.o(i.channel_free)
    channel_free                             0x00020f81   Thumb Code    22  nrf_drv_gpiote.o(i.channel_free)
    i.channel_port_alloc                     0x00020f9c   Section        0  nrf_drv_gpiote.o(i.channel_port_alloc)
    channel_port_alloc                       0x00020f9d   Thumb Code    66  nrf_drv_gpiote.o(i.channel_port_alloc)
    i.channel_port_get                       0x00020fe4   Section        0  nrf_drv_gpiote.o(i.channel_port_get)
    channel_port_get                         0x00020fe5   Thumb Code    10  nrf_drv_gpiote.o(i.channel_port_get)
    i.clock_clk_started_notify               0x00020ff4   Section        0  nrf_drv_clock.o(i.clock_clk_started_notify)
    clock_clk_started_notify                 0x00020ff5   Thumb Code    34  nrf_drv_clock.o(i.clock_clk_started_notify)
    i.compare_reg_update                     0x0002101c   Section        0  app_timer.o(i.compare_reg_update)
    compare_reg_update                       0x0002101d   Thumb Code   160  app_timer.o(i.compare_reg_update)
    i.conn_int_encode                        0x000210c8   Section        0  ble_advdata.o(i.conn_int_encode)
    conn_int_encode                          0x000210c9   Thumb Code   136  ble_advdata.o(i.conn_int_encode)
    i.conn_params_error_handler              0x00021150   Section        0  blefunctions.o(i.conn_params_error_handler)
    i.conn_params_init                       0x00021154   Section        0  blefunctions.o(i.conn_params_init)
    i.conn_params_negotiation                0x000211a0   Section        0  ble_conn_params.o(i.conn_params_negotiation)
    conn_params_negotiation                  0x000211a1   Thumb Code    78  ble_conn_params.o(i.conn_params_negotiation)
    i.elapsed_ticks_acquire                  0x000211fc   Section        0  app_timer.o(i.elapsed_ticks_acquire)
    elapsed_ticks_acquire                    0x000211fd   Thumb Code    58  app_timer.o(i.elapsed_ticks_acquire)
    i.fifo_get                               0x0002123c   Section        0  app_fifo.o(i.fifo_get)
    fifo_get                                 0x0002123d   Thumb Code    20  app_fifo.o(i.fifo_get)
    i.fifo_init                              0x00021250   Section        0  util.o(i.fifo_init)
    i.fifo_put                               0x00021270   Section        0  app_fifo.o(i.fifo_put)
    fifo_put                                 0x00021271   Thumb Code    18  app_fifo.o(i.fifo_put)
    i.fs_queued_op_count_get                 0x00021284   Section        0  fstorage.o(i.fs_queued_op_count_get)
    i.gap_params_init                        0x00021298   Section        0  blefunctions.o(i.gap_params_init)
    i.intern_softdevice_events_execute       0x000212fc   Section        0  softdevice_handler.o(i.intern_softdevice_events_execute)
    i.interrupts_enable                      0x00021374   Section        0  nrf_drv_uart.o(i.interrupts_enable)
    interrupts_enable                        0x00021375   Thumb Code   106  nrf_drv_uart.o(i.interrupts_enable)
    i.is_conn_params_ok                      0x000213ec   Section        0  ble_conn_params.o(i.is_conn_params_ok)
    is_conn_params_ok                        0x000213ed   Thumb Code    24  ble_conn_params.o(i.is_conn_params_ok)
    i.list_deletions_handler                 0x00021408   Section        0  app_timer.o(i.list_deletions_handler)
    list_deletions_handler                   0x00021409   Thumb Code   158  app_timer.o(i.list_deletions_handler)
    i.list_insertions_handler                0x000214b0   Section        0  app_timer.o(i.list_insertions_handler)
    list_insertions_handler                  0x000214b1   Thumb Code   174  app_timer.o(i.list_insertions_handler)
    i.main                                   0x00021568   Section        0  main.o(i.main)
    i.malloc                                 0x00021640   Section        0  malloc.o(i.malloc)
    i.manuf_specific_data_encode             0x000216ac   Section        0  ble_advdata.o(i.manuf_specific_data_encode)
    manuf_specific_data_encode               0x000216ad   Thumb Code   100  ble_advdata.o(i.manuf_specific_data_encode)
    i.name_encode                            0x00021710   Section        0  ble_advdata.o(i.name_encode)
    name_encode                              0x00021711   Thumb Code   156  ble_advdata.o(i.name_encode)
    i.nrf_bitmask_bit_is_set                 0x000217ac   Section        0  nrf_drv_gpiote.o(i.nrf_bitmask_bit_is_set)
    nrf_bitmask_bit_is_set                   0x000217ad   Thumb Code    16  nrf_drv_gpiote.o(i.nrf_bitmask_bit_is_set)
    i.nrf_clock_event_check                  0x000217bc   Section        0  nrf_drv_clock.o(i.nrf_clock_event_check)
    nrf_clock_event_check                    0x000217bd   Thumb Code    14  nrf_drv_clock.o(i.nrf_clock_event_check)
    i.nrf_clock_event_clear                  0x000217ca   Section        0  nrf_drv_clock.o(i.nrf_clock_event_clear)
    nrf_clock_event_clear                    0x000217cb   Thumb Code    16  nrf_drv_clock.o(i.nrf_clock_event_clear)
    i.nrf_delay_us                           0x000217dc   Section        0  util.o(i.nrf_delay_us)
    nrf_delay_us                             0x000217dd   Thumb Code   132  util.o(i.nrf_delay_us)
    i.nrf_delay_us                           0x00021868   Section        0  app_timer.o(i.nrf_delay_us)
    nrf_delay_us                             0x00021869   Thumb Code   132  app_timer.o(i.nrf_delay_us)
    i.nrf_drv_clock_init                     0x000218f4   Section        0  nrf_drv_clock.o(i.nrf_drv_clock_init)
    i.nrf_drv_clock_on_sd_enable             0x0002193c   Section        0  nrf_drv_clock.o(i.nrf_drv_clock_on_sd_enable)
    i.nrf_drv_clock_on_soc_event             0x0002196c   Section        0  nrf_drv_clock.o(i.nrf_drv_clock_on_soc_event)
    i.nrf_drv_common_irq_enable              0x00021976   Section        0  nrf_drv_common.o(i.nrf_drv_common_irq_enable)
    i.nrf_drv_get_IRQn                       0x000219ae   Section        0  nrf_drv_uart.o(i.nrf_drv_get_IRQn)
    nrf_drv_get_IRQn                         0x000219af   Thumb Code     6  nrf_drv_uart.o(i.nrf_drv_get_IRQn)
    i.nrf_drv_gpiote_in_event_enable         0x000219b4   Section        0  nrf_drv_gpiote.o(i.nrf_drv_gpiote_in_event_enable)
    i.nrf_drv_gpiote_in_init                 0x00021a58   Section        0  nrf_drv_gpiote.o(i.nrf_drv_gpiote_in_init)
    i.nrf_drv_gpiote_in_is_set               0x00021b10   Section        0  nrf_drv_gpiote.o(i.nrf_drv_gpiote_in_is_set)
    i.nrf_drv_gpiote_init                    0x00021b24   Section        0  nrf_drv_gpiote.o(i.nrf_drv_gpiote_init)
    i.nrf_drv_gpiote_out_clear               0x00021b80   Section        0  nrf_drv_gpiote.o(i.nrf_drv_gpiote_out_clear)
    i.nrf_drv_gpiote_out_init                0x00021b90   Section        0  nrf_drv_gpiote.o(i.nrf_drv_gpiote_out_init)
    i.nrf_drv_gpiote_out_set                 0x00021c48   Section        0  nrf_drv_gpiote.o(i.nrf_drv_gpiote_out_set)
    i.nrf_drv_is_in_RAM                      0x00021c56   Section        0  nrf_drv_uart.o(i.nrf_drv_is_in_RAM)
    nrf_drv_is_in_RAM                        0x00021c57   Thumb Code    16  nrf_drv_uart.o(i.nrf_drv_is_in_RAM)
    i.nrf_drv_is_in_RAM                      0x00021c66   Section        0  nrf_drv_spis.o(i.nrf_drv_is_in_RAM)
    nrf_drv_is_in_RAM                        0x00021c67   Thumb Code    16  nrf_drv_spis.o(i.nrf_drv_is_in_RAM)
    i.nrf_drv_spis_buffers_set               0x00021c78   Section        0  nrf_drv_spis.o(i.nrf_drv_spis_buffers_set)
    i.nrf_drv_spis_init                      0x00021cec   Section        0  nrf_drv_spis.o(i.nrf_drv_spis_init)
    i.nrf_drv_timer_compare                  0x00021e3c   Section        0  nrf_drv_timer.o(i.nrf_drv_timer_compare)
    i.nrf_drv_timer_enable                   0x00021e60   Section        0  nrf_drv_timer.o(i.nrf_drv_timer_enable)
    i.nrf_drv_timer_extended_compare         0x00021e7c   Section        0  nrf_drv_timer.o(i.nrf_drv_timer_extended_compare)
    i.nrf_drv_timer_init                     0x00021ea8   Section        0  nrf_drv_timer.o(i.nrf_drv_timer_init)
    i.nrf_drv_uart_init                      0x00021f38   Section        0  nrf_drv_uart.o(i.nrf_drv_uart_init)
    i.nrf_drv_uart_tx                        0x00021fa0   Section        0  nrf_drv_uart.o(i.nrf_drv_uart_tx)
    i.nrf_drv_uart_tx_in_progress            0x000220ac   Section        0  nrf_drv_uart.o(i.nrf_drv_uart_tx_in_progress)
    i.nrf_gpio_cfg                           0x000220c4   Section        0  nrf_drv_gpiote.o(i.nrf_gpio_cfg)
    nrf_gpio_cfg                             0x000220c5   Thumb Code    36  nrf_drv_gpiote.o(i.nrf_gpio_cfg)
    i.nrf_gpio_cfg                           0x000220e8   Section        0  nrf_drv_uart.o(i.nrf_gpio_cfg)
    nrf_gpio_cfg                             0x000220e9   Thumb Code    36  nrf_drv_uart.o(i.nrf_gpio_cfg)
    i.nrf_gpio_cfg                           0x0002210c   Section        0  nrf_drv_spis.o(i.nrf_gpio_cfg)
    nrf_gpio_cfg                             0x0002210d   Thumb Code    36  nrf_drv_spis.o(i.nrf_gpio_cfg)
    i.nrf_gpio_cfg_input                     0x00022130   Section        0  nrf_drv_uart.o(i.nrf_gpio_cfg_input)
    nrf_gpio_cfg_input                       0x00022131   Thumb Code    18  nrf_drv_uart.o(i.nrf_gpio_cfg_input)
    i.nrf_gpio_cfg_output                    0x00022142   Section        0  nrf_drv_uart.o(i.nrf_gpio_cfg_output)
    nrf_gpio_cfg_output                      0x00022143   Thumb Code    20  nrf_drv_uart.o(i.nrf_gpio_cfg_output)
    i.nrf_gpio_cfg_sense_set                 0x00022156   Section        0  bsp.o(i.nrf_gpio_cfg_sense_set)
    nrf_gpio_cfg_sense_set                   0x00022157   Thumb Code    34  bsp.o(i.nrf_gpio_cfg_sense_set)
    i.nrf_gpio_cfg_sense_set                 0x00022178   Section        0  nrf_drv_gpiote.o(i.nrf_gpio_cfg_sense_set)
    nrf_gpio_cfg_sense_set                   0x00022179   Thumb Code    34  nrf_drv_gpiote.o(i.nrf_gpio_cfg_sense_set)
    i.nrf_gpio_pin_write                     0x0002219a   Section        0  boards.o(i.nrf_gpio_pin_write)
    nrf_gpio_pin_write                       0x0002219b   Thumb Code    22  boards.o(i.nrf_gpio_pin_write)
    i.nrf_gpio_ports_read                    0x000221b0   Section        0  nrf_drv_gpiote.o(i.nrf_gpio_ports_read)
    nrf_gpio_ports_read                      0x000221b1   Thumb Code    34  nrf_drv_gpiote.o(i.nrf_gpio_ports_read)
    i.nrf_gpiote_event_clear                 0x000221d8   Section        0  nrf_drv_gpiote.o(i.nrf_gpiote_event_clear)
    nrf_gpiote_event_clear                   0x000221d9   Thumb Code    16  nrf_drv_gpiote.o(i.nrf_gpiote_event_clear)
    i.nrf_gpiote_event_is_set                0x000221ec   Section        0  nrf_drv_gpiote.o(i.nrf_gpiote_event_is_set)
    nrf_gpiote_event_is_set                  0x000221ed   Thumb Code    12  nrf_drv_gpiote.o(i.nrf_gpiote_event_is_set)
    i.nrf_spis_event_check                   0x000221fc   Section        0  nrf_drv_spis.o(i.nrf_spis_event_check)
    nrf_spis_event_check                     0x000221fd   Thumb Code    10  nrf_drv_spis.o(i.nrf_spis_event_check)
    i.nrf_spis_event_clear                   0x00022206   Section        0  nrf_drv_spis.o(i.nrf_spis_event_clear)
    nrf_spis_event_clear                     0x00022207   Thumb Code    12  nrf_drv_spis.o(i.nrf_spis_event_clear)
    i.nrf_uart_event_check                   0x00022212   Section        0  nrf_drv_uart.o(i.nrf_uart_event_check)
    nrf_uart_event_check                     0x00022213   Thumb Code    10  nrf_drv_uart.o(i.nrf_uart_event_check)
    i.nrf_uart_event_clear                   0x0002221c   Section        0  nrf_drv_uart.o(i.nrf_uart_event_clear)
    nrf_uart_event_clear                     0x0002221d   Thumb Code    12  nrf_drv_uart.o(i.nrf_uart_event_clear)
    i.nrf_uart_int_enable_check              0x00022228   Section        0  nrf_drv_uart.o(i.nrf_uart_int_enable_check)
    nrf_uart_int_enable_check                0x00022229   Thumb Code    12  nrf_drv_uart.o(i.nrf_uart_int_enable_check)
    i.nrf_uarte_event_check                  0x00022234   Section        0  nrf_drv_uart.o(i.nrf_uarte_event_check)
    nrf_uarte_event_check                    0x00022235   Thumb Code    10  nrf_drv_uart.o(i.nrf_uarte_event_check)
    i.nrf_uarte_event_clear                  0x0002223e   Section        0  nrf_drv_uart.o(i.nrf_uarte_event_clear)
    nrf_uarte_event_clear                    0x0002223f   Thumb Code    12  nrf_drv_uart.o(i.nrf_uarte_event_clear)
    i.nus_data_handler                       0x0002224a   Section        0  blefunctions.o(i.nus_data_handler)
    i.on_adv_evt                             0x00022280   Section        0  blefunctions.o(i.on_adv_evt)
    i.on_ble_evt                             0x000222a4   Section        0  blefunctions.o(i.on_ble_evt)
    i.on_conn_params_evt                     0x0002238c   Section        0  blefunctions.o(i.on_conn_params_evt)
    i.pin_in_use_by_port                     0x000223a8   Section        0  nrf_drv_gpiote.o(i.pin_in_use_by_port)
    pin_in_use_by_port                       0x000223a9   Thumb Code    20  nrf_drv_gpiote.o(i.pin_in_use_by_port)
    i.pin_in_use_by_te                       0x000223c0   Section        0  nrf_drv_gpiote.o(i.pin_in_use_by_te)
    pin_in_use_by_te                         0x000223c1   Thumb Code    20  nrf_drv_gpiote.o(i.pin_in_use_by_te)
    i.power_manage                           0x000223d8   Section        0  blefunctions.o(i.power_manage)
    i.read_fifo                              0x000223e4   Section        0  util.o(i.read_fifo)
    i.rtc1_stop                              0x00022424   Section        0  app_timer.o(i.rtc1_stop)
    rtc1_stop                                0x00022425   Thumb Code    52  app_timer.o(i.rtc1_stop)
    i.rx_byte                                0x00022460   Section        0  nrf_drv_uart.o(i.rx_byte)
    rx_byte                                  0x00022461   Thumb Code    50  nrf_drv_uart.o(i.rx_byte)
    i.rx_char_add                            0x00022492   Section        0  ble_nus.o(i.rx_char_add)
    rx_char_add                              0x00022493   Thumb Code   220  ble_nus.o(i.rx_char_add)
    i.rx_done_event                          0x0002256e   Section        0  nrf_drv_uart.o(i.rx_done_event)
    rx_done_event                            0x0002256f   Thumb Code    24  nrf_drv_uart.o(i.rx_done_event)
    i.sd_nvic_EnableIRQ                      0x00022588   Section        0  softdevice_handler.o(i.sd_nvic_EnableIRQ)
    sd_nvic_EnableIRQ                        0x00022589   Thumb Code   106  softdevice_handler.o(i.sd_nvic_EnableIRQ)
    i.service_data_encode                    0x000225f8   Section        0  ble_advdata.o(i.service_data_encode)
    service_data_encode                      0x000225f9   Thumb Code   136  ble_advdata.o(i.service_data_encode)
    i.services_init                          0x00022680   Section        0  blefunctions.o(i.services_init)
    i.set_adv_mode_fast                      0x000226a0   Section        0  ble_advertising.o(i.set_adv_mode_fast)
    set_adv_mode_fast                        0x000226a1   Thumb Code    64  ble_advertising.o(i.set_adv_mode_fast)
    i.set_adv_mode_slow                      0x000226e8   Section        0  ble_advertising.o(i.set_adv_mode_slow)
    set_adv_mode_slow                        0x000226e9   Thumb Code    60  ble_advertising.o(i.set_adv_mode_slow)
    i.sleep_mode_enter                       0x0002272c   Section        0  blefunctions.o(i.sleep_mode_enter)
    i.softdevice_ble_evt_handler_set         0x00022754   Section        0  softdevice_handler.o(i.softdevice_ble_evt_handler_set)
    i.softdevice_enable                      0x00022768   Section        0  softdevice_handler.o(i.softdevice_enable)
    i.softdevice_enable_get_default_config   0x0002277c   Section        0  softdevice_handler.o(i.softdevice_enable_get_default_config)
    i.softdevice_fault_handler               0x000227a2   Section        0  softdevice_handler.o(i.softdevice_fault_handler)
    i.softdevice_handler_init                0x000227a8   Section        0  softdevice_handler.o(i.softdevice_handler_init)
    i.softdevice_handler_is_enabled          0x0002280c   Section        0  softdevice_handler.o(i.softdevice_handler_is_enabled)
    i.spi_app_init                           0x00022818   Section        0  util.o(i.spi_app_init)
    i.spi_handler                            0x000228ec   Section        0  util.o(i.spi_handler)
    i.spis_event_handler                     0x00022b70   Section        0  util.o(i.spis_event_handler)
    i.spis_irq_handler                       0x00022bc0   Section        0  nrf_drv_spis.o(i.spis_irq_handler)
    spis_irq_handler                         0x00022bc1   Thumb Code   120  nrf_drv_spis.o(i.spis_irq_handler)
    i.spis_state_change                      0x00022c38   Section        0  nrf_drv_spis.o(i.spis_state_change)
    spis_state_change                        0x00022c39   Thumb Code     6  nrf_drv_spis.o(i.spis_state_change)
    i.spis_state_entry_action_execute        0x00022c3e   Section        0  nrf_drv_spis.o(i.spis_state_entry_action_execute)
    spis_state_entry_action_execute          0x00022c3f   Thumb Code    94  nrf_drv_spis.o(i.spis_state_entry_action_execute)
    i.timer_led_event_handler                0x00022c9c   Section        0  util.o(i.timer_led_event_handler)
    i.timer_list_handler                     0x00022cb4   Section        0  app_timer.o(i.timer_list_handler)
    timer_list_handler                       0x00022cb5   Thumb Code   134  app_timer.o(i.timer_list_handler)
    i.timer_list_insert                      0x00022d40   Section        0  app_timer.o(i.timer_list_insert)
    timer_list_insert                        0x00022d41   Thumb Code    56  app_timer.o(i.timer_list_insert)
    i.timer_stop_op_schedule                 0x00022d7c   Section        0  app_timer.o(i.timer_stop_op_schedule)
    timer_stop_op_schedule                   0x00022d7d   Thumb Code    68  app_timer.o(i.timer_stop_op_schedule)
    i.timer_timeouts_check                   0x00022dc4   Section        0  app_timer.o(i.timer_timeouts_check)
    timer_timeouts_check                     0x00022dc5   Thumb Code   124  app_timer.o(i.timer_timeouts_check)
    i.tx_byte                                0x00022e48   Section        0  nrf_drv_uart.o(i.tx_byte)
    tx_byte                                  0x00022e49   Thumb Code    32  nrf_drv_uart.o(i.tx_byte)
    i.tx_char_add                            0x00022e68   Section        0  ble_nus.o(i.tx_char_add)
    tx_char_add                              0x00022e69   Thumb Code   160  ble_nus.o(i.tx_char_add)
    i.tx_clear                               0x00022f08   Section        0  util.o(i.tx_clear)
    i.tx_done_event                          0x00022f18   Section        0  nrf_drv_uart.o(i.tx_done_event)
    tx_done_event                            0x00022f19   Thumb Code    28  nrf_drv_uart.o(i.tx_done_event)
    i.tx_set                                 0x00022f34   Section        0  util.o(i.tx_set)
    i.uart_irq_handler                       0x00022f46   Section        0  nrf_drv_uart.o(i.uart_irq_handler)
    uart_irq_handler                         0x00022f47   Thumb Code   286  nrf_drv_uart.o(i.uart_irq_handler)
    i.uart_print_init                        0x00023064   Section        0  util.o(i.uart_print_init)
    i.uarte_irq_handler                      0x00023084   Section        0  nrf_drv_uart.o(i.uarte_irq_handler)
    uarte_irq_handler                        0x00023085   Thumb Code   240  nrf_drv_uart.o(i.uarte_irq_handler)
    i.uartprint                              0x00023174   Section        0  util.o(i.uartprint)
    i.uint16_encode                          0x00023198   Section        0  ble_advdata.o(i.uint16_encode)
    uint16_encode                            0x00023199   Thumb Code    10  ble_advdata.o(i.uint16_encode)
    i.update_timeout_handler                 0x000231a4   Section        0  ble_conn_params.o(i.update_timeout_handler)
    update_timeout_handler                   0x000231a5   Thumb Code    88  ble_conn_params.o(i.update_timeout_handler)
    i.user_op_alloc                          0x00023204   Section        0  app_timer.o(i.user_op_alloc)
    user_op_alloc                            0x00023205   Thumb Code    42  app_timer.o(i.user_op_alloc)
    i.uuid_list_encode                       0x00023234   Section        0  ble_advdata.o(i.uuid_list_encode)
    uuid_list_encode                         0x00023235   Thumb Code    48  ble_advdata.o(i.uuid_list_encode)
    i.uuid_list_sized_encode                 0x00023264   Section        0  ble_advdata.o(i.uuid_list_sized_encode)
    uuid_list_sized_encode                   0x00023265   Thumb Code   158  ble_advdata.o(i.uuid_list_sized_encode)
    .constdata                               0x00023304   Section        4  blefunctions.o(.constdata)
    .constdata                               0x00023308   Section       56  util.o(.constdata)
    spis                                     0x00023310   Data           8  util.o(.constdata)
    .constdata                               0x00023340   Section        4  buttjob.o(.constdata)
    .constdata                               0x00023344   Section        8  boards.o(.constdata)
    m_board_led_list                         0x00023344   Data           4  boards.o(.constdata)
    m_board_btn_list                         0x00023348   Data           4  boards.o(.constdata)
    .constdata                               0x0002334c   Section       44  bsp.o(.constdata)
    m_leds_timer_id                          0x0002334c   Data           4  bsp.o(.constdata)
    m_alert_timer_id                         0x00023350   Data           4  bsp.o(.constdata)
    m_button_timer_id                        0x00023354   Data           4  bsp.o(.constdata)
    app_buttons                              0x00023358   Data          32  bsp.o(.constdata)
    .constdata                               0x00023378   Section        4  ble_conn_params.o(.constdata)
    m_conn_params_timer_id                   0x00023378   Data           4  ble_conn_params.o(.constdata)
    .constdata                               0x0002337c   Section       16  ble_nus.o(.constdata)
    .constdata                               0x0002338c   Section        4  nrf_drv_gpiote.o(.constdata)
    .data                                    0x20002128   Section        6  blefunctions.o(.data)
    m_conn_handle                            0x20002128   Data           2  blefunctions.o(.data)
    m_adv_uuids                              0x2000212a   Data           4  blefunctions.o(.data)
    .data                                    0x20002130   Section       52  util.o(.data)
    spis_xfer_done                           0x20002133   Data           1  util.o(.data)
    m_tx_buf                                 0x20002134   Data           3  util.o(.data)
    m_rx_buf                                 0x20002137   Data           4  util.o(.data)
    p_uart                                   0x2000213c   Data           8  util.o(.data)
    p_uart_config                            0x20002144   Data          32  util.o(.data)
    .data                                    0x20002164   Section        4  buttjob.o(.data)
    .data                                    0x20002168   Section       20  bsp.o(.data)
    m_stable_state                           0x20002168   Data           1  bsp.o(.data)
    m_leds_clear                             0x20002169   Data           1  bsp.o(.data)
    current_long_push_pin_no                 0x2000216a   Data           1  bsp.o(.data)
    m_app_ticks_per_100ms                    0x2000216c   Data           4  bsp.o(.data)
    m_indication_type                        0x20002170   Data           4  bsp.o(.data)
    m_registered_callback                    0x20002174   Data           4  bsp.o(.data)
    release_event_at_push                    0x20002178   Data           4  bsp.o(.data)
    .data                                    0x2000217c   Section        8  bsp_btn_ble.o(.data)
    m_error_handler                          0x2000217c   Data           4  bsp_btn_ble.o(.data)
    m_num_connections                        0x20002180   Data           4  bsp_btn_ble.o(.data)
    .data                                    0x20002184   Section       20  ble_conn_params.o(.data)
    m_change_param                           0x20002184   Data           1  ble_conn_params.o(.data)
    m_update_count                           0x20002185   Data           1  ble_conn_params.o(.data)
    m_conn_handle                            0x20002186   Data           2  ble_conn_params.o(.data)
    m_preferred_conn_params                  0x20002188   Data           8  ble_conn_params.o(.data)
    m_current_conn_params                    0x20002190   Data           8  ble_conn_params.o(.data)
    .data                                    0x20002198   Section       31  ble_advertising.o(.data)
    m_initialized                            0x20002198   Data           1  ble_advertising.o(.data)
    m_advertising_start_pending              0x20002199   Data           1  ble_advertising.o(.data)
    m_adv_evt                                0x2000219a   Data           1  ble_advertising.o(.data)
    m_adv_mode_current                       0x2000219b   Data           1  ble_advertising.o(.data)
    m_peer_addr_reply_expected               0x2000219c   Data           1  ble_advertising.o(.data)
    m_whitelist_temporarily_disabled         0x2000219d   Data           1  ble_advertising.o(.data)
    m_whitelist_reply_expected               0x2000219e   Data           1  ble_advertising.o(.data)
    m_whitelist_in_use                       0x2000219f   Data           1  ble_advertising.o(.data)
    m_current_slave_link_conn_handle         0x200021a0   Data           2  ble_advertising.o(.data)
    m_slave_conn_int                         0x200021a2   Data           4  ble_advertising.o(.data)
    m_evt_handler                            0x200021a8   Data           4  ble_advertising.o(.data)
    m_error_handler                          0x200021ac   Data           4  ble_advertising.o(.data)
    m_peer_address                           0x200021b0   Data           7  ble_advertising.o(.data)
    .data                                    0x200021b8   Section       32  app_timer.o(.data)
    m_ticks_elapsed_q_read_ind               0x200021b8   Data           1  app_timer.o(.data)
    m_ticks_elapsed_q_write_ind              0x200021b9   Data           1  app_timer.o(.data)
    m_rtc1_running                           0x200021ba   Data           1  app_timer.o(.data)
    m_rtc1_reset                             0x200021bb   Data           1  app_timer.o(.data)
    mp_timer_id_head                         0x200021bc   Data           4  app_timer.o(.data)
    m_ticks_latest                           0x200021c0   Data           4  app_timer.o(.data)
    m_evt_schedule_func                      0x200021c4   Data           4  app_timer.o(.data)
    m_op_queue                               0x200021c8   Data           8  app_timer.o(.data)
    m_ticks_elapsed                          0x200021d0   Data           8  app_timer.o(.data)
    .data                                    0x200021d8   Section       16  app_uart_fifo.o(.data)
    tx_buffer                                0x200021d8   Data           1  app_uart_fifo.o(.data)
    rx_buffer                                0x200021d9   Data           1  app_uart_fifo.o(.data)
    m_rx_ovf                                 0x200021da   Data           1  app_uart_fifo.o(.data)
    m_event_handler                          0x200021dc   Data           4  app_uart_fifo.o(.data)
    app_uart_inst                            0x200021e0   Data           8  app_uart_fifo.o(.data)
    .data                                    0x200021e8   Section       20  softdevice_handler.o(.data)
    m_softdevice_enabled                     0x200021e8   Data           1  softdevice_handler.o(.data)
    m_suspended                              0x200021e9   Data           1  softdevice_handler.o(.data)
    m_ble_evt_buffer_size                    0x200021ea   Data           2  softdevice_handler.o(.data)
    m_evt_schedule_func                      0x200021ec   Data           4  softdevice_handler.o(.data)
    mp_ble_evt_buffer                        0x200021f0   Data           4  softdevice_handler.o(.data)
    m_ble_evt_handler                        0x200021f4   Data           4  softdevice_handler.o(.data)
    m_sys_evt_handler                        0x200021f8   Data           4  softdevice_handler.o(.data)
    .data                                    0x200021fc   Section        4  system_nrf52.o(.data)
    __tagsym$$used                           0x200021fc   Number         0  system_nrf52.o(.data)
    .data                                    0x20002200   Section        4  mvars.o(.data)
    .data                                    0x20002204   Section        4  mvars.o(.data)
    .bss                                     0x20002208   Section      228  blefunctions.o(.bss)
    BLE_EVT_BUFFER                           0x20002208   Data          80  blefunctions.o(.bss)
    APP_TIMER_BUF                            0x20002258   Data         120  blefunctions.o(.bss)
    m_nus                                    0x200022d0   Data          28  blefunctions.o(.bss)
    .bss                                     0x200022ec   Section       64  util.o(.bss)
    .bss                                     0x2000232c   Section       32  bsp.o(.bss)
    m_leds_timer_id_data                     0x2000232c   Data          32  bsp.o(.bss)
    .bss                                     0x2000234c   Section       32  bsp.o(.bss)
    m_alert_timer_id_data                    0x2000234c   Data          32  bsp.o(.bss)
    .bss                                     0x2000236c   Section       12  bsp.o(.bss)
    m_events_list                            0x2000236c   Data          12  bsp.o(.bss)
    .bss                                     0x20002378   Section       32  bsp.o(.bss)
    m_button_timer_id_data                   0x20002378   Data          32  bsp.o(.bss)
    .bss                                     0x20002398   Section       32  ble_conn_params.o(.bss)
    m_conn_params_timer_id_data              0x20002398   Data          32  ble_conn_params.o(.bss)
    .bss                                     0x200023b8   Section       28  ble_conn_params.o(.bss)
    m_conn_params_config                     0x200023b8   Data          28  ble_conn_params.o(.bss)
    .bss                                     0x200023d4   Section      179  ble_advertising.o(.bss)
    m_adv_modes_config                       0x200023d4   Data          32  ble_advertising.o(.bss)
    m_advdata                                0x200023f4   Data          60  ble_advertising.o(.bss)
    m_manuf_specific_data                    0x20002430   Data          12  ble_advertising.o(.bss)
    m_manuf_data_array                       0x2000243c   Data          31  ble_advertising.o(.bss)
    m_service_data                           0x2000245c   Data          12  ble_advertising.o(.bss)
    m_service_data_array                     0x20002468   Data          31  ble_advertising.o(.bss)
    .bss                                     0x20002488   Section       20  nrf_drv_clock.o(.bss)
    m_clock_cb                               0x20002488   Data          20  nrf_drv_clock.o(.bss)
    .bss                                     0x2000249c   Section       88  nrf_drv_gpiote.o(.bss)
    m_cb                                     0x2000249c   Data          88  nrf_drv_gpiote.o(.bss)
    .bss                                     0x200024f4   Section       32  nrf_drv_uart.o(.bss)
    m_cb                                     0x200024f4   Data          32  nrf_drv_uart.o(.bss)
    .bss                                     0x20002514   Section       24  nrf_drv_spis.o(.bss)
    m_cb                                     0x20002514   Data          24  nrf_drv_spis.o(.bss)
    .bss                                     0x2000252c   Section       12  nrf_drv_timer.o(.bss)
    m_cb                                     0x2000252c   Data          12  nrf_drv_timer.o(.bss)
    .bss                                     0x20002538   Section       32  app_uart_fifo.o(.bss)
    m_rx_fifo                                0x20002538   Data          16  app_uart_fifo.o(.bss)
    m_tx_fifo                                0x20002548   Data          16  app_uart_fifo.o(.bss)
    .bss                                     0x20002558   Section       12  app_util_platform.o(.bss)
    .bss                                     0x20002564   Section      104  fstorage.o(.bss)
    m_queue                                  0x20002564   Data         104  fstorage.o(.bss)
    HEAP                                     0x200025d0   Section     8192  arm_startup_nrf52.o(HEAP)
    STACK                                    0x200045d0   Section     8192  arm_startup_nrf52.o(STACK)

    Global Symbols

    Symbol Name                              Value     Ov Type        Size  Object(Section)

    BuildAttributes$$THM_ISAv4$E$P$D$K$B$S$7EM$VFPi3$EXTD16$VFPS$VFMA$PE$A:L22UL41UL21$X:L11$S22US41US21$IEEE1$IW$USESV6$~STKCKD$USESV7$~SHL$OSPACE$ROPI$EBA8$MICROLIB$REQ8$PRES8$EABIv2 0x00000000   Number         0  anon$$obj.o ABSOLUTE
    __ARM_use_no_argv                        0x00000000   Number         0  main.o ABSOLUTE
    _printf_a                                0x00000000   Number         0  stubs.o ABSOLUTE
    _printf_c                                0x00000000   Number         0  stubs.o ABSOLUTE
    _printf_charcount                        0x00000000   Number         0  stubs.o ABSOLUTE
    _printf_d                                0x00000000   Number         0  stubs.o ABSOLUTE
    _printf_e                                0x00000000   Number         0  stubs.o ABSOLUTE
    _printf_f                                0x00000000   Number         0  stubs.o ABSOLUTE
    _printf_flags                            0x00000000   Number         0  stubs.o ABSOLUTE
    _printf_fp_dec                           0x00000000   Number         0  stubs.o ABSOLUTE
    _printf_fp_hex                           0x00000000   Number         0  stubs.o ABSOLUTE
    _printf_g                                0x00000000   Number         0  stubs.o ABSOLUTE
    _printf_i                                0x00000000   Number         0  stubs.o ABSOLUTE
    _printf_int_dec                          0x00000000   Number         0  stubs.o ABSOLUTE
    _printf_l                                0x00000000   Number         0  stubs.o ABSOLUTE
    _printf_lc                               0x00000000   Number         0  stubs.o ABSOLUTE
    _printf_ll                               0x00000000   Number         0  stubs.o ABSOLUTE
    _printf_lld                              0x00000000   Number         0  stubs.o ABSOLUTE
    _printf_lli                              0x00000000   Number         0  stubs.o ABSOLUTE
    _printf_llo                              0x00000000   Number         0  stubs.o ABSOLUTE
    _printf_llu                              0x00000000   Number         0  stubs.o ABSOLUTE
    _printf_llx                              0x00000000   Number         0  stubs.o ABSOLUTE
    _printf_longlong_dec                     0x00000000   Number         0  stubs.o ABSOLUTE
    _printf_longlong_hex                     0x00000000   Number         0  stubs.o ABSOLUTE
    _printf_longlong_oct                     0x00000000   Number         0  stubs.o ABSOLUTE
    _printf_ls                               0x00000000   Number         0  stubs.o ABSOLUTE
    _printf_mbtowc                           0x00000000   Number         0  stubs.o ABSOLUTE
    _printf_n                                0x00000000   Number         0  stubs.o ABSOLUTE
    _printf_o                                0x00000000   Number         0  stubs.o ABSOLUTE
    _printf_p                                0x00000000   Number         0  stubs.o ABSOLUTE
    _printf_percent                          0x00000000   Number         0  stubs.o ABSOLUTE
    _printf_pre_padding                      0x00000000   Number         0  stubs.o ABSOLUTE
    _printf_return_value                     0x00000000   Number         0  stubs.o ABSOLUTE
    _printf_s                                0x00000000   Number         0  stubs.o ABSOLUTE
    _printf_sizespec                         0x00000000   Number         0  stubs.o ABSOLUTE
    _printf_str                              0x00000000   Number         0  stubs.o ABSOLUTE
    _printf_truncate_signed                  0x00000000   Number         0  stubs.o ABSOLUTE
    _printf_truncate_unsigned                0x00000000   Number         0  stubs.o ABSOLUTE
    _printf_u                                0x00000000   Number         0  stubs.o ABSOLUTE
    _printf_wc                               0x00000000   Number         0  stubs.o ABSOLUTE
    _printf_wctomb                           0x00000000   Number         0  stubs.o ABSOLUTE
    _printf_widthprec                        0x00000000   Number         0  stubs.o ABSOLUTE
    _printf_x                                0x00000000   Number         0  stubs.o ABSOLUTE
    __cpp_initialize__aeabi_                  - Undefined Weak Reference
    __cxa_finalize                            - Undefined Weak Reference
    __decompress                              - Undefined Weak Reference
    _clock_init                               - Undefined Weak Reference
    _microlib_exit                            - Undefined Weak Reference
    fs_data$$Base                             - Undefined Reference
    fs_data$$Limit                            - Undefined Reference
    __Vectors_Size                           0x00000400   Number         0  arm_startup_nrf52.o ABSOLUTE
    __Vectors                                0x0001f000   Data           4  arm_startup_nrf52.o(RESET)
    __Vectors_End                            0x0001f400   Data           0  arm_startup_nrf52.o(RESET)
    __main                                   0x0001f401   Thumb Code     0  entry.o(.ARM.Collect$$$$00000000)
    _main_stk                                0x0001f401   Thumb Code     0  entry2.o(.ARM.Collect$$$$00000001)
    _main_scatterload                        0x0001f405   Thumb Code     0  entry5.o(.ARM.Collect$$$$00000004)
    __main_after_scatterload                 0x0001f409   Thumb Code     0  entry5.o(.ARM.Collect$$$$00000004)
    _main_clock                              0x0001f409   Thumb Code     0  entry7b.o(.ARM.Collect$$$$00000008)
    _main_cpp_init                           0x0001f409   Thumb Code     0  entry8b.o(.ARM.Collect$$$$0000000A)
    _main_init                               0x0001f409   Thumb Code     0  entry9a.o(.ARM.Collect$$$$0000000B)
    __rt_final_cpp                           0x0001f411   Thumb Code     0  entry10a.o(.ARM.Collect$$$$0000000D)
    __rt_final_exit                          0x0001f411   Thumb Code     0  entry11a.o(.ARM.Collect$$$$0000000F)
    Reset_Handler                            0x0001f415   Thumb Code     8  arm_startup_nrf52.o(.text)
    NMI_Handler                              0x0001f41d   Thumb Code     2  arm_startup_nrf52.o(.text)
    HardFault_Handler                        0x0001f41f   Thumb Code     2  arm_startup_nrf52.o(.text)
    MemoryManagement_Handler                 0x0001f421   Thumb Code     2  arm_startup_nrf52.o(.text)
    BusFault_Handler                         0x0001f423   Thumb Code     2  arm_startup_nrf52.o(.text)
    UsageFault_Handler                       0x0001f425   Thumb Code     2  arm_startup_nrf52.o(.text)
    SVC_Handler                              0x0001f427   Thumb Code     2  arm_startup_nrf52.o(.text)
    DebugMon_Handler                         0x0001f429   Thumb Code     2  arm_startup_nrf52.o(.text)
    PendSV_Handler                           0x0001f42b   Thumb Code     2  arm_startup_nrf52.o(.text)
    SysTick_Handler                          0x0001f42d   Thumb Code     2  arm_startup_nrf52.o(.text)
    CCM_AAR_IRQHandler                       0x0001f42f   Thumb Code     0  arm_startup_nrf52.o(.text)
    COMP_LPCOMP_IRQHandler                   0x0001f42f   Thumb Code     0  arm_startup_nrf52.o(.text)
    ECB_IRQHandler                           0x0001f42f   Thumb Code     0  arm_startup_nrf52.o(.text)
    FPU_IRQHandler                           0x0001f42f   Thumb Code     0  arm_startup_nrf52.o(.text)
    I2S_IRQHandler                           0x0001f42f   Thumb Code     0  arm_startup_nrf52.o(.text)
    MWU_IRQHandler                           0x0001f42f   Thumb Code     0  arm_startup_nrf52.o(.text)
    NFCT_IRQHandler                          0x0001f42f   Thumb Code     0  arm_startup_nrf52.o(.text)
    PDM_IRQHandler                           0x0001f42f   Thumb Code     0  arm_startup_nrf52.o(.text)
    PWM0_IRQHandler                          0x0001f42f   Thumb Code     0  arm_startup_nrf52.o(.text)
    PWM1_IRQHandler                          0x0001f42f   Thumb Code     0  arm_startup_nrf52.o(.text)
    PWM2_IRQHandler                          0x0001f42f   Thumb Code     0  arm_startup_nrf52.o(.text)
    QDEC_IRQHandler                          0x0001f42f   Thumb Code     0  arm_startup_nrf52.o(.text)
    RADIO_IRQHandler                         0x0001f42f   Thumb Code     0  arm_startup_nrf52.o(.text)
    RNG_IRQHandler                           0x0001f42f   Thumb Code     0  arm_startup_nrf52.o(.text)
    RTC0_IRQHandler                          0x0001f42f   Thumb Code     0  arm_startup_nrf52.o(.text)
    RTC2_IRQHandler                          0x0001f42f   Thumb Code     0  arm_startup_nrf52.o(.text)
    SAADC_IRQHandler                         0x0001f42f   Thumb Code     0  arm_startup_nrf52.o(.text)
    SPIM0_SPIS0_TWIM0_TWIS0_SPI0_TWI0_IRQHandler 0x0001f42f   Thumb Code     0  arm_startup_nrf52.o(.text)
    SPIM2_SPIS2_SPI2_IRQHandler              0x0001f42f   Thumb Code     0  arm_startup_nrf52.o(.text)
    SWI1_EGU1_IRQHandler                     0x0001f42f   Thumb Code     0  arm_startup_nrf52.o(.text)
    SWI3_EGU3_IRQHandler                     0x0001f42f   Thumb Code     0  arm_startup_nrf52.o(.text)
    SWI4_EGU4_IRQHandler                     0x0001f42f   Thumb Code     0  arm_startup_nrf52.o(.text)
    SWI5_EGU5_IRQHandler                     0x0001f42f   Thumb Code     0  arm_startup_nrf52.o(.text)
    TEMP_IRQHandler                          0x0001f42f   Thumb Code     0  arm_startup_nrf52.o(.text)
    TIMER0_IRQHandler                        0x0001f42f   Thumb Code     0  arm_startup_nrf52.o(.text)
    TIMER2_IRQHandler                        0x0001f42f   Thumb Code     0  arm_startup_nrf52.o(.text)
    TIMER3_IRQHandler                        0x0001f42f   Thumb Code     0  arm_startup_nrf52.o(.text)
    TIMER4_IRQHandler                        0x0001f42f   Thumb Code     0  arm_startup_nrf52.o(.text)
    WDT_IRQHandler                           0x0001f42f   Thumb Code     0  arm_startup_nrf52.o(.text)
    __aeabi_memcpy                           0x0001f439   Thumb Code    36  memcpya.o(.text)
    __aeabi_memcpy4                          0x0001f439   Thumb Code     0  memcpya.o(.text)
    __aeabi_memcpy8                          0x0001f439   Thumb Code     0  memcpya.o(.text)
    __aeabi_memset                           0x0001f45d   Thumb Code    14  memseta.o(.text)
    __aeabi_memset4                          0x0001f45d   Thumb Code     0  memseta.o(.text)
    __aeabi_memset8                          0x0001f45d   Thumb Code     0  memseta.o(.text)
    __aeabi_memclr                           0x0001f46b   Thumb Code     4  memseta.o(.text)
    __aeabi_memclr4                          0x0001f46b   Thumb Code     0  memseta.o(.text)
    __aeabi_memclr8                          0x0001f46b   Thumb Code     0  memseta.o(.text)
    _memset$wrapper                          0x0001f46f   Thumb Code    18  memseta.o(.text)
    strlen                                   0x0001f481   Thumb Code    14  strlen.o(.text)
    __aeabi_uldivmod                         0x0001f48f   Thumb Code    98  uldiv.o(.text)
    __scatterload                            0x0001f4f1   Thumb Code    28  init.o(.text)
    __scatterload_rt2                        0x0001f4f1   Thumb Code     0  init.o(.text)
    __aeabi_llsl                             0x0001f515   Thumb Code    30  llshl.o(.text)
    _ll_shift_l                              0x0001f515   Thumb Code     0  llshl.o(.text)
    __aeabi_llsr                             0x0001f533   Thumb Code    32  llushr.o(.text)
    _ll_ushift_r                             0x0001f533   Thumb Code     0  llushr.o(.text)
    GPIOTE_IRQHandler                        0x0001f555   Thumb Code   362  nrf_drv_gpiote.o(i.GPIOTE_IRQHandler)
    POWER_CLOCK_IRQHandler                   0x0001f759   Thumb Code    84  nrf_drv_clock.o(i.POWER_CLOCK_IRQHandler)
    RTC1_IRQHandler                          0x0001f7b1   Thumb Code    32  app_timer.o(i.RTC1_IRQHandler)
    SPIM1_SPIS1_TWIM1_TWIS1_SPI1_TWI1_IRQHandler 0x0001f7d5   Thumb Code    10  nrf_drv_spis.o(i.SPIM1_SPIS1_TWIM1_TWIS1_SPI1_TWI1_IRQHandler)
    SWI0_EGU0_IRQHandler                     0x0001f7e5   Thumb Code     4  app_timer.o(i.SWI0_EGU0_IRQHandler)
    SWI2_EGU2_IRQHandler                     0x0001f7e9   Thumb Code    32  softdevice_handler.o(i.SWI2_EGU2_IRQHandler)
    SynHandler                               0x0001f80d   Thumb Code    42  util.o(i.SynHandler)
    SystemInit                               0x0001f84d   Thumb Code   610  system_nrf52.o(i.SystemInit)
    TIMER1_IRQHandler                        0x0001fae9   Thumb Code    68  nrf_drv_timer.o(i.TIMER1_IRQHandler)
    UARTE0_UART0_IRQHandler                  0x0001fb35   Thumb Code    20  nrf_drv_uart.o(i.UARTE0_UART0_IRQHandler)
    __0snprintf$5                            0x0001fb51   Thumb Code    44  printf5.o(i.__0snprintf$5)
    __1snprintf$5                            0x0001fb51   Thumb Code     0  printf5.o(i.__0snprintf$5)
    __2snprintf                              0x0001fb51   Thumb Code     0  printf5.o(i.__0snprintf$5)
    __scatterload_copy                       0x0001fb81   Thumb Code    14  handlers.o(i.__scatterload_copy)
    __scatterload_null                       0x0001fb8f   Thumb Code     2  handlers.o(i.__scatterload_null)
    __scatterload_zeroinit                   0x0001fb91   Thumb Code    14  handlers.o(i.__scatterload_zeroinit)
    add_fifo                                 0x0001fe9d   Thumb Code    42  util.o(i.add_fifo)
    adv_data_encode                          0x0001fecd   Thumb Code   386  ble_advdata.o(i.adv_data_encode)
    advertising_init                         0x000200e1   Thumb Code    94  blefunctions.o(i.advertising_init)
    app_error_fault_handler                  0x00020149   Thumb Code    26  app_error_weak.o(i.app_error_fault_handler)
    app_error_handler_bare                   0x0002016d   Thumb Code    22  app_error.o(i.app_error_handler_bare)
    app_fifo_get                             0x00020183   Thumb Code    22  app_fifo.o(i.app_fifo_get)
    app_fifo_put                             0x00020199   Thumb Code    26  app_fifo.o(i.app_fifo_put)
    app_timer_create                         0x000201b5   Thumb Code    32  app_timer.o(i.app_timer_create)
    app_timer_init                           0x000201d9   Thumb Code   102  app_timer.o(i.app_timer_init)
    app_timer_start                          0x00020249   Thumb Code   128  app_timer.o(i.app_timer_start)
    app_timer_stop                           0x000202d1   Thumb Code    26  app_timer.o(i.app_timer_stop)
    app_uart_put                             0x000202f1   Thumb Code    52  app_uart_fifo.o(i.app_uart_put)
    app_util_critical_region_enter           0x0002032d   Thumb Code    64  app_util_platform.o(i.app_util_critical_region_enter)
    app_util_critical_region_exit            0x00020375   Thumb Code    46  app_util_platform.o(i.app_util_critical_region_exit)
    ble_advdata_set                          0x00020461   Thumb Code   104  ble_advdata.o(i.ble_advdata_set)
    ble_advertising_init                     0x000204c9   Thumb Code   278  ble_advertising.o(i.ble_advertising_init)
    ble_advertising_on_ble_evt               0x000205e9   Thumb Code    88  ble_advertising.o(i.ble_advertising_on_ble_evt)
    ble_advertising_start                    0x00020645   Thumb Code   250  ble_advertising.o(i.ble_advertising_start)
    ble_app_init                             0x00020749   Thumb Code   178  blefunctions.o(i.ble_app_init)
    ble_conn_params_init                     0x0002082d   Thumb Code    72  ble_conn_params.o(i.ble_conn_params_init)
    ble_conn_params_on_ble_evt               0x00020885   Thumb Code   120  ble_conn_params.o(i.ble_conn_params_on_ble_evt)
    ble_evt_dispatch                         0x00020969   Thumb Code    38  blefunctions.o(i.ble_evt_dispatch)
    ble_nus_init                             0x00020995   Thumb Code    94  ble_nus.o(i.ble_nus_init)
    ble_nus_on_ble_evt                       0x000209f9   Thumb Code    92  ble_nus.o(i.ble_nus_on_ble_evt)
    ble_srv_is_notification_enabled          0x00020a55   Thumb Code     8  ble_srv_common.o(i.ble_srv_is_notification_enabled)
    ble_stack_init                           0x00020a5d   Thumb Code   174  blefunctions.o(i.ble_stack_init)
    bsp_board_button_idx_to_pin              0x00020b4d   Thumb Code     6  boards.o(i.bsp_board_button_idx_to_pin)
    bsp_board_led_invert                     0x00020b59   Thumb Code    32  boards.o(i.bsp_board_led_invert)
    bsp_board_led_off                        0x00020b7d   Thumb Code    10  boards.o(i.bsp_board_led_off)
    bsp_board_led_on                         0x00020b8d   Thumb Code    10  boards.o(i.bsp_board_led_on)
    bsp_board_led_state_get                  0x00020b9d   Thumb Code    28  boards.o(i.bsp_board_led_state_get)
    bsp_board_leds_off                       0x00020bbd   Thumb Code    18  boards.o(i.bsp_board_leds_off)
    bsp_board_leds_on                        0x00020bcf   Thumb Code    18  boards.o(i.bsp_board_leds_on)
    bsp_board_pin_to_button_idx              0x00020be1   Thumb Code    30  boards.o(i.bsp_board_pin_to_button_idx)
    bsp_btn_ble_on_ble_evt                   0x00020c05   Thumb Code   106  bsp_btn_ble.o(i.bsp_btn_ble_on_ble_evt)
    bsp_btn_ble_sleep_mode_prepare           0x00020c75   Thumb Code    30  bsp_btn_ble.o(i.bsp_btn_ble_sleep_mode_prepare)
    bsp_event_to_button_action_assign        0x00020d29   Thumb Code    64  bsp.o(i.bsp_event_to_button_action_assign)
    bsp_indication_set                       0x00020d6d   Thumb Code    20  bsp.o(i.bsp_indication_set)
    bsp_wakeup_button_enable                 0x00020ef9   Thumb Code    16  bsp.o(i.bsp_wakeup_button_enable)
    butt_handler                             0x00020f09   Thumb Code    36  buttjob.o(i.butt_handler)
    butt_init                                0x00020f51   Thumb Code    40  buttjob.o(i.butt_init)
    conn_params_error_handler                0x00021151   Thumb Code     4  blefunctions.o(i.conn_params_error_handler)
    conn_params_init                         0x00021155   Thumb Code    68  blefunctions.o(i.conn_params_init)
    fifo_init                                0x00021251   Thumb Code    26  util.o(i.fifo_init)
    fs_queued_op_count_get                   0x00021285   Thumb Code    16  fstorage.o(i.fs_queued_op_count_get)
    gap_params_init                          0x00021299   Thumb Code    80  blefunctions.o(i.gap_params_init)
    intern_softdevice_events_execute         0x000212fd   Thumb Code   114  softdevice_handler.o(i.intern_softdevice_events_execute)
    main                                     0x00021569   Thumb Code   106  main.o(i.main)
    malloc                                   0x00021641   Thumb Code    92  malloc.o(i.malloc)
    nrf_drv_clock_init                       0x000218f5   Thumb Code    64  nrf_drv_clock.o(i.nrf_drv_clock_init)
    nrf_drv_clock_on_sd_enable               0x0002193d   Thumb Code    44  nrf_drv_clock.o(i.nrf_drv_clock_on_sd_enable)
    nrf_drv_clock_on_soc_event               0x0002196d   Thumb Code    10  nrf_drv_clock.o(i.nrf_drv_clock_on_soc_event)
    nrf_drv_common_irq_enable                0x00021977   Thumb Code    56  nrf_drv_common.o(i.nrf_drv_common_irq_enable)
    nrf_drv_gpiote_in_event_enable           0x000219b5   Thumb Code   156  nrf_drv_gpiote.o(i.nrf_drv_gpiote_in_event_enable)
    nrf_drv_gpiote_in_init                   0x00021a59   Thumb Code   172  nrf_drv_gpiote.o(i.nrf_drv_gpiote_in_init)
    nrf_drv_gpiote_in_is_set                 0x00021b11   Thumb Code    20  nrf_drv_gpiote.o(i.nrf_drv_gpiote_in_is_set)
    nrf_drv_gpiote_init                      0x00021b25   Thumb Code    84  nrf_drv_gpiote.o(i.nrf_drv_gpiote_init)
    nrf_drv_gpiote_out_clear                 0x00021b81   Thumb Code    14  nrf_drv_gpiote.o(i.nrf_drv_gpiote_out_clear)
    nrf_drv_gpiote_out_init                  0x00021b91   Thumb Code   170  nrf_drv_gpiote.o(i.nrf_drv_gpiote_out_init)
    nrf_drv_gpiote_out_set                   0x00021c49   Thumb Code    14  nrf_drv_gpiote.o(i.nrf_drv_gpiote_out_set)
    nrf_drv_spis_buffers_set                 0x00021c79   Thumb Code   110  nrf_drv_spis.o(i.nrf_drv_spis_buffers_set)
    nrf_drv_spis_init                        0x00021ced   Thumb Code   332  nrf_drv_spis.o(i.nrf_drv_spis_init)
    nrf_drv_timer_compare                    0x00021e3d   Thumb Code    34  nrf_drv_timer.o(i.nrf_drv_timer_compare)
    nrf_drv_timer_enable                     0x00021e61   Thumb Code    24  nrf_drv_timer.o(i.nrf_drv_timer_enable)
    nrf_drv_timer_extended_compare           0x00021e7d   Thumb Code    42  nrf_drv_timer.o(i.nrf_drv_timer_extended_compare)
    nrf_drv_timer_init                       0x00021ea9   Thumb Code   138  nrf_drv_timer.o(i.nrf_drv_timer_init)
    nrf_drv_uart_init                        0x00021f39   Thumb Code    98  nrf_drv_uart.o(i.nrf_drv_uart_init)
    nrf_drv_uart_tx                          0x00021fa1   Thumb Code   262  nrf_drv_uart.o(i.nrf_drv_uart_tx)
    nrf_drv_uart_tx_in_progress              0x000220ad   Thumb Code    18  nrf_drv_uart.o(i.nrf_drv_uart_tx_in_progress)
    nus_data_handler                         0x0002224b   Thumb Code    54  blefunctions.o(i.nus_data_handler)
    on_adv_evt                               0x00022281   Thumb Code    36  blefunctions.o(i.on_adv_evt)
    on_ble_evt                               0x000222a5   Thumb Code   228  blefunctions.o(i.on_ble_evt)
    on_conn_params_evt                       0x0002238d   Thumb Code    24  blefunctions.o(i.on_conn_params_evt)
    power_manage                             0x000223d9   Thumb Code    12  blefunctions.o(i.power_manage)
    read_fifo                                0x000223e5   Thumb Code    58  util.o(i.read_fifo)
    services_init                            0x00022681   Thumb Code    24  blefunctions.o(i.services_init)
    sleep_mode_enter                         0x0002272d   Thumb Code    40  blefunctions.o(i.sleep_mode_enter)
    softdevice_ble_evt_handler_set           0x00022755   Thumb Code    14  softdevice_handler.o(i.softdevice_ble_evt_handler_set)
    softdevice_enable                        0x00022769   Thumb Code    14  softdevice_handler.o(i.softdevice_enable)
    softdevice_enable_get_default_config     0x0002277d   Thumb Code    38  softdevice_handler.o(i.softdevice_enable_get_default_config)
    softdevice_fault_handler                 0x000227a3   Thumb Code     4  softdevice_handler.o(i.softdevice_fault_handler)
    softdevice_handler_init                  0x000227a9   Thumb Code    92  softdevice_handler.o(i.softdevice_handler_init)
    softdevice_handler_is_enabled            0x0002280d   Thumb Code     6  softdevice_handler.o(i.softdevice_handler_is_enabled)
    spi_app_init                             0x00022819   Thumb Code   176  util.o(i.spi_app_init)
    spi_handler                              0x000228ed   Thumb Code   434  util.o(i.spi_handler)
    spis_event_handler                       0x00022b71   Thumb Code    36  util.o(i.spis_event_handler)
    timer_led_event_handler                  0x00022c9d   Thumb Code    18  util.o(i.timer_led_event_handler)
    tx_clear                                 0x00022f09   Thumb Code    16  util.o(i.tx_clear)
    tx_set                                   0x00022f35   Thumb Code    18  util.o(i.tx_set)
    uart_print_init                          0x00023065   Thumb Code    28  util.o(i.uart_print_init)
    uartprint                                0x00023175   Thumb Code    26  util.o(i.uartprint)
    TIMER                                    0x00023318   Data           8  util.o(.constdata)
    Region$$Table$$Base                      0x00023390   Number         0  anon$$obj.o(Region$$Table)
    Region$$Table$$Limit                     0x000233b0   Number         0  anon$$obj.o(Region$$Table)
    Image$$RW_IRAM1$$Base                    0x20002128   Number         0  anon$$obj.o ABSOLUTE
    syn                                      0x20002130   Data           1  util.o(.data)
    timer_                                   0x20002131   Data           1  util.o(.data)
    command                                  0x20002132   Data           1  util.o(.data)
    data                                     0x20002164   Data           4  buttjob.o(.data)
    SystemCoreClock                          0x200021fc   Data           4  system_nrf52.o(.data)
    __microlib_freelist                      0x20002200   Data           4  mvars.o(.data)
    __microlib_freelist_initialised          0x20002204   Data           4  mvars.o(.data)
    printbuf                                 0x200022ec   Data          50  util.o(.bss)
    d_list                                   0x20002320   Data          12  util.o(.bss)
    nrf_nvic_state                           0x20002558   Data          12  app_util_platform.o(.bss)
    __heap_base                              0x200025d0   Data           0  arm_startup_nrf52.o(HEAP)
    __heap_limit                             0x200045d0   Data           0  arm_startup_nrf52.o(HEAP)
    __initial_sp                             0x200065d0   Data           0  arm_startup_nrf52.o(STACK)



==============================================================================

Memory Map of the image

  Image Entry point : 0x0001f401

  Load Region LR_IROM1 (Base: 0x0001f000, Size: 0x00004490, Max: 0x00061000, ABSOLUTE)

    Execution Region ER_IROM1 (Base: 0x0001f000, Size: 0x000043b0, Max: 0x00061000, ABSOLUTE)

    Base Addr    Size         Type   Attr      Idx    E Section Name        Object

    0x0001f000   0x00000400   Data   RO         3188    RESET               arm_startup_nrf52.o
    0x0001f400   0x00000000   Code   RO         3229  * .ARM.Collect$$$$00000000  mc_w.l(entry.o)
    0x0001f400   0x00000004   Code   RO         3531    .ARM.Collect$$$$00000001  mc_w.l(entry2.o)
    0x0001f404   0x00000004   Code   RO         3534    .ARM.Collect$$$$00000004  mc_w.l(entry5.o)
    0x0001f408   0x00000000   Code   RO         3536    .ARM.Collect$$$$00000008  mc_w.l(entry7b.o)
    0x0001f408   0x00000000   Code   RO         3538    .ARM.Collect$$$$0000000A  mc_w.l(entry8b.o)
    0x0001f408   0x00000008   Code   RO         3539    .ARM.Collect$$$$0000000B  mc_w.l(entry9a.o)
    0x0001f410   0x00000000   Code   RO         3541    .ARM.Collect$$$$0000000D  mc_w.l(entry10a.o)
    0x0001f410   0x00000000   Code   RO         3543    .ARM.Collect$$$$0000000F  mc_w.l(entry11a.o)
    0x0001f410   0x00000004   Code   RO         3532    .ARM.Collect$$$$00002712  mc_w.l(entry2.o)
    0x0001f414   0x00000024   Code   RO         3189    .text               arm_startup_nrf52.o
    0x0001f438   0x00000024   Code   RO         3232    .text               mc_w.l(memcpya.o)
    0x0001f45c   0x00000024   Code   RO         3234    .text               mc_w.l(memseta.o)
    0x0001f480   0x0000000e   Code   RO         3236    .text               mc_w.l(strlen.o)
    0x0001f48e   0x00000062   Code   RO         3547    .text               mc_w.l(uldiv.o)
    0x0001f4f0   0x00000024   Code   RO         3562    .text               mc_w.l(init.o)
    0x0001f514   0x0000001e   Code   RO         3564    .text               mc_w.l(llshl.o)
    0x0001f532   0x00000020   Code   RO         3566    .text               mc_w.l(llushr.o)
    0x0001f552   0x00000002   PAD
    0x0001f554   0x00000174   Code   RO         1439    i.GPIOTE_IRQHandler  nrf_drv_gpiote.o
    0x0001f6c8   0x00000016   Code   RO         2323    i.NVIC_ClearPendingIRQ  app_timer.o
    0x0001f6de   0x00000016   Code   RO         2985    i.NVIC_DisableIRQ   softdevice_handler.o
    0x0001f6f4   0x00000016   Code   RO         2324    i.NVIC_EnableIRQ    app_timer.o
    0x0001f70a   0x00000016   Code   RO         2986    i.NVIC_EnableIRQ    softdevice_handler.o
    0x0001f720   0x00000016   Code   RO         2325    i.NVIC_SetPendingIRQ  app_timer.o
    0x0001f736   0x00000020   Code   RO         2326    i.NVIC_SetPriority  app_timer.o
    0x0001f756   0x00000002   PAD
    0x0001f758   0x00000058   Code   RO         1219    i.POWER_CLOCK_IRQHandler  nrf_drv_clock.o
    0x0001f7b0   0x00000024   Code   RO         2327    i.RTC1_IRQHandler   app_timer.o
    0x0001f7d4   0x00000010   Code   RO         1914    i.SPIM1_SPIS1_TWIM1_TWIS1_SPI1_TWI1_IRQHandler  nrf_drv_spis.o
    0x0001f7e4   0x00000004   Code   RO         2328    i.SWI0_EGU0_IRQHandler  app_timer.o
    0x0001f7e8   0x00000024   Code   RO         2987    i.SWI2_EGU2_IRQHandler  softdevice_handler.o
    0x0001f80c   0x00000040   Code   RO          378    i.SynHandler        util.o
    0x0001f84c   0x0000029c   Code   RO         3197    i.SystemInit        system_nrf52.o
    0x0001fae8   0x0000004c   Code   RO         2007    i.TIMER1_IRQHandler  nrf_drv_timer.o
    0x0001fb34   0x0000001c   Code   RO         1682    i.UARTE0_UART0_IRQHandler  nrf_drv_uart.o
    0x0001fb50   0x00000030   Code   RO         3376    i.__0snprintf$5     mc_w.l(printf5.o)
    0x0001fb80   0x0000000e   Code   RO         3574    i.__scatterload_copy  mc_w.l(handlers.o)
    0x0001fb8e   0x00000002   Code   RO         3575    i.__scatterload_null  mc_w.l(handlers.o)
    0x0001fb90   0x0000000e   Code   RO         3576    i.__scatterload_zeroinit  mc_w.l(handlers.o)
    0x0001fb9e   0x00000002   PAD
    0x0001fba0   0x00000024   Code   RO         2988    i.__sd_nvic_app_accessible_irq  softdevice_handler.o
    0x0001fbc4   0x000002c0   Code   RO         3382    i._printf_core      mc_w.l(printf5.o)
    0x0001fe84   0x00000016   Code   RO         3383    i._snputc           mc_w.l(printf5.o)
    0x0001fe9a   0x00000002   PAD
    0x0001fe9c   0x00000030   Code   RO          379    i.add_fifo          util.o
    0x0001fecc   0x00000182   Code   RO          874    i.adv_data_encode   ble_advdata.o
    0x0002004e   0x00000002   PAD
    0x00020050   0x00000058   Code   RO         1082    i.adv_mode_next_avail_get  ble_advertising.o
    0x000200a8   0x00000036   Code   RO          792    i.advertising_buttons_configure  bsp_btn_ble.o
    0x000200de   0x00000002   PAD
    0x000200e0   0x00000068   Code   RO          250    i.advertising_init  blefunctions.o
    0x00020148   0x00000024   Code   RO         2219    i.app_error_fault_handler  app_error_weak.o
    0x0002016c   0x00000016   Code   RO         2177    i.app_error_handler_bare  app_error.o
    0x00020182   0x00000016   Code   RO         2251    i.app_fifo_get      app_fifo.o
    0x00020198   0x0000001a   Code   RO         2254    i.app_fifo_put      app_fifo.o
    0x000201b2   0x00000002   PAD
    0x000201b4   0x00000024   Code   RO         2331    i.app_timer_create  app_timer.o
    0x000201d8   0x00000070   Code   RO         2332    i.app_timer_init    app_timer.o
    0x00020248   0x00000088   Code   RO         2333    i.app_timer_start   app_timer.o
    0x000202d0   0x00000020   Code   RO         2334    i.app_timer_stop    app_timer.o
    0x000202f0   0x0000003c   Code   RO         2487    i.app_uart_put      app_uart_fifo.o
    0x0002032c   0x00000048   Code   RO         2540    i.app_util_critical_region_enter  app_util_platform.o
    0x00020374   0x00000034   Code   RO         2541    i.app_util_critical_region_exit  app_util_platform.o
    0x000203a8   0x000000b8   Code   RO         1683    i.apply_config      nrf_drv_uart.o
    0x00020460   0x00000068   Code   RO          875    i.ble_advdata_set   ble_advdata.o
    0x000204c8   0x00000120   Code   RO         1083    i.ble_advertising_init  ble_advertising.o
    0x000205e8   0x0000005c   Code   RO         1084    i.ble_advertising_on_ble_evt  ble_advertising.o
    0x00020644   0x00000104   Code   RO         1088    i.ble_advertising_start  ble_advertising.o
    0x00020748   0x000000e4   Code   RO          252    i.ble_app_init      blefunctions.o
    0x0002082c   0x00000058   Code   RO          955    i.ble_conn_params_init  ble_conn_params.o
    0x00020884   0x00000084   Code   RO          956    i.ble_conn_params_on_ble_evt  ble_conn_params.o
    0x00020908   0x00000060   Code   RO          876    i.ble_device_addr_encode  ble_advdata.o
    0x00020968   0x0000002c   Code   RO          253    i.ble_evt_dispatch  blefunctions.o
    0x00020994   0x00000064   Code   RO         1172    i.ble_nus_init      ble_nus.o
    0x000209f8   0x0000005c   Code   RO         1173    i.ble_nus_on_ble_evt  ble_nus.o
    0x00020a54   0x00000008   Code   RO         1025    i.ble_srv_is_notification_enabled  ble_srv_common.o
    0x00020a5c   0x000000f0   Code   RO          254    i.ble_stack_init    blefunctions.o
    0x00020b4c   0x0000000c   Code   RO          561    i.bsp_board_button_idx_to_pin  boards.o
    0x00020b58   0x00000024   Code   RO          565    i.bsp_board_led_invert  boards.o
    0x00020b7c   0x00000010   Code   RO          566    i.bsp_board_led_off  boards.o
    0x00020b8c   0x00000010   Code   RO          567    i.bsp_board_led_on  boards.o
    0x00020b9c   0x00000020   Code   RO          568    i.bsp_board_led_state_get  boards.o
    0x00020bbc   0x00000012   Code   RO          570    i.bsp_board_leds_off  boards.o
    0x00020bce   0x00000012   Code   RO          571    i.bsp_board_leds_on  boards.o
    0x00020be0   0x00000024   Code   RO          572    i.bsp_board_pin_to_button_idx  boards.o
    0x00020c04   0x00000070   Code   RO          794    i.bsp_btn_ble_on_ble_evt  bsp_btn_ble.o
    0x00020c74   0x0000001e   Code   RO          795    i.bsp_btn_ble_sleep_mode_prepare  bsp_btn_ble.o
    0x00020c92   0x00000002   PAD
    0x00020c94   0x00000094   Code   RO          678    i.bsp_button_event_handler  bsp.o
    0x00020d28   0x00000044   Code   RO          682    i.bsp_event_to_button_action_assign  bsp.o
    0x00020d6c   0x00000018   Code   RO          683    i.bsp_indication_set  bsp.o
    0x00020d84   0x00000174   Code   RO          685    i.bsp_led_indication  bsp.o
    0x00020ef8   0x00000010   Code   RO          687    i.bsp_wakeup_button_enable  bsp.o
    0x00020f08   0x00000048   Code   RO          520    i.butt_handler      buttjob.o
    0x00020f50   0x00000030   Code   RO          521    i.butt_init         buttjob.o
    0x00020f80   0x0000001c   Code   RO         1440    i.channel_free      nrf_drv_gpiote.o
    0x00020f9c   0x00000048   Code   RO         1441    i.channel_port_alloc  nrf_drv_gpiote.o
    0x00020fe4   0x00000010   Code   RO         1442    i.channel_port_get  nrf_drv_gpiote.o
    0x00020ff4   0x00000028   Code   RO         1220    i.clock_clk_started_notify  nrf_drv_clock.o
    0x0002101c   0x000000ac   Code   RO         2336    i.compare_reg_update  app_timer.o
    0x000210c8   0x00000088   Code   RO          877    i.conn_int_encode   ble_advdata.o
    0x00021150   0x00000004   Code   RO          256    i.conn_params_error_handler  blefunctions.o
    0x00021154   0x0000004c   Code   RO          257    i.conn_params_init  blefunctions.o
    0x000211a0   0x0000005c   Code   RO          958    i.conn_params_negotiation  ble_conn_params.o
    0x000211fc   0x00000040   Code   RO         2337    i.elapsed_ticks_acquire  app_timer.o
    0x0002123c   0x00000014   Code   RO         2257    i.fifo_get          app_fifo.o
    0x00021250   0x00000020   Code   RO          380    i.fifo_init         util.o
    0x00021270   0x00000012   Code   RO         2258    i.fifo_put          app_fifo.o
    0x00021282   0x00000002   PAD
    0x00021284   0x00000014   Code   RO         2598    i.fs_queued_op_count_get  fstorage.o
    0x00021298   0x00000064   Code   RO          258    i.gap_params_init   blefunctions.o
    0x000212fc   0x00000078   Code   RO         2989    i.intern_softdevice_events_execute  softdevice_handler.o
    0x00021374   0x00000078   Code   RO         1684    i.interrupts_enable  nrf_drv_uart.o
    0x000213ec   0x0000001c   Code   RO          959    i.is_conn_params_ok  ble_conn_params.o
    0x00021408   0x000000a8   Code   RO         2338    i.list_deletions_handler  app_timer.o
    0x000214b0   0x000000b8   Code   RO         2339    i.list_insertions_handler  app_timer.o
    0x00021568   0x000000d8   Code   RO            4    i.main              main.o
    0x00021640   0x0000006c   Code   RO         3504    i.malloc            mc_w.l(malloc.o)
    0x000216ac   0x00000064   Code   RO          878    i.manuf_specific_data_encode  ble_advdata.o
    0x00021710   0x0000009c   Code   RO          879    i.name_encode       ble_advdata.o
    0x000217ac   0x00000010   Code   RO         1443    i.nrf_bitmask_bit_is_set  nrf_drv_gpiote.o
    0x000217bc   0x0000000e   Code   RO         1224    i.nrf_clock_event_check  nrf_drv_clock.o
    0x000217ca   0x00000010   Code   RO         1225    i.nrf_clock_event_clear  nrf_drv_clock.o
    0x000217da   0x00000002   PAD
    0x000217dc   0x0000008c   Code   RO          381    i.nrf_delay_us      util.o
    0x00021868   0x0000008c   Code   RO         2340    i.nrf_delay_us      app_timer.o
    0x000218f4   0x00000048   Code   RO         1232    i.nrf_drv_clock_init  nrf_drv_clock.o
    0x0002193c   0x00000030   Code   RO         1239    i.nrf_drv_clock_on_sd_enable  nrf_drv_clock.o
    0x0002196c   0x0000000a   Code   RO         1240    i.nrf_drv_clock_on_soc_event  nrf_drv_clock.o
    0x00021976   0x00000038   Code   RO         1393    i.nrf_drv_common_irq_enable  nrf_drv_common.o
    0x000219ae   0x00000006   Code   RO         1686    i.nrf_drv_get_IRQn  nrf_drv_uart.o
    0x000219b4   0x000000a4   Code   RO         1448    i.nrf_drv_gpiote_in_event_enable  nrf_drv_gpiote.o
    0x00021a58   0x000000b8   Code   RO         1449    i.nrf_drv_gpiote_in_init  nrf_drv_gpiote.o
    0x00021b10   0x00000014   Code   RO         1450    i.nrf_drv_gpiote_in_is_set  nrf_drv_gpiote.o
    0x00021b24   0x0000005c   Code   RO         1452    i.nrf_drv_gpiote_init  nrf_drv_gpiote.o
    0x00021b80   0x0000000e   Code   RO         1454    i.nrf_drv_gpiote_out_clear  nrf_drv_gpiote.o
    0x00021b8e   0x00000002   PAD
    0x00021b90   0x000000b8   Code   RO         1455    i.nrf_drv_gpiote_out_init  nrf_drv_gpiote.o
    0x00021c48   0x0000000e   Code   RO         1456    i.nrf_drv_gpiote_out_set  nrf_drv_gpiote.o
    0x00021c56   0x00000010   Code   RO         1687    i.nrf_drv_is_in_RAM  nrf_drv_uart.o
    0x00021c66   0x00000010   Code   RO         1915    i.nrf_drv_is_in_RAM  nrf_drv_spis.o
    0x00021c76   0x00000002   PAD
    0x00021c78   0x00000074   Code   RO         1916    i.nrf_drv_spis_buffers_set  nrf_drv_spis.o
    0x00021cec   0x00000150   Code   RO         1917    i.nrf_drv_spis_init  nrf_drv_spis.o
    0x00021e3c   0x00000022   Code   RO         2010    i.nrf_drv_timer_compare  nrf_drv_timer.o
    0x00021e5e   0x00000002   PAD
    0x00021e60   0x0000001c   Code   RO         2014    i.nrf_drv_timer_enable  nrf_drv_timer.o
    0x00021e7c   0x0000002a   Code   RO         2015    i.nrf_drv_timer_extended_compare  nrf_drv_timer.o
    0x00021ea6   0x00000002   PAD
    0x00021ea8   0x00000090   Code   RO         2017    i.nrf_drv_timer_init  nrf_drv_timer.o
    0x00021f38   0x00000068   Code   RO         1689    i.nrf_drv_uart_init  nrf_drv_uart.o
    0x00021fa0   0x0000010c   Code   RO         1696    i.nrf_drv_uart_tx   nrf_drv_uart.o
    0x000220ac   0x00000018   Code   RO         1698    i.nrf_drv_uart_tx_in_progress  nrf_drv_uart.o
    0x000220c4   0x00000024   Code   RO         1467    i.nrf_gpio_cfg      nrf_drv_gpiote.o
    0x000220e8   0x00000024   Code   RO         1700    i.nrf_gpio_cfg      nrf_drv_uart.o
    0x0002210c   0x00000024   Code   RO         1919    i.nrf_gpio_cfg      nrf_drv_spis.o
    0x00022130   0x00000012   Code   RO         1702    i.nrf_gpio_cfg_input  nrf_drv_uart.o
    0x00022142   0x00000014   Code   RO         1703    i.nrf_gpio_cfg_output  nrf_drv_uart.o
    0x00022156   0x00000022   Code   RO          690    i.nrf_gpio_cfg_sense_set  bsp.o
    0x00022178   0x00000022   Code   RO         1469    i.nrf_gpio_cfg_sense_set  nrf_drv_gpiote.o
    0x0002219a   0x00000016   Code   RO          575    i.nrf_gpio_pin_write  boards.o
    0x000221b0   0x00000028   Code   RO         1470    i.nrf_gpio_ports_read  nrf_drv_gpiote.o
    0x000221d8   0x00000014   Code   RO         1471    i.nrf_gpiote_event_clear  nrf_drv_gpiote.o
    0x000221ec   0x00000010   Code   RO         1472    i.nrf_gpiote_event_is_set  nrf_drv_gpiote.o
    0x000221fc   0x0000000a   Code   RO         1920    i.nrf_spis_event_check  nrf_drv_spis.o
    0x00022206   0x0000000c   Code   RO         1921    i.nrf_spis_event_clear  nrf_drv_spis.o
    0x00022212   0x0000000a   Code   RO         1704    i.nrf_uart_event_check  nrf_drv_uart.o
    0x0002221c   0x0000000c   Code   RO         1705    i.nrf_uart_event_clear  nrf_drv_uart.o
    0x00022228   0x0000000c   Code   RO         1706    i.nrf_uart_int_enable_check  nrf_drv_uart.o
    0x00022234   0x0000000a   Code   RO         1707    i.nrf_uarte_event_check  nrf_drv_uart.o
    0x0002223e   0x0000000c   Code   RO         1708    i.nrf_uarte_event_clear  nrf_drv_uart.o
    0x0002224a   0x00000036   Code   RO          259    i.nus_data_handler  blefunctions.o
    0x00022280   0x00000024   Code   RO          260    i.on_adv_evt        blefunctions.o
    0x000222a4   0x000000e8   Code   RO          261    i.on_ble_evt        blefunctions.o
    0x0002238c   0x0000001c   Code   RO          262    i.on_conn_params_evt  blefunctions.o
    0x000223a8   0x00000018   Code   RO         1473    i.pin_in_use_by_port  nrf_drv_gpiote.o
    0x000223c0   0x00000018   Code   RO         1474    i.pin_in_use_by_te  nrf_drv_gpiote.o
    0x000223d8   0x0000000c   Code   RO          263    i.power_manage      blefunctions.o
    0x000223e4   0x00000040   Code   RO          382    i.read_fifo         util.o
    0x00022424   0x0000003c   Code   RO         2341    i.rtc1_stop         app_timer.o
    0x00022460   0x00000032   Code   RO         1710    i.rx_byte           nrf_drv_uart.o
    0x00022492   0x000000dc   Code   RO         1175    i.rx_char_add       ble_nus.o
    0x0002256e   0x00000018   Code   RO         1711    i.rx_done_event     nrf_drv_uart.o
    0x00022586   0x00000002   PAD
    0x00022588   0x00000070   Code   RO         2991    i.sd_nvic_EnableIRQ  softdevice_handler.o
    0x000225f8   0x00000088   Code   RO          880    i.service_data_encode  ble_advdata.o
    0x00022680   0x00000020   Code   RO          264    i.services_init     blefunctions.o
    0x000226a0   0x00000048   Code   RO         1090    i.set_adv_mode_fast  ble_advertising.o
    0x000226e8   0x00000044   Code   RO         1091    i.set_adv_mode_slow  ble_advertising.o
    0x0002272c   0x00000028   Code   RO          265    i.sleep_mode_enter  blefunctions.o
    0x00022754   0x00000014   Code   RO         2992    i.softdevice_ble_evt_handler_set  softdevice_handler.o
    0x00022768   0x00000014   Code   RO         2993    i.softdevice_enable  softdevice_handler.o
    0x0002277c   0x00000026   Code   RO         2994    i.softdevice_enable_get_default_config  softdevice_handler.o
    0x000227a2   0x00000004   Code   RO         2995    i.softdevice_fault_handler  softdevice_handler.o
    0x000227a6   0x00000002   PAD
    0x000227a8   0x00000064   Code   RO         2996    i.softdevice_handler_init  softdevice_handler.o
    0x0002280c   0x0000000c   Code   RO         2997    i.softdevice_handler_is_enabled  softdevice_handler.o
    0x00022818   0x000000d4   Code   RO          383    i.spi_app_init      util.o
    0x000228ec   0x00000284   Code   RO          384    i.spi_handler       util.o
    0x00022b70   0x00000050   Code   RO          385    i.spis_event_handler  util.o
    0x00022bc0   0x00000078   Code   RO         1922    i.spis_irq_handler  nrf_drv_spis.o
    0x00022c38   0x00000006   Code   RO         1923    i.spis_state_change  nrf_drv_spis.o
    0x00022c3e   0x0000005e   Code   RO         1924    i.spis_state_entry_action_execute  nrf_drv_spis.o
    0x00022c9c   0x00000018   Code   RO          386    i.timer_led_event_handler  util.o
    0x00022cb4   0x0000008c   Code   RO         2342    i.timer_list_handler  app_timer.o
    0x00022d40   0x0000003c   Code   RO         2343    i.timer_list_insert  app_timer.o
    0x00022d7c   0x00000048   Code   RO         2344    i.timer_stop_op_schedule  app_timer.o
    0x00022dc4   0x00000084   Code   RO         2345    i.timer_timeouts_check  app_timer.o
    0x00022e48   0x00000020   Code   RO         1713    i.tx_byte           nrf_drv_uart.o
    0x00022e68   0x000000a0   Code   RO         1176    i.tx_char_add       ble_nus.o
    0x00022f08   0x00000010   Code   RO          387    i.tx_clear          util.o
    0x00022f18   0x0000001c   Code   RO         1714    i.tx_done_event     nrf_drv_uart.o
    0x00022f34   0x00000012   Code   RO          388    i.tx_set            util.o
    0x00022f46   0x0000011e   Code   RO         1715    i.uart_irq_handler  nrf_drv_uart.o
    0x00023064   0x00000020   Code   RO          389    i.uart_print_init   util.o
    0x00023084   0x000000f0   Code   RO         1716    i.uarte_irq_handler  nrf_drv_uart.o
    0x00023174   0x00000024   Code   RO          390    i.uartprint         util.o
    0x00023198   0x0000000a   Code   RO          881    i.uint16_encode     ble_advdata.o
    0x000231a2   0x00000002   PAD
    0x000231a4   0x00000060   Code   RO          960    i.update_timeout_handler  ble_conn_params.o
    0x00023204   0x00000030   Code   RO         2346    i.user_op_alloc     app_timer.o
    0x00023234   0x00000030   Code   RO          882    i.uuid_list_encode  ble_advdata.o
    0x00023264   0x0000009e   Code   RO          883    i.uuid_list_sized_encode  ble_advdata.o
    0x00023302   0x00000002   PAD
    0x00023304   0x00000004   Data   RO          267    .constdata          blefunctions.o
    0x00023308   0x00000038   Data   RO          392    .constdata          util.o
    0x00023340   0x00000004   Data   RO          522    .constdata          buttjob.o
    0x00023344   0x00000008   Data   RO          576    .constdata          boards.o
    0x0002334c   0x0000002c   Data   RO          695    .constdata          bsp.o
    0x00023378   0x00000004   Data   RO          963    .constdata          ble_conn_params.o
    0x0002337c   0x00000010   Data   RO         1177    .constdata          ble_nus.o
    0x0002338c   0x00000004   Data   RO         1476    .constdata          nrf_drv_gpiote.o
    0x00023390   0x00000020   Data   RO         3572    Region$$Table       anon$$obj.o


    Execution Region RW_IRAM1 (Base: 0x20002128, Size: 0x000044a8, Max: 0x0000ded8, ABSOLUTE)

    Base Addr    Size         Type   Attr      Idx    E Section Name        Object

    0x20002128   0x00000006   Data   RW          268    .data               blefunctions.o
    0x2000212e   0x00000002   PAD
    0x20002130   0x00000034   Data   RW          393    .data               util.o
    0x20002164   0x00000004   Data   RW          523    .data               buttjob.o
    0x20002168   0x00000014   Data   RW          696    .data               bsp.o
    0x2000217c   0x00000008   Data   RW          796    .data               bsp_btn_ble.o
    0x20002184   0x00000014   Data   RW          964    .data               ble_conn_params.o
    0x20002198   0x0000001f   Data   RW         1093    .data               ble_advertising.o
    0x200021b7   0x00000001   PAD
    0x200021b8   0x00000020   Data   RW         2347    .data               app_timer.o
    0x200021d8   0x00000010   Data   RW         2491    .data               app_uart_fifo.o
    0x200021e8   0x00000014   Data   RW         3003    .data               softdevice_handler.o
    0x200021fc   0x00000004   Data   RW         3198    .data               system_nrf52.o
    0x20002200   0x00000004   Data   RW         3549    .data               mc_w.l(mvars.o)
    0x20002204   0x00000004   Data   RW         3550    .data               mc_w.l(mvars.o)
    0x20002208   0x000000e4   Zero   RW          266    .bss                blefunctions.o
    0x200022ec   0x00000040   Zero   RW          391    .bss                util.o
    0x2000232c   0x00000020   Zero   RW          691    .bss                bsp.o
    0x2000234c   0x00000020   Zero   RW          692    .bss                bsp.o
    0x2000236c   0x0000000c   Zero   RW          693    .bss                bsp.o
    0x20002378   0x00000020   Zero   RW          694    .bss                bsp.o
    0x20002398   0x00000020   Zero   RW          961    .bss                ble_conn_params.o
    0x200023b8   0x0000001c   Zero   RW          962    .bss                ble_conn_params.o
    0x200023d4   0x000000b3   Zero   RW         1092    .bss                ble_advertising.o
    0x20002487   0x00000001   PAD
    0x20002488   0x00000014   Zero   RW         1242    .bss                nrf_drv_clock.o
    0x2000249c   0x00000058   Zero   RW         1475    .bss                nrf_drv_gpiote.o
    0x200024f4   0x00000020   Zero   RW         1717    .bss                nrf_drv_uart.o
    0x20002514   0x00000018   Zero   RW         1925    .bss                nrf_drv_spis.o
    0x2000252c   0x0000000c   Zero   RW         2021    .bss                nrf_drv_timer.o
    0x20002538   0x00000020   Zero   RW         2489    .bss                app_uart_fifo.o
    0x20002558   0x0000000c   Zero   RW         2544    .bss                app_util_platform.o
    0x20002564   0x00000068   Zero   RW         2607    .bss                fstorage.o
    0x200025cc   0x00000004   PAD
    0x200025d0   0x00002000   Zero   RW         3187    HEAP                arm_startup_nrf52.o
    0x200045d0   0x00002000   Zero   RW         3186    STACK               arm_startup_nrf52.o


==============================================================================

Image component sizes


      Code (inc. data)   RO Data    RW Data    ZI Data      Debug   Object Name

        22          0          0          0          0       2245   app_error.o
        36         10          0          0          0      27353   app_error_weak.o
        86          0          0          0          0       4230   app_fifo.o
      1694        114          0         32          0      64531   app_timer.o
        60          8          0         16         32       2059   app_uart_fifo.o
       124         14          0          0         12       9542   app_util_platform.o
        36          8       1024          0      16384        896   arm_startup_nrf52.o
      1330          0          0          0          0      30888   ble_advdata.o
       868         54          0         31        179       9936   ble_advertising.o
       436         54          4         20         60       5912   ble_conn_params.o
       572          6         16          0          0       4952   ble_nus.o
         8          0          0          0          0       1506   ble_srv_common.o
      1230        176          4          6        228      10743   blefunctions.o
       206         32          8          0          0      10953   boards.o
       662         54         44         20        108      11592   bsp.o
       196          6          0          8          0       4134   bsp_btn_ble.o
       120         44          4          4          0       2396   buttjob.o
        20          4          0          0        104       3836   fstorage.o
       216        110          0          0          0     115823   main.o
       288         22          0          0         20      12996   nrf_drv_clock.o
        56          0          0          0          0      27559   nrf_drv_common.o
      1370         92          4          0         88      33397   nrf_drv_gpiote.o
       762         16          0          0         24      22674   nrf_drv_spis.o
       324         18          0          0         12      16715   nrf_drv_timer.o
      1540         44          0          0         32      37166   nrf_drv_uart.o
       542         46          0         20          0     130759   softdevice_handler.o
       668         58          0          4          0       2655   system_nrf52.o
      1410        358         56         52         64      30393   util.o

    ----------------------------------------------------------------------
     14912       1348       1196        216      17352     637841   Object Totals
         0          0         32          0          0          0   (incl. Generated)
        30          0          0          3          5          0   (incl. Padding)

    ----------------------------------------------------------------------

      Code (inc. data)   RO Data    RW Data    ZI Data      Debug   Library Member Name

         0          0          0          0          0          0   entry.o
         0          0          0          0          0          0   entry10a.o
         0          0          0          0          0          0   entry11a.o
         8          4          0          0          0          0   entry2.o
         4          0          0          0          0          0   entry5.o
         0          0          0          0          0          0   entry7b.o
         0          0          0          0          0          0   entry8b.o
         8          4          0          0          0          0   entry9a.o
        30          0          0          0          0          0   handlers.o
        36          8          0          0          0         68   init.o
        30          0          0          0          0         68   llshl.o
        32          0          0          0          0         68   llushr.o
       108         16          0          0          0         84   malloc.o
        36          0          0          0          0         68   memcpya.o
        36          0          0          0          0        108   memseta.o
         0          0          0          8          0          0   mvars.o
       774         50          0          0          0        252   printf5.o
        14          0          0          0          0         68   strlen.o
        98          0          0          0          0         92   uldiv.o

    ----------------------------------------------------------------------
      1220         82          0          8          0        876   Library Totals
         6          0          0          0          0          0   (incl. Padding)

    ----------------------------------------------------------------------

      Code (inc. data)   RO Data    RW Data    ZI Data      Debug   Library Name

      1214         82          0          8          0        876   mc_w.l

    ----------------------------------------------------------------------
      1220         82          0          8          0        876   Library Totals

    ----------------------------------------------------------------------

==============================================================================


      Code (inc. data)   RO Data    RW Data    ZI Data      Debug   

     16132       1430       1196        224      17352     620957   Grand Totals
     16132       1430       1196        224      17352     620957   ELF Image Totals
     16132       1430       1196        224          0          0   ROM Totals

==============================================================================

    Total RO  Size (Code + RO Data)                17328 (  16.92kB)
    Total RW  Size (RW Data + ZI Data)             17576 (  17.16kB)
    Total ROM Size (Code + RO Data + RW Data)      17552 (  17.14kB)

==============================================================================

