Component: ARM Compiler 5.06 update 4 (build 422) Tool: armlink [4d35d2]

==============================================================================

Section Cross References

    main.o(i.main) refers to printf5.o(i.__0snprintf$5) for __2snprintf
    main.o(i.main) refers to util.o(i.uartprint) for uartprint
    main.o(i.main) refers to util.o(i.spi_app_init) for spi_app_init
    main.o(i.main) refers to util.o(i.fifo_init) for fifo_init
    main.o(i.main) refers to blefunctions.o(i.ble_app_init) for ble_app_init
    main.o(i.main) refers to util.o(i.spi_handler) for spi_handler
    main.o(i.main) refers to util.o(.bss) for printbuf
    blefunctions.o(i.advertising_init) refers to memseta.o(.text) for __aeabi_memclr4
    blefunctions.o(i.advertising_init) refers to ble_advertising.o(i.ble_advertising_init) for ble_advertising_init
    blefunctions.o(i.advertising_init) refers to app_error.o(i.app_error_handler_bare) for app_error_handler_bare
    blefunctions.o(i.advertising_init) refers to blefunctions.o(.data) for m_adv_uuids
    blefunctions.o(i.advertising_init) refers to blefunctions.o(i.on_adv_evt) for on_adv_evt
    blefunctions.o(i.assert_nrf_callback) refers to app_error.o(i.app_error_handler) for app_error_handler
    blefunctions.o(i.ble_app_init) refers to app_timer.o(i.app_timer_init) for app_timer_init
    blefunctions.o(i.ble_app_init) refers to app_error.o(i.app_error_handler_bare) for app_error_handler_bare
    blefunctions.o(i.ble_app_init) refers to blefunctions.o(i.uart_init) for uart_init
    blefunctions.o(i.ble_app_init) refers to blefunctions.o(i.ble_stack_init) for ble_stack_init
    blefunctions.o(i.ble_app_init) refers to blefunctions.o(i.gap_params_init) for gap_params_init
    blefunctions.o(i.ble_app_init) refers to blefunctions.o(i.services_init) for services_init
    blefunctions.o(i.ble_app_init) refers to blefunctions.o(i.advertising_init) for advertising_init
    blefunctions.o(i.ble_app_init) refers to blefunctions.o(i.conn_params_init) for conn_params_init
    blefunctions.o(i.ble_app_init) refers to printf5.o(i.__0snprintf$5) for __2snprintf
    blefunctions.o(i.ble_app_init) refers to util.o(i.uartprint) for uartprint
    blefunctions.o(i.ble_app_init) refers to ble_advertising.o(i.ble_advertising_start) for ble_advertising_start
    blefunctions.o(i.ble_app_init) refers to blefunctions.o(.bss) for APP_TIMER_BUF
    blefunctions.o(i.ble_app_init) refers to util.o(.bss) for printbuf
    blefunctions.o(i.ble_evt_dispatch) refers to ble_conn_params.o(i.ble_conn_params_on_ble_evt) for ble_conn_params_on_ble_evt
    blefunctions.o(i.ble_evt_dispatch) refers to ble_nus.o(i.ble_nus_on_ble_evt) for ble_nus_on_ble_evt
    blefunctions.o(i.ble_evt_dispatch) refers to blefunctions.o(i.on_ble_evt) for on_ble_evt
    blefunctions.o(i.ble_evt_dispatch) refers to ble_advertising.o(i.ble_advertising_on_ble_evt) for ble_advertising_on_ble_evt
    blefunctions.o(i.ble_evt_dispatch) refers to bsp_btn_ble.o(i.bsp_btn_ble_on_ble_evt) for bsp_btn_ble_on_ble_evt
    blefunctions.o(i.ble_evt_dispatch) refers to blefunctions.o(.bss) for m_nus
    blefunctions.o(i.ble_print) refers to printf5.o(i.__0snprintf$5) for __2snprintf
    blefunctions.o(i.ble_print) refers to util.o(i.uartprint) for uartprint
    blefunctions.o(i.ble_print) refers to strlen.o(.text) for strlen
    blefunctions.o(i.ble_print) refers to ble_nus.o(i.ble_nus_string_send) for ble_nus_string_send
    blefunctions.o(i.ble_print) refers to util.o(.bss) for printbuf
    blefunctions.o(i.ble_print) refers to blefunctions.o(.bss) for m_nus
    blefunctions.o(i.ble_stack_init) refers to softdevice_handler.o(i.softdevice_handler_init) for softdevice_handler_init
    blefunctions.o(i.ble_stack_init) refers to app_error.o(i.app_error_handler_bare) for app_error_handler_bare
    blefunctions.o(i.ble_stack_init) refers to softdevice_handler.o(i.softdevice_enable_get_default_config) for softdevice_enable_get_default_config
    blefunctions.o(i.ble_stack_init) refers to softdevice_handler.o(i.softdevice_enable) for softdevice_enable
    blefunctions.o(i.ble_stack_init) refers to softdevice_handler.o(i.softdevice_ble_evt_handler_set) for softdevice_ble_evt_handler_set
    blefunctions.o(i.ble_stack_init) refers to blefunctions.o(.constdata) for .constdata
    blefunctions.o(i.ble_stack_init) refers to blefunctions.o(.bss) for BLE_EVT_BUFFER
    blefunctions.o(i.ble_stack_init) refers to blefunctions.o(i.ble_evt_dispatch) for ble_evt_dispatch
    blefunctions.o(i.conn_params_error_handler) refers to app_error.o(i.app_error_handler_bare) for app_error_handler_bare
    blefunctions.o(i.conn_params_init) refers to memseta.o(.text) for __aeabi_memclr4
    blefunctions.o(i.conn_params_init) refers to ble_conn_params.o(i.ble_conn_params_init) for ble_conn_params_init
    blefunctions.o(i.conn_params_init) refers to app_error.o(i.app_error_handler_bare) for app_error_handler_bare
[...]
    nrf_uarte_int_disable                    0x000232ef   Thumb Code     6  nrf_drv_uart.o(i.nrf_uarte_int_disable)
    i.nrf_uarte_int_enable                   0x000232f4   Section        0  nrf_drv_uart.o(i.nrf_uarte_int_enable)
    nrf_uarte_int_enable                     0x000232f5   Thumb Code     6  nrf_drv_uart.o(i.nrf_uarte_int_enable)
    i.nrf_uarte_rx_amount_get                0x000232fa   Section        0  nrf_drv_uart.o(i.nrf_uarte_rx_amount_get)
    nrf_uarte_rx_amount_get                  0x000232fb   Thumb Code    10  nrf_drv_uart.o(i.nrf_uarte_rx_amount_get)
    i.nrf_uarte_task_trigger                 0x00023304   Section        0  nrf_drv_uart.o(i.nrf_uarte_task_trigger)
    nrf_uarte_task_trigger                   0x00023305   Thumb Code     6  nrf_drv_uart.o(i.nrf_uarte_task_trigger)
    i.nrf_uarte_txrx_pins_set                0x0002330a   Section        0  nrf_drv_uart.o(i.nrf_uarte_txrx_pins_set)
    nrf_uarte_txrx_pins_set                  0x0002330b   Thumb Code    14  nrf_drv_uart.o(i.nrf_uarte_txrx_pins_set)
    i.nus_data_handler                       0x00023318   Section        0  blefunctions.o(i.nus_data_handler)
    i.on_adv_evt                             0x00023374   Section        0  blefunctions.o(i.on_adv_evt)
    i.on_ble_evt                             0x000233a8   Section        0  blefunctions.o(i.on_ble_evt)
    i.on_conn_params_evt                     0x00023548   Section        0  blefunctions.o(i.on_conn_params_evt)
    i.on_conn_params_update                  0x00023574   Section        0  ble_conn_params.o(i.on_conn_params_update)
    on_conn_params_update                    0x00023575   Thumb Code    20  ble_conn_params.o(i.on_conn_params_update)
    i.on_connect                             0x0002358c   Section        0  ble_conn_params.o(i.on_connect)
    on_connect                               0x0002358d   Thumb Code    38  ble_conn_params.o(i.on_connect)
    i.on_connect                             0x000235c4   Section        0  ble_nus.o(i.on_connect)
    on_connect                               0x000235c5   Thumb Code     6  ble_nus.o(i.on_connect)
    i.on_connected                           0x000235cc   Section        0  ble_advertising.o(i.on_connected)
    on_connected                             0x000235cd   Thumb Code    14  ble_advertising.o(i.on_connected)
    i.on_disconnect                          0x000235e0   Section        0  ble_conn_params.o(i.on_disconnect)
    on_disconnect                            0x000235e1   Thumb Code    46  ble_conn_params.o(i.on_disconnect)
    i.on_disconnect                          0x00023620   Section        0  ble_nus.o(i.on_disconnect)
    on_disconnect                            0x00023621   Thumb Code     8  ble_nus.o(i.on_disconnect)
    i.on_disconnected                        0x00023628   Section        0  ble_advertising.o(i.on_disconnected)
    on_disconnected                          0x00023629   Thumb Code    46  ble_advertising.o(i.on_disconnected)
    i.on_timeout                             0x00023664   Section        0  ble_advertising.o(i.on_timeout)
    on_timeout                               0x00023665   Thumb Code    46  ble_advertising.o(i.on_timeout)
    i.on_write                               0x0002369c   Section        0  ble_conn_params.o(i.on_write)
    on_write                                 0x0002369d   Thumb Code    68  ble_conn_params.o(i.on_write)
    i.on_write                               0x000236e8   Section        0  ble_nus.o(i.on_write)
    on_write                                 0x000236e9   Thumb Code    70  ble_nus.o(i.on_write)
    i.pin_in_use_by_gpiote                   0x00023730   Section        0  nrf_drv_gpiote.o(i.pin_in_use_by_gpiote)
    pin_in_use_by_gpiote                     0x00023731   Thumb Code    22  nrf_drv_gpiote.o(i.pin_in_use_by_gpiote)
    i.pin_in_use_by_port                     0x0002374c   Section        0  nrf_drv_gpiote.o(i.pin_in_use_by_port)
    pin_in_use_by_port                       0x0002374d   Thumb Code    18  nrf_drv_gpiote.o(i.pin_in_use_by_port)
    i.pin_in_use_by_te                       0x00023764   Section        0  nrf_drv_gpiote.o(i.pin_in_use_by_te)
    pin_in_use_by_te                         0x00023765   Thumb Code    26  nrf_drv_gpiote.o(i.pin_in_use_by_te)
    i.pin_in_use_clear                       0x00023784   Section        0  nrf_drv_gpiote.o(i.pin_in_use_clear)
    pin_in_use_clear                         0x00023785   Thumb Code     8  nrf_drv_gpiote.o(i.pin_in_use_clear)
    i.power_manage                           0x00023790   Section        0  blefunctions.o(i.power_manage)
    i.read_fifo                              0x000237ac   Section        0  util.o(i.read_fifo)
    i.rtc1_compare0_set                      0x000237f4   Section        0  app_timer.o(i.rtc1_compare0_set)
    rtc1_compare0_set                        0x000237f5   Thumb Code     6  app_timer.o(i.rtc1_compare0_set)
    i.rtc1_counter_get                       0x00023800   Section        0  app_timer.o(i.rtc1_counter_get)
    rtc1_counter_get                         0x00023801   Thumb Code     6  app_timer.o(i.rtc1_counter_get)
    i.rtc1_init                              0x0002380c   Section        0  app_timer.o(i.rtc1_init)
    rtc1_init                                0x0002380d   Thumb Code    18  app_timer.o(i.rtc1_init)
    i.rtc1_start                             0x00023824   Section        0  app_timer.o(i.rtc1_start)
    rtc1_start                               0x00023825   Thumb Code    48  app_timer.o(i.rtc1_start)
    i.rtc1_stop                              0x00023860   Section        0  app_timer.o(i.rtc1_stop)
    rtc1_stop                                0x00023861   Thumb Code    68  app_timer.o(i.rtc1_stop)
    i.rx_byte                                0x000238b8   Section        0  nrf_drv_uart.o(i.rx_byte)
    rx_byte                                  0x000238b9   Thumb Code    62  nrf_drv_uart.o(i.rx_byte)
    i.rx_char_add                            0x000238f6   Section        0  ble_nus.o(i.rx_char_add)
    rx_char_add                              0x000238f7   Thumb Code   310  ble_nus.o(i.rx_char_add)
    i.rx_done_event                          0x00023a2c   Section        0  nrf_drv_uart.o(i.rx_done_event)
    rx_done_event                            0x00023a2d   Thumb Code    30  nrf_drv_uart.o(i.rx_done_event)
    i.rx_enable                              0x00023a4a   Section        0  nrf_drv_uart.o(i.rx_enable)
    rx_enable                                0x00023a4b   Thumb Code    34  nrf_drv_uart.o(i.rx_enable)
    i.sd_nvic_EnableIRQ                      0x00023a6c   Section        0  softdevice_handler.o(i.sd_nvic_EnableIRQ)
    sd_nvic_EnableIRQ                        0x00023a6d   Thumb Code   126  softdevice_handler.o(i.sd_nvic_EnableIRQ)
    i.sd_nvic_critical_region_enter          0x00023af8   Section        0  app_util_platform.o(i.sd_nvic_critical_region_enter)
    sd_nvic_critical_region_enter            0x00023af9   Thumb Code    90  app_util_platform.o(i.sd_nvic_critical_region_enter)
    i.service_data_encode                    0x00023b60   Section        0  ble_advdata.o(i.service_data_encode)
    service_data_encode                      0x00023b61   Thumb Code   150  ble_advdata.o(i.service_data_encode)
    i.services_init                          0x00023bf8   Section        0  blefunctions.o(i.services_init)
    i.set_adv_mode_directed                  0x00023c28   Section        0  ble_advertising.o(i.set_adv_mode_directed)
    set_adv_mode_directed                    0x00023c29   Thumb Code    24  ble_advertising.o(i.set_adv_mode_directed)
    i.set_adv_mode_directed_slow             0x00023c48   Section        0  ble_advertising.o(i.set_adv_mode_directed_slow)
    set_adv_mode_directed_slow               0x00023c49   Thumb Code    32  ble_advertising.o(i.set_adv_mode_directed_slow)
    i.set_adv_mode_fast                      0x00023c74   Section        0  ble_advertising.o(i.set_adv_mode_fast)
    set_adv_mode_fast                        0x00023c75   Thumb Code    78  ble_advertising.o(i.set_adv_mode_fast)
    i.set_adv_mode_slow                      0x00023cd4   Section        0  ble_advertising.o(i.set_adv_mode_slow)
    set_adv_mode_slow                        0x00023cd5   Thumb Code    78  ble_advertising.o(i.set_adv_mode_slow)
    i.sleep_mode_enter                       0x00023d34   Section        0  blefunctions.o(i.sleep_mode_enter)
    i.softdevice_ble_evt_handler_set         0x00023d80   Section        0  softdevice_handler.o(i.softdevice_ble_evt_handler_set)
    i.softdevice_enable                      0x00023d98   Section        0  softdevice_handler.o(i.softdevice_enable)
    i.softdevice_enable_get_default_config   0x00023dc0   Section        0  softdevice_handler.o(i.softdevice_enable_get_default_config)
    i.softdevice_fault_handler               0x00023dec   Section        0  softdevice_handler.o(i.softdevice_fault_handler)
    i.softdevice_handler_init                0x00023e00   Section        0  softdevice_handler.o(i.softdevice_handler_init)
    i.softdevice_handler_is_enabled          0x00023e9c   Section        0  softdevice_handler.o(i.softdevice_handler_is_enabled)
    i.spi_app_init                           0x00023ea8   Section        0  util.o(i.spi_app_init)
    i.spi_eval                               0x00023fbc   Section        0  spi_drv.o(i.spi_eval)
    i.spi_handler                            0x000240fc   Section        0  util.o(i.spi_handler)
    i.spis_event_handler                     0x000243c0   Section        0  util.o(i.spis_event_handler)
    i.spis_irq_handler                       0x00024414   Section        0  nrf_drv_spis.o(i.spis_irq_handler)
    spis_irq_handler                         0x00024415   Thumb Code   128  nrf_drv_spis.o(i.spis_irq_handler)
    i.spis_state_change                      0x00024494   Section        0  nrf_drv_spis.o(i.spis_state_change)
    spis_state_change                        0x00024495   Thumb Code    20  nrf_drv_spis.o(i.spis_state_change)
    i.spis_state_entry_action_execute        0x000244a8   Section        0  nrf_drv_spis.o(i.spis_state_entry_action_execute)
    spis_state_entry_action_execute          0x000244a9   Thumb Code   154  nrf_drv_spis.o(i.spis_state_entry_action_execute)
    i.srdata_check                           0x00024542   Section        0  ble_advdata.o(i.srdata_check)
    srdata_check                             0x00024543   Thumb Code    14  ble_advdata.o(i.srdata_check)
    i.ticks_diff_get                         0x00024550   Section        0  app_timer.o(i.ticks_diff_get)
    ticks_diff_get                           0x00024551   Thumb Code    10  app_timer.o(i.ticks_diff_get)
    i.timeout_handler_exec                   0x0002455c   Section        0  app_timer.o(i.timeout_handler_exec)
    timeout_handler_exec                     0x0002455d   Thumb Code    50  app_timer.o(i.timeout_handler_exec)
    i.timer_led_event_handler                0x00024594   Section        0  util.o(i.timer_led_event_handler)
    i.timer_list_handler                     0x000245b0   Section        0  app_timer.o(i.timer_list_handler)
    timer_list_handler                       0x000245b1   Thumb Code    72  app_timer.o(i.timer_list_handler)
    i.timer_list_handler_sched               0x00024604   Section        0  app_timer.o(i.timer_list_handler_sched)
    timer_list_handler_sched                 0x00024605   Thumb Code    10  app_timer.o(i.timer_list_handler_sched)
    i.timer_list_insert                      0x00024610   Section        0  app_timer.o(i.timer_list_insert)
    timer_list_insert                        0x00024611   Thumb Code    98  app_timer.o(i.timer_list_insert)
    i.timer_list_remove                      0x00024678   Section        0  app_timer.o(i.timer_list_remove)
    timer_list_remove                        0x00024679   Thumb Code    90  app_timer.o(i.timer_list_remove)
    i.timer_start_op_schedule                0x000246e4   Section        0  app_timer.o(i.timer_start_op_schedule)
    timer_start_op_schedule                  0x000246e5   Thumb Code    94  app_timer.o(i.timer_start_op_schedule)
    i.timer_stop_op_schedule                 0x00024742   Section        0  app_timer.o(i.timer_stop_op_schedule)
    timer_stop_op_schedule                   0x00024743   Thumb Code    66  app_timer.o(i.timer_stop_op_schedule)
    i.timer_timeouts_check                   0x00024784   Section        0  app_timer.o(i.timer_timeouts_check)
    timer_timeouts_check                     0x00024785   Thumb Code   130  app_timer.o(i.timer_timeouts_check)
    i.timer_timeouts_check_sched             0x0002481c   Section        0  app_timer.o(i.timer_timeouts_check_sched)
    timer_timeouts_check_sched               0x0002481d   Thumb Code    10  app_timer.o(i.timer_timeouts_check_sched)
    i.tx_byte                                0x00024826   Section        0  nrf_drv_uart.o(i.tx_byte)
    tx_byte                                  0x00024827   Thumb Code    38  nrf_drv_uart.o(i.tx_byte)
    i.tx_char_add                            0x0002484c   Section        0  ble_nus.o(i.tx_char_add)
    tx_char_add                              0x0002484d   Thumb Code   236  ble_nus.o(i.tx_char_add)
    i.tx_done_event                          0x00024938   Section        0  nrf_drv_uart.o(i.tx_done_event)
    tx_done_event                            0x00024939   Thumb Code    34  nrf_drv_uart.o(i.tx_done_event)
    i.tx_power_level_encode                  0x0002495a   Section        0  ble_advdata.o(i.tx_power_level_encode)
    tx_power_level_encode                    0x0002495b   Thumb Code    54  ble_advdata.o(i.tx_power_level_encode)
    i.uart_event_handle                      0x00024990   Section        0  blefunctions.o(i.uart_event_handle)
    i.uart_event_handler                     0x00024a4c   Section        0  app_uart_fifo.o(i.uart_event_handler)
    uart_event_handler                       0x00024a4d   Thumb Code   184  app_uart_fifo.o(i.uart_event_handler)
    i.uart_init                              0x00024b20   Section        0  blefunctions.o(i.uart_init)
    i.uart_irq_handler                       0x00024b7c   Section        0  nrf_drv_uart.o(i.uart_irq_handler)
    uart_irq_handler                         0x00024b7d   Thumb Code   322  nrf_drv_uart.o(i.uart_irq_handler)
    i.uarte_irq_handler                      0x00024cbe   Section        0  nrf_drv_uart.o(i.uarte_irq_handler)
    uarte_irq_handler                        0x00024cbf   Thumb Code   268  nrf_drv_uart.o(i.uarte_irq_handler)
    i.uartprint                              0x00024dca   Section        0  util.o(i.uartprint)
    i.uint16_decode                          0x00024dcc   Section        0  ble_srv_common.o(i.uint16_decode)
    uint16_decode                            0x00024dcd   Thumb Code    12  ble_srv_common.o(i.uint16_decode)
    i.uint16_encode                          0x00024dd8   Section        0  ble_advdata.o(i.uint16_encode)
    uint16_encode                            0x00024dd9   Thumb Code    12  ble_advdata.o(i.uint16_encode)
    i.update_timeout_handler                 0x00024de4   Section        0  ble_conn_params.o(i.update_timeout_handler)
    update_timeout_handler                   0x00024de5   Thumb Code   126  ble_conn_params.o(i.update_timeout_handler)
    i.user_op_alloc                          0x00024e74   Section        0  app_timer.o(i.user_op_alloc)
    user_op_alloc                            0x00024e75   Thumb Code    56  app_timer.o(i.user_op_alloc)
    i.user_op_enque                          0x00024eb0   Section        0  app_timer.o(i.user_op_enque)
    user_op_enque                            0x00024eb1   Thumb Code     6  app_timer.o(i.user_op_enque)
    i.uuid_list_encode                       0x00024ebc   Section        0  ble_advdata.o(i.uuid_list_encode)
    uuid_list_encode                         0x00024ebd   Thumb Code    78  ble_advdata.o(i.uuid_list_encode)
    i.uuid_list_sized_encode                 0x00024f0a   Section        0  ble_advdata.o(i.uuid_list_sized_encode)
    uuid_list_sized_encode                   0x00024f0b   Thumb Code   220  ble_advdata.o(i.uuid_list_sized_encode)
    i.whitelist_has_entries                  0x00024fe8   Section        0  ble_advertising.o(i.whitelist_has_entries)
    whitelist_has_entries                    0x00024fe9   Thumb Code     6  ble_advertising.o(i.whitelist_has_entries)
    .constdata                               0x00024ff4   Section       28  blefunctions.o(.constdata)
    .constdata                               0x00025010   Section       55  util.o(.constdata)
    spis                                     0x00025010   Data           8  util.o(.constdata)
    .constdata                               0x00025047   Section        8  boards.o(.constdata)
    m_board_led_list                         0x00025047   Data           4  boards.o(.constdata)
    m_board_btn_list                         0x0002504b   Data           4  boards.o(.constdata)
    .constdata                               0x00025050   Section       44  bsp.o(.constdata)
    m_leds_timer_id                          0x00025050   Data           4  bsp.o(.constdata)
    m_alert_timer_id                         0x00025054   Data           4  bsp.o(.constdata)
    m_button_timer_id                        0x00025058   Data           4  bsp.o(.constdata)
    app_buttons                              0x0002505c   Data          32  bsp.o(.constdata)
    .constdata                               0x0002507c   Section        4  ble_conn_params.o(.constdata)
    m_conn_params_timer_id                   0x0002507c   Data           4  ble_conn_params.o(.constdata)
    .constdata                               0x00025080   Section       16  ble_nus.o(.constdata)
    .constdata                               0x00025090   Section       71  nrf_drv_gpiote.o(.constdata)
    __func__                                 0x00025094   Data          20  nrf_drv_gpiote.o(.constdata)
    __func__                                 0x000250a8   Data          24  nrf_drv_gpiote.o(.constdata)
    __func__                                 0x000250c0   Data          23  nrf_drv_gpiote.o(.constdata)
    .constdata                               0x000250d8   Section       32  app_uart_fifo.o(.constdata)
    .data                                    0x20002128   Section        7  blefunctions.o(.data)
    m_conn_handle                            0x20002128   Data           2  blefunctions.o(.data)
    m_adv_uuids                              0x2000212a   Data           4  blefunctions.o(.data)
    index                                    0x2000212e   Data           1  blefunctions.o(.data)
    .data                                    0x20002130   Section       79  util.o(.data)
    p_uart                                   0x20002130   Data           8  util.o(.data)
    p_uart_config                            0x20002138   Data          32  util.o(.data)
    m_tx_buf                                 0x20002160   Data           7  util.o(.data)
    m_rx_buf                                 0x20002167   Data           8  util.o(.data)
    spis_xfer_done                           0x2000216f   Data           1  util.o(.data)
    .data                                    0x20002180   Section       21  bsp.o(.data)
    m_stable_state                           0x20002180   Data           1  bsp.o(.data)
    m_leds_clear                             0x20002181   Data           1  bsp.o(.data)
    m_app_ticks_per_100ms                    0x20002184   Data           4  bsp.o(.data)
    m_indication_type                        0x20002188   Data           4  bsp.o(.data)
    m_registered_callback                    0x2000218c   Data           4  bsp.o(.data)
    current_long_push_pin_no                 0x20002190   Data           1  bsp.o(.data)
    release_event_at_push                    0x20002191   Data           4  bsp.o(.data)
    .data                                    0x20002198   Section        8  bsp_btn_ble.o(.data)
    m_error_handler                          0x20002198   Data           4  bsp_btn_ble.o(.data)
    m_num_connections                        0x2000219c   Data           4  bsp_btn_ble.o(.data)
    .data                                    0x200021a0   Section       21  ble_conn_params.o(.data)
    m_preferred_conn_params                  0x200021a0   Data           8  ble_conn_params.o(.data)
    m_update_count                           0x200021a8   Data           1  ble_conn_params.o(.data)
    m_conn_handle                            0x200021aa   Data           2  ble_conn_params.o(.data)
    m_current_conn_params                    0x200021ac   Data           8  ble_conn_params.o(.data)
    m_change_param                           0x200021b4   Data           1  ble_conn_params.o(.data)
    .data                                    0x200021b8   Section       31  ble_advertising.o(.data)
    m_initialized                            0x200021b8   Data           1  ble_advertising.o(.data)
    m_advertising_start_pending              0x200021b9   Data           1  ble_advertising.o(.data)
    m_adv_evt                                0x200021ba   Data           1  ble_advertising.o(.data)
    m_adv_mode_current                       0x200021bb   Data           1  ble_advertising.o(.data)
    m_peer_address                           0x200021bc   Data           7  ble_advertising.o(.data)
    m_peer_addr_reply_expected               0x200021c3   Data           1  ble_advertising.o(.data)
    m_slave_conn_int                         0x200021c4   Data           4  ble_advertising.o(.data)
    m_current_slave_link_conn_handle         0x200021c8   Data           2  ble_advertising.o(.data)
    m_evt_handler                            0x200021cc   Data           4  ble_advertising.o(.data)
    m_error_handler                          0x200021d0   Data           4  ble_advertising.o(.data)
    m_whitelist_temporarily_disabled         0x200021d4   Data           1  ble_advertising.o(.data)
    m_whitelist_reply_expected               0x200021d5   Data           1  ble_advertising.o(.data)
    m_whitelist_in_use                       0x200021d6   Data           1  ble_advertising.o(.data)
    .data                                    0x200021d8   Section       34  app_timer.o(.data)
    m_op_queue                               0x200021d8   Data           8  app_timer.o(.data)
    mp_timer_id_head                         0x200021e0   Data           4  app_timer.o(.data)
    m_ticks_latest                           0x200021e4   Data           4  app_timer.o(.data)
    m_ticks_elapsed                          0x200021e8   Data           8  app_timer.o(.data)
    m_ticks_elapsed_q_read_ind               0x200021f0   Data           1  app_timer.o(.data)
    m_ticks_elapsed_q_write_ind              0x200021f1   Data           1  app_timer.o(.data)
    m_evt_schedule_func                      0x200021f4   Data           4  app_timer.o(.data)
    m_rtc1_running                           0x200021f8   Data           1  app_timer.o(.data)
    m_rtc1_reset                             0x200021f9   Data           1  app_timer.o(.data)
    .data                                    0x200021fc   Section       15  app_uart_fifo.o(.data)
    app_uart_inst                            0x200021fc   Data           8  app_uart_fifo.o(.data)
    m_event_handler                          0x20002204   Data           4  app_uart_fifo.o(.data)
    tx_buffer                                0x20002208   Data           1  app_uart_fifo.o(.data)
    rx_buffer                                0x20002209   Data           1  app_uart_fifo.o(.data)
    m_rx_ovf                                 0x2000220a   Data           1  app_uart_fifo.o(.data)
    .data                                    0x2000220c   Section       24  softdevice_handler.o(.data)
    m_evt_schedule_func                      0x2000220c   Data           4  softdevice_handler.o(.data)
    m_softdevice_enabled                     0x20002210   Data           1  softdevice_handler.o(.data)
    m_suspended                              0x20002211   Data           1  softdevice_handler.o(.data)
    mp_ble_evt_buffer                        0x20002214   Data           4  softdevice_handler.o(.data)
    m_ble_evt_buffer_size                    0x20002218   Data           2  softdevice_handler.o(.data)
    m_ble_evt_handler                        0x2000221c   Data           4  softdevice_handler.o(.data)
    m_sys_evt_handler                        0x20002220   Data           4  softdevice_handler.o(.data)
    .data                                    0x20002224   Section        4  system_nrf52.o(.data)
    __tagsym$$used                           0x20002224   Number         0  system_nrf52.o(.data)
    .data                                    0x20002228   Section        4  mvars.o(.data)
    .data                                    0x2000222c   Section        4  mvars.o(.data)
    .bss                                     0x20002230   Section      760  blefunctions.o(.bss)
    BLE_EVT_BUFFER                           0x2000224c   Data          80  blefunctions.o(.bss)
    data_array                               0x2000229c   Data          20  blefunctions.o(.bss)
    rx_buf                                   0x200022b0   Data         256  blefunctions.o(.bss)
    tx_buf                                   0x200023b0   Data         256  blefunctions.o(.bss)
    APP_TIMER_BUF                            0x200024b0   Data         120  blefunctions.o(.bss)
    .bss                                     0x20002528   Section       64  util.o(.bss)
    .bss                                     0x20002568   Section      108  bsp.o(.bss)
    m_leds_timer_id_data                     0x20002568   Data          32  bsp.o(.bss)
    m_alert_timer_id_data                    0x20002588   Data          32  bsp.o(.bss)
    m_events_list                            0x200025a8   Data          12  bsp.o(.bss)
    m_button_timer_id_data                   0x200025b4   Data          32  bsp.o(.bss)
    .bss                                     0x200025d4   Section       60  ble_conn_params.o(.bss)
    m_conn_params_config                     0x200025d4   Data          28  ble_conn_params.o(.bss)
    m_conn_params_timer_id_data              0x200025f0   Data          32  ble_conn_params.o(.bss)
    .bss                                     0x20002610   Section      179  ble_advertising.o(.bss)
    m_adv_modes_config                       0x20002610   Data          32  ble_advertising.o(.bss)
    m_advdata                                0x20002630   Data          60  ble_advertising.o(.bss)
    m_manuf_specific_data                    0x2000266c   Data          12  ble_advertising.o(.bss)
    m_manuf_data_array                       0x20002678   Data          31  ble_advertising.o(.bss)
    m_service_data                           0x20002698   Data          12  ble_advertising.o(.bss)
    m_service_data_array                     0x200026a4   Data          31  ble_advertising.o(.bss)
    .bss                                     0x200026c4   Section       20  nrf_drv_clock.o(.bss)
    m_clock_cb                               0x200026c4   Data          20  nrf_drv_clock.o(.bss)
    .bss                                     0x200026d8   Section       88  nrf_drv_gpiote.o(.bss)
    m_cb                                     0x200026d8   Data          88  nrf_drv_gpiote.o(.bss)
    .bss                                     0x20002730   Section       32  nrf_drv_uart.o(.bss)
    m_cb                                     0x20002730   Data          32  nrf_drv_uart.o(.bss)
    .bss                                     0x20002750   Section       24  nrf_drv_spis.o(.bss)
    m_cb                                     0x20002750   Data          24  nrf_drv_spis.o(.bss)
    .bss                                     0x20002768   Section       12  nrf_drv_timer.o(.bss)
    m_cb                                     0x20002768   Data          12  nrf_drv_timer.o(.bss)
    .bss                                     0x20002774   Section       32  app_uart_fifo.o(.bss)
    m_rx_fifo                                0x20002774   Data          16  app_uart_fifo.o(.bss)
    m_tx_fifo                                0x20002784   Data          16  app_uart_fifo.o(.bss)
    .bss                                     0x20002794   Section       12  app_util_platform.o(.bss)
    .bss                                     0x200027a0   Section      104  fstorage.o(.bss)
    m_queue                                  0x200027a0   Data         104  fstorage.o(.bss)
    HEAP                                     0x20002808   Section     8192  arm_startup_nrf52.o(HEAP)
    STACK                                    0x20004808   Section     8192  arm_startup_nrf52.o(STACK)

    Global Symbols

    Symbol Name                              Value     Ov Type        Size  Object(Section)

    BuildAttributes$$THM_ISAv4$E$P$D$K$B$S$7EM$VFPi3$EXTD16$VFPS$VFMA$PE$A:L22UL41UL21$X:L11$S22US41US21$IEEE1$IW$USESV6$~STKCKD$USESV7$~SHL$OSPACE$ROPI$EBA8$MICROLIB$REQ8$PRES8$EABIv2 0x00000000   Number         0  anon$$obj.o ABSOLUTE
    __ARM_use_no_argv                        0x00000000   Number         0  main.o ABSOLUTE
    _printf_a                                0x00000000   Number         0  stubs.o ABSOLUTE
    _printf_c                                0x00000000   Number         0  stubs.o ABSOLUTE
    _printf_charcount                        0x00000000   Number         0  stubs.o ABSOLUTE
    _printf_d                                0x00000000   Number         0  stubs.o ABSOLUTE
    _printf_e                                0x00000000   Number         0  stubs.o ABSOLUTE
    _printf_f                                0x00000000   Number         0  stubs.o ABSOLUTE
    _printf_flags                            0x00000000   Number         0  stubs.o ABSOLUTE
    _printf_fp_dec                           0x00000000   Number         0  stubs.o ABSOLUTE
    _printf_fp_hex                           0x00000000   Number         0  stubs.o ABSOLUTE
    _printf_g                                0x00000000   Number         0  stubs.o ABSOLUTE
    _printf_i                                0x00000000   Number         0  stubs.o ABSOLUTE
    _printf_int_dec                          0x00000000   Number         0  stubs.o ABSOLUTE
    _printf_l                                0x00000000   Number         0  stubs.o ABSOLUTE
    _printf_lc                               0x00000000   Number         0  stubs.o ABSOLUTE
    _printf_ll                               0x00000000   Number         0  stubs.o ABSOLUTE
    _printf_lld                              0x00000000   Number         0  stubs.o ABSOLUTE
    _printf_lli                              0x00000000   Number         0  stubs.o ABSOLUTE
    _printf_llo                              0x00000000   Number         0  stubs.o ABSOLUTE
    _printf_llu                              0x00000000   Number         0  stubs.o ABSOLUTE
    _printf_llx                              0x00000000   Number         0  stubs.o ABSOLUTE
    _printf_longlong_dec                     0x00000000   Number         0  stubs.o ABSOLUTE
    _printf_longlong_hex                     0x00000000   Number         0  stubs.o ABSOLUTE
    _printf_longlong_oct                     0x00000000   Number         0  stubs.o ABSOLUTE
    _printf_ls                               0x00000000   Number         0  stubs.o ABSOLUTE
    _printf_mbtowc                           0x00000000   Number         0  stubs.o ABSOLUTE
    _printf_n                                0x00000000   Number         0  stubs.o ABSOLUTE
    _printf_o                                0x00000000   Number         0  stubs.o ABSOLUTE
    _printf_p                                0x00000000   Number         0  stubs.o ABSOLUTE
    _printf_percent                          0x00000000   Number         0  stubs.o ABSOLUTE
    _printf_pre_padding                      0x00000000   Number         0  stubs.o ABSOLUTE
    _printf_return_value                     0x00000000   Number         0  stubs.o ABSOLUTE
    _printf_s                                0x00000000   Number         0  stubs.o ABSOLUTE
    _printf_sizespec                         0x00000000   Number         0  stubs.o ABSOLUTE
    _printf_str                              0x00000000   Number         0  stubs.o ABSOLUTE
    _printf_truncate_signed                  0x00000000   Number         0  stubs.o ABSOLUTE
    _printf_truncate_unsigned                0x00000000   Number         0  stubs.o ABSOLUTE
    _printf_u                                0x00000000   Number         0  stubs.o ABSOLUTE
    _printf_wc                               0x00000000   Number         0  stubs.o ABSOLUTE
    _printf_wctomb                           0x00000000   Number         0  stubs.o ABSOLUTE
    _printf_widthprec                        0x00000000   Number         0  stubs.o ABSOLUTE
    _printf_x                                0x00000000   Number         0  stubs.o ABSOLUTE
    __cpp_initialize__aeabi_                  - Undefined Weak Reference
    __cxa_finalize                            - Undefined Weak Reference
    __decompress                              - Undefined Weak Reference
    _clock_init                               - Undefined Weak Reference
    _microlib_exit                            - Undefined Weak Reference
    fs_data$$Base                             - Undefined Reference
    fs_data$$Limit                            - Undefined Reference
    __Vectors_Size                           0x00000400   Number         0  arm_startup_nrf52.o ABSOLUTE
    __Vectors                                0x0001f000   Data           4  arm_startup_nrf52.o(RESET)
    __Vectors_End                            0x0001f400   Data           0  arm_startup_nrf52.o(RESET)
    __main                                   0x0001f401   Thumb Code     0  entry.o(.ARM.Collect$$$$00000000)
    _main_stk                                0x0001f401   Thumb Code     0  entry2.o(.ARM.Collect$$$$00000001)
    _main_scatterload                        0x0001f405   Thumb Code     0  entry5.o(.ARM.Collect$$$$00000004)
    __main_after_scatterload                 0x0001f409   Thumb Code     0  entry5.o(.ARM.Collect$$$$00000004)
    _main_clock                              0x0001f409   Thumb Code     0  entry7b.o(.ARM.Collect$$$$00000008)
    _main_cpp_init                           0x0001f409   Thumb Code     0  entry8b.o(.ARM.Collect$$$$0000000A)
    _main_init                               0x0001f409   Thumb Code     0  entry9a.o(.ARM.Collect$$$$0000000B)
    __rt_final_cpp                           0x0001f411   Thumb Code     0  entry10a.o(.ARM.Collect$$$$0000000D)
    __rt_final_exit                          0x0001f411   Thumb Code     0  entry11a.o(.ARM.Collect$$$$0000000F)
    Reset_Handler                            0x0001f415   Thumb Code     8  arm_startup_nrf52.o(.text)
    NMI_Handler                              0x0001f41d   Thumb Code     2  arm_startup_nrf52.o(.text)
    HardFault_Handler                        0x0001f41f   Thumb Code     2  arm_startup_nrf52.o(.text)
    MemoryManagement_Handler                 0x0001f421   Thumb Code     2  arm_startup_nrf52.o(.text)
    BusFault_Handler                         0x0001f423   Thumb Code     2  arm_startup_nrf52.o(.text)
    UsageFault_Handler                       0x0001f425   Thumb Code     2  arm_startup_nrf52.o(.text)
    SVC_Handler                              0x0001f427   Thumb Code     2  arm_startup_nrf52.o(.text)
    DebugMon_Handler                         0x0001f429   Thumb Code     2  arm_startup_nrf52.o(.text)
    PendSV_Handler                           0x0001f42b   Thumb Code     2  arm_startup_nrf52.o(.text)
    SysTick_Handler                          0x0001f42d   Thumb Code     2  arm_startup_nrf52.o(.text)
    CCM_AAR_IRQHandler                       0x0001f42f   Thumb Code     0  arm_startup_nrf52.o(.text)
    COMP_LPCOMP_IRQHandler                   0x0001f42f   Thumb Code     0  arm_startup_nrf52.o(.text)
    ECB_IRQHandler                           0x0001f42f   Thumb Code     0  arm_startup_nrf52.o(.text)
    FPU_IRQHandler                           0x0001f42f   Thumb Code     0  arm_startup_nrf52.o(.text)
    I2S_IRQHandler                           0x0001f42f   Thumb Code     0  arm_startup_nrf52.o(.text)
    MWU_IRQHandler                           0x0001f42f   Thumb Code     0  arm_startup_nrf52.o(.text)
    NFCT_IRQHandler                          0x0001f42f   Thumb Code     0  arm_startup_nrf52.o(.text)
    PDM_IRQHandler                           0x0001f42f   Thumb Code     0  arm_startup_nrf52.o(.text)
    PWM0_IRQHandler                          0x0001f42f   Thumb Code     0  arm_startup_nrf52.o(.text)
    PWM1_IRQHandler                          0x0001f42f   Thumb Code     0  arm_startup_nrf52.o(.text)
    PWM2_IRQHandler                          0x0001f42f   Thumb Code     0  arm_startup_nrf52.o(.text)
    QDEC_IRQHandler                          0x0001f42f   Thumb Code     0  arm_startup_nrf52.o(.text)
    RADIO_IRQHandler                         0x0001f42f   Thumb Code     0  arm_startup_nrf52.o(.text)
    RNG_IRQHandler                           0x0001f42f   Thumb Code     0  arm_startup_nrf52.o(.text)
    RTC0_IRQHandler                          0x0001f42f   Thumb Code     0  arm_startup_nrf52.o(.text)
    RTC2_IRQHandler                          0x0001f42f   Thumb Code     0  arm_startup_nrf52.o(.text)
    SAADC_IRQHandler                         0x0001f42f   Thumb Code     0  arm_startup_nrf52.o(.text)
    SPIM0_SPIS0_TWIM0_TWIS0_SPI0_TWI0_IRQHandler 0x0001f42f   Thumb Code     0  arm_startup_nrf52.o(.text)
    SPIM2_SPIS2_SPI2_IRQHandler              0x0001f42f   Thumb Code     0  arm_startup_nrf52.o(.text)
    SWI1_EGU1_IRQHandler                     0x0001f42f   Thumb Code     0  arm_startup_nrf52.o(.text)
    SWI3_EGU3_IRQHandler                     0x0001f42f   Thumb Code     0  arm_startup_nrf52.o(.text)
    SWI4_EGU4_IRQHandler                     0x0001f42f   Thumb Code     0  arm_startup_nrf52.o(.text)
    SWI5_EGU5_IRQHandler                     0x0001f42f   Thumb Code     0  arm_startup_nrf52.o(.text)
    TEMP_IRQHandler                          0x0001f42f   Thumb Code     0  arm_startup_nrf52.o(.text)
    TIMER0_IRQHandler                        0x0001f42f   Thumb Code     0  arm_startup_nrf52.o(.text)
    TIMER2_IRQHandler                        0x0001f42f   Thumb Code     0  arm_startup_nrf52.o(.text)
    TIMER3_IRQHandler                        0x0001f42f   Thumb Code     0  arm_startup_nrf52.o(.text)
    TIMER4_IRQHandler                        0x0001f42f   Thumb Code     0  arm_startup_nrf52.o(.text)
    WDT_IRQHandler                           0x0001f42f   Thumb Code     0  arm_startup_nrf52.o(.text)
    __aeabi_memcpy                           0x0001f439   Thumb Code    36  memcpya.o(.text)
    __aeabi_memcpy4                          0x0001f439   Thumb Code     0  memcpya.o(.text)
    __aeabi_memcpy8                          0x0001f439   Thumb Code     0  memcpya.o(.text)
    __aeabi_memset                           0x0001f45d   Thumb Code    14  memseta.o(.text)
    __aeabi_memset4                          0x0001f45d   Thumb Code     0  memseta.o(.text)
    __aeabi_memset8                          0x0001f45d   Thumb Code     0  memseta.o(.text)
    __aeabi_memclr                           0x0001f46b   Thumb Code     4  memseta.o(.text)
    __aeabi_memclr4                          0x0001f46b   Thumb Code     0  memseta.o(.text)
    __aeabi_memclr8                          0x0001f46b   Thumb Code     0  memseta.o(.text)
    _memset$wrapper                          0x0001f46f   Thumb Code    18  memseta.o(.text)
    strlen                                   0x0001f481   Thumb Code    14  strlen.o(.text)
    __aeabi_uldivmod                         0x0001f48f   Thumb Code    98  uldiv.o(.text)
    __scatterload                            0x0001f4f1   Thumb Code    28  init.o(.text)
    __scatterload_rt2                        0x0001f4f1   Thumb Code     0  init.o(.text)
    __aeabi_llsl                             0x0001f515   Thumb Code    30  llshl.o(.text)
    _ll_shift_l                              0x0001f515   Thumb Code     0  llshl.o(.text)
    __aeabi_llsr                             0x0001f533   Thumb Code    32  llushr.o(.text)
    _ll_ushift_r                             0x0001f533   Thumb Code     0  llushr.o(.text)
    GPIOTE_IRQHandler                        0x0001f555   Thumb Code   554  nrf_drv_gpiote.o(i.GPIOTE_IRQHandler)
    POWER_CLOCK_IRQHandler                   0x0001f829   Thumb Code    74  nrf_drv_clock.o(i.POWER_CLOCK_IRQHandler)
    RTC1_IRQHandler                          0x0001f879   Thumb Code    44  app_timer.o(i.RTC1_IRQHandler)
    SPIM1_SPIS1_TWIM1_TWIS1_SPI1_TWI1_IRQHandler 0x0001f8ad   Thumb Code    14  nrf_drv_spis.o(i.SPIM1_SPIS1_TWIM1_TWIS1_SPI1_TWI1_IRQHandler)
    SWI0_EGU0_IRQHandler                     0x0001f8c1   Thumb Code     8  app_timer.o(i.SWI0_EGU0_IRQHandler)
    SWI2_EGU2_IRQHandler                     0x0001f8c9   Thumb Code    42  softdevice_handler.o(i.SWI2_EGU2_IRQHandler)
    SynHandler                               0x0001f8f9   Thumb Code    46  util.o(i.SynHandler)
    SystemCoreClockUpdate                    0x0001f93d   Thumb Code     8  system_nrf52.o(i.SystemCoreClockUpdate)
    SystemInit                               0x0001f94d   Thumb Code   532  system_nrf52.o(i.SystemInit)
    TIMER1_IRQHandler                        0x0001fb99   Thumb Code    14  nrf_drv_timer.o(i.TIMER1_IRQHandler)
    UARTE0_UART0_IRQHandler                  0x0001fbb1   Thumb Code    28  nrf_drv_uart.o(i.UARTE0_UART0_IRQHandler)
    __0snprintf$5                            0x0001fbd5   Thumb Code    44  printf5.o(i.__0snprintf$5)
    __1snprintf$5                            0x0001fbd5   Thumb Code     0  printf5.o(i.__0snprintf$5)
    __2snprintf                              0x0001fbd5   Thumb Code     0  printf5.o(i.__0snprintf$5)
    __scatterload_copy                       0x0001fc05   Thumb Code    14  handlers.o(i.__scatterload_copy)
    __scatterload_null                       0x0001fc13   Thumb Code     2  handlers.o(i.__scatterload_null)
    __scatterload_zeroinit                   0x0001fc15   Thumb Code    14  handlers.o(i.__scatterload_zeroinit)
    add_fifo                                 0x0001ff41   Thumb Code    74  util.o(i.add_fifo)
    adv_data_encode                          0x0001ffa9   Thumb Code   364  ble_advdata.o(i.adv_data_encode)
    advertising_init                         0x000201ed   Thumb Code   110  blefunctions.o(i.advertising_init)
    app_error_fault_handler                  0x00020265   Thumb Code    60  app_error_weak.o(i.app_error_fault_handler)
    app_error_handler_bare                   0x000202a9   Thumb Code    28  app_error.o(i.app_error_handler_bare)
    app_fifo_get                             0x000202c5   Thumb Code    30  app_fifo.o(i.app_fifo_get)
    app_fifo_init                            0x000202e3   Thumb Code    36  app_fifo.o(i.app_fifo_init)
    app_fifo_put                             0x00020307   Thumb Code    34  app_fifo.o(i.app_fifo_put)
    app_timer_create                         0x00020329   Thumb Code    56  app_timer.o(i.app_timer_create)
    app_timer_init                           0x00020365   Thumb Code   114  app_timer.o(i.app_timer_init)
    app_timer_start                          0x000203f1   Thumb Code    78  app_timer.o(i.app_timer_start)
    app_timer_stop                           0x00020445   Thumb Code    44  app_timer.o(i.app_timer_stop)
    app_uart_get                             0x00020475   Thumb Code    66  app_uart_fifo.o(i.app_uart_get)
    app_uart_init                            0x000204c9   Thumb Code   200  app_uart_fifo.o(i.app_uart_init)
    app_uart_put                             0x000205b1   Thumb Code    50  app_uart_fifo.o(i.app_uart_put)
    app_util_critical_region_enter           0x000205f1   Thumb Code    12  app_util_platform.o(i.app_util_critical_region_enter)
    app_util_critical_region_exit            0x000205fd   Thumb Code    62  app_util_platform.o(i.app_util_critical_region_exit)
    ble_advdata_set                          0x0002077d   Thumb Code   148  ble_advdata.o(i.ble_advdata_set)
    ble_advertising_init                     0x00020811   Thumb Code   318  ble_advertising.o(i.ble_advertising_init)
    ble_advertising_on_ble_evt               0x00020985   Thumb Code    50  ble_advertising.o(i.ble_advertising_on_ble_evt)
    ble_advertising_start                    0x000209b9   Thumb Code   314  ble_advertising.o(i.ble_advertising_start)
    ble_app_init                             0x00020b21   Thumb Code   106  blefunctions.o(i.ble_app_init)
    ble_conn_params_init                     0x00020ba1   Thumb Code    84  ble_conn_params.o(i.ble_conn_params_init)
    ble_conn_params_on_ble_evt               0x00020c11   Thumb Code    62  ble_conn_params.o(i.ble_conn_params_on_ble_evt)
    ble_evt_dispatch                         0x00020cc5   Thumb Code    38  blefunctions.o(i.ble_evt_dispatch)
    ble_nus_init                             0x00020cf1   Thumb Code   144  ble_nus.o(i.ble_nus_init)
    ble_nus_on_ble_evt                       0x00020d85   Thumb Code    66  ble_nus.o(i.ble_nus_on_ble_evt)
    ble_nus_string_send                      0x00020dc7   Thumb Code    86  ble_nus.o(i.ble_nus_string_send)
    ble_srv_is_notification_enabled          0x00020e1d   Thumb Code    18  ble_srv_common.o(i.ble_srv_is_notification_enabled)
    ble_stack_init                           0x00020e31   Thumb Code   138  blefunctions.o(i.ble_stack_init)
    bsp_board_button_idx_to_pin              0x00020ec9   Thumb Code     8  boards.o(i.bsp_board_button_idx_to_pin)
    bsp_board_led_invert                     0x00020ed5   Thumb Code    44  boards.o(i.bsp_board_led_invert)
    bsp_board_led_off                        0x00020f05   Thumb Code    16  boards.o(i.bsp_board_led_off)
    bsp_board_led_on                         0x00020f19   Thumb Code    16  boards.o(i.bsp_board_led_on)
    bsp_board_led_state_get                  0x00020f2d   Thumb Code    44  boards.o(i.bsp_board_led_state_get)
    bsp_board_leds_off                       0x00020f5d   Thumb Code    20  boards.o(i.bsp_board_leds_off)
    bsp_board_leds_on                        0x00020f71   Thumb Code    20  boards.o(i.bsp_board_leds_on)
    bsp_board_pin_to_button_idx              0x00020f85   Thumb Code    32  boards.o(i.bsp_board_pin_to_button_idx)
    bsp_btn_ble_on_ble_evt                   0x00020fa9   Thumb Code   110  bsp_btn_ble.o(i.bsp_btn_ble_on_ble_evt)
    bsp_btn_ble_sleep_mode_prepare           0x00021021   Thumb Code    50  bsp_btn_ble.o(i.bsp_btn_ble_sleep_mode_prepare)
    bsp_event_to_button_action_assign        0x00021125   Thumb Code    86  bsp.o(i.bsp_event_to_button_action_assign)
    bsp_indication_set                       0x00021181   Thumb Code    28  bsp.o(i.bsp_indication_set)
    bsp_wakeup_button_enable                 0x000214c1   Thumb Code    22  bsp.o(i.bsp_wakeup_button_enable)
    conn_params_error_handler                0x00021717   Thumb Code    16  blefunctions.o(i.conn_params_error_handler)
    conn_params_init                         0x00021729   Thumb Code    82  blefunctions.o(i.conn_params_init)
    fifo_init                                0x00021b1d   Thumb Code    32  util.o(i.fifo_init)
    fs_queued_op_count_get                   0x00021bc5   Thumb Code    18  fstorage.o(i.fs_queued_op_count_get)
    gap_params_init                          0x00021bdd   Thumb Code   116  blefunctions.o(i.gap_params_init)
    intern_softdevice_events_execute         0x00021c65   Thumb Code   158  softdevice_handler.o(i.intern_softdevice_events_execute)
    main                                     0x00021fa9   Thumb Code    84  main.o(i.main)
    malloc                                   0x00022055   Thumb Code    92  malloc.o(i.malloc)
    nrf_drv_clock_init                       0x00022385   Thumb Code    94  nrf_drv_clock.o(i.nrf_drv_clock_init)
    nrf_drv_clock_on_sd_enable               0x000223ed   Thumb Code    46  nrf_drv_clock.o(i.nrf_drv_clock_on_sd_enable)
    nrf_drv_clock_on_soc_event               0x00022421   Thumb Code    14  nrf_drv_clock.o(i.nrf_drv_clock_on_soc_event)
    nrf_drv_common_irq_enable                0x00022431   Thumb Code    84  nrf_drv_common.o(i.nrf_drv_common_irq_enable)
    nrf_drv_gpiote_in_event_enable           0x000224a5   Thumb Code   164  nrf_drv_gpiote.o(i.nrf_drv_gpiote_in_event_enable)
    nrf_drv_gpiote_in_init                   0x00022551   Thumb Code   206  nrf_drv_gpiote.o(i.nrf_drv_gpiote_in_init)
    nrf_drv_gpiote_in_is_set                 0x0002262d   Thumb Code    20  nrf_drv_gpiote.o(i.nrf_drv_gpiote_in_is_set)
    nrf_drv_gpiote_init                      0x00022641   Thumb Code    90  nrf_drv_gpiote.o(i.nrf_drv_gpiote_init)
    nrf_drv_gpiote_out_clear                 0x000226a1   Thumb Code    12  nrf_drv_gpiote.o(i.nrf_drv_gpiote_out_clear)
    nrf_drv_gpiote_out_init                  0x000226ad   Thumb Code   190  nrf_drv_gpiote.o(i.nrf_drv_gpiote_out_init)
    nrf_drv_gpiote_out_set                   0x00022779   Thumb Code    12  nrf_drv_gpiote.o(i.nrf_drv_gpiote_out_set)
    nrf_drv_spis_buffers_set                 0x000227ad   Thumb Code   142  nrf_drv_spis.o(i.nrf_drv_spis_buffers_set)
    nrf_drv_spis_init                        0x00022841   Thumb Code   394  nrf_drv_spis.o(i.nrf_drv_spis_init)
    nrf_drv_timer_compare                    0x000229d1   Thumb Code    56  nrf_drv_timer.o(i.nrf_drv_timer_compare)
    nrf_drv_timer_enable                     0x00022a09   Thumb Code    30  nrf_drv_timer.o(i.nrf_drv_timer_enable)
    nrf_drv_timer_extended_compare           0x00022a2d   Thumb Code    66  nrf_drv_timer.o(i.nrf_drv_timer_extended_compare)
    nrf_drv_timer_init                       0x00022a71   Thumb Code   168  nrf_drv_timer.o(i.nrf_drv_timer_init)
    nrf_drv_uart_init                        0x00022b1d   Thumb Code   126  nrf_drv_uart.o(i.nrf_drv_uart_init)
    nrf_drv_uart_rx                          0x00022ba1   Thumb Code   208  nrf_drv_uart.o(i.nrf_drv_uart_rx)
    nrf_drv_uart_rx_enable                   0x00022c75   Thumb Code    46  nrf_drv_uart.o(i.nrf_drv_uart_rx_enable)
    nrf_drv_uart_tx                          0x00022e3d   Thumb Code    96  nrf_drv_uart.o(i.nrf_drv_uart_tx)
    nrf_drv_uart_tx_in_progress              0x00022fa9   Thumb Code    22  nrf_drv_uart.o(i.nrf_drv_uart_tx_in_progress)
    nus_data_handler                         0x00023319   Thumb Code    64  blefunctions.o(i.nus_data_handler)
    on_adv_evt                               0x00023375   Thumb Code    50  blefunctions.o(i.on_adv_evt)
    on_ble_evt                               0x000233a9   Thumb Code   412  blefunctions.o(i.on_ble_evt)
    on_conn_params_evt                       0x00023549   Thumb Code    38  blefunctions.o(i.on_conn_params_evt)
    power_manage                             0x00023791   Thumb Code    26  blefunctions.o(i.power_manage)
    read_fifo                                0x000237ad   Thumb Code    68  util.o(i.read_fifo)
    services_init                            0x00023bf9   Thumb Code    40  blefunctions.o(i.services_init)
    sleep_mode_enter                         0x00023d35   Thumb Code    76  blefunctions.o(i.sleep_mode_enter)
    softdevice_ble_evt_handler_set           0x00023d81   Thumb Code    20  softdevice_handler.o(i.softdevice_ble_evt_handler_set)
    softdevice_enable                        0x00023d99   Thumb Code    34  softdevice_handler.o(i.softdevice_enable)
    softdevice_enable_get_default_config     0x00023dc1   Thumb Code    44  softdevice_handler.o(i.softdevice_enable_get_default_config)
    softdevice_fault_handler                 0x00023ded   Thumb Code    20  softdevice_handler.o(i.softdevice_fault_handler)
    softdevice_handler_init                  0x00023e01   Thumb Code   134  softdevice_handler.o(i.softdevice_handler_init)
    softdevice_handler_is_enabled            0x00023e9d   Thumb Code     6  softdevice_handler.o(i.softdevice_handler_is_enabled)
    spi_app_init                             0x00023ea9   Thumb Code   234  util.o(i.spi_app_init)
    spi_eval                                 0x00023fbd   Thumb Code   282  spi_drv.o(i.spi_eval)
    spi_handler                              0x000240fd   Thumb Code   478  util.o(i.spi_handler)
    spis_event_handler                       0x000243c1   Thumb Code    34  util.o(i.spis_event_handler)
    timer_led_event_handler                  0x00024595   Thumb Code    24  util.o(i.timer_led_event_handler)
    uart_event_handle                        0x00024991   Thumb Code   152  blefunctions.o(i.uart_event_handle)
    uart_init                                0x00024b21   Thumb Code    74  blefunctions.o(i.uart_init)
    uartprint                                0x00024dcb   Thumb Code     2  util.o(i.uartprint)
    TIMER                                    0x00025018   Data           8  util.o(.constdata)
    Region$$Table$$Base                      0x000250f8   Number         0  anon$$obj.o(Region$$Table)
    Region$$Table$$Limit                     0x00025118   Number         0  anon$$obj.o(Region$$Table)
    Image$$RW_IRAM1$$Base                    0x20002128   Number         0  anon$$obj.o ABSOLUTE
    timer_                                   0x20002158   Data           1  util.o(.data)
    command                                  0x20002159   Data           1  util.o(.data)
    ble_msg                                  0x2000215a   Data           6  util.o(.data)
    rx_ptc_buf                               0x20002170   Data           7  util.o(.data)
    tx_ptc_buf                               0x20002177   Data           7  util.o(.data)
    syn                                      0x2000217e   Data           1  util.o(.data)
    SystemCoreClock                          0x20002224   Data           4  system_nrf52.o(.data)
    __microlib_freelist                      0x20002228   Data           4  mvars.o(.data)
    __microlib_freelist_initialised          0x2000222c   Data           4  mvars.o(.data)
    m_nus                                    0x20002230   Data          28  blefunctions.o(.bss)
    printbuf                                 0x20002528   Data          50  util.o(.bss)
    d_list                                   0x2000255c   Data          12  util.o(.bss)
    nrf_nvic_state                           0x20002794   Data          12  app_util_platform.o(.bss)
    __heap_base                              0x20002808   Data           0  arm_startup_nrf52.o(HEAP)
    __heap_limit                             0x20004808   Data           0  arm_startup_nrf52.o(HEAP)
    __initial_sp                             0x20006808   Data           0  arm_startup_nrf52.o(STACK)



==============================================================================

Memory Map of the image

  Image Entry point : 0x0001f401

  Load Region LR_IROM1 (Base: 0x0001f000, Size: 0x00006220, Max: 0x00061000, ABSOLUTE)

    Execution Region ER_IROM1 (Base: 0x0001f000, Size: 0x00006118, Max: 0x00061000, ABSOLUTE)

    Base Addr    Size         Type   Attr      Idx    E Section Name        Object

    0x0001f000   0x00000400   Data   RO         3666    RESET               arm_startup_nrf52.o
    0x0001f400   0x00000000   Code   RO         3747  * .ARM.Collect$$$$00000000  mc_w.l(entry.o)
    0x0001f400   0x00000004   Code   RO         4049    .ARM.Collect$$$$00000001  mc_w.l(entry2.o)
    0x0001f404   0x00000004   Code   RO         4052    .ARM.Collect$$$$00000004  mc_w.l(entry5.o)
    0x0001f408   0x00000000   Code   RO         4054    .ARM.Collect$$$$00000008  mc_w.l(entry7b.o)
    0x0001f408   0x00000000   Code   RO         4056    .ARM.Collect$$$$0000000A  mc_w.l(entry8b.o)
    0x0001f408   0x00000008   Code   RO         4057    .ARM.Collect$$$$0000000B  mc_w.l(entry9a.o)
    0x0001f410   0x00000000   Code   RO         4059    .ARM.Collect$$$$0000000D  mc_w.l(entry10a.o)
    0x0001f410   0x00000000   Code   RO         4061    .ARM.Collect$$$$0000000F  mc_w.l(entry11a.o)
    0x0001f410   0x00000004   Code   RO         4050    .ARM.Collect$$$$00002712  mc_w.l(entry2.o)
    0x0001f414   0x00000024   Code   RO         3667    .text               arm_startup_nrf52.o
    0x0001f438   0x00000024   Code   RO         3750    .text               mc_w.l(memcpya.o)
    0x0001f45c   0x00000024   Code   RO         3752    .text               mc_w.l(memseta.o)
    0x0001f480   0x0000000e   Code   RO         3754    .text               mc_w.l(strlen.o)
    0x0001f48e   0x00000062   Code   RO         4065    .text               mc_w.l(uldiv.o)
    0x0001f4f0   0x00000024   Code   RO         4080    .text               mc_w.l(init.o)
    0x0001f514   0x0000001e   Code   RO         4082    .text               mc_w.l(llshl.o)
    0x0001f532   0x00000020   Code   RO         4084    .text               mc_w.l(llushr.o)
    0x0001f552   0x00000002   PAD
    0x0001f554   0x00000238   Code   RO         1634    i.GPIOTE_IRQHandler  nrf_drv_gpiote.o
    0x0001f78c   0x00000018   Code   RO         2706    i.NVIC_ClearPendingIRQ  app_timer.o
    0x0001f7a4   0x00000018   Code   RO         3463    i.NVIC_DisableIRQ   softdevice_handler.o
    0x0001f7bc   0x00000016   Code   RO         2707    i.NVIC_EnableIRQ    app_timer.o
    0x0001f7d2   0x00000016   Code   RO         3464    i.NVIC_EnableIRQ    softdevice_handler.o
    0x0001f7e8   0x00000018   Code   RO         2708    i.NVIC_SetPendingIRQ  app_timer.o
    0x0001f800   0x00000028   Code   RO         2709    i.NVIC_SetPriority  app_timer.o
    0x0001f828   0x00000050   Code   RO         1382    i.POWER_CLOCK_IRQHandler  nrf_drv_clock.o
    0x0001f878   0x00000034   Code   RO         2710    i.RTC1_IRQHandler   app_timer.o
    0x0001f8ac   0x00000014   Code   RO         2230    i.SPIM1_SPIS1_TWIM1_TWIS1_SPI1_TWI1_IRQHandler  nrf_drv_spis.o
    0x0001f8c0   0x00000008   Code   RO         2711    i.SWI0_EGU0_IRQHandler  app_timer.o
    0x0001f8c8   0x00000030   Code   RO         3465    i.SWI2_EGU2_IRQHandler  softdevice_handler.o
    0x0001f8f8   0x00000044   Code   RO          392    i.SynHandler        util.o
    0x0001f93c   0x00000010   Code   RO         3674    i.SystemCoreClockUpdate  system_nrf52.o
    0x0001f94c   0x0000024c   Code   RO         3675    i.SystemInit        system_nrf52.o
    0x0001fb98   0x00000018   Code   RO         2337    i.TIMER1_IRQHandler  nrf_drv_timer.o
    0x0001fbb0   0x00000024   Code   RO         1924    i.UARTE0_UART0_IRQHandler  nrf_drv_uart.o
    0x0001fbd4   0x00000030   Code   RO         3894    i.__0snprintf$5     mc_w.l(printf5.o)
    0x0001fc04   0x0000000e   Code   RO         4092    i.__scatterload_copy  mc_w.l(handlers.o)
    0x0001fc12   0x00000002   Code   RO         4093    i.__scatterload_null  mc_w.l(handlers.o)
    0x0001fc14   0x0000000e   Code   RO         4094    i.__scatterload_zeroinit  mc_w.l(handlers.o)
    0x0001fc22   0x00000002   PAD
    0x0001fc24   0x00000038   Code   RO         3466    i.__sd_nvic_app_accessible_irq  softdevice_handler.o
    0x0001fc5c   0x0000000c   Code   RO         2988    i.__sd_nvic_irq_disable  app_util_platform.o
    0x0001fc68   0x000002c0   Code   RO         3900    i._printf_core      mc_w.l(printf5.o)
    0x0001ff28   0x00000016   Code   RO         3901    i._snputc           mc_w.l(printf5.o)
    0x0001ff3e   0x00000002   PAD
    0x0001ff40   0x00000050   Code   RO          393    i.add_fifo          util.o
    0x0001ff90   0x00000018   Code   RO         1185    i.addr_is_valid     ble_advertising.o
    0x0001ffa8   0x0000016c   Code   RO          919    i.adv_data_encode   ble_advdata.o
    0x00020114   0x00000060   Code   RO         1186    i.adv_mode_next_avail_get  ble_advertising.o
    0x00020174   0x00000012   Code   RO         1187    i.adv_mode_next_get  ble_advertising.o
    0x00020186   0x00000012   Code   RO          920    i.advdata_check     ble_advdata.o
    0x00020198   0x00000054   Code   RO          827    i.advertising_buttons_configure  bsp_btn_ble.o
    0x000201ec   0x00000078   Code   RO          250    i.advertising_init  blefunctions.o
    0x00020264   0x00000044   Code   RO         2592    i.app_error_fault_handler  app_error_weak.o
    0x000202a8   0x0000001c   Code   RO         2553    i.app_error_handler_bare  app_error.o
    0x000202c4   0x0000001e   Code   RO         2624    i.app_fifo_get      app_fifo.o
    0x000202e2   0x00000024   Code   RO         2625    i.app_fifo_init     app_fifo.o
    0x00020306   0x00000022   Code   RO         2627    i.app_fifo_put      app_fifo.o
    0x00020328   0x0000003c   Code   RO         2714    i.app_timer_create  app_timer.o
    0x00020364   0x0000008c   Code   RO         2715    i.app_timer_init    app_timer.o
    0x000203f0   0x00000054   Code   RO         2716    i.app_timer_start   app_timer.o
    0x00020444   0x00000030   Code   RO         2717    i.app_timer_stop    app_timer.o
    0x00020474   0x00000054   Code   RO         2928    i.app_uart_get      app_uart_fifo.o
    0x000204c8   0x000000e8   Code   RO         2929    i.app_uart_init     app_uart_fifo.o
    0x000205b0   0x00000040   Code   RO         2930    i.app_uart_put      app_uart_fifo.o
    0x000205f0   0x0000000c   Code   RO         2989    i.app_util_critical_region_enter  app_util_platform.o
    0x000205fc   0x00000048   Code   RO         2990    i.app_util_critical_region_exit  app_util_platform.o
    0x00020644   0x00000052   Code   RO          921    i.appearance_encode  ble_advdata.o
    0x00020696   0x00000002   PAD
    0x00020698   0x000000e4   Code   RO         1925    i.apply_config      nrf_drv_uart.o
    0x0002077c   0x00000094   Code   RO          922    i.ble_advdata_set   ble_advdata.o
    0x00020810   0x00000174   Code   RO         1188    i.ble_advertising_init  ble_advertising.o
    0x00020984   0x00000032   Code   RO         1189    i.ble_advertising_on_ble_evt  ble_advertising.o
    0x000209b6   0x00000002   PAD
    0x000209b8   0x00000168   Code   RO         1193    i.ble_advertising_start  ble_advertising.o
    0x00020b20   0x00000080   Code   RO          252    i.ble_app_init      blefunctions.o
    0x00020ba0   0x00000070   Code   RO         1030    i.ble_conn_params_init  ble_conn_params.o
    0x00020c10   0x0000003e   Code   RO         1031    i.ble_conn_params_on_ble_evt  ble_conn_params.o
    0x00020c4e   0x00000076   Code   RO          923    i.ble_device_addr_encode  ble_advdata.o
    0x00020cc4   0x0000002c   Code   RO          253    i.ble_evt_dispatch  blefunctions.o
    0x00020cf0   0x00000094   Code   RO         1320    i.ble_nus_init      ble_nus.o
    0x00020d84   0x00000042   Code   RO         1321    i.ble_nus_on_ble_evt  ble_nus.o
    0x00020dc6   0x00000056   Code   RO         1322    i.ble_nus_string_send  ble_nus.o
    0x00020e1c   0x00000012   Code   RO         1119    i.ble_srv_is_notification_enabled  ble_srv_common.o
    0x00020e2e   0x00000002   PAD
    0x00020e30   0x00000098   Code   RO          255    i.ble_stack_init    blefunctions.o
    0x00020ec8   0x0000000c   Code   RO          607    i.bsp_board_button_idx_to_pin  boards.o
    0x00020ed4   0x00000030   Code   RO          611    i.bsp_board_led_invert  boards.o
    0x00020f04   0x00000014   Code   RO          612    i.bsp_board_led_off  boards.o
    0x00020f18   0x00000014   Code   RO          613    i.bsp_board_led_on  boards.o
    0x00020f2c   0x00000030   Code   RO          614    i.bsp_board_led_state_get  boards.o
    0x00020f5c   0x00000014   Code   RO          616    i.bsp_board_leds_off  boards.o
    0x00020f70   0x00000014   Code   RO          617    i.bsp_board_leds_on  boards.o
    0x00020f84   0x00000024   Code   RO          618    i.bsp_board_pin_to_button_idx  boards.o
    0x00020fa8   0x00000078   Code   RO          829    i.bsp_btn_ble_on_ble_evt  bsp_btn_ble.o
    0x00021020   0x00000032   Code   RO          830    i.bsp_btn_ble_sleep_mode_prepare  bsp_btn_ble.o
    0x00021052   0x00000002   PAD
    0x00021054   0x000000d0   Code   RO          719    i.bsp_button_event_handler  bsp.o
    0x00021124   0x0000005c   Code   RO          723    i.bsp_event_to_button_action_assign  bsp.o
    0x00021180   0x00000020   Code   RO          724    i.bsp_indication_set  bsp.o
    0x000211a0   0x00000320   Code   RO          726    i.bsp_led_indication  bsp.o
    0x000214c0   0x00000016   Code   RO          728    i.bsp_wakeup_button_enable  bsp.o
    0x000214d6   0x00000002   PAD
    0x000214d8   0x00000020   Code   RO         1635    i.channel_free      nrf_drv_gpiote.o
    0x000214f8   0x00000010   Code   RO         1636    i.channel_handler_get  nrf_drv_gpiote.o
    0x00021508   0x00000080   Code   RO         1637    i.channel_port_alloc  nrf_drv_gpiote.o
    0x00021588   0x0000000c   Code   RO         1638    i.channel_port_get  nrf_drv_gpiote.o
    0x00021594   0x00000030   Code   RO         1383    i.clock_clk_started_notify  nrf_drv_clock.o
    0x000215c4   0x00000090   Code   RO         2719    i.compare_reg_update  app_timer.o
    0x00021654   0x0000005a   Code   RO          924    i.conn_int_check    ble_advdata.o
    0x000216ae   0x00000068   Code   RO          925    i.conn_int_encode   ble_advdata.o
    0x00021716   0x00000010   Code   RO          256    i.conn_params_error_handler  blefunctions.o
    0x00021726   0x00000002   PAD
    0x00021728   0x0000005c   Code   RO          257    i.conn_params_init  blefunctions.o
    0x00021784   0x00000084   Code   RO         1033    i.conn_params_negotiation  ble_conn_params.o
    0x00021808   0x00000054   Code   RO          831    i.connection_buttons_configure  bsp_btn_ble.o
    0x0002185c   0x00000064   Code   RO         2720    i.elapsed_ticks_acquire  app_timer.o
    0x000218c0   0x00000054   Code   RO         3676    i.errata_108        system_nrf52.o
    0x00021914   0x00000030   Code   RO         3677    i.errata_16         system_nrf52.o
    0x00021944   0x00000054   Code   RO         3678    i.errata_31         system_nrf52.o
    0x00021998   0x00000030   Code   RO         3679    i.errata_32         system_nrf52.o
    0x000219c8   0x00000054   Code   RO         3680    i.errata_36         system_nrf52.o
    0x00021a1c   0x00000030   Code   RO         3681    i.errata_37         system_nrf52.o
    0x00021a4c   0x00000030   Code   RO         3682    i.errata_57         system_nrf52.o
    0x00021a7c   0x00000030   Code   RO         3683    i.errata_66         system_nrf52.o
    0x00021aac   0x00000058   Code   RO         2721    i.expired_timers_handler  app_timer.o
    0x00021b04   0x00000018   Code   RO         2630    i.fifo_get          app_fifo.o
    0x00021b1c   0x00000024   Code   RO          394    i.fifo_init         util.o
    0x00021b40   0x0000000a   Code   RO         2631    i.fifo_length       app_fifo.o
    0x00021b4a   0x0000000a   Code   RO         2931    i.fifo_length       app_uart_fifo.o
    0x00021b54   0x00000012   Code   RO         2632    i.fifo_peek         app_fifo.o
    0x00021b66   0x00000012   Code   RO         2633    i.fifo_put          app_fifo.o
    0x00021b78   0x00000036   Code   RO          926    i.flags_encode      ble_advdata.o
    0x00021bae   0x00000014   Code   RO         1195    i.flash_access_in_progress  ble_advertising.o
    0x00021bc2   0x00000002   PAD
    0x00021bc4   0x00000018   Code   RO         3058    i.fs_queued_op_count_get  fstorage.o
    0x00021bdc   0x00000088   Code   RO          258    i.gap_params_init   blefunctions.o
    0x00021c64   0x000000b8   Code   RO         3467    i.intern_softdevice_events_execute  softdevice_handler.o
    0x00021d1c   0x0000008c   Code   RO         1926    i.interrupts_enable  nrf_drv_uart.o
    0x00021da8   0x0000005c   Code   RO         2338    i.irq_handler       nrf_drv_timer.o
    0x00021e04   0x00000024   Code   RO         1034    i.is_conn_params_ok  ble_conn_params.o
    0x00021e28   0x0000000c   Code   RO         1386    i.item_dequeue      nrf_drv_clock.o
    0x00021e34   0x0000007c   Code   RO         2722    i.list_deletions_handler  app_timer.o
    0x00021eb0   0x000000f8   Code   RO         2723    i.list_insertions_handler  app_timer.o
    0x00021fa8   0x000000ac   Code   RO            4    i.main              main.o
    0x00022054   0x0000006c   Code   RO         4022    i.malloc            mc_w.l(malloc.o)
    0x000220c0   0x00000076   Code   RO          927    i.manuf_specific_data_encode  ble_advdata.o
    0x00022136   0x000000c2   Code   RO          928    i.name_encode       ble_advdata.o
    0x000221f8   0x00000016   Code   RO         1639    i.nrf_bitmask_bit_is_set  nrf_drv_gpiote.o
    0x0002220e   0x00000012   Code   RO         1390    i.nrf_clock_event_check  nrf_drv_clock.o
    0x00022220   0x00000012   Code   RO         1391    i.nrf_clock_event_clear  nrf_drv_clock.o
    0x00022232   0x00000002   PAD
    0x00022234   0x0000000c   Code   RO         1393    i.nrf_clock_int_disable  nrf_drv_clock.o
    0x00022240   0x00000012   Code   RO          395    i.nrf_delay_ms      util.o
    0x00022252   0x00000002   PAD
    0x00022254   0x00000098   Code   RO          396    i.nrf_delay_us      util.o
    0x000222ec   0x00000098   Code   RO         2724    i.nrf_delay_us      app_timer.o
    0x00022384   0x00000068   Code   RO         1402    i.nrf_drv_clock_init  nrf_drv_clock.o
    0x000223ec   0x00000034   Code   RO         1409    i.nrf_drv_clock_on_sd_enable  nrf_drv_clock.o
    0x00022420   0x0000000e   Code   RO         1410    i.nrf_drv_clock_on_soc_event  nrf_drv_clock.o
    0x0002242e   0x00000002   PAD
    0x00022430   0x00000060   Code   RO         1588    i.nrf_drv_common_irq_enable  nrf_drv_common.o
    0x00022490   0x0000000a   Code   RO         1928    i.nrf_drv_get_IRQn  nrf_drv_uart.o
    0x0002249a   0x0000000a   Code   RO         2339    i.nrf_drv_get_IRQn  nrf_drv_timer.o
    0x000224a4   0x000000ac   Code   RO         1644    i.nrf_drv_gpiote_in_event_enable  nrf_drv_gpiote.o
    0x00022550   0x000000dc   Code   RO         1645    i.nrf_drv_gpiote_in_init  nrf_drv_gpiote.o
    0x0002262c   0x00000014   Code   RO         1646    i.nrf_drv_gpiote_in_is_set  nrf_drv_gpiote.o
    0x00022640   0x00000060   Code   RO         1648    i.nrf_drv_gpiote_init  nrf_drv_gpiote.o
    0x000226a0   0x0000000c   Code   RO         1650    i.nrf_drv_gpiote_out_clear  nrf_drv_gpiote.o
    0x000226ac   0x000000cc   Code   RO         1651    i.nrf_drv_gpiote_out_init  nrf_drv_gpiote.o
    0x00022778   0x0000000c   Code   RO         1652    i.nrf_drv_gpiote_out_set  nrf_drv_gpiote.o
    0x00022784   0x00000014   Code   RO         1929    i.nrf_drv_is_in_RAM  nrf_drv_uart.o
    0x00022798   0x00000014   Code   RO         2231    i.nrf_drv_is_in_RAM  nrf_drv_spis.o
    0x000227ac   0x00000094   Code   RO         2232    i.nrf_drv_spis_buffers_set  nrf_drv_spis.o
    0x00022840   0x00000190   Code   RO         2233    i.nrf_drv_spis_init  nrf_drv_spis.o
    0x000229d0   0x00000038   Code   RO         2342    i.nrf_drv_timer_compare  nrf_drv_timer.o
    0x00022a08   0x00000024   Code   RO         2346    i.nrf_drv_timer_enable  nrf_drv_timer.o
    0x00022a2c   0x00000042   Code   RO         2347    i.nrf_drv_timer_extended_compare  nrf_drv_timer.o
    0x00022a6e   0x00000002   PAD
    0x00022a70   0x000000ac   Code   RO         2349    i.nrf_drv_timer_init  nrf_drv_timer.o
    0x00022b1c   0x00000084   Code   RO         1931    i.nrf_drv_uart_init  nrf_drv_uart.o
    0x00022ba0   0x000000d4   Code   RO         1932    i.nrf_drv_uart_rx   nrf_drv_uart.o
    0x00022c74   0x00000034   Code   RO         1935    i.nrf_drv_uart_rx_enable  nrf_drv_uart.o
    0x00022ca8   0x000000cc   Code   RO         1936    i.nrf_drv_uart_rx_for_uart  nrf_drv_uart.o
    0x00022d74   0x000000c8   Code   RO         1937    i.nrf_drv_uart_rx_for_uarte  nrf_drv_uart.o
    0x00022e3c   0x00000064   Code   RO         1938    i.nrf_drv_uart_tx   nrf_drv_uart.o
    0x00022ea0   0x0000008c   Code   RO         1940    i.nrf_drv_uart_tx_for_uart  nrf_drv_uart.o
    0x00022f2c   0x0000007c   Code   RO         1941    i.nrf_drv_uart_tx_for_uarte  nrf_drv_uart.o
    0x00022fa8   0x0000001c   Code   RO         1942    i.nrf_drv_uart_tx_in_progress  nrf_drv_uart.o
    0x00022fc4   0x00000028   Code   RO         1663    i.nrf_gpio_cfg      nrf_drv_gpiote.o
    0x00022fec   0x00000028   Code   RO         1944    i.nrf_gpio_cfg      nrf_drv_uart.o
    0x00023014   0x00000028   Code   RO         2235    i.nrf_gpio_cfg      nrf_drv_spis.o
    0x0002303c   0x0000001a   Code   RO         1946    i.nrf_gpio_cfg_input  nrf_drv_uart.o
    0x00023056   0x00000018   Code   RO         1947    i.nrf_gpio_cfg_output  nrf_drv_uart.o
    0x0002306e   0x00000032   Code   RO          731    i.nrf_gpio_cfg_sense_set  bsp.o
    0x000230a0   0x00000032   Code   RO         1665    i.nrf_gpio_cfg_sense_set  nrf_drv_gpiote.o
    0x000230d2   0x00000016   Code   RO         1666    i.nrf_gpio_pin_clear  nrf_drv_gpiote.o
    0x000230e8   0x00000018   Code   RO         1667    i.nrf_gpio_pin_read  nrf_drv_gpiote.o
    0x00023100   0x00000016   Code   RO         1668    i.nrf_gpio_pin_set  nrf_drv_gpiote.o
    0x00023116   0x00000016   Code   RO         1948    i.nrf_gpio_pin_set  nrf_drv_uart.o
    0x0002312c   0x0000003a   Code   RO          621    i.nrf_gpio_pin_write  boards.o
    0x00023166   0x00000002   PAD
    0x00023168   0x00000028   Code   RO         1669    i.nrf_gpio_ports_read  nrf_drv_gpiote.o
    0x00023190   0x0000000c   Code   RO         1670    i.nrf_gpiote_event_addr_get  nrf_drv_gpiote.o
    0x0002319c   0x0000001c   Code   RO         1671    i.nrf_gpiote_event_clear  nrf_drv_gpiote.o
    0x000231b8   0x00000016   Code   RO         1672    i.nrf_gpiote_event_is_set  nrf_drv_gpiote.o
    0x000231ce   0x00000002   PAD
    0x000231d0   0x0000000c   Code   RO         1673    i.nrf_gpiote_int_enable  nrf_drv_gpiote.o
    0x000231dc   0x0000000e   Code   RO         2236    i.nrf_spis_event_check  nrf_drv_spis.o
    0x000231ea   0x0000000e   Code   RO         2237    i.nrf_spis_event_clear  nrf_drv_spis.o
    0x000231f8   0x0000000c   Code   RO         2238    i.nrf_spis_rx_buffer_set  nrf_drv_spis.o
    0x00023204   0x00000006   Code   RO         2239    i.nrf_spis_task_trigger  nrf_drv_spis.o
    0x0002320a   0x0000000c   Code   RO         2240    i.nrf_spis_tx_buffer_set  nrf_drv_spis.o
    0x00023216   0x0000000e   Code   RO         2353    i.nrf_timer_compare_event_get  nrf_drv_timer.o
    0x00023224   0x0000000a   Code   RO         2354    i.nrf_timer_compare_int_get  nrf_drv_timer.o
    0x0002322e   0x0000000e   Code   RO         2355    i.nrf_timer_event_clear  nrf_drv_timer.o
    0x0002323c   0x00000006   Code   RO         2356    i.nrf_timer_int_disable  nrf_drv_timer.o
    0x00023242   0x00000006   Code   RO         2357    i.nrf_timer_int_enable  nrf_drv_timer.o
    0x00023248   0x0000000c   Code   RO         2358    i.nrf_timer_shorts_disable  nrf_drv_timer.o
    0x00023254   0x00000006   Code   RO         2359    i.nrf_timer_task_trigger  nrf_drv_timer.o
    0x0002325a   0x0000000c   Code   RO         1949    i.nrf_uart_errorsrc_get_and_clear  nrf_drv_uart.o
    0x00023266   0x0000000e   Code   RO         1950    i.nrf_uart_event_check  nrf_drv_uart.o
    0x00023274   0x0000000e   Code   RO         1951    i.nrf_uart_event_clear  nrf_drv_uart.o
    0x00023282   0x0000000a   Code   RO         1952    i.nrf_uart_hwfc_pins_set  nrf_drv_uart.o
    0x0002328c   0x00000006   Code   RO         1953    i.nrf_uart_int_disable  nrf_drv_uart.o
    0x00023292   0x00000006   Code   RO         1954    i.nrf_uart_int_enable  nrf_drv_uart.o
    0x00023298   0x00000012   Code   RO         1955    i.nrf_uart_int_enable_check  nrf_drv_uart.o
    0x000232aa   0x00000006   Code   RO         1956    i.nrf_uart_task_trigger  nrf_drv_uart.o
    0x000232b0   0x0000000a   Code   RO         1957    i.nrf_uart_txrx_pins_set  nrf_drv_uart.o
    0x000232ba   0x0000000c   Code   RO         1958    i.nrf_uarte_errorsrc_get_and_clear  nrf_drv_uart.o
    0x000232c6   0x0000000e   Code   RO         1959    i.nrf_uarte_event_check  nrf_drv_uart.o
    0x000232d4   0x0000000e   Code   RO         1960    i.nrf_uarte_event_clear  nrf_drv_uart.o
    0x000232e2   0x0000000c   Code   RO         1961    i.nrf_uarte_hwfc_pins_set  nrf_drv_uart.o
    0x000232ee   0x00000006   Code   RO         1962    i.nrf_uarte_int_disable  nrf_drv_uart.o
    0x000232f4   0x00000006   Code   RO         1963    i.nrf_uarte_int_enable  nrf_drv_uart.o
    0x000232fa   0x0000000a   Code   RO         1964    i.nrf_uarte_rx_amount_get  nrf_drv_uart.o
    0x00023304   0x00000006   Code   RO         1965    i.nrf_uarte_task_trigger  nrf_drv_uart.o
    0x0002330a   0x0000000e   Code   RO         1966    i.nrf_uarte_txrx_pins_set  nrf_drv_uart.o
    0x00023318   0x0000005c   Code   RO          259    i.nus_data_handler  blefunctions.o
    0x00023374   0x00000032   Code   RO          260    i.on_adv_evt        blefunctions.o
    0x000233a6   0x00000002   PAD
    0x000233a8   0x000001a0   Code   RO          261    i.on_ble_evt        blefunctions.o
    0x00023548   0x0000002c   Code   RO          262    i.on_conn_params_evt  blefunctions.o
    0x00023574   0x00000018   Code   RO         1035    i.on_conn_params_update  ble_conn_params.o
    0x0002358c   0x00000038   Code   RO         1036    i.on_connect        ble_conn_params.o
    0x000235c4   0x00000006   Code   RO         1323    i.on_connect        ble_nus.o
    0x000235ca   0x00000002   PAD
    0x000235cc   0x00000014   Code   RO         1196    i.on_connected      ble_advertising.o
    0x000235e0   0x00000040   Code   RO         1037    i.on_disconnect     ble_conn_params.o
    0x00023620   0x00000008   Code   RO         1324    i.on_disconnect     ble_nus.o
    0x00023628   0x0000003c   Code   RO         1197    i.on_disconnected   ble_advertising.o
    0x00023664   0x00000038   Code   RO         1198    i.on_timeout        ble_advertising.o
    0x0002369c   0x0000004c   Code   RO         1038    i.on_write          ble_conn_params.o
    0x000236e8   0x00000046   Code   RO         1325    i.on_write          ble_nus.o
    0x0002372e   0x00000002   PAD
    0x00023730   0x0000001c   Code   RO         1676    i.pin_in_use_by_gpiote  nrf_drv_gpiote.o
    0x0002374c   0x00000018   Code   RO         1677    i.pin_in_use_by_port  nrf_drv_gpiote.o
    0x00023764   0x00000020   Code   RO         1678    i.pin_in_use_by_te  nrf_drv_gpiote.o
    0x00023784   0x0000000c   Code   RO         1679    i.pin_in_use_clear  nrf_drv_gpiote.o
    0x00023790   0x0000001a   Code   RO          263    i.power_manage      blefunctions.o
    0x000237aa   0x00000002   PAD
    0x000237ac   0x00000048   Code   RO          397    i.read_fifo         util.o
    0x000237f4   0x0000000c   Code   RO         2725    i.rtc1_compare0_set  app_timer.o
    0x00023800   0x0000000c   Code   RO         2726    i.rtc1_counter_get  app_timer.o
    0x0002380c   0x00000018   Code   RO         2727    i.rtc1_init         app_timer.o
    0x00023824   0x0000003c   Code   RO         2728    i.rtc1_start        app_timer.o
    0x00023860   0x00000058   Code   RO         2729    i.rtc1_stop         app_timer.o
    0x000238b8   0x0000003e   Code   RO         1968    i.rx_byte           nrf_drv_uart.o
    0x000238f6   0x00000136   Code   RO         1326    i.rx_char_add       ble_nus.o
    0x00023a2c   0x0000001e   Code   RO         1969    i.rx_done_event     nrf_drv_uart.o
    0x00023a4a   0x00000022   Code   RO         1970    i.rx_enable         nrf_drv_uart.o
    0x00023a6c   0x0000008c   Code   RO         3469    i.sd_nvic_EnableIRQ  softdevice_handler.o
    0x00023af8   0x00000068   Code   RO         2993    i.sd_nvic_critical_region_enter  app_util_platform.o
    0x00023b60   0x00000096   Code   RO          929    i.service_data_encode  ble_advdata.o
    0x00023bf6   0x00000002   PAD
    0x00023bf8   0x00000030   Code   RO          264    i.services_init     blefunctions.o
    0x00023c28   0x00000020   Code   RO         1199    i.set_adv_mode_directed  ble_advertising.o
    0x00023c48   0x0000002c   Code   RO         1200    i.set_adv_mode_directed_slow  ble_advertising.o
    0x00023c74   0x00000060   Code   RO         1201    i.set_adv_mode_fast  ble_advertising.o
    0x00023cd4   0x00000060   Code   RO         1202    i.set_adv_mode_slow  ble_advertising.o
    0x00023d34   0x0000004c   Code   RO          265    i.sleep_mode_enter  blefunctions.o
    0x00023d80   0x00000018   Code   RO         3470    i.softdevice_ble_evt_handler_set  softdevice_handler.o
    0x00023d98   0x00000028   Code   RO         3471    i.softdevice_enable  softdevice_handler.o
    0x00023dc0   0x0000002c   Code   RO         3472    i.softdevice_enable_get_default_config  softdevice_handler.o
    0x00023dec   0x00000014   Code   RO         3473    i.softdevice_fault_handler  softdevice_handler.o
    0x00023e00   0x0000009c   Code   RO         3474    i.softdevice_handler_init  softdevice_handler.o
    0x00023e9c   0x0000000c   Code   RO         3475    i.softdevice_handler_is_enabled  softdevice_handler.o
    0x00023ea8   0x00000114   Code   RO          398    i.spi_app_init      util.o
    0x00023fbc   0x00000140   Code   RO          569    i.spi_eval          spi_drv.o
    0x000240fc   0x000002c4   Code   RO          399    i.spi_handler       util.o
    0x000243c0   0x00000054   Code   RO          400    i.spis_event_handler  util.o
    0x00024414   0x00000080   Code   RO         2241    i.spis_irq_handler  nrf_drv_spis.o
    0x00024494   0x00000014   Code   RO         2242    i.spis_state_change  nrf_drv_spis.o
    0x000244a8   0x0000009a   Code   RO         2243    i.spis_state_entry_action_execute  nrf_drv_spis.o
    0x00024542   0x0000000e   Code   RO          930    i.srdata_check      ble_advdata.o
    0x00024550   0x0000000a   Code   RO         2730    i.ticks_diff_get    app_timer.o
    0x0002455a   0x00000002   PAD
    0x0002455c   0x00000038   Code   RO         2731    i.timeout_handler_exec  app_timer.o
    0x00024594   0x0000001c   Code   RO          401    i.timer_led_event_handler  util.o
    0x000245b0   0x00000054   Code   RO         2732    i.timer_list_handler  app_timer.o
    0x00024604   0x0000000a   Code   RO         2733    i.timer_list_handler_sched  app_timer.o
    0x0002460e   0x00000002   PAD
    0x00024610   0x00000068   Code   RO         2734    i.timer_list_insert  app_timer.o
    0x00024678   0x0000006c   Code   RO         2735    i.timer_list_remove  app_timer.o
    0x000246e4   0x0000005e   Code   RO         2736    i.timer_start_op_schedule  app_timer.o
    0x00024742   0x00000042   Code   RO         2737    i.timer_stop_op_schedule  app_timer.o
    0x00024784   0x00000098   Code   RO         2738    i.timer_timeouts_check  app_timer.o
    0x0002481c   0x0000000a   Code   RO         2739    i.timer_timeouts_check_sched  app_timer.o
    0x00024826   0x00000026   Code   RO         1971    i.tx_byte           nrf_drv_uart.o
    0x0002484c   0x000000ec   Code   RO         1327    i.tx_char_add       ble_nus.o
    0x00024938   0x00000022   Code   RO         1972    i.tx_done_event     nrf_drv_uart.o
    0x0002495a   0x00000036   Code   RO          931    i.tx_power_level_encode  ble_advdata.o
    0x00024990   0x000000bc   Code   RO          266    i.uart_event_handle  blefunctions.o
    0x00024a4c   0x000000d4   Code   RO         2932    i.uart_event_handler  app_uart_fifo.o
    0x00024b20   0x0000005c   Code   RO          267    i.uart_init         blefunctions.o
    0x00024b7c   0x00000142   Code   RO         1973    i.uart_irq_handler  nrf_drv_uart.o
    0x00024cbe   0x0000010c   Code   RO         1974    i.uarte_irq_handler  nrf_drv_uart.o
    0x00024dca   0x00000002   Code   RO          405    i.uartprint         util.o
    0x00024dcc   0x0000000c   Code   RO         1124    i.uint16_decode     ble_srv_common.o
    0x00024dd8   0x0000000c   Code   RO          932    i.uint16_encode     ble_advdata.o
    0x00024de4   0x00000090   Code   RO         1039    i.update_timeout_handler  ble_conn_params.o
    0x00024e74   0x0000003c   Code   RO         2740    i.user_op_alloc     app_timer.o
    0x00024eb0   0x0000000c   Code   RO         2741    i.user_op_enque     app_timer.o
    0x00024ebc   0x0000004e   Code   RO          933    i.uuid_list_encode  ble_advdata.o
    0x00024f0a   0x000000dc   Code   RO          934    i.uuid_list_sized_encode  ble_advdata.o
    0x00024fe6   0x00000002   PAD
    0x00024fe8   0x0000000c   Code   RO         1203    i.whitelist_has_entries  ble_advertising.o
    0x00024ff4   0x0000001c   Data   RO          269    .constdata          blefunctions.o
    0x00025010   0x00000037   Data   RO          407    .constdata          util.o
    0x00025047   0x00000008   Data   RO          622    .constdata          boards.o
    0x0002504f   0x00000001   PAD
    0x00025050   0x0000002c   Data   RO          733    .constdata          bsp.o
    0x0002507c   0x00000004   Data   RO         1041    .constdata          ble_conn_params.o
    0x00025080   0x00000010   Data   RO         1328    .constdata          ble_nus.o
    0x00025090   0x00000047   Data   RO         1681    .constdata          nrf_drv_gpiote.o
    0x000250d7   0x00000001   PAD
    0x000250d8   0x00000020   Data   RO         2934    .constdata          app_uart_fifo.o
    0x000250f8   0x00000020   Data   RO         4090    Region$$Table       anon$$obj.o


    Execution Region RW_IRAM1 (Base: 0x20002128, Size: 0x000046e0, Max: 0x0000ded8, ABSOLUTE)

    Base Addr    Size         Type   Attr      Idx    E Section Name        Object

    0x20002128   0x00000007   Data   RW          270    .data               blefunctions.o
    0x2000212f   0x00000001   PAD
    0x20002130   0x0000004f   Data   RW          408    .data               util.o
    0x2000217f   0x00000001   PAD
    0x20002180   0x00000015   Data   RW          734    .data               bsp.o
    0x20002195   0x00000003   PAD
    0x20002198   0x00000008   Data   RW          833    .data               bsp_btn_ble.o
    0x200021a0   0x00000015   Data   RW         1042    .data               ble_conn_params.o
    0x200021b5   0x00000003   PAD
    0x200021b8   0x0000001f   Data   RW         1205    .data               ble_advertising.o
    0x200021d7   0x00000001   PAD
    0x200021d8   0x00000022   Data   RW         2742    .data               app_timer.o
    0x200021fa   0x00000002   PAD
    0x200021fc   0x0000000f   Data   RW         2935    .data               app_uart_fifo.o
    0x2000220b   0x00000001   PAD
    0x2000220c   0x00000018   Data   RW         3481    .data               softdevice_handler.o
    0x20002224   0x00000004   Data   RW         3684    .data               system_nrf52.o
    0x20002228   0x00000004   Data   RW         4067    .data               mc_w.l(mvars.o)
    0x2000222c   0x00000004   Data   RW         4068    .data               mc_w.l(mvars.o)
    0x20002230   0x000002f8   Zero   RW          268    .bss                blefunctions.o
    0x20002528   0x00000040   Zero   RW          406    .bss                util.o
    0x20002568   0x0000006c   Zero   RW          732    .bss                bsp.o
    0x200025d4   0x0000003c   Zero   RW         1040    .bss                ble_conn_params.o
    0x20002610   0x000000b3   Zero   RW         1204    .bss                ble_advertising.o
    0x200026c3   0x00000001   PAD
    0x200026c4   0x00000014   Zero   RW         1412    .bss                nrf_drv_clock.o
    0x200026d8   0x00000058   Zero   RW         1680    .bss                nrf_drv_gpiote.o
    0x20002730   0x00000020   Zero   RW         1975    .bss                nrf_drv_uart.o
    0x20002750   0x00000018   Zero   RW         2244    .bss                nrf_drv_spis.o
    0x20002768   0x0000000c   Zero   RW         2360    .bss                nrf_drv_timer.o
    0x20002774   0x00000020   Zero   RW         2933    .bss                app_uart_fifo.o
    0x20002794   0x0000000c   Zero   RW         2994    .bss                app_util_platform.o
    0x200027a0   0x00000068   Zero   RW         3069    .bss                fstorage.o
    0x20002808   0x00002000   Zero   RW         3665    HEAP                arm_startup_nrf52.o
    0x20004808   0x00002000   Zero   RW         3664    STACK               arm_startup_nrf52.o


==============================================================================

Image component sizes


      Code (inc. data)   RO Data    RW Data    ZI Data      Debug   Object Name

        28          0          0          0          0       2257   app_error.o
        68          8          0          0          0      27449   app_error_weak.o
       170          0          0          0          0       6138   app_fifo.o
      2320        264          0         34          0      70227   app_timer.o
       602         92         32         15         32       5510   app_uart_fifo.o
       200         24          0          0         12      10402   app_util_platform.o
        36          8       1024          0      16384        892   arm_startup_nrf52.o
      1818          0          0          0          0      34216   ble_advdata.o
      1356        208          0         31        179      14836   ble_advertising.o
       706        120          4         21         60       8064   ble_conn_params.o
       930          4         16          0          0       7570   ble_nus.o
        30          0          0          0          0      18042   ble_srv_common.o
      1720        182         28          7        760      13256   blefunctions.o
       282         24          8          0          0      11093   boards.o
      1204         80         44         21        108      11472   bsp.o
       338         10          0          8          0       4722   bsp_btn_ble.o
        24          6          0          0        104       3440   fstorage.o
       172         88          0          0          0     117527   main.o
       358         34          0          0         20      13728   nrf_drv_clock.o
        96         12          0          0          0      27667   nrf_drv_common.o
      1882        114         71          0         88      37361   nrf_drv_gpiote.o
       988         18          0          0         24      24222   nrf_drv_spis.o
       524         20          0          0         12      21845   nrf_drv_timer.o
      2716         74          0          0         32      50641   nrf_drv_uart.o
       770         94          0         24          0     130727   softdevice_handler.o
       320         38          0          0          0        931   spi_drv.o
      1096        112          0          4          0       6295   system_nrf52.o
      1524        372         55         79         64      29261   util.o

    ----------------------------------------------------------------------
     22320       2006       1316        256      17880     709791   Object Totals
         0          0         32          0          0          0   (incl. Generated)
        42          0          2         12          1          0   (incl. Padding)

    ----------------------------------------------------------------------

      Code (inc. data)   RO Data    RW Data    ZI Data      Debug   Library Member Name

         0          0          0          0          0          0   entry.o
         0          0          0          0          0          0   entry10a.o
         0          0          0          0          0          0   entry11a.o
         8          4          0          0          0          0   entry2.o
         4          0          0          0          0          0   entry5.o
         0          0          0          0          0          0   entry7b.o
         0          0          0          0          0          0   entry8b.o
         8          4          0          0          0          0   entry9a.o
        30          0          0          0          0          0   handlers.o
        36          8          0          0          0         68   init.o
        30          0          0          0          0         68   llshl.o
        32          0          0          0          0         68   llushr.o
       108         16          0          0          0         84   malloc.o
        36          0          0          0          0         68   memcpya.o
        36          0          0          0          0        108   memseta.o
         0          0          0          8          0          0   mvars.o
       774         50          0          0          0        252   printf5.o
        14          0          0          0          0         68   strlen.o
        98          0          0          0          0         92   uldiv.o

    ----------------------------------------------------------------------
      1220         82          0          8          0        876   Library Totals
         6          0          0          0          0          0   (incl. Padding)

    ----------------------------------------------------------------------

      Code (inc. data)   RO Data    RW Data    ZI Data      Debug   Library Name

      1214         82          0          8          0        876   mc_w.l

    ----------------------------------------------------------------------
      1220         82          0          8          0        876   Library Totals

    ----------------------------------------------------------------------

==============================================================================


      Code (inc. data)   RO Data    RW Data    ZI Data      Debug   

     23540       2088       1316        264      17880     683107   Grand Totals
     23540       2088       1316        264      17880     683107   ELF Image Totals
     23540       2088       1316        264          0          0   ROM Totals

==============================================================================

    Total RO  Size (Code + RO Data)                24856 (  24.27kB)
    Total RW  Size (RW Data + ZI Data)             18144 (  17.72kB)
    Total ROM Size (Code + RO Data + RW Data)      25120 (  24.53kB)

==============================================================================

