Component: ARM Compiler 5.06 update 4 (build 422) Tool: armlink [4d35d2]

==============================================================================

Section Cross References

    main.o(i.main) refers to util.o(i.uart_print_init) for uart_print_init
    main.o(i.main) refers to printf5.o(i.__0snprintf$5) for __2snprintf
    main.o(i.main) refers to util.o(i.uartprint) for uartprint
    main.o(i.main) refers to util.o(i.spi_app_init) for spi_app_init
    main.o(i.main) refers to util.o(i.fifo_init) for fifo_init
    main.o(i.main) refers to buttjob.o(i.butt_init) for butt_init
    main.o(i.main) refers to blefunctions.o(i.ble_app_init) for ble_app_init
    main.o(i.main) refers to util.o(i.spi_handler) for spi_handler
    main.o(i.main) refers to util.o(.bss) for printbuf
    blefunctions.o(i.advertising_init) refers to memseta.o(.text) for __aeabi_memclr4
    blefunctions.o(i.advertising_init) refers to ble_advertising.o(i.ble_advertising_init) for ble_advertising_init
    blefunctions.o(i.advertising_init) refers to app_error.o(i.app_error_handler_bare) for app_error_handler_bare
    blefunctions.o(i.advertising_init) refers to blefunctions.o(.data) for m_adv_uuids
    blefunctions.o(i.advertising_init) refers to blefunctions.o(i.on_adv_evt) for on_adv_evt
    blefunctions.o(i.assert_nrf_callback) refers to app_error.o(i.app_error_handler) for app_error_handler
    blefunctions.o(i.ble_app_init) refers to app_timer.o(i.app_timer_init) for app_timer_init
    blefunctions.o(i.ble_app_init) refers to app_error.o(i.app_error_handler_bare) for app_error_handler_bare
    blefunctions.o(i.ble_app_init) refers to blefunctions.o(i.ble_stack_init) for ble_stack_init
    blefunctions.o(i.ble_app_init) refers to blefunctions.o(i.gap_params_init) for gap_params_init
    blefunctions.o(i.ble_app_init) refers to blefunctions.o(i.services_init) for services_init
    blefunctions.o(i.ble_app_init) refers to blefunctions.o(i.advertising_init) for advertising_init
    blefunctions.o(i.ble_app_init) refers to blefunctions.o(i.conn_params_init) for conn_params_init
    blefunctions.o(i.ble_app_init) refers to printf5.o(i.__0snprintf$5) for __2snprintf
    blefunctions.o(i.ble_app_init) refers to util.o(i.uartprint) for uartprint
    blefunctions.o(i.ble_app_init) refers to ble_advertising.o(i.ble_advertising_start) for ble_advertising_start
    blefunctions.o(i.ble_app_init) refers to blefunctions.o(.bss) for APP_TIMER_BUF
    blefunctions.o(i.ble_app_init) refers to util.o(.bss) for printbuf
    blefunctions.o(i.ble_evt_dispatch) refers to ble_conn_params.o(i.ble_conn_params_on_ble_evt) for ble_conn_params_on_ble_evt
    blefunctions.o(i.ble_evt_dispatch) refers to ble_nus.o(i.ble_nus_on_ble_evt) for ble_nus_on_ble_evt
    blefunctions.o(i.ble_evt_dispatch) refers to blefunctions.o(i.on_ble_evt) for on_ble_evt
    blefunctions.o(i.ble_evt_dispatch) refers to ble_advertising.o(i.ble_advertising_on_ble_evt) for ble_advertising_on_ble_evt
    blefunctions.o(i.ble_evt_dispatch) refers to bsp_btn_ble.o(i.bsp_btn_ble_on_ble_evt) for bsp_btn_ble_on_ble_evt
    blefunctions.o(i.ble_evt_dispatch) refers to blefunctions.o(.bss) for m_nus
    blefunctions.o(i.ble_stack_init) refers to softdevice_handler.o(i.softdevice_handler_init) for softdevice_handler_init
    blefunctions.o(i.ble_stack_init) refers to app_error.o(i.app_error_handler_bare) for app_error_handler_bare
    blefunctions.o(i.ble_stack_init) refers to softdevice_handler.o(i.softdevice_enable_get_default_config) for softdevice_enable_get_default_config
    blefunctions.o(i.ble_stack_init) refers to softdevice_handler.o(i.softdevice_enable) for softdevice_enable
    blefunctions.o(i.ble_stack_init) refers to softdevice_handler.o(i.softdevice_ble_evt_handler_set) for softdevice_ble_evt_handler_set
    blefunctions.o(i.ble_stack_init) refers to blefunctions.o(.constdata) for .constdata
    blefunctions.o(i.ble_stack_init) refers to blefunctions.o(.bss) for BLE_EVT_BUFFER
    blefunctions.o(i.ble_stack_init) refers to blefunctions.o(i.ble_evt_dispatch) for ble_evt_dispatch
    blefunctions.o(i.bsp_event_handler) refers to blefunctions.o(i.sleep_mode_enter) for sleep_mode_enter
    blefunctions.o(i.bsp_event_handler) refers to app_error.o(i.app_error_handler_bare) for app_error_handler_bare
    blefunctions.o(i.bsp_event_handler) refers to ble_advertising.o(i.ble_advertising_restart_without_whitelist) for ble_advertising_restart_without_whitelist
    blefunctions.o(i.bsp_event_handler) refers to blefunctions.o(.data) for m_conn_handle
    blefunctions.o(i.conn_params_error_handler) refers to app_error.o(i.app_error_handler_bare) for app_error_handler_bare
    blefunctions.o(i.conn_params_init) refers to memseta.o(.text) for __aeabi_memclr4
    blefunctions.o(i.conn_params_init) refers to ble_conn_params.o(i.ble_conn_params_init) for ble_conn_params_init
    blefunctions.o(i.conn_params_init) refers to app_error.o(i.app_error_handler_bare) for app_error_handler_bare
[...]
    i.nrf_timer_event_clear                  0x00022dae   Section        0  nrf_drv_timer.o(i.nrf_timer_event_clear)
    nrf_timer_event_clear                    0x00022daf   Thumb Code    14  nrf_drv_timer.o(i.nrf_timer_event_clear)
    i.nrf_timer_int_disable                  0x00022dbc   Section        0  nrf_drv_timer.o(i.nrf_timer_int_disable)
    nrf_timer_int_disable                    0x00022dbd   Thumb Code     6  nrf_drv_timer.o(i.nrf_timer_int_disable)
    i.nrf_timer_int_enable                   0x00022dc2   Section        0  nrf_drv_timer.o(i.nrf_timer_int_enable)
    nrf_timer_int_enable                     0x00022dc3   Thumb Code     6  nrf_drv_timer.o(i.nrf_timer_int_enable)
    i.nrf_timer_shorts_disable               0x00022dc8   Section        0  nrf_drv_timer.o(i.nrf_timer_shorts_disable)
    nrf_timer_shorts_disable                 0x00022dc9   Thumb Code    12  nrf_drv_timer.o(i.nrf_timer_shorts_disable)
    i.nrf_timer_task_trigger                 0x00022dd4   Section        0  nrf_drv_timer.o(i.nrf_timer_task_trigger)
    nrf_timer_task_trigger                   0x00022dd5   Thumb Code     6  nrf_drv_timer.o(i.nrf_timer_task_trigger)
    i.nrf_uart_errorsrc_get_and_clear        0x00022dda   Section        0  nrf_drv_uart.o(i.nrf_uart_errorsrc_get_and_clear)
    nrf_uart_errorsrc_get_and_clear          0x00022ddb   Thumb Code    12  nrf_drv_uart.o(i.nrf_uart_errorsrc_get_and_clear)
    i.nrf_uart_event_check                   0x00022de6   Section        0  nrf_drv_uart.o(i.nrf_uart_event_check)
    nrf_uart_event_check                     0x00022de7   Thumb Code    14  nrf_drv_uart.o(i.nrf_uart_event_check)
    i.nrf_uart_event_clear                   0x00022df4   Section        0  nrf_drv_uart.o(i.nrf_uart_event_clear)
    nrf_uart_event_clear                     0x00022df5   Thumb Code    14  nrf_drv_uart.o(i.nrf_uart_event_clear)
    i.nrf_uart_hwfc_pins_set                 0x00022e02   Section        0  nrf_drv_uart.o(i.nrf_uart_hwfc_pins_set)
    nrf_uart_hwfc_pins_set                   0x00022e03   Thumb Code    10  nrf_drv_uart.o(i.nrf_uart_hwfc_pins_set)
    i.nrf_uart_int_disable                   0x00022e0c   Section        0  nrf_drv_uart.o(i.nrf_uart_int_disable)
    nrf_uart_int_disable                     0x00022e0d   Thumb Code     6  nrf_drv_uart.o(i.nrf_uart_int_disable)
    i.nrf_uart_int_enable                    0x00022e12   Section        0  nrf_drv_uart.o(i.nrf_uart_int_enable)
    nrf_uart_int_enable                      0x00022e13   Thumb Code     6  nrf_drv_uart.o(i.nrf_uart_int_enable)
    i.nrf_uart_int_enable_check              0x00022e18   Section        0  nrf_drv_uart.o(i.nrf_uart_int_enable_check)
    nrf_uart_int_enable_check                0x00022e19   Thumb Code    18  nrf_drv_uart.o(i.nrf_uart_int_enable_check)
    i.nrf_uart_task_trigger                  0x00022e2a   Section        0  nrf_drv_uart.o(i.nrf_uart_task_trigger)
    nrf_uart_task_trigger                    0x00022e2b   Thumb Code     6  nrf_drv_uart.o(i.nrf_uart_task_trigger)
    i.nrf_uart_txrx_pins_set                 0x00022e30   Section        0  nrf_drv_uart.o(i.nrf_uart_txrx_pins_set)
    nrf_uart_txrx_pins_set                   0x00022e31   Thumb Code    10  nrf_drv_uart.o(i.nrf_uart_txrx_pins_set)
    i.nrf_uarte_errorsrc_get_and_clear       0x00022e3a   Section        0  nrf_drv_uart.o(i.nrf_uarte_errorsrc_get_and_clear)
    nrf_uarte_errorsrc_get_and_clear         0x00022e3b   Thumb Code    12  nrf_drv_uart.o(i.nrf_uarte_errorsrc_get_and_clear)
    i.nrf_uarte_event_check                  0x00022e46   Section        0  nrf_drv_uart.o(i.nrf_uarte_event_check)
    nrf_uarte_event_check                    0x00022e47   Thumb Code    14  nrf_drv_uart.o(i.nrf_uarte_event_check)
    i.nrf_uarte_event_clear                  0x00022e54   Section        0  nrf_drv_uart.o(i.nrf_uarte_event_clear)
    nrf_uarte_event_clear                    0x00022e55   Thumb Code    14  nrf_drv_uart.o(i.nrf_uarte_event_clear)
    i.nrf_uarte_hwfc_pins_set                0x00022e62   Section        0  nrf_drv_uart.o(i.nrf_uarte_hwfc_pins_set)
    nrf_uarte_hwfc_pins_set                  0x00022e63   Thumb Code    12  nrf_drv_uart.o(i.nrf_uarte_hwfc_pins_set)
    i.nrf_uarte_int_enable                   0x00022e6e   Section        0  nrf_drv_uart.o(i.nrf_uarte_int_enable)
    nrf_uarte_int_enable                     0x00022e6f   Thumb Code     6  nrf_drv_uart.o(i.nrf_uarte_int_enable)
    i.nrf_uarte_rx_amount_get                0x00022e74   Section        0  nrf_drv_uart.o(i.nrf_uarte_rx_amount_get)
    nrf_uarte_rx_amount_get                  0x00022e75   Thumb Code    10  nrf_drv_uart.o(i.nrf_uarte_rx_amount_get)
    i.nrf_uarte_task_trigger                 0x00022e7e   Section        0  nrf_drv_uart.o(i.nrf_uarte_task_trigger)
    nrf_uarte_task_trigger                   0x00022e7f   Thumb Code     6  nrf_drv_uart.o(i.nrf_uarte_task_trigger)
    i.nrf_uarte_txrx_pins_set                0x00022e84   Section        0  nrf_drv_uart.o(i.nrf_uarte_txrx_pins_set)
    nrf_uarte_txrx_pins_set                  0x00022e85   Thumb Code    14  nrf_drv_uart.o(i.nrf_uarte_txrx_pins_set)
    i.nus_data_handler                       0x00022e94   Section        0  blefunctions.o(i.nus_data_handler)
    i.on_adv_evt                             0x00022eb8   Section        0  blefunctions.o(i.on_adv_evt)
    i.on_ble_evt                             0x00022eec   Section        0  blefunctions.o(i.on_ble_evt)
    i.on_conn_params_evt                     0x0002308c   Section        0  blefunctions.o(i.on_conn_params_evt)
    i.on_conn_params_update                  0x000230b8   Section        0  ble_conn_params.o(i.on_conn_params_update)
    on_conn_params_update                    0x000230b9   Thumb Code    20  ble_conn_params.o(i.on_conn_params_update)
    i.on_connect                             0x000230d0   Section        0  ble_conn_params.o(i.on_connect)
    on_connect                               0x000230d1   Thumb Code    38  ble_conn_params.o(i.on_connect)
    i.on_connect                             0x00023108   Section        0  ble_nus.o(i.on_connect)
    on_connect                               0x00023109   Thumb Code     6  ble_nus.o(i.on_connect)
    i.on_connected                           0x00023110   Section        0  ble_advertising.o(i.on_connected)
    on_connected                             0x00023111   Thumb Code    14  ble_advertising.o(i.on_connected)
    i.on_disconnect                          0x00023124   Section        0  ble_conn_params.o(i.on_disconnect)
    on_disconnect                            0x00023125   Thumb Code    46  ble_conn_params.o(i.on_disconnect)
    i.on_disconnect                          0x00023164   Section        0  ble_nus.o(i.on_disconnect)
    on_disconnect                            0x00023165   Thumb Code     8  ble_nus.o(i.on_disconnect)
    i.on_disconnected                        0x0002316c   Section        0  ble_advertising.o(i.on_disconnected)
    on_disconnected                          0x0002316d   Thumb Code    46  ble_advertising.o(i.on_disconnected)
    i.on_timeout                             0x000231a8   Section        0  ble_advertising.o(i.on_timeout)
    on_timeout                               0x000231a9   Thumb Code    46  ble_advertising.o(i.on_timeout)
    i.on_write                               0x000231e0   Section        0  ble_conn_params.o(i.on_write)
    on_write                                 0x000231e1   Thumb Code    68  ble_conn_params.o(i.on_write)
    i.on_write                               0x0002322c   Section        0  ble_nus.o(i.on_write)
    on_write                                 0x0002322d   Thumb Code    70  ble_nus.o(i.on_write)
    i.pin_in_use_by_gpiote                   0x00023274   Section        0  nrf_drv_gpiote.o(i.pin_in_use_by_gpiote)
    pin_in_use_by_gpiote                     0x00023275   Thumb Code    22  nrf_drv_gpiote.o(i.pin_in_use_by_gpiote)
    i.pin_in_use_by_port                     0x00023290   Section        0  nrf_drv_gpiote.o(i.pin_in_use_by_port)
    pin_in_use_by_port                       0x00023291   Thumb Code    18  nrf_drv_gpiote.o(i.pin_in_use_by_port)
    i.pin_in_use_by_te                       0x000232a8   Section        0  nrf_drv_gpiote.o(i.pin_in_use_by_te)
    pin_in_use_by_te                         0x000232a9   Thumb Code    26  nrf_drv_gpiote.o(i.pin_in_use_by_te)
    i.pin_in_use_clear                       0x000232c8   Section        0  nrf_drv_gpiote.o(i.pin_in_use_clear)
    pin_in_use_clear                         0x000232c9   Thumb Code     8  nrf_drv_gpiote.o(i.pin_in_use_clear)
    i.power_manage                           0x000232d4   Section        0  blefunctions.o(i.power_manage)
    i.read_fifo                              0x000232f0   Section        0  util.o(i.read_fifo)
    i.rtc1_compare0_set                      0x00023340   Section        0  app_timer.o(i.rtc1_compare0_set)
    rtc1_compare0_set                        0x00023341   Thumb Code     6  app_timer.o(i.rtc1_compare0_set)
    i.rtc1_counter_get                       0x0002334c   Section        0  app_timer.o(i.rtc1_counter_get)
    rtc1_counter_get                         0x0002334d   Thumb Code     6  app_timer.o(i.rtc1_counter_get)
    i.rtc1_init                              0x00023358   Section        0  app_timer.o(i.rtc1_init)
    rtc1_init                                0x00023359   Thumb Code    18  app_timer.o(i.rtc1_init)
    i.rtc1_start                             0x00023370   Section        0  app_timer.o(i.rtc1_start)
    rtc1_start                               0x00023371   Thumb Code    48  app_timer.o(i.rtc1_start)
    i.rtc1_stop                              0x000233ac   Section        0  app_timer.o(i.rtc1_stop)
    rtc1_stop                                0x000233ad   Thumb Code    68  app_timer.o(i.rtc1_stop)
    i.rx_byte                                0x00023404   Section        0  nrf_drv_uart.o(i.rx_byte)
    rx_byte                                  0x00023405   Thumb Code    62  nrf_drv_uart.o(i.rx_byte)
    i.rx_char_add                            0x00023442   Section        0  ble_nus.o(i.rx_char_add)
    rx_char_add                              0x00023443   Thumb Code   310  ble_nus.o(i.rx_char_add)
    i.rx_done_event                          0x00023578   Section        0  nrf_drv_uart.o(i.rx_done_event)
    rx_done_event                            0x00023579   Thumb Code    30  nrf_drv_uart.o(i.rx_done_event)
    i.sd_nvic_EnableIRQ                      0x00023598   Section        0  softdevice_handler.o(i.sd_nvic_EnableIRQ)
    sd_nvic_EnableIRQ                        0x00023599   Thumb Code   126  softdevice_handler.o(i.sd_nvic_EnableIRQ)
    i.sd_nvic_critical_region_enter          0x00023624   Section        0  app_util_platform.o(i.sd_nvic_critical_region_enter)
    sd_nvic_critical_region_enter            0x00023625   Thumb Code    90  app_util_platform.o(i.sd_nvic_critical_region_enter)
    i.service_data_encode                    0x0002368c   Section        0  ble_advdata.o(i.service_data_encode)
    service_data_encode                      0x0002368d   Thumb Code   150  ble_advdata.o(i.service_data_encode)
    i.services_init                          0x00023724   Section        0  blefunctions.o(i.services_init)
    i.set_adv_mode_directed                  0x00023754   Section        0  ble_advertising.o(i.set_adv_mode_directed)
    set_adv_mode_directed                    0x00023755   Thumb Code    24  ble_advertising.o(i.set_adv_mode_directed)
    i.set_adv_mode_directed_slow             0x00023774   Section        0  ble_advertising.o(i.set_adv_mode_directed_slow)
    set_adv_mode_directed_slow               0x00023775   Thumb Code    32  ble_advertising.o(i.set_adv_mode_directed_slow)
    i.set_adv_mode_fast                      0x000237a0   Section        0  ble_advertising.o(i.set_adv_mode_fast)
    set_adv_mode_fast                        0x000237a1   Thumb Code    78  ble_advertising.o(i.set_adv_mode_fast)
    i.set_adv_mode_slow                      0x00023800   Section        0  ble_advertising.o(i.set_adv_mode_slow)
    set_adv_mode_slow                        0x00023801   Thumb Code    78  ble_advertising.o(i.set_adv_mode_slow)
    i.sleep_mode_enter                       0x00023860   Section        0  blefunctions.o(i.sleep_mode_enter)
    i.softdevice_ble_evt_handler_set         0x000238ac   Section        0  softdevice_handler.o(i.softdevice_ble_evt_handler_set)
    i.softdevice_enable                      0x000238c4   Section        0  softdevice_handler.o(i.softdevice_enable)
    i.softdevice_enable_get_default_config   0x000238ec   Section        0  softdevice_handler.o(i.softdevice_enable_get_default_config)
    i.softdevice_fault_handler               0x00023918   Section        0  softdevice_handler.o(i.softdevice_fault_handler)
    i.softdevice_handler_init                0x0002392c   Section        0  softdevice_handler.o(i.softdevice_handler_init)
    i.softdevice_handler_is_enabled          0x000239c8   Section        0  softdevice_handler.o(i.softdevice_handler_is_enabled)
    i.spi_app_init                           0x000239d4   Section        0  util.o(i.spi_app_init)
    i.spi_handler                            0x00023ae8   Section        0  util.o(i.spi_handler)
    i.spis_event_handler                     0x00023d94   Section        0  util.o(i.spis_event_handler)
    i.spis_irq_handler                       0x00023de8   Section        0  nrf_drv_spis.o(i.spis_irq_handler)
    spis_irq_handler                         0x00023de9   Thumb Code   128  nrf_drv_spis.o(i.spis_irq_handler)
    i.spis_state_change                      0x00023e68   Section        0  nrf_drv_spis.o(i.spis_state_change)
    spis_state_change                        0x00023e69   Thumb Code    20  nrf_drv_spis.o(i.spis_state_change)
    i.spis_state_entry_action_execute        0x00023e7c   Section        0  nrf_drv_spis.o(i.spis_state_entry_action_execute)
    spis_state_entry_action_execute          0x00023e7d   Thumb Code   154  nrf_drv_spis.o(i.spis_state_entry_action_execute)
    i.srdata_check                           0x00023f16   Section        0  ble_advdata.o(i.srdata_check)
    srdata_check                             0x00023f17   Thumb Code    14  ble_advdata.o(i.srdata_check)
    i.ticks_diff_get                         0x00023f24   Section        0  app_timer.o(i.ticks_diff_get)
    ticks_diff_get                           0x00023f25   Thumb Code    10  app_timer.o(i.ticks_diff_get)
    i.timeout_handler_exec                   0x00023f30   Section        0  app_timer.o(i.timeout_handler_exec)
    timeout_handler_exec                     0x00023f31   Thumb Code    50  app_timer.o(i.timeout_handler_exec)
    i.timer_led_event_handler                0x00023f68   Section        0  util.o(i.timer_led_event_handler)
    i.timer_list_handler                     0x00023f84   Section        0  app_timer.o(i.timer_list_handler)
    timer_list_handler                       0x00023f85   Thumb Code    72  app_timer.o(i.timer_list_handler)
    i.timer_list_handler_sched               0x00023fd8   Section        0  app_timer.o(i.timer_list_handler_sched)
    timer_list_handler_sched                 0x00023fd9   Thumb Code    10  app_timer.o(i.timer_list_handler_sched)
    i.timer_list_insert                      0x00023fe4   Section        0  app_timer.o(i.timer_list_insert)
    timer_list_insert                        0x00023fe5   Thumb Code    98  app_timer.o(i.timer_list_insert)
    i.timer_list_remove                      0x0002404c   Section        0  app_timer.o(i.timer_list_remove)
    timer_list_remove                        0x0002404d   Thumb Code    90  app_timer.o(i.timer_list_remove)
    i.timer_start_op_schedule                0x000240b8   Section        0  app_timer.o(i.timer_start_op_schedule)
    timer_start_op_schedule                  0x000240b9   Thumb Code    94  app_timer.o(i.timer_start_op_schedule)
    i.timer_stop_op_schedule                 0x00024116   Section        0  app_timer.o(i.timer_stop_op_schedule)
    timer_stop_op_schedule                   0x00024117   Thumb Code    66  app_timer.o(i.timer_stop_op_schedule)
    i.timer_timeouts_check                   0x00024158   Section        0  app_timer.o(i.timer_timeouts_check)
    timer_timeouts_check                     0x00024159   Thumb Code   130  app_timer.o(i.timer_timeouts_check)
    i.timer_timeouts_check_sched             0x000241f0   Section        0  app_timer.o(i.timer_timeouts_check_sched)
    timer_timeouts_check_sched               0x000241f1   Thumb Code    10  app_timer.o(i.timer_timeouts_check_sched)
    i.tx_byte                                0x000241fa   Section        0  nrf_drv_uart.o(i.tx_byte)
    tx_byte                                  0x000241fb   Thumb Code    38  nrf_drv_uart.o(i.tx_byte)
    i.tx_char_add                            0x00024220   Section        0  ble_nus.o(i.tx_char_add)
    tx_char_add                              0x00024221   Thumb Code   236  ble_nus.o(i.tx_char_add)
    i.tx_clear                               0x0002430c   Section        0  util.o(i.tx_clear)
    i.tx_done_event                          0x0002431e   Section        0  nrf_drv_uart.o(i.tx_done_event)
    tx_done_event                            0x0002431f   Thumb Code    34  nrf_drv_uart.o(i.tx_done_event)
    i.tx_power_level_encode                  0x00024340   Section        0  ble_advdata.o(i.tx_power_level_encode)
    tx_power_level_encode                    0x00024341   Thumb Code    54  ble_advdata.o(i.tx_power_level_encode)
    i.tx_set                                 0x00024376   Section        0  util.o(i.tx_set)
    i.uart_irq_handler                       0x0002438a   Section        0  nrf_drv_uart.o(i.uart_irq_handler)
    uart_irq_handler                         0x0002438b   Thumb Code   322  nrf_drv_uart.o(i.uart_irq_handler)
    i.uart_print_init                        0x000244cc   Section        0  util.o(i.uart_print_init)
    i.uarte_irq_handler                      0x000244f4   Section        0  nrf_drv_uart.o(i.uarte_irq_handler)
    uarte_irq_handler                        0x000244f5   Thumb Code   268  nrf_drv_uart.o(i.uarte_irq_handler)
    i.uartprint                              0x00024600   Section        0  util.o(i.uartprint)
    i.uint16_decode                          0x00024628   Section        0  ble_srv_common.o(i.uint16_decode)
    uint16_decode                            0x00024629   Thumb Code    12  ble_srv_common.o(i.uint16_decode)
    i.uint16_encode                          0x00024634   Section        0  ble_advdata.o(i.uint16_encode)
    uint16_encode                            0x00024635   Thumb Code    12  ble_advdata.o(i.uint16_encode)
    i.update_timeout_handler                 0x00024640   Section        0  ble_conn_params.o(i.update_timeout_handler)
    update_timeout_handler                   0x00024641   Thumb Code   126  ble_conn_params.o(i.update_timeout_handler)
    i.user_op_alloc                          0x000246d0   Section        0  app_timer.o(i.user_op_alloc)
    user_op_alloc                            0x000246d1   Thumb Code    56  app_timer.o(i.user_op_alloc)
    i.user_op_enque                          0x0002470c   Section        0  app_timer.o(i.user_op_enque)
    user_op_enque                            0x0002470d   Thumb Code     6  app_timer.o(i.user_op_enque)
    i.uuid_list_encode                       0x00024718   Section        0  ble_advdata.o(i.uuid_list_encode)
    uuid_list_encode                         0x00024719   Thumb Code    78  ble_advdata.o(i.uuid_list_encode)
    i.uuid_list_sized_encode                 0x00024766   Section        0  ble_advdata.o(i.uuid_list_sized_encode)
    uuid_list_sized_encode                   0x00024767   Thumb Code   220  ble_advdata.o(i.uuid_list_sized_encode)
    i.whitelist_has_entries                  0x00024844   Section        0  ble_advertising.o(i.whitelist_has_entries)
    whitelist_has_entries                    0x00024845   Thumb Code     6  ble_advertising.o(i.whitelist_has_entries)
    .constdata                               0x00024850   Section        4  blefunctions.o(.constdata)
    .constdata                               0x00024854   Section       55  util.o(.constdata)
    spis                                     0x00024854   Data           8  util.o(.constdata)
    .constdata                               0x0002488c   Section        4  buttjob.o(.constdata)
    .constdata                               0x00024890   Section        8  boards.o(.constdata)
    m_board_led_list                         0x00024890   Data           4  boards.o(.constdata)
    m_board_btn_list                         0x00024894   Data           4  boards.o(.constdata)
    .constdata                               0x00024898   Section       44  bsp.o(.constdata)
    m_leds_timer_id                          0x00024898   Data           4  bsp.o(.constdata)
    m_alert_timer_id                         0x0002489c   Data           4  bsp.o(.constdata)
    m_button_timer_id                        0x000248a0   Data           4  bsp.o(.constdata)
    app_buttons                              0x000248a4   Data          32  bsp.o(.constdata)
    .constdata                               0x000248c4   Section        4  ble_conn_params.o(.constdata)
    m_conn_params_timer_id                   0x000248c4   Data           4  ble_conn_params.o(.constdata)
    .constdata                               0x000248c8   Section       16  ble_nus.o(.constdata)
    .constdata                               0x000248d8   Section       71  nrf_drv_gpiote.o(.constdata)
    __func__                                 0x000248dc   Data          20  nrf_drv_gpiote.o(.constdata)
    __func__                                 0x000248f0   Data          24  nrf_drv_gpiote.o(.constdata)
    __func__                                 0x00024908   Data          23  nrf_drv_gpiote.o(.constdata)
    .data                                    0x20002128   Section        6  blefunctions.o(.data)
    m_conn_handle                            0x20002128   Data           2  blefunctions.o(.data)
    m_adv_uuids                              0x2000212a   Data           4  blefunctions.o(.data)
    .data                                    0x20002130   Section       51  util.o(.data)
    p_uart                                   0x20002130   Data           8  util.o(.data)
    p_uart_config                            0x20002138   Data          32  util.o(.data)
    m_tx_buf                                 0x2000215a   Data           3  util.o(.data)
    m_rx_buf                                 0x2000215d   Data           4  util.o(.data)
    spis_xfer_done                           0x20002161   Data           1  util.o(.data)
    .data                                    0x20002163   Section        4  buttjob.o(.data)
    .data                                    0x20002168   Section       21  bsp.o(.data)
    m_stable_state                           0x20002168   Data           1  bsp.o(.data)
    m_leds_clear                             0x20002169   Data           1  bsp.o(.data)
    m_app_ticks_per_100ms                    0x2000216c   Data           4  bsp.o(.data)
    m_indication_type                        0x20002170   Data           4  bsp.o(.data)
    m_registered_callback                    0x20002174   Data           4  bsp.o(.data)
    current_long_push_pin_no                 0x20002178   Data           1  bsp.o(.data)
    release_event_at_push                    0x20002179   Data           4  bsp.o(.data)
    .data                                    0x20002180   Section        8  bsp_btn_ble.o(.data)
    m_error_handler                          0x20002180   Data           4  bsp_btn_ble.o(.data)
    m_num_connections                        0x20002184   Data           4  bsp_btn_ble.o(.data)
    .data                                    0x20002188   Section       21  ble_conn_params.o(.data)
    m_preferred_conn_params                  0x20002188   Data           8  ble_conn_params.o(.data)
    m_update_count                           0x20002190   Data           1  ble_conn_params.o(.data)
    m_conn_handle                            0x20002192   Data           2  ble_conn_params.o(.data)
    m_current_conn_params                    0x20002194   Data           8  ble_conn_params.o(.data)
    m_change_param                           0x2000219c   Data           1  ble_conn_params.o(.data)
    .data                                    0x200021a0   Section       31  ble_advertising.o(.data)
    m_initialized                            0x200021a0   Data           1  ble_advertising.o(.data)
    m_advertising_start_pending              0x200021a1   Data           1  ble_advertising.o(.data)
    m_adv_evt                                0x200021a2   Data           1  ble_advertising.o(.data)
    m_adv_mode_current                       0x200021a3   Data           1  ble_advertising.o(.data)
    m_peer_address                           0x200021a4   Data           7  ble_advertising.o(.data)
    m_peer_addr_reply_expected               0x200021ab   Data           1  ble_advertising.o(.data)
    m_slave_conn_int                         0x200021ac   Data           4  ble_advertising.o(.data)
    m_current_slave_link_conn_handle         0x200021b0   Data           2  ble_advertising.o(.data)
    m_evt_handler                            0x200021b4   Data           4  ble_advertising.o(.data)
    m_error_handler                          0x200021b8   Data           4  ble_advertising.o(.data)
    m_whitelist_temporarily_disabled         0x200021bc   Data           1  ble_advertising.o(.data)
    m_whitelist_reply_expected               0x200021bd   Data           1  ble_advertising.o(.data)
    m_whitelist_in_use                       0x200021be   Data           1  ble_advertising.o(.data)
    .data                                    0x200021c0   Section       34  app_timer.o(.data)
    m_op_queue                               0x200021c0   Data           8  app_timer.o(.data)
    mp_timer_id_head                         0x200021c8   Data           4  app_timer.o(.data)
    m_ticks_latest                           0x200021cc   Data           4  app_timer.o(.data)
    m_ticks_elapsed                          0x200021d0   Data           8  app_timer.o(.data)
    m_ticks_elapsed_q_read_ind               0x200021d8   Data           1  app_timer.o(.data)
    m_ticks_elapsed_q_write_ind              0x200021d9   Data           1  app_timer.o(.data)
    m_evt_schedule_func                      0x200021dc   Data           4  app_timer.o(.data)
    m_rtc1_running                           0x200021e0   Data           1  app_timer.o(.data)
    m_rtc1_reset                             0x200021e1   Data           1  app_timer.o(.data)
    .data                                    0x200021e4   Section       24  softdevice_handler.o(.data)
    m_evt_schedule_func                      0x200021e4   Data           4  softdevice_handler.o(.data)
    m_softdevice_enabled                     0x200021e8   Data           1  softdevice_handler.o(.data)
    m_suspended                              0x200021e9   Data           1  softdevice_handler.o(.data)
    mp_ble_evt_buffer                        0x200021ec   Data           4  softdevice_handler.o(.data)
    m_ble_evt_buffer_size                    0x200021f0   Data           2  softdevice_handler.o(.data)
    m_ble_evt_handler                        0x200021f4   Data           4  softdevice_handler.o(.data)
    m_sys_evt_handler                        0x200021f8   Data           4  softdevice_handler.o(.data)
    .data                                    0x200021fc   Section        4  system_nrf52.o(.data)
    __tagsym$$used                           0x200021fc   Number         0  system_nrf52.o(.data)
    .data                                    0x20002200   Section        4  mvars.o(.data)
    .data                                    0x20002204   Section        4  mvars.o(.data)
    .bss                                     0x20002208   Section      228  blefunctions.o(.bss)
    m_nus                                    0x20002208   Data          28  blefunctions.o(.bss)
    BLE_EVT_BUFFER                           0x20002224   Data          80  blefunctions.o(.bss)
    APP_TIMER_BUF                            0x20002274   Data         120  blefunctions.o(.bss)
    .bss                                     0x200022ec   Section       64  util.o(.bss)
    .bss                                     0x2000232c   Section      108  bsp.o(.bss)
    m_leds_timer_id_data                     0x2000232c   Data          32  bsp.o(.bss)
    m_alert_timer_id_data                    0x2000234c   Data          32  bsp.o(.bss)
    m_events_list                            0x2000236c   Data          12  bsp.o(.bss)
    m_button_timer_id_data                   0x20002378   Data          32  bsp.o(.bss)
    .bss                                     0x20002398   Section       60  ble_conn_params.o(.bss)
    m_conn_params_config                     0x20002398   Data          28  ble_conn_params.o(.bss)
    m_conn_params_timer_id_data              0x200023b4   Data          32  ble_conn_params.o(.bss)
    .bss                                     0x200023d4   Section      179  ble_advertising.o(.bss)
    m_adv_modes_config                       0x200023d4   Data          32  ble_advertising.o(.bss)
    m_advdata                                0x200023f4   Data          60  ble_advertising.o(.bss)
    m_manuf_specific_data                    0x20002430   Data          12  ble_advertising.o(.bss)
    m_manuf_data_array                       0x2000243c   Data          31  ble_advertising.o(.bss)
    m_service_data                           0x2000245c   Data          12  ble_advertising.o(.bss)
    m_service_data_array                     0x20002468   Data          31  ble_advertising.o(.bss)
    .bss                                     0x20002488   Section       20  nrf_drv_clock.o(.bss)
    m_clock_cb                               0x20002488   Data          20  nrf_drv_clock.o(.bss)
    .bss                                     0x2000249c   Section       88  nrf_drv_gpiote.o(.bss)
    m_cb                                     0x2000249c   Data          88  nrf_drv_gpiote.o(.bss)
    .bss                                     0x200024f4   Section       32  nrf_drv_uart.o(.bss)
    m_cb                                     0x200024f4   Data          32  nrf_drv_uart.o(.bss)
    .bss                                     0x20002514   Section       24  nrf_drv_spis.o(.bss)
    m_cb                                     0x20002514   Data          24  nrf_drv_spis.o(.bss)
    .bss                                     0x2000252c   Section       12  nrf_drv_timer.o(.bss)
    m_cb                                     0x2000252c   Data          12  nrf_drv_timer.o(.bss)
    .bss                                     0x20002538   Section       12  app_util_platform.o(.bss)
    .bss                                     0x20002544   Section      104  fstorage.o(.bss)
    m_queue                                  0x20002544   Data         104  fstorage.o(.bss)
    HEAP                                     0x200025b0   Section     8192  arm_startup_nrf52.o(HEAP)
    STACK                                    0x200045b0   Section     8192  arm_startup_nrf52.o(STACK)

    Global Symbols

    Symbol Name                              Value     Ov Type        Size  Object(Section)

    BuildAttributes$$THM_ISAv4$E$P$D$K$B$S$7EM$VFPi3$EXTD16$VFPS$VFMA$PE$A:L22UL41UL21$X:L11$S22US41US21$IEEE1$IW$USESV6$~STKCKD$USESV7$~SHL$OSPACE$ROPI$EBA8$MICROLIB$REQ8$PRES8$EABIv2 0x00000000   Number         0  anon$$obj.o ABSOLUTE
    __ARM_use_no_argv                        0x00000000   Number         0  main.o ABSOLUTE
    _printf_a                                0x00000000   Number         0  stubs.o ABSOLUTE
    _printf_c                                0x00000000   Number         0  stubs.o ABSOLUTE
    _printf_charcount                        0x00000000   Number         0  stubs.o ABSOLUTE
    _printf_d                                0x00000000   Number         0  stubs.o ABSOLUTE
    _printf_e                                0x00000000   Number         0  stubs.o ABSOLUTE
    _printf_f                                0x00000000   Number         0  stubs.o ABSOLUTE
    _printf_flags                            0x00000000   Number         0  stubs.o ABSOLUTE
    _printf_fp_dec                           0x00000000   Number         0  stubs.o ABSOLUTE
    _printf_fp_hex                           0x00000000   Number         0  stubs.o ABSOLUTE
    _printf_g                                0x00000000   Number         0  stubs.o ABSOLUTE
    _printf_i                                0x00000000   Number         0  stubs.o ABSOLUTE
    _printf_int_dec                          0x00000000   Number         0  stubs.o ABSOLUTE
    _printf_l                                0x00000000   Number         0  stubs.o ABSOLUTE
    _printf_lc                               0x00000000   Number         0  stubs.o ABSOLUTE
    _printf_ll                               0x00000000   Number         0  stubs.o ABSOLUTE
    _printf_lld                              0x00000000   Number         0  stubs.o ABSOLUTE
    _printf_lli                              0x00000000   Number         0  stubs.o ABSOLUTE
    _printf_llo                              0x00000000   Number         0  stubs.o ABSOLUTE
    _printf_llu                              0x00000000   Number         0  stubs.o ABSOLUTE
    _printf_llx                              0x00000000   Number         0  stubs.o ABSOLUTE
    _printf_longlong_dec                     0x00000000   Number         0  stubs.o ABSOLUTE
    _printf_longlong_hex                     0x00000000   Number         0  stubs.o ABSOLUTE
    _printf_longlong_oct                     0x00000000   Number         0  stubs.o ABSOLUTE
    _printf_ls                               0x00000000   Number         0  stubs.o ABSOLUTE
    _printf_mbtowc                           0x00000000   Number         0  stubs.o ABSOLUTE
    _printf_n                                0x00000000   Number         0  stubs.o ABSOLUTE
    _printf_o                                0x00000000   Number         0  stubs.o ABSOLUTE
    _printf_p                                0x00000000   Number         0  stubs.o ABSOLUTE
    _printf_percent                          0x00000000   Number         0  stubs.o ABSOLUTE
    _printf_pre_padding                      0x00000000   Number         0  stubs.o ABSOLUTE
    _printf_return_value                     0x00000000   Number         0  stubs.o ABSOLUTE
    _printf_s                                0x00000000   Number         0  stubs.o ABSOLUTE
    _printf_sizespec                         0x00000000   Number         0  stubs.o ABSOLUTE
    _printf_str                              0x00000000   Number         0  stubs.o ABSOLUTE
    _printf_truncate_signed                  0x00000000   Number         0  stubs.o ABSOLUTE
    _printf_truncate_unsigned                0x00000000   Number         0  stubs.o ABSOLUTE
    _printf_u                                0x00000000   Number         0  stubs.o ABSOLUTE
    _printf_wc                               0x00000000   Number         0  stubs.o ABSOLUTE
    _printf_wctomb                           0x00000000   Number         0  stubs.o ABSOLUTE
    _printf_widthprec                        0x00000000   Number         0  stubs.o ABSOLUTE
    _printf_x                                0x00000000   Number         0  stubs.o ABSOLUTE
    __cpp_initialize__aeabi_                  - Undefined Weak Reference
    __cxa_finalize                            - Undefined Weak Reference
    __decompress                              - Undefined Weak Reference
    _clock_init                               - Undefined Weak Reference
    _microlib_exit                            - Undefined Weak Reference
    fs_data$$Base                             - Undefined Reference
    fs_data$$Limit                            - Undefined Reference
    __Vectors_Size                           0x00000400   Number         0  arm_startup_nrf52.o ABSOLUTE
    __Vectors                                0x0001f000   Data           4  arm_startup_nrf52.o(RESET)
    __Vectors_End                            0x0001f400   Data           0  arm_startup_nrf52.o(RESET)
    __main                                   0x0001f401   Thumb Code     0  entry.o(.ARM.Collect$$$$00000000)
    _main_stk                                0x0001f401   Thumb Code     0  entry2.o(.ARM.Collect$$$$00000001)
    _main_scatterload                        0x0001f405   Thumb Code     0  entry5.o(.ARM.Collect$$$$00000004)
    __main_after_scatterload                 0x0001f409   Thumb Code     0  entry5.o(.ARM.Collect$$$$00000004)
    _main_clock                              0x0001f409   Thumb Code     0  entry7b.o(.ARM.Collect$$$$00000008)
    _main_cpp_init                           0x0001f409   Thumb Code     0  entry8b.o(.ARM.Collect$$$$0000000A)
    _main_init                               0x0001f409   Thumb Code     0  entry9a.o(.ARM.Collect$$$$0000000B)
    __rt_final_cpp                           0x0001f411   Thumb Code     0  entry10a.o(.ARM.Collect$$$$0000000D)
    __rt_final_exit                          0x0001f411   Thumb Code     0  entry11a.o(.ARM.Collect$$$$0000000F)
    Reset_Handler                            0x0001f415   Thumb Code     8  arm_startup_nrf52.o(.text)
    NMI_Handler                              0x0001f41d   Thumb Code     2  arm_startup_nrf52.o(.text)
    HardFault_Handler                        0x0001f41f   Thumb Code     2  arm_startup_nrf52.o(.text)
    MemoryManagement_Handler                 0x0001f421   Thumb Code     2  arm_startup_nrf52.o(.text)
    BusFault_Handler                         0x0001f423   Thumb Code     2  arm_startup_nrf52.o(.text)
    UsageFault_Handler                       0x0001f425   Thumb Code     2  arm_startup_nrf52.o(.text)
    SVC_Handler                              0x0001f427   Thumb Code     2  arm_startup_nrf52.o(.text)
    DebugMon_Handler                         0x0001f429   Thumb Code     2  arm_startup_nrf52.o(.text)
    PendSV_Handler                           0x0001f42b   Thumb Code     2  arm_startup_nrf52.o(.text)
    SysTick_Handler                          0x0001f42d   Thumb Code     2  arm_startup_nrf52.o(.text)
    CCM_AAR_IRQHandler                       0x0001f42f   Thumb Code     0  arm_startup_nrf52.o(.text)
    COMP_LPCOMP_IRQHandler                   0x0001f42f   Thumb Code     0  arm_startup_nrf52.o(.text)
    ECB_IRQHandler                           0x0001f42f   Thumb Code     0  arm_startup_nrf52.o(.text)
    FPU_IRQHandler                           0x0001f42f   Thumb Code     0  arm_startup_nrf52.o(.text)
    I2S_IRQHandler                           0x0001f42f   Thumb Code     0  arm_startup_nrf52.o(.text)
    MWU_IRQHandler                           0x0001f42f   Thumb Code     0  arm_startup_nrf52.o(.text)
    NFCT_IRQHandler                          0x0001f42f   Thumb Code     0  arm_startup_nrf52.o(.text)
    PDM_IRQHandler                           0x0001f42f   Thumb Code     0  arm_startup_nrf52.o(.text)
    PWM0_IRQHandler                          0x0001f42f   Thumb Code     0  arm_startup_nrf52.o(.text)
    PWM1_IRQHandler                          0x0001f42f   Thumb Code     0  arm_startup_nrf52.o(.text)
    PWM2_IRQHandler                          0x0001f42f   Thumb Code     0  arm_startup_nrf52.o(.text)
    QDEC_IRQHandler                          0x0001f42f   Thumb Code     0  arm_startup_nrf52.o(.text)
    RADIO_IRQHandler                         0x0001f42f   Thumb Code     0  arm_startup_nrf52.o(.text)
    RNG_IRQHandler                           0x0001f42f   Thumb Code     0  arm_startup_nrf52.o(.text)
    RTC0_IRQHandler                          0x0001f42f   Thumb Code     0  arm_startup_nrf52.o(.text)
    RTC2_IRQHandler                          0x0001f42f   Thumb Code     0  arm_startup_nrf52.o(.text)
    SAADC_IRQHandler                         0x0001f42f   Thumb Code     0  arm_startup_nrf52.o(.text)
    SPIM0_SPIS0_TWIM0_TWIS0_SPI0_TWI0_IRQHandler 0x0001f42f   Thumb Code     0  arm_startup_nrf52.o(.text)
    SPIM2_SPIS2_SPI2_IRQHandler              0x0001f42f   Thumb Code     0  arm_startup_nrf52.o(.text)
    SWI1_EGU1_IRQHandler                     0x0001f42f   Thumb Code     0  arm_startup_nrf52.o(.text)
    SWI3_EGU3_IRQHandler                     0x0001f42f   Thumb Code     0  arm_startup_nrf52.o(.text)
    SWI4_EGU4_IRQHandler                     0x0001f42f   Thumb Code     0  arm_startup_nrf52.o(.text)
    SWI5_EGU5_IRQHandler                     0x0001f42f   Thumb Code     0  arm_startup_nrf52.o(.text)
    TEMP_IRQHandler                          0x0001f42f   Thumb Code     0  arm_startup_nrf52.o(.text)
    TIMER0_IRQHandler                        0x0001f42f   Thumb Code     0  arm_startup_nrf52.o(.text)
    TIMER2_IRQHandler                        0x0001f42f   Thumb Code     0  arm_startup_nrf52.o(.text)
    TIMER3_IRQHandler                        0x0001f42f   Thumb Code     0  arm_startup_nrf52.o(.text)
    TIMER4_IRQHandler                        0x0001f42f   Thumb Code     0  arm_startup_nrf52.o(.text)
    WDT_IRQHandler                           0x0001f42f   Thumb Code     0  arm_startup_nrf52.o(.text)
    __aeabi_memcpy                           0x0001f439   Thumb Code    36  memcpya.o(.text)
    __aeabi_memcpy4                          0x0001f439   Thumb Code     0  memcpya.o(.text)
    __aeabi_memcpy8                          0x0001f439   Thumb Code     0  memcpya.o(.text)
    __aeabi_memset                           0x0001f45d   Thumb Code    14  memseta.o(.text)
    __aeabi_memset4                          0x0001f45d   Thumb Code     0  memseta.o(.text)
    __aeabi_memset8                          0x0001f45d   Thumb Code     0  memseta.o(.text)
    __aeabi_memclr                           0x0001f46b   Thumb Code     4  memseta.o(.text)
    __aeabi_memclr4                          0x0001f46b   Thumb Code     0  memseta.o(.text)
    __aeabi_memclr8                          0x0001f46b   Thumb Code     0  memseta.o(.text)
    _memset$wrapper                          0x0001f46f   Thumb Code    18  memseta.o(.text)
    strlen                                   0x0001f481   Thumb Code    14  strlen.o(.text)
    strcpy                                   0x0001f48f   Thumb Code    18  strcpy.o(.text)
    __aeabi_uldivmod                         0x0001f4a1   Thumb Code    98  uldiv.o(.text)
    __scatterload                            0x0001f505   Thumb Code    28  init.o(.text)
    __scatterload_rt2                        0x0001f505   Thumb Code     0  init.o(.text)
    __aeabi_llsl                             0x0001f529   Thumb Code    30  llshl.o(.text)
    _ll_shift_l                              0x0001f529   Thumb Code     0  llshl.o(.text)
    __aeabi_llsr                             0x0001f547   Thumb Code    32  llushr.o(.text)
    _ll_ushift_r                             0x0001f547   Thumb Code     0  llushr.o(.text)
    GPIOTE_IRQHandler                        0x0001f569   Thumb Code   554  nrf_drv_gpiote.o(i.GPIOTE_IRQHandler)
    POWER_CLOCK_IRQHandler                   0x0001f83d   Thumb Code    74  nrf_drv_clock.o(i.POWER_CLOCK_IRQHandler)
    RTC1_IRQHandler                          0x0001f88d   Thumb Code    44  app_timer.o(i.RTC1_IRQHandler)
    SPIM1_SPIS1_TWIM1_TWIS1_SPI1_TWI1_IRQHandler 0x0001f8c1   Thumb Code    14  nrf_drv_spis.o(i.SPIM1_SPIS1_TWIM1_TWIS1_SPI1_TWI1_IRQHandler)
    SWI0_EGU0_IRQHandler                     0x0001f8d5   Thumb Code     8  app_timer.o(i.SWI0_EGU0_IRQHandler)
    SWI2_EGU2_IRQHandler                     0x0001f8dd   Thumb Code    42  softdevice_handler.o(i.SWI2_EGU2_IRQHandler)
    SynHandler                               0x0001f90d   Thumb Code    46  util.o(i.SynHandler)
    SystemCoreClockUpdate                    0x0001f951   Thumb Code     8  system_nrf52.o(i.SystemCoreClockUpdate)
    SystemInit                               0x0001f961   Thumb Code   532  system_nrf52.o(i.SystemInit)
    TIMER1_IRQHandler                        0x0001fbad   Thumb Code    14  nrf_drv_timer.o(i.TIMER1_IRQHandler)
    UARTE0_UART0_IRQHandler                  0x0001fbc5   Thumb Code    28  nrf_drv_uart.o(i.UARTE0_UART0_IRQHandler)
    __0snprintf$5                            0x0001fbe9   Thumb Code    44  printf5.o(i.__0snprintf$5)
    __1snprintf$5                            0x0001fbe9   Thumb Code     0  printf5.o(i.__0snprintf$5)
    __2snprintf                              0x0001fbe9   Thumb Code     0  printf5.o(i.__0snprintf$5)
    __scatterload_copy                       0x0001fc19   Thumb Code    14  handlers.o(i.__scatterload_copy)
    __scatterload_null                       0x0001fc27   Thumb Code     2  handlers.o(i.__scatterload_null)
    __scatterload_zeroinit                   0x0001fc29   Thumb Code    14  handlers.o(i.__scatterload_zeroinit)
    add_fifo                                 0x0001ff55   Thumb Code    60  util.o(i.add_fifo)
    adv_data_encode                          0x0001ffad   Thumb Code   364  ble_advdata.o(i.adv_data_encode)
    advertising_init                         0x000201f1   Thumb Code   110  blefunctions.o(i.advertising_init)
    app_error_fault_handler                  0x00020269   Thumb Code    60  app_error_weak.o(i.app_error_fault_handler)
    app_error_handler_bare                   0x000202ad   Thumb Code    28  app_error.o(i.app_error_handler_bare)
    app_timer_create                         0x000202c9   Thumb Code    56  app_timer.o(i.app_timer_create)
    app_timer_init                           0x00020305   Thumb Code   114  app_timer.o(i.app_timer_init)
    app_timer_start                          0x00020391   Thumb Code    78  app_timer.o(i.app_timer_start)
    app_timer_stop                           0x000203e5   Thumb Code    44  app_timer.o(i.app_timer_stop)
    app_util_critical_region_enter           0x00020415   Thumb Code    12  app_util_platform.o(i.app_util_critical_region_enter)
    app_util_critical_region_exit            0x00020421   Thumb Code    62  app_util_platform.o(i.app_util_critical_region_exit)
    ble_advdata_set                          0x000205a1   Thumb Code   148  ble_advdata.o(i.ble_advdata_set)
    ble_advertising_init                     0x00020635   Thumb Code   318  ble_advertising.o(i.ble_advertising_init)
    ble_advertising_on_ble_evt               0x000207a9   Thumb Code    50  ble_advertising.o(i.ble_advertising_on_ble_evt)
    ble_advertising_start                    0x000207dd   Thumb Code   314  ble_advertising.o(i.ble_advertising_start)
    ble_app_init                             0x00020945   Thumb Code    84  blefunctions.o(i.ble_app_init)
    ble_conn_params_init                     0x000209ad   Thumb Code    84  ble_conn_params.o(i.ble_conn_params_init)
    ble_conn_params_on_ble_evt               0x00020a1d   Thumb Code    62  ble_conn_params.o(i.ble_conn_params_on_ble_evt)
    ble_evt_dispatch                         0x00020ad1   Thumb Code    38  blefunctions.o(i.ble_evt_dispatch)
    ble_nus_init                             0x00020afd   Thumb Code   144  ble_nus.o(i.ble_nus_init)
    ble_nus_on_ble_evt                       0x00020b91   Thumb Code    66  ble_nus.o(i.ble_nus_on_ble_evt)
    ble_srv_is_notification_enabled          0x00020bd3   Thumb Code    18  ble_srv_common.o(i.ble_srv_is_notification_enabled)
    ble_stack_init                           0x00020be5   Thumb Code   138  blefunctions.o(i.ble_stack_init)
    bsp_board_button_idx_to_pin              0x00020c7d   Thumb Code     8  boards.o(i.bsp_board_button_idx_to_pin)
    bsp_board_led_invert                     0x00020c89   Thumb Code    44  boards.o(i.bsp_board_led_invert)
    bsp_board_led_off                        0x00020cb9   Thumb Code    16  boards.o(i.bsp_board_led_off)
    bsp_board_led_on                         0x00020ccd   Thumb Code    16  boards.o(i.bsp_board_led_on)
    bsp_board_led_state_get                  0x00020ce1   Thumb Code    44  boards.o(i.bsp_board_led_state_get)
    bsp_board_leds_off                       0x00020d11   Thumb Code    20  boards.o(i.bsp_board_leds_off)
    bsp_board_leds_on                        0x00020d25   Thumb Code    20  boards.o(i.bsp_board_leds_on)
    bsp_board_pin_to_button_idx              0x00020d39   Thumb Code    32  boards.o(i.bsp_board_pin_to_button_idx)
    bsp_btn_ble_on_ble_evt                   0x00020d5d   Thumb Code   110  bsp_btn_ble.o(i.bsp_btn_ble_on_ble_evt)
    bsp_btn_ble_sleep_mode_prepare           0x00020dd5   Thumb Code    50  bsp_btn_ble.o(i.bsp_btn_ble_sleep_mode_prepare)
    bsp_event_to_button_action_assign        0x00020ed9   Thumb Code    86  bsp.o(i.bsp_event_to_button_action_assign)
    bsp_indication_set                       0x00020f35   Thumb Code    28  bsp.o(i.bsp_indication_set)
    bsp_wakeup_button_enable                 0x00021275   Thumb Code    22  bsp.o(i.bsp_wakeup_button_enable)
    butt_handler                             0x0002128d   Thumb Code    38  buttjob.o(i.butt_handler)
    butt_init                                0x000212d9   Thumb Code    54  buttjob.o(i.butt_init)
    conn_params_error_handler                0x00021557   Thumb Code    16  blefunctions.o(i.conn_params_error_handler)
    conn_params_init                         0x00021569   Thumb Code    82  blefunctions.o(i.conn_params_init)
    fifo_init                                0x00021945   Thumb Code    30  util.o(i.fifo_init)
    fs_queued_op_count_get                   0x000219b5   Thumb Code    18  fstorage.o(i.fs_queued_op_count_get)
    gap_params_init                          0x000219cd   Thumb Code   116  blefunctions.o(i.gap_params_init)
    intern_softdevice_events_execute         0x00021a55   Thumb Code   158  softdevice_handler.o(i.intern_softdevice_events_execute)
    main                                     0x00021d99   Thumb Code   108  main.o(i.main)
    malloc                                   0x00021e71   Thumb Code    92  malloc.o(i.malloc)
    nrf_drv_clock_init                       0x000221a1   Thumb Code    94  nrf_drv_clock.o(i.nrf_drv_clock_init)
    nrf_drv_clock_on_sd_enable               0x00022209   Thumb Code    46  nrf_drv_clock.o(i.nrf_drv_clock_on_sd_enable)
    nrf_drv_clock_on_soc_event               0x0002223d   Thumb Code    14  nrf_drv_clock.o(i.nrf_drv_clock_on_soc_event)
    nrf_drv_common_irq_enable                0x0002224d   Thumb Code    84  nrf_drv_common.o(i.nrf_drv_common_irq_enable)
    nrf_drv_gpiote_in_event_enable           0x000222c1   Thumb Code   164  nrf_drv_gpiote.o(i.nrf_drv_gpiote_in_event_enable)
    nrf_drv_gpiote_in_init                   0x0002236d   Thumb Code   206  nrf_drv_gpiote.o(i.nrf_drv_gpiote_in_init)
    nrf_drv_gpiote_in_is_set                 0x00022449   Thumb Code    20  nrf_drv_gpiote.o(i.nrf_drv_gpiote_in_is_set)
    nrf_drv_gpiote_init                      0x0002245d   Thumb Code    90  nrf_drv_gpiote.o(i.nrf_drv_gpiote_init)
    nrf_drv_gpiote_out_clear                 0x000224bd   Thumb Code    12  nrf_drv_gpiote.o(i.nrf_drv_gpiote_out_clear)
    nrf_drv_gpiote_out_init                  0x000224c9   Thumb Code   190  nrf_drv_gpiote.o(i.nrf_drv_gpiote_out_init)
    nrf_drv_gpiote_out_set                   0x00022595   Thumb Code    12  nrf_drv_gpiote.o(i.nrf_drv_gpiote_out_set)
    nrf_drv_spis_buffers_set                 0x000225c9   Thumb Code   142  nrf_drv_spis.o(i.nrf_drv_spis_buffers_set)
    nrf_drv_spis_init                        0x0002265d   Thumb Code   394  nrf_drv_spis.o(i.nrf_drv_spis_init)
    nrf_drv_timer_compare                    0x000227ed   Thumb Code    56  nrf_drv_timer.o(i.nrf_drv_timer_compare)
    nrf_drv_timer_enable                     0x00022825   Thumb Code    30  nrf_drv_timer.o(i.nrf_drv_timer_enable)
    nrf_drv_timer_extended_compare           0x00022849   Thumb Code    66  nrf_drv_timer.o(i.nrf_drv_timer_extended_compare)
    nrf_drv_timer_init                       0x0002288d   Thumb Code   168  nrf_drv_timer.o(i.nrf_drv_timer_init)
    nrf_drv_uart_init                        0x00022939   Thumb Code   126  nrf_drv_uart.o(i.nrf_drv_uart_init)
    nrf_drv_uart_tx                          0x000229bd   Thumb Code    96  nrf_drv_uart.o(i.nrf_drv_uart_tx)
    nrf_drv_uart_tx_in_progress              0x00022b29   Thumb Code    22  nrf_drv_uart.o(i.nrf_drv_uart_tx_in_progress)
    nus_data_handler                         0x00022e95   Thumb Code    30  blefunctions.o(i.nus_data_handler)
    on_adv_evt                               0x00022eb9   Thumb Code    50  blefunctions.o(i.on_adv_evt)
    on_ble_evt                               0x00022eed   Thumb Code   412  blefunctions.o(i.on_ble_evt)
    on_conn_params_evt                       0x0002308d   Thumb Code    38  blefunctions.o(i.on_conn_params_evt)
    power_manage                             0x000232d5   Thumb Code    26  blefunctions.o(i.power_manage)
    read_fifo                                0x000232f1   Thumb Code    76  util.o(i.read_fifo)
    services_init                            0x00023725   Thumb Code    40  blefunctions.o(i.services_init)
    sleep_mode_enter                         0x00023861   Thumb Code    76  blefunctions.o(i.sleep_mode_enter)
    softdevice_ble_evt_handler_set           0x000238ad   Thumb Code    20  softdevice_handler.o(i.softdevice_ble_evt_handler_set)
    softdevice_enable                        0x000238c5   Thumb Code    34  softdevice_handler.o(i.softdevice_enable)
    softdevice_enable_get_default_config     0x000238ed   Thumb Code    44  softdevice_handler.o(i.softdevice_enable_get_default_config)
    softdevice_fault_handler                 0x00023919   Thumb Code    20  softdevice_handler.o(i.softdevice_fault_handler)
    softdevice_handler_init                  0x0002392d   Thumb Code   134  softdevice_handler.o(i.softdevice_handler_init)
    softdevice_handler_is_enabled            0x000239c9   Thumb Code     6  softdevice_handler.o(i.softdevice_handler_is_enabled)
    spi_app_init                             0x000239d5   Thumb Code   234  util.o(i.spi_app_init)
    spi_handler                              0x00023ae9   Thumb Code   462  util.o(i.spi_handler)
    spis_event_handler                       0x00023d95   Thumb Code    34  util.o(i.spis_event_handler)
    timer_led_event_handler                  0x00023f69   Thumb Code    24  util.o(i.timer_led_event_handler)
    tx_clear                                 0x0002430d   Thumb Code    18  util.o(i.tx_clear)
    tx_set                                   0x00024377   Thumb Code    20  util.o(i.tx_set)
    uart_print_init                          0x000244cd   Thumb Code    30  util.o(i.uart_print_init)
    uartprint                                0x00024601   Thumb Code    30  util.o(i.uartprint)
    TIMER                                    0x0002485c   Data           8  util.o(.constdata)
    Region$$Table$$Base                      0x00024920   Number         0  anon$$obj.o(Region$$Table)
    Region$$Table$$Limit                     0x00024940   Number         0  anon$$obj.o(Region$$Table)
    Image$$RW_IRAM1$$Base                    0x20002128   Number         0  anon$$obj.o ABSOLUTE
    timer_                                   0x20002158   Data           1  util.o(.data)
    command                                  0x20002159   Data           1  util.o(.data)
    syn                                      0x20002162   Data           1  util.o(.data)
    data                                     0x20002163   Data           4  buttjob.o(.data)
    SystemCoreClock                          0x200021fc   Data           4  system_nrf52.o(.data)
    __microlib_freelist                      0x20002200   Data           4  mvars.o(.data)
    __microlib_freelist_initialised          0x20002204   Data           4  mvars.o(.data)
    printbuf                                 0x200022ec   Data          50  util.o(.bss)
    d_list                                   0x20002320   Data          12  util.o(.bss)
    nrf_nvic_state                           0x20002538   Data          12  app_util_platform.o(.bss)
    __heap_base                              0x200025b0   Data           0  arm_startup_nrf52.o(HEAP)
    __heap_limit                             0x200045b0   Data           0  arm_startup_nrf52.o(HEAP)
    __initial_sp                             0x200065b0   Data           0  arm_startup_nrf52.o(STACK)



==============================================================================

Memory Map of the image

  Image Entry point : 0x0001f401

  Load Region LR_IROM1 (Base: 0x0001f000, Size: 0x00005a20, Max: 0x00061000, ABSOLUTE)

    Execution Region ER_IROM1 (Base: 0x0001f000, Size: 0x00005940, Max: 0x00061000, ABSOLUTE)

    Base Addr    Size         Type   Attr      Idx    E Section Name        Object

    0x0001f000   0x00000400   Data   RO         3641    RESET               arm_startup_nrf52.o
    0x0001f400   0x00000000   Code   RO         3722  * .ARM.Collect$$$$00000000  mc_w.l(entry.o)
    0x0001f400   0x00000004   Code   RO         4024    .ARM.Collect$$$$00000001  mc_w.l(entry2.o)
    0x0001f404   0x00000004   Code   RO         4027    .ARM.Collect$$$$00000004  mc_w.l(entry5.o)
    0x0001f408   0x00000000   Code   RO         4029    .ARM.Collect$$$$00000008  mc_w.l(entry7b.o)
    0x0001f408   0x00000000   Code   RO         4031    .ARM.Collect$$$$0000000A  mc_w.l(entry8b.o)
    0x0001f408   0x00000008   Code   RO         4032    .ARM.Collect$$$$0000000B  mc_w.l(entry9a.o)
    0x0001f410   0x00000000   Code   RO         4034    .ARM.Collect$$$$0000000D  mc_w.l(entry10a.o)
    0x0001f410   0x00000000   Code   RO         4036    .ARM.Collect$$$$0000000F  mc_w.l(entry11a.o)
    0x0001f410   0x00000004   Code   RO         4025    .ARM.Collect$$$$00002712  mc_w.l(entry2.o)
    0x0001f414   0x00000024   Code   RO         3642    .text               arm_startup_nrf52.o
    0x0001f438   0x00000024   Code   RO         3725    .text               mc_w.l(memcpya.o)
    0x0001f45c   0x00000024   Code   RO         3727    .text               mc_w.l(memseta.o)
    0x0001f480   0x0000000e   Code   RO         3729    .text               mc_w.l(strlen.o)
    0x0001f48e   0x00000012   Code   RO         3731    .text               mc_w.l(strcpy.o)
    0x0001f4a0   0x00000062   Code   RO         4040    .text               mc_w.l(uldiv.o)
    0x0001f502   0x00000002   PAD
    0x0001f504   0x00000024   Code   RO         4055    .text               mc_w.l(init.o)
    0x0001f528   0x0000001e   Code   RO         4057    .text               mc_w.l(llshl.o)
    0x0001f546   0x00000020   Code   RO         4059    .text               mc_w.l(llushr.o)
    0x0001f566   0x00000002   PAD
    0x0001f568   0x00000238   Code   RO         1606    i.GPIOTE_IRQHandler  nrf_drv_gpiote.o
    0x0001f7a0   0x00000018   Code   RO         2681    i.NVIC_ClearPendingIRQ  app_timer.o
    0x0001f7b8   0x00000018   Code   RO         3438    i.NVIC_DisableIRQ   softdevice_handler.o
    0x0001f7d0   0x00000016   Code   RO         2682    i.NVIC_EnableIRQ    app_timer.o
    0x0001f7e6   0x00000016   Code   RO         3439    i.NVIC_EnableIRQ    softdevice_handler.o
    0x0001f7fc   0x00000018   Code   RO         2683    i.NVIC_SetPendingIRQ  app_timer.o
    0x0001f814   0x00000028   Code   RO         2684    i.NVIC_SetPriority  app_timer.o
    0x0001f83c   0x00000050   Code   RO         1354    i.POWER_CLOCK_IRQHandler  nrf_drv_clock.o
    0x0001f88c   0x00000034   Code   RO         2685    i.RTC1_IRQHandler   app_timer.o
    0x0001f8c0   0x00000014   Code   RO         2202    i.SPIM1_SPIS1_TWIM1_TWIS1_SPI1_TWI1_IRQHandler  nrf_drv_spis.o
    0x0001f8d4   0x00000008   Code   RO         2686    i.SWI0_EGU0_IRQHandler  app_timer.o
    0x0001f8dc   0x00000030   Code   RO         3440    i.SWI2_EGU2_IRQHandler  softdevice_handler.o
    0x0001f90c   0x00000044   Code   RO          379    i.SynHandler        util.o
    0x0001f950   0x00000010   Code   RO         3649    i.SystemCoreClockUpdate  system_nrf52.o
    0x0001f960   0x0000024c   Code   RO         3650    i.SystemInit        system_nrf52.o
    0x0001fbac   0x00000018   Code   RO         2309    i.TIMER1_IRQHandler  nrf_drv_timer.o
    0x0001fbc4   0x00000024   Code   RO         1896    i.UARTE0_UART0_IRQHandler  nrf_drv_uart.o
    0x0001fbe8   0x00000030   Code   RO         3869    i.__0snprintf$5     mc_w.l(printf5.o)
    0x0001fc18   0x0000000e   Code   RO         4067    i.__scatterload_copy  mc_w.l(handlers.o)
    0x0001fc26   0x00000002   Code   RO         4068    i.__scatterload_null  mc_w.l(handlers.o)
    0x0001fc28   0x0000000e   Code   RO         4069    i.__scatterload_zeroinit  mc_w.l(handlers.o)
    0x0001fc36   0x00000002   PAD
    0x0001fc38   0x00000038   Code   RO         3441    i.__sd_nvic_app_accessible_irq  softdevice_handler.o
    0x0001fc70   0x0000000c   Code   RO         2963    i.__sd_nvic_irq_disable  app_util_platform.o
    0x0001fc7c   0x000002c0   Code   RO         3875    i._printf_core      mc_w.l(printf5.o)
    0x0001ff3c   0x00000016   Code   RO         3876    i._snputc           mc_w.l(printf5.o)
    0x0001ff52   0x00000002   PAD
    0x0001ff54   0x00000040   Code   RO          380    i.add_fifo          util.o
    0x0001ff94   0x00000018   Code   RO         1157    i.addr_is_valid     ble_advertising.o
    0x0001ffac   0x0000016c   Code   RO          891    i.adv_data_encode   ble_advdata.o
    0x00020118   0x00000060   Code   RO         1158    i.adv_mode_next_avail_get  ble_advertising.o
    0x00020178   0x00000012   Code   RO         1159    i.adv_mode_next_get  ble_advertising.o
    0x0002018a   0x00000012   Code   RO          892    i.advdata_check     ble_advdata.o
    0x0002019c   0x00000054   Code   RO          799    i.advertising_buttons_configure  bsp_btn_ble.o
    0x000201f0   0x00000078   Code   RO          250    i.advertising_init  blefunctions.o
    0x00020268   0x00000044   Code   RO         2567    i.app_error_fault_handler  app_error_weak.o
    0x000202ac   0x0000001c   Code   RO         2525    i.app_error_handler_bare  app_error.o
    0x000202c8   0x0000003c   Code   RO         2689    i.app_timer_create  app_timer.o
    0x00020304   0x0000008c   Code   RO         2690    i.app_timer_init    app_timer.o
    0x00020390   0x00000054   Code   RO         2691    i.app_timer_start   app_timer.o
    0x000203e4   0x00000030   Code   RO         2692    i.app_timer_stop    app_timer.o
    0x00020414   0x0000000c   Code   RO         2964    i.app_util_critical_region_enter  app_util_platform.o
    0x00020420   0x00000048   Code   RO         2965    i.app_util_critical_region_exit  app_util_platform.o
    0x00020468   0x00000052   Code   RO          893    i.appearance_encode  ble_advdata.o
    0x000204ba   0x00000002   PAD
    0x000204bc   0x000000e4   Code   RO         1897    i.apply_config      nrf_drv_uart.o
    0x000205a0   0x00000094   Code   RO          894    i.ble_advdata_set   ble_advdata.o
    0x00020634   0x00000174   Code   RO         1160    i.ble_advertising_init  ble_advertising.o
    0x000207a8   0x00000032   Code   RO         1161    i.ble_advertising_on_ble_evt  ble_advertising.o
    0x000207da   0x00000002   PAD
    0x000207dc   0x00000168   Code   RO         1165    i.ble_advertising_start  ble_advertising.o
    0x00020944   0x00000068   Code   RO          252    i.ble_app_init      blefunctions.o
    0x000209ac   0x00000070   Code   RO         1002    i.ble_conn_params_init  ble_conn_params.o
    0x00020a1c   0x0000003e   Code   RO         1003    i.ble_conn_params_on_ble_evt  ble_conn_params.o
    0x00020a5a   0x00000076   Code   RO          895    i.ble_device_addr_encode  ble_advdata.o
    0x00020ad0   0x0000002c   Code   RO          253    i.ble_evt_dispatch  blefunctions.o
    0x00020afc   0x00000094   Code   RO         1292    i.ble_nus_init      ble_nus.o
    0x00020b90   0x00000042   Code   RO         1293    i.ble_nus_on_ble_evt  ble_nus.o
    0x00020bd2   0x00000012   Code   RO         1091    i.ble_srv_is_notification_enabled  ble_srv_common.o
    0x00020be4   0x00000098   Code   RO          254    i.ble_stack_init    blefunctions.o
    0x00020c7c   0x0000000c   Code   RO          569    i.bsp_board_button_idx_to_pin  boards.o
    0x00020c88   0x00000030   Code   RO          573    i.bsp_board_led_invert  boards.o
    0x00020cb8   0x00000014   Code   RO          574    i.bsp_board_led_off  boards.o
    0x00020ccc   0x00000014   Code   RO          575    i.bsp_board_led_on  boards.o
    0x00020ce0   0x00000030   Code   RO          576    i.bsp_board_led_state_get  boards.o
    0x00020d10   0x00000014   Code   RO          578    i.bsp_board_leds_off  boards.o
    0x00020d24   0x00000014   Code   RO          579    i.bsp_board_leds_on  boards.o
    0x00020d38   0x00000024   Code   RO          580    i.bsp_board_pin_to_button_idx  boards.o
    0x00020d5c   0x00000078   Code   RO          801    i.bsp_btn_ble_on_ble_evt  bsp_btn_ble.o
    0x00020dd4   0x00000032   Code   RO          802    i.bsp_btn_ble_sleep_mode_prepare  bsp_btn_ble.o
    0x00020e06   0x00000002   PAD
    0x00020e08   0x000000d0   Code   RO          688    i.bsp_button_event_handler  bsp.o
    0x00020ed8   0x0000005c   Code   RO          692    i.bsp_event_to_button_action_assign  bsp.o
    0x00020f34   0x00000020   Code   RO          693    i.bsp_indication_set  bsp.o
    0x00020f54   0x00000320   Code   RO          695    i.bsp_led_indication  bsp.o
    0x00021274   0x00000016   Code   RO          697    i.bsp_wakeup_button_enable  bsp.o
    0x0002128a   0x00000002   PAD
    0x0002128c   0x0000004c   Code   RO          528    i.butt_handler      buttjob.o
    0x000212d8   0x00000040   Code   RO          529    i.butt_init         buttjob.o
    0x00021318   0x00000020   Code   RO         1607    i.channel_free      nrf_drv_gpiote.o
    0x00021338   0x00000010   Code   RO         1608    i.channel_handler_get  nrf_drv_gpiote.o
    0x00021348   0x00000080   Code   RO         1609    i.channel_port_alloc  nrf_drv_gpiote.o
    0x000213c8   0x0000000c   Code   RO         1610    i.channel_port_get  nrf_drv_gpiote.o
    0x000213d4   0x00000030   Code   RO         1355    i.clock_clk_started_notify  nrf_drv_clock.o
    0x00021404   0x00000090   Code   RO         2694    i.compare_reg_update  app_timer.o
    0x00021494   0x0000005a   Code   RO          896    i.conn_int_check    ble_advdata.o
    0x000214ee   0x00000068   Code   RO          897    i.conn_int_encode   ble_advdata.o
    0x00021556   0x00000010   Code   RO          256    i.conn_params_error_handler  blefunctions.o
    0x00021566   0x00000002   PAD
    0x00021568   0x0000005c   Code   RO          257    i.conn_params_init  blefunctions.o
    0x000215c4   0x00000084   Code   RO         1005    i.conn_params_negotiation  ble_conn_params.o
    0x00021648   0x00000054   Code   RO          803    i.connection_buttons_configure  bsp_btn_ble.o
    0x0002169c   0x00000064   Code   RO         2695    i.elapsed_ticks_acquire  app_timer.o
    0x00021700   0x00000054   Code   RO         3651    i.errata_108        system_nrf52.o
    0x00021754   0x00000030   Code   RO         3652    i.errata_16         system_nrf52.o
    0x00021784   0x00000054   Code   RO         3653    i.errata_31         system_nrf52.o
    0x000217d8   0x00000030   Code   RO         3654    i.errata_32         system_nrf52.o
    0x00021808   0x00000054   Code   RO         3655    i.errata_36         system_nrf52.o
    0x0002185c   0x00000030   Code   RO         3656    i.errata_37         system_nrf52.o
    0x0002188c   0x00000030   Code   RO         3657    i.errata_57         system_nrf52.o
    0x000218bc   0x00000030   Code   RO         3658    i.errata_66         system_nrf52.o
    0x000218ec   0x00000058   Code   RO         2696    i.expired_timers_handler  app_timer.o
    0x00021944   0x00000024   Code   RO          381    i.fifo_init         util.o
    0x00021968   0x00000036   Code   RO          898    i.flags_encode      ble_advdata.o
    0x0002199e   0x00000014   Code   RO         1167    i.flash_access_in_progress  ble_advertising.o
    0x000219b2   0x00000002   PAD
    0x000219b4   0x00000018   Code   RO         3033    i.fs_queued_op_count_get  fstorage.o
    0x000219cc   0x00000088   Code   RO          258    i.gap_params_init   blefunctions.o
    0x00021a54   0x000000b8   Code   RO         3442    i.intern_softdevice_events_execute  softdevice_handler.o
    0x00021b0c   0x0000008c   Code   RO         1898    i.interrupts_enable  nrf_drv_uart.o
    0x00021b98   0x0000005c   Code   RO         2310    i.irq_handler       nrf_drv_timer.o
    0x00021bf4   0x00000024   Code   RO         1006    i.is_conn_params_ok  ble_conn_params.o
    0x00021c18   0x0000000c   Code   RO         1358    i.item_dequeue      nrf_drv_clock.o
    0x00021c24   0x0000007c   Code   RO         2697    i.list_deletions_handler  app_timer.o
    0x00021ca0   0x000000f8   Code   RO         2698    i.list_insertions_handler  app_timer.o
    0x00021d98   0x000000d8   Code   RO            4    i.main              main.o
    0x00021e70   0x0000006c   Code   RO         3997    i.malloc            mc_w.l(malloc.o)
    0x00021edc   0x00000076   Code   RO          899    i.manuf_specific_data_encode  ble_advdata.o
    0x00021f52   0x000000c2   Code   RO          900    i.name_encode       ble_advdata.o
    0x00022014   0x00000016   Code   RO         1611    i.nrf_bitmask_bit_is_set  nrf_drv_gpiote.o
    0x0002202a   0x00000012   Code   RO         1362    i.nrf_clock_event_check  nrf_drv_clock.o
    0x0002203c   0x00000012   Code   RO         1363    i.nrf_clock_event_clear  nrf_drv_clock.o
    0x0002204e   0x00000002   PAD
    0x00022050   0x0000000c   Code   RO         1365    i.nrf_clock_int_disable  nrf_drv_clock.o
    0x0002205c   0x00000012   Code   RO          382    i.nrf_delay_ms      util.o
    0x0002206e   0x00000002   PAD
    0x00022070   0x00000098   Code   RO          383    i.nrf_delay_us      util.o
    0x00022108   0x00000098   Code   RO         2699    i.nrf_delay_us      app_timer.o
    0x000221a0   0x00000068   Code   RO         1374    i.nrf_drv_clock_init  nrf_drv_clock.o
    0x00022208   0x00000034   Code   RO         1381    i.nrf_drv_clock_on_sd_enable  nrf_drv_clock.o
    0x0002223c   0x0000000e   Code   RO         1382    i.nrf_drv_clock_on_soc_event  nrf_drv_clock.o
    0x0002224a   0x00000002   PAD
    0x0002224c   0x00000060   Code   RO         1560    i.nrf_drv_common_irq_enable  nrf_drv_common.o
    0x000222ac   0x0000000a   Code   RO         1900    i.nrf_drv_get_IRQn  nrf_drv_uart.o
    0x000222b6   0x0000000a   Code   RO         2311    i.nrf_drv_get_IRQn  nrf_drv_timer.o
    0x000222c0   0x000000ac   Code   RO         1616    i.nrf_drv_gpiote_in_event_enable  nrf_drv_gpiote.o
    0x0002236c   0x000000dc   Code   RO         1617    i.nrf_drv_gpiote_in_init  nrf_drv_gpiote.o
    0x00022448   0x00000014   Code   RO         1618    i.nrf_drv_gpiote_in_is_set  nrf_drv_gpiote.o
    0x0002245c   0x00000060   Code   RO         1620    i.nrf_drv_gpiote_init  nrf_drv_gpiote.o
    0x000224bc   0x0000000c   Code   RO         1622    i.nrf_drv_gpiote_out_clear  nrf_drv_gpiote.o
    0x000224c8   0x000000cc   Code   RO         1623    i.nrf_drv_gpiote_out_init  nrf_drv_gpiote.o
    0x00022594   0x0000000c   Code   RO         1624    i.nrf_drv_gpiote_out_set  nrf_drv_gpiote.o
    0x000225a0   0x00000014   Code   RO         1901    i.nrf_drv_is_in_RAM  nrf_drv_uart.o
    0x000225b4   0x00000014   Code   RO         2203    i.nrf_drv_is_in_RAM  nrf_drv_spis.o
    0x000225c8   0x00000094   Code   RO         2204    i.nrf_drv_spis_buffers_set  nrf_drv_spis.o
    0x0002265c   0x00000190   Code   RO         2205    i.nrf_drv_spis_init  nrf_drv_spis.o
    0x000227ec   0x00000038   Code   RO         2314    i.nrf_drv_timer_compare  nrf_drv_timer.o
    0x00022824   0x00000024   Code   RO         2318    i.nrf_drv_timer_enable  nrf_drv_timer.o
    0x00022848   0x00000042   Code   RO         2319    i.nrf_drv_timer_extended_compare  nrf_drv_timer.o
    0x0002288a   0x00000002   PAD
    0x0002288c   0x000000ac   Code   RO         2321    i.nrf_drv_timer_init  nrf_drv_timer.o
    0x00022938   0x00000084   Code   RO         1903    i.nrf_drv_uart_init  nrf_drv_uart.o
    0x000229bc   0x00000064   Code   RO         1910    i.nrf_drv_uart_tx   nrf_drv_uart.o
    0x00022a20   0x0000008c   Code   RO         1912    i.nrf_drv_uart_tx_for_uart  nrf_drv_uart.o
    0x00022aac   0x0000007c   Code   RO         1913    i.nrf_drv_uart_tx_for_uarte  nrf_drv_uart.o
    0x00022b28   0x0000001c   Code   RO         1914    i.nrf_drv_uart_tx_in_progress  nrf_drv_uart.o
    0x00022b44   0x00000028   Code   RO         1635    i.nrf_gpio_cfg      nrf_drv_gpiote.o
    0x00022b6c   0x00000028   Code   RO         1916    i.nrf_gpio_cfg      nrf_drv_uart.o
    0x00022b94   0x00000028   Code   RO         2207    i.nrf_gpio_cfg      nrf_drv_spis.o
    0x00022bbc   0x0000001a   Code   RO         1918    i.nrf_gpio_cfg_input  nrf_drv_uart.o
    0x00022bd6   0x00000018   Code   RO         1919    i.nrf_gpio_cfg_output  nrf_drv_uart.o
    0x00022bee   0x00000032   Code   RO          700    i.nrf_gpio_cfg_sense_set  bsp.o
    0x00022c20   0x00000032   Code   RO         1637    i.nrf_gpio_cfg_sense_set  nrf_drv_gpiote.o
    0x00022c52   0x00000016   Code   RO         1638    i.nrf_gpio_pin_clear  nrf_drv_gpiote.o
    0x00022c68   0x00000018   Code   RO         1639    i.nrf_gpio_pin_read  nrf_drv_gpiote.o
    0x00022c80   0x00000016   Code   RO         1640    i.nrf_gpio_pin_set  nrf_drv_gpiote.o
    0x00022c96   0x00000016   Code   RO         1920    i.nrf_gpio_pin_set  nrf_drv_uart.o
    0x00022cac   0x0000003a   Code   RO          583    i.nrf_gpio_pin_write  boards.o
    0x00022ce6   0x00000002   PAD
    0x00022ce8   0x00000028   Code   RO         1641    i.nrf_gpio_ports_read  nrf_drv_gpiote.o
    0x00022d10   0x0000000c   Code   RO         1642    i.nrf_gpiote_event_addr_get  nrf_drv_gpiote.o
    0x00022d1c   0x0000001c   Code   RO         1643    i.nrf_gpiote_event_clear  nrf_drv_gpiote.o
    0x00022d38   0x00000016   Code   RO         1644    i.nrf_gpiote_event_is_set  nrf_drv_gpiote.o
    0x00022d4e   0x00000002   PAD
    0x00022d50   0x0000000c   Code   RO         1645    i.nrf_gpiote_int_enable  nrf_drv_gpiote.o
    0x00022d5c   0x0000000e   Code   RO         2208    i.nrf_spis_event_check  nrf_drv_spis.o
    0x00022d6a   0x0000000e   Code   RO         2209    i.nrf_spis_event_clear  nrf_drv_spis.o
    0x00022d78   0x0000000c   Code   RO         2210    i.nrf_spis_rx_buffer_set  nrf_drv_spis.o
    0x00022d84   0x00000006   Code   RO         2211    i.nrf_spis_task_trigger  nrf_drv_spis.o
    0x00022d8a   0x0000000c   Code   RO         2212    i.nrf_spis_tx_buffer_set  nrf_drv_spis.o
    0x00022d96   0x0000000e   Code   RO         2325    i.nrf_timer_compare_event_get  nrf_drv_timer.o
    0x00022da4   0x0000000a   Code   RO         2326    i.nrf_timer_compare_int_get  nrf_drv_timer.o
    0x00022dae   0x0000000e   Code   RO         2327    i.nrf_timer_event_clear  nrf_drv_timer.o
    0x00022dbc   0x00000006   Code   RO         2328    i.nrf_timer_int_disable  nrf_drv_timer.o
    0x00022dc2   0x00000006   Code   RO         2329    i.nrf_timer_int_enable  nrf_drv_timer.o
    0x00022dc8   0x0000000c   Code   RO         2330    i.nrf_timer_shorts_disable  nrf_drv_timer.o
    0x00022dd4   0x00000006   Code   RO         2331    i.nrf_timer_task_trigger  nrf_drv_timer.o
    0x00022dda   0x0000000c   Code   RO         1921    i.nrf_uart_errorsrc_get_and_clear  nrf_drv_uart.o
    0x00022de6   0x0000000e   Code   RO         1922    i.nrf_uart_event_check  nrf_drv_uart.o
    0x00022df4   0x0000000e   Code   RO         1923    i.nrf_uart_event_clear  nrf_drv_uart.o
    0x00022e02   0x0000000a   Code   RO         1924    i.nrf_uart_hwfc_pins_set  nrf_drv_uart.o
    0x00022e0c   0x00000006   Code   RO         1925    i.nrf_uart_int_disable  nrf_drv_uart.o
    0x00022e12   0x00000006   Code   RO         1926    i.nrf_uart_int_enable  nrf_drv_uart.o
    0x00022e18   0x00000012   Code   RO         1927    i.nrf_uart_int_enable_check  nrf_drv_uart.o
    0x00022e2a   0x00000006   Code   RO         1928    i.nrf_uart_task_trigger  nrf_drv_uart.o
    0x00022e30   0x0000000a   Code   RO         1929    i.nrf_uart_txrx_pins_set  nrf_drv_uart.o
    0x00022e3a   0x0000000c   Code   RO         1930    i.nrf_uarte_errorsrc_get_and_clear  nrf_drv_uart.o
    0x00022e46   0x0000000e   Code   RO         1931    i.nrf_uarte_event_check  nrf_drv_uart.o
    0x00022e54   0x0000000e   Code   RO         1932    i.nrf_uarte_event_clear  nrf_drv_uart.o
    0x00022e62   0x0000000c   Code   RO         1933    i.nrf_uarte_hwfc_pins_set  nrf_drv_uart.o
    0x00022e6e   0x00000006   Code   RO         1935    i.nrf_uarte_int_enable  nrf_drv_uart.o
    0x00022e74   0x0000000a   Code   RO         1936    i.nrf_uarte_rx_amount_get  nrf_drv_uart.o
    0x00022e7e   0x00000006   Code   RO         1937    i.nrf_uarte_task_trigger  nrf_drv_uart.o
    0x00022e84   0x0000000e   Code   RO         1938    i.nrf_uarte_txrx_pins_set  nrf_drv_uart.o
    0x00022e92   0x00000002   PAD
    0x00022e94   0x00000024   Code   RO          259    i.nus_data_handler  blefunctions.o
    0x00022eb8   0x00000032   Code   RO          260    i.on_adv_evt        blefunctions.o
    0x00022eea   0x00000002   PAD
    0x00022eec   0x000001a0   Code   RO          261    i.on_ble_evt        blefunctions.o
    0x0002308c   0x0000002c   Code   RO          262    i.on_conn_params_evt  blefunctions.o
    0x000230b8   0x00000018   Code   RO         1007    i.on_conn_params_update  ble_conn_params.o
    0x000230d0   0x00000038   Code   RO         1008    i.on_connect        ble_conn_params.o
    0x00023108   0x00000006   Code   RO         1295    i.on_connect        ble_nus.o
    0x0002310e   0x00000002   PAD
    0x00023110   0x00000014   Code   RO         1168    i.on_connected      ble_advertising.o
    0x00023124   0x00000040   Code   RO         1009    i.on_disconnect     ble_conn_params.o
    0x00023164   0x00000008   Code   RO         1296    i.on_disconnect     ble_nus.o
    0x0002316c   0x0000003c   Code   RO         1169    i.on_disconnected   ble_advertising.o
    0x000231a8   0x00000038   Code   RO         1170    i.on_timeout        ble_advertising.o
    0x000231e0   0x0000004c   Code   RO         1010    i.on_write          ble_conn_params.o
    0x0002322c   0x00000046   Code   RO         1297    i.on_write          ble_nus.o
    0x00023272   0x00000002   PAD
    0x00023274   0x0000001c   Code   RO         1648    i.pin_in_use_by_gpiote  nrf_drv_gpiote.o
    0x00023290   0x00000018   Code   RO         1649    i.pin_in_use_by_port  nrf_drv_gpiote.o
    0x000232a8   0x00000020   Code   RO         1650    i.pin_in_use_by_te  nrf_drv_gpiote.o
    0x000232c8   0x0000000c   Code   RO         1651    i.pin_in_use_clear  nrf_drv_gpiote.o
    0x000232d4   0x0000001a   Code   RO          263    i.power_manage      blefunctions.o
    0x000232ee   0x00000002   PAD
    0x000232f0   0x00000050   Code   RO          384    i.read_fifo         util.o
    0x00023340   0x0000000c   Code   RO         2700    i.rtc1_compare0_set  app_timer.o
    0x0002334c   0x0000000c   Code   RO         2701    i.rtc1_counter_get  app_timer.o
    0x00023358   0x00000018   Code   RO         2702    i.rtc1_init         app_timer.o
    0x00023370   0x0000003c   Code   RO         2703    i.rtc1_start        app_timer.o
    0x000233ac   0x00000058   Code   RO         2704    i.rtc1_stop         app_timer.o
    0x00023404   0x0000003e   Code   RO         1940    i.rx_byte           nrf_drv_uart.o
    0x00023442   0x00000136   Code   RO         1298    i.rx_char_add       ble_nus.o
    0x00023578   0x0000001e   Code   RO         1941    i.rx_done_event     nrf_drv_uart.o
    0x00023596   0x00000002   PAD
    0x00023598   0x0000008c   Code   RO         3444    i.sd_nvic_EnableIRQ  softdevice_handler.o
    0x00023624   0x00000068   Code   RO         2968    i.sd_nvic_critical_region_enter  app_util_platform.o
    0x0002368c   0x00000096   Code   RO          901    i.service_data_encode  ble_advdata.o
    0x00023722   0x00000002   PAD
    0x00023724   0x00000030   Code   RO          264    i.services_init     blefunctions.o
    0x00023754   0x00000020   Code   RO         1171    i.set_adv_mode_directed  ble_advertising.o
    0x00023774   0x0000002c   Code   RO         1172    i.set_adv_mode_directed_slow  ble_advertising.o
    0x000237a0   0x00000060   Code   RO         1173    i.set_adv_mode_fast  ble_advertising.o
    0x00023800   0x00000060   Code   RO         1174    i.set_adv_mode_slow  ble_advertising.o
    0x00023860   0x0000004c   Code   RO          265    i.sleep_mode_enter  blefunctions.o
    0x000238ac   0x00000018   Code   RO         3445    i.softdevice_ble_evt_handler_set  softdevice_handler.o
    0x000238c4   0x00000028   Code   RO         3446    i.softdevice_enable  softdevice_handler.o
    0x000238ec   0x0000002c   Code   RO         3447    i.softdevice_enable_get_default_config  softdevice_handler.o
    0x00023918   0x00000014   Code   RO         3448    i.softdevice_fault_handler  softdevice_handler.o
    0x0002392c   0x0000009c   Code   RO         3449    i.softdevice_handler_init  softdevice_handler.o
    0x000239c8   0x0000000c   Code   RO         3450    i.softdevice_handler_is_enabled  softdevice_handler.o
    0x000239d4   0x00000114   Code   RO          385    i.spi_app_init      util.o
    0x00023ae8   0x000002ac   Code   RO          386    i.spi_handler       util.o
    0x00023d94   0x00000054   Code   RO          387    i.spis_event_handler  util.o
    0x00023de8   0x00000080   Code   RO         2213    i.spis_irq_handler  nrf_drv_spis.o
    0x00023e68   0x00000014   Code   RO         2214    i.spis_state_change  nrf_drv_spis.o
    0x00023e7c   0x0000009a   Code   RO         2215    i.spis_state_entry_action_execute  nrf_drv_spis.o
    0x00023f16   0x0000000e   Code   RO          902    i.srdata_check      ble_advdata.o
    0x00023f24   0x0000000a   Code   RO         2705    i.ticks_diff_get    app_timer.o
    0x00023f2e   0x00000002   PAD
    0x00023f30   0x00000038   Code   RO         2706    i.timeout_handler_exec  app_timer.o
    0x00023f68   0x0000001c   Code   RO          388    i.timer_led_event_handler  util.o
    0x00023f84   0x00000054   Code   RO         2707    i.timer_list_handler  app_timer.o
    0x00023fd8   0x0000000a   Code   RO         2708    i.timer_list_handler_sched  app_timer.o
    0x00023fe2   0x00000002   PAD
    0x00023fe4   0x00000068   Code   RO         2709    i.timer_list_insert  app_timer.o
    0x0002404c   0x0000006c   Code   RO         2710    i.timer_list_remove  app_timer.o
    0x000240b8   0x0000005e   Code   RO         2711    i.timer_start_op_schedule  app_timer.o
    0x00024116   0x00000042   Code   RO         2712    i.timer_stop_op_schedule  app_timer.o
    0x00024158   0x00000098   Code   RO         2713    i.timer_timeouts_check  app_timer.o
    0x000241f0   0x0000000a   Code   RO         2714    i.timer_timeouts_check_sched  app_timer.o
    0x000241fa   0x00000026   Code   RO         1943    i.tx_byte           nrf_drv_uart.o
    0x00024220   0x000000ec   Code   RO         1299    i.tx_char_add       ble_nus.o
    0x0002430c   0x00000012   Code   RO          389    i.tx_clear          util.o
    0x0002431e   0x00000022   Code   RO         1944    i.tx_done_event     nrf_drv_uart.o
    0x00024340   0x00000036   Code   RO          903    i.tx_power_level_encode  ble_advdata.o
    0x00024376   0x00000014   Code   RO          390    i.tx_set            util.o
    0x0002438a   0x00000142   Code   RO         1945    i.uart_irq_handler  nrf_drv_uart.o
    0x000244cc   0x00000028   Code   RO          391    i.uart_print_init   util.o
    0x000244f4   0x0000010c   Code   RO         1946    i.uarte_irq_handler  nrf_drv_uart.o
    0x00024600   0x00000028   Code   RO          392    i.uartprint         util.o
    0x00024628   0x0000000c   Code   RO         1096    i.uint16_decode     ble_srv_common.o
    0x00024634   0x0000000c   Code   RO          904    i.uint16_encode     ble_advdata.o
    0x00024640   0x00000090   Code   RO         1011    i.update_timeout_handler  ble_conn_params.o
    0x000246d0   0x0000003c   Code   RO         2715    i.user_op_alloc     app_timer.o
    0x0002470c   0x0000000c   Code   RO         2716    i.user_op_enque     app_timer.o
    0x00024718   0x0000004e   Code   RO          905    i.uuid_list_encode  ble_advdata.o
    0x00024766   0x000000dc   Code   RO          906    i.uuid_list_sized_encode  ble_advdata.o
    0x00024842   0x00000002   PAD
    0x00024844   0x0000000c   Code   RO         1175    i.whitelist_has_entries  ble_advertising.o
    0x00024850   0x00000004   Data   RO          267    .constdata          blefunctions.o
    0x00024854   0x00000037   Data   RO          394    .constdata          util.o
    0x0002488b   0x00000001   PAD
    0x0002488c   0x00000004   Data   RO          530    .constdata          buttjob.o
    0x00024890   0x00000008   Data   RO          584    .constdata          boards.o
    0x00024898   0x0000002c   Data   RO          702    .constdata          bsp.o
    0x000248c4   0x00000004   Data   RO         1013    .constdata          ble_conn_params.o
    0x000248c8   0x00000010   Data   RO         1300    .constdata          ble_nus.o
    0x000248d8   0x00000047   Data   RO         1653    .constdata          nrf_drv_gpiote.o
    0x0002491f   0x00000001   PAD
    0x00024920   0x00000020   Data   RO         4065    Region$$Table       anon$$obj.o


    Execution Region RW_IRAM1 (Base: 0x20002128, Size: 0x00004488, Max: 0x0000ded8, ABSOLUTE)

    Base Addr    Size         Type   Attr      Idx    E Section Name        Object

    0x20002128   0x00000006   Data   RW          268    .data               blefunctions.o
    0x2000212e   0x00000002   PAD
    0x20002130   0x00000033   Data   RW          395    .data               util.o
    0x20002163   0x00000004   Data   RW          531    .data               buttjob.o
    0x20002167   0x00000001   PAD
    0x20002168   0x00000015   Data   RW          703    .data               bsp.o
    0x2000217d   0x00000003   PAD
    0x20002180   0x00000008   Data   RW          805    .data               bsp_btn_ble.o
    0x20002188   0x00000015   Data   RW         1014    .data               ble_conn_params.o
    0x2000219d   0x00000003   PAD
    0x200021a0   0x0000001f   Data   RW         1177    .data               ble_advertising.o
    0x200021bf   0x00000001   PAD
    0x200021c0   0x00000022   Data   RW         2717    .data               app_timer.o
    0x200021e2   0x00000002   PAD
    0x200021e4   0x00000018   Data   RW         3456    .data               softdevice_handler.o
    0x200021fc   0x00000004   Data   RW         3659    .data               system_nrf52.o
    0x20002200   0x00000004   Data   RW         4042    .data               mc_w.l(mvars.o)
    0x20002204   0x00000004   Data   RW         4043    .data               mc_w.l(mvars.o)
    0x20002208   0x000000e4   Zero   RW          266    .bss                blefunctions.o
    0x200022ec   0x00000040   Zero   RW          393    .bss                util.o
    0x2000232c   0x0000006c   Zero   RW          701    .bss                bsp.o
    0x20002398   0x0000003c   Zero   RW         1012    .bss                ble_conn_params.o
    0x200023d4   0x000000b3   Zero   RW         1176    .bss                ble_advertising.o
    0x20002487   0x00000001   PAD
    0x20002488   0x00000014   Zero   RW         1384    .bss                nrf_drv_clock.o
    0x2000249c   0x00000058   Zero   RW         1652    .bss                nrf_drv_gpiote.o
    0x200024f4   0x00000020   Zero   RW         1947    .bss                nrf_drv_uart.o
    0x20002514   0x00000018   Zero   RW         2216    .bss                nrf_drv_spis.o
    0x2000252c   0x0000000c   Zero   RW         2332    .bss                nrf_drv_timer.o
    0x20002538   0x0000000c   Zero   RW         2969    .bss                app_util_platform.o
    0x20002544   0x00000068   Zero   RW         3044    .bss                fstorage.o
    0x200025ac   0x00000004   PAD
    0x200025b0   0x00002000   Zero   RW         3640    HEAP                arm_startup_nrf52.o
    0x200045b0   0x00002000   Zero   RW         3639    STACK               arm_startup_nrf52.o


==============================================================================

Image component sizes


      Code (inc. data)   RO Data    RW Data    ZI Data      Debug   Object Name

        28          0          0          0          0       2269   app_error.o
        68          8          0          0          0      27453   app_error_weak.o
      2320        264          0         34          0      70447   app_timer.o
       200         24          0          0         12      10442   app_util_platform.o
        36          8       1024          0      16384        896   arm_startup_nrf52.o
      1818          0          0          0          0      34324   ble_advdata.o
      1356        208          0         31        179      14936   ble_advertising.o
       706        120          4         21         60       8128   ble_conn_params.o
       844          4         16          0          0       6696   ble_nus.o
        30          0          0          0          0      18070   ble_srv_common.o
      1360        104          4          6        228      10989   blefunctions.o
       282         24          8          0          0      11165   boards.o
      1204         80         44         21        108      11528   bsp.o
       338         10          0          8          0       4762   bsp_btn_ble.o
       140         48          4          4          0       2456   buttjob.o
        24          6          0          0        104       3464   fstorage.o
       216        108          0          0          0     113991   main.o
       358         34          0          0         20      13808   nrf_drv_clock.o
        96         12          0          0          0      27675   nrf_drv_common.o
      1882        114         71          0         88      37601   nrf_drv_gpiote.o
       988         18          0          0         24      24318   nrf_drv_spis.o
       524         20          0          0         12      21953   nrf_drv_timer.o
      2008         54          0          0         32      45154   nrf_drv_uart.o
       770         94          0         24          0     130887   softdevice_handler.o
      1096        112          0          4          0       6351   system_nrf52.o
      1608        384         55         51         64      31001   util.o

    ----------------------------------------------------------------------
     20344       1858       1264        216      17320     690764   Object Totals
         0          0         32          0          0          0   (incl. Generated)
        44          0          2         12          5          0   (incl. Padding)

    ----------------------------------------------------------------------

      Code (inc. data)   RO Data    RW Data    ZI Data      Debug   Library Member Name

         0          0          0          0          0          0   entry.o
         0          0          0          0          0          0   entry10a.o
         0          0          0          0          0          0   entry11a.o
         8          4          0          0          0          0   entry2.o
         4          0          0          0          0          0   entry5.o
         0          0          0          0          0          0   entry7b.o
         0          0          0          0          0          0   entry8b.o
         8          4          0          0          0          0   entry9a.o
        30          0          0          0          0          0   handlers.o
        36          8          0          0          0         68   init.o
        30          0          0          0          0         68   llshl.o
        32          0          0          0          0         68   llushr.o
       108         16          0          0          0         84   malloc.o
        36          0          0          0          0         68   memcpya.o
        36          0          0          0          0        108   memseta.o
         0          0          0          8          0          0   mvars.o
       774         50          0          0          0        252   printf5.o
        18          0          0          0          0         68   strcpy.o
        14          0          0          0          0         68   strlen.o
        98          0          0          0          0         92   uldiv.o

    ----------------------------------------------------------------------
      1240         82          0          8          0        944   Library Totals
         8          0          0          0          0          0   (incl. Padding)

    ----------------------------------------------------------------------

      Code (inc. data)   RO Data    RW Data    ZI Data      Debug   Library Name

      1232         82          0          8          0        944   mc_w.l

    ----------------------------------------------------------------------
      1240         82          0          8          0        944   Library Totals

    ----------------------------------------------------------------------

==============================================================================


      Code (inc. data)   RO Data    RW Data    ZI Data      Debug   

     21584       1940       1264        224      17320     665796   Grand Totals
     21584       1940       1264        224      17320     665796   ELF Image Totals
     21584       1940       1264        224          0          0   ROM Totals

==============================================================================

    Total RO  Size (Code + RO Data)                22848 (  22.31kB)
    Total RW  Size (RW Data + ZI Data)             17544 (  17.13kB)
    Total ROM Size (Code + RO Data + RW Data)      23072 (  22.53kB)

==============================================================================

