Component: ARM Compiler 5.06 update 4 (build 422) Tool: armlink [4d35d2]

==============================================================================

Section Cross References

    main.o(i.main) refers to util.o(i.uart_print_init) for uart_print_init
    main.o(i.main) refers to printf5.o(i.__0snprintf$5) for __2snprintf
    main.o(i.main) refers to util.o(i.uartprint) for uartprint
    main.o(i.main) refers to util.o(i.spi_app_init) for spi_app_init
    main.o(i.main) refers to util.o(i.fifo_init) for fifo_init
    main.o(i.main) refers to buttjob.o(i.butt_init) for butt_init
    main.o(i.main) refers to blefunctions.o(i.ble_app_init) for ble_app_init
    main.o(i.main) refers to util.o(i.spi_handler) for spi_handler
    main.o(i.main) refers to util.o(.bss) for printbuf
    blefunctions.o(i.advertising_init) refers to memseta.o(.text) for __aeabi_memclr4
    blefunctions.o(i.advertising_init) refers to ble_advertising.o(i.ble_advertising_init) for ble_advertising_init
    blefunctions.o(i.advertising_init) refers to app_error.o(i.app_error_handler_bare) for app_error_handler_bare
    blefunctions.o(i.advertising_init) refers to blefunctions.o(.data) for m_adv_uuids
    blefunctions.o(i.advertising_init) refers to blefunctions.o(i.on_adv_evt) for on_adv_evt
    blefunctions.o(i.assert_nrf_callback) refers to app_error.o(i.app_error_handler) for app_error_handler
    blefunctions.o(i.ble_app_init) refers to app_timer.o(i.app_timer_init) for app_timer_init
    blefunctions.o(i.ble_app_init) refers to app_error.o(i.app_error_handler_bare) for app_error_handler_bare
    blefunctions.o(i.ble_app_init) refers to blefunctions.o(i.ble_stack_init) for ble_stack_init
    blefunctions.o(i.ble_app_init) refers to blefunctions.o(i.gap_params_init) for gap_params_init
    blefunctions.o(i.ble_app_init) refers to blefunctions.o(i.services_init) for services_init
    blefunctions.o(i.ble_app_init) refers to blefunctions.o(i.advertising_init) for advertising_init
    blefunctions.o(i.ble_app_init) refers to blefunctions.o(i.conn_params_init) for conn_params_init
    blefunctions.o(i.ble_app_init) refers to printf5.o(i.__0snprintf$5) for __2snprintf
    blefunctions.o(i.ble_app_init) refers to util.o(i.uartprint) for uartprint
    blefunctions.o(i.ble_app_init) refers to ble_advertising.o(i.ble_advertising_start) for ble_advertising_start
    blefunctions.o(i.ble_app_init) refers to blefunctions.o(.bss) for APP_TIMER_BUF
    blefunctions.o(i.ble_app_init) refers to util.o(.bss) for printbuf
    blefunctions.o(i.ble_evt_dispatch) refers to ble_conn_params.o(i.ble_conn_params_on_ble_evt) for ble_conn_params_on_ble_evt
    blefunctions.o(i.ble_evt_dispatch) refers to ble_nus.o(i.ble_nus_on_ble_evt) for ble_nus_on_ble_evt
    blefunctions.o(i.ble_evt_dispatch) refers to blefunctions.o(i.on_ble_evt) for on_ble_evt
    blefunctions.o(i.ble_evt_dispatch) refers to ble_advertising.o(i.ble_advertising_on_ble_evt) for ble_advertising_on_ble_evt
    blefunctions.o(i.ble_evt_dispatch) refers to bsp_btn_ble.o(i.bsp_btn_ble_on_ble_evt) for bsp_btn_ble_on_ble_evt
    blefunctions.o(i.ble_evt_dispatch) refers to blefunctions.o(.bss) for m_nus
    blefunctions.o(i.ble_print) refers to printf5.o(i.__0snprintf$5) for __2snprintf
    blefunctions.o(i.ble_print) refers to util.o(i.uartprint) for uartprint
    blefunctions.o(i.ble_print) refers to strlen.o(.text) for strlen
    blefunctions.o(i.ble_print) refers to ble_nus.o(i.ble_nus_string_send) for ble_nus_string_send
    blefunctions.o(i.ble_print) refers to util.o(.bss) for printbuf
    blefunctions.o(i.ble_print) refers to blefunctions.o(.bss) for m_nus
    blefunctions.o(i.ble_stack_init) refers to softdevice_handler.o(i.softdevice_handler_init) for softdevice_handler_init
    blefunctions.o(i.ble_stack_init) refers to app_error.o(i.app_error_handler_bare) for app_error_handler_bare
    blefunctions.o(i.ble_stack_init) refers to softdevice_handler.o(i.softdevice_enable_get_default_config) for softdevice_enable_get_default_config
    blefunctions.o(i.ble_stack_init) refers to softdevice_handler.o(i.softdevice_enable) for softdevice_enable
    blefunctions.o(i.ble_stack_init) refers to softdevice_handler.o(i.softdevice_ble_evt_handler_set) for softdevice_ble_evt_handler_set
    blefunctions.o(i.ble_stack_init) refers to blefunctions.o(.constdata) for .constdata
    blefunctions.o(i.ble_stack_init) refers to blefunctions.o(.bss) for BLE_EVT_BUFFER
    blefunctions.o(i.ble_stack_init) refers to blefunctions.o(i.ble_evt_dispatch) for ble_evt_dispatch
    blefunctions.o(i.bsp_event_handler) refers to blefunctions.o(i.sleep_mode_enter) for sleep_mode_enter
    blefunctions.o(i.bsp_event_handler) refers to app_error.o(i.app_error_handler_bare) for app_error_handler_bare
    blefunctions.o(i.bsp_event_handler) refers to ble_advertising.o(i.ble_advertising_restart_without_whitelist) for ble_advertising_restart_without_whitelist
[...]
    nrf_timer_int_disable                    0x00022ebd   Thumb Code     6  nrf_drv_timer.o(i.nrf_timer_int_disable)
    i.nrf_timer_int_enable                   0x00022ec2   Section        0  nrf_drv_timer.o(i.nrf_timer_int_enable)
    nrf_timer_int_enable                     0x00022ec3   Thumb Code     6  nrf_drv_timer.o(i.nrf_timer_int_enable)
    i.nrf_timer_shorts_disable               0x00022ec8   Section        0  nrf_drv_timer.o(i.nrf_timer_shorts_disable)
    nrf_timer_shorts_disable                 0x00022ec9   Thumb Code    12  nrf_drv_timer.o(i.nrf_timer_shorts_disable)
    i.nrf_timer_task_trigger                 0x00022ed4   Section        0  nrf_drv_timer.o(i.nrf_timer_task_trigger)
    nrf_timer_task_trigger                   0x00022ed5   Thumb Code     6  nrf_drv_timer.o(i.nrf_timer_task_trigger)
    i.nrf_uart_errorsrc_get_and_clear        0x00022eda   Section        0  nrf_drv_uart.o(i.nrf_uart_errorsrc_get_and_clear)
    nrf_uart_errorsrc_get_and_clear          0x00022edb   Thumb Code    12  nrf_drv_uart.o(i.nrf_uart_errorsrc_get_and_clear)
    i.nrf_uart_event_check                   0x00022ee6   Section        0  nrf_drv_uart.o(i.nrf_uart_event_check)
    nrf_uart_event_check                     0x00022ee7   Thumb Code    14  nrf_drv_uart.o(i.nrf_uart_event_check)
    i.nrf_uart_event_clear                   0x00022ef4   Section        0  nrf_drv_uart.o(i.nrf_uart_event_clear)
    nrf_uart_event_clear                     0x00022ef5   Thumb Code    14  nrf_drv_uart.o(i.nrf_uart_event_clear)
    i.nrf_uart_hwfc_pins_set                 0x00022f02   Section        0  nrf_drv_uart.o(i.nrf_uart_hwfc_pins_set)
    nrf_uart_hwfc_pins_set                   0x00022f03   Thumb Code    10  nrf_drv_uart.o(i.nrf_uart_hwfc_pins_set)
    i.nrf_uart_int_disable                   0x00022f0c   Section        0  nrf_drv_uart.o(i.nrf_uart_int_disable)
    nrf_uart_int_disable                     0x00022f0d   Thumb Code     6  nrf_drv_uart.o(i.nrf_uart_int_disable)
    i.nrf_uart_int_enable                    0x00022f12   Section        0  nrf_drv_uart.o(i.nrf_uart_int_enable)
    nrf_uart_int_enable                      0x00022f13   Thumb Code     6  nrf_drv_uart.o(i.nrf_uart_int_enable)
    i.nrf_uart_int_enable_check              0x00022f18   Section        0  nrf_drv_uart.o(i.nrf_uart_int_enable_check)
    nrf_uart_int_enable_check                0x00022f19   Thumb Code    18  nrf_drv_uart.o(i.nrf_uart_int_enable_check)
    i.nrf_uart_task_trigger                  0x00022f2a   Section        0  nrf_drv_uart.o(i.nrf_uart_task_trigger)
    nrf_uart_task_trigger                    0x00022f2b   Thumb Code     6  nrf_drv_uart.o(i.nrf_uart_task_trigger)
    i.nrf_uart_txrx_pins_set                 0x00022f30   Section        0  nrf_drv_uart.o(i.nrf_uart_txrx_pins_set)
    nrf_uart_txrx_pins_set                   0x00022f31   Thumb Code    10  nrf_drv_uart.o(i.nrf_uart_txrx_pins_set)
    i.nrf_uarte_errorsrc_get_and_clear       0x00022f3a   Section        0  nrf_drv_uart.o(i.nrf_uarte_errorsrc_get_and_clear)
    nrf_uarte_errorsrc_get_and_clear         0x00022f3b   Thumb Code    12  nrf_drv_uart.o(i.nrf_uarte_errorsrc_get_and_clear)
    i.nrf_uarte_event_check                  0x00022f46   Section        0  nrf_drv_uart.o(i.nrf_uarte_event_check)
    nrf_uarte_event_check                    0x00022f47   Thumb Code    14  nrf_drv_uart.o(i.nrf_uarte_event_check)
    i.nrf_uarte_event_clear                  0x00022f54   Section        0  nrf_drv_uart.o(i.nrf_uarte_event_clear)
    nrf_uarte_event_clear                    0x00022f55   Thumb Code    14  nrf_drv_uart.o(i.nrf_uarte_event_clear)
    i.nrf_uarte_hwfc_pins_set                0x00022f62   Section        0  nrf_drv_uart.o(i.nrf_uarte_hwfc_pins_set)
    nrf_uarte_hwfc_pins_set                  0x00022f63   Thumb Code    12  nrf_drv_uart.o(i.nrf_uarte_hwfc_pins_set)
    i.nrf_uarte_int_enable                   0x00022f6e   Section        0  nrf_drv_uart.o(i.nrf_uarte_int_enable)
    nrf_uarte_int_enable                     0x00022f6f   Thumb Code     6  nrf_drv_uart.o(i.nrf_uarte_int_enable)
    i.nrf_uarte_rx_amount_get                0x00022f74   Section        0  nrf_drv_uart.o(i.nrf_uarte_rx_amount_get)
    nrf_uarte_rx_amount_get                  0x00022f75   Thumb Code    10  nrf_drv_uart.o(i.nrf_uarte_rx_amount_get)
    i.nrf_uarte_task_trigger                 0x00022f7e   Section        0  nrf_drv_uart.o(i.nrf_uarte_task_trigger)
    nrf_uarte_task_trigger                   0x00022f7f   Thumb Code     6  nrf_drv_uart.o(i.nrf_uarte_task_trigger)
    i.nrf_uarte_txrx_pins_set                0x00022f84   Section        0  nrf_drv_uart.o(i.nrf_uarte_txrx_pins_set)
    nrf_uarte_txrx_pins_set                  0x00022f85   Thumb Code    14  nrf_drv_uart.o(i.nrf_uarte_txrx_pins_set)
    i.nus_data_handler                       0x00022f94   Section        0  blefunctions.o(i.nus_data_handler)
    i.on_adv_evt                             0x00022fb8   Section        0  blefunctions.o(i.on_adv_evt)
    i.on_ble_evt                             0x00022fec   Section        0  blefunctions.o(i.on_ble_evt)
    i.on_conn_params_evt                     0x0002318c   Section        0  blefunctions.o(i.on_conn_params_evt)
    i.on_conn_params_update                  0x000231b8   Section        0  ble_conn_params.o(i.on_conn_params_update)
    on_conn_params_update                    0x000231b9   Thumb Code    20  ble_conn_params.o(i.on_conn_params_update)
    i.on_connect                             0x000231d0   Section        0  ble_conn_params.o(i.on_connect)
    on_connect                               0x000231d1   Thumb Code    38  ble_conn_params.o(i.on_connect)
    i.on_connect                             0x00023208   Section        0  ble_nus.o(i.on_connect)
    on_connect                               0x00023209   Thumb Code     6  ble_nus.o(i.on_connect)
    i.on_connected                           0x00023210   Section        0  ble_advertising.o(i.on_connected)
    on_connected                             0x00023211   Thumb Code    14  ble_advertising.o(i.on_connected)
    i.on_disconnect                          0x00023224   Section        0  ble_conn_params.o(i.on_disconnect)
    on_disconnect                            0x00023225   Thumb Code    46  ble_conn_params.o(i.on_disconnect)
    i.on_disconnect                          0x00023264   Section        0  ble_nus.o(i.on_disconnect)
    on_disconnect                            0x00023265   Thumb Code     8  ble_nus.o(i.on_disconnect)
    i.on_disconnected                        0x0002326c   Section        0  ble_advertising.o(i.on_disconnected)
    on_disconnected                          0x0002326d   Thumb Code    46  ble_advertising.o(i.on_disconnected)
    i.on_timeout                             0x000232a8   Section        0  ble_advertising.o(i.on_timeout)
    on_timeout                               0x000232a9   Thumb Code    46  ble_advertising.o(i.on_timeout)
    i.on_write                               0x000232e0   Section        0  ble_conn_params.o(i.on_write)
    on_write                                 0x000232e1   Thumb Code    68  ble_conn_params.o(i.on_write)
    i.on_write                               0x0002332c   Section        0  ble_nus.o(i.on_write)
    on_write                                 0x0002332d   Thumb Code    70  ble_nus.o(i.on_write)
    i.pin_in_use_by_gpiote                   0x00023374   Section        0  nrf_drv_gpiote.o(i.pin_in_use_by_gpiote)
    pin_in_use_by_gpiote                     0x00023375   Thumb Code    22  nrf_drv_gpiote.o(i.pin_in_use_by_gpiote)
    i.pin_in_use_by_port                     0x00023390   Section        0  nrf_drv_gpiote.o(i.pin_in_use_by_port)
    pin_in_use_by_port                       0x00023391   Thumb Code    18  nrf_drv_gpiote.o(i.pin_in_use_by_port)
    i.pin_in_use_by_te                       0x000233a8   Section        0  nrf_drv_gpiote.o(i.pin_in_use_by_te)
    pin_in_use_by_te                         0x000233a9   Thumb Code    26  nrf_drv_gpiote.o(i.pin_in_use_by_te)
    i.pin_in_use_clear                       0x000233c8   Section        0  nrf_drv_gpiote.o(i.pin_in_use_clear)
    pin_in_use_clear                         0x000233c9   Thumb Code     8  nrf_drv_gpiote.o(i.pin_in_use_clear)
    i.power_manage                           0x000233d4   Section        0  blefunctions.o(i.power_manage)
    i.read_fifo                              0x000233f0   Section        0  util.o(i.read_fifo)
    i.rtc1_compare0_set                      0x00023440   Section        0  app_timer.o(i.rtc1_compare0_set)
    rtc1_compare0_set                        0x00023441   Thumb Code     6  app_timer.o(i.rtc1_compare0_set)
    i.rtc1_counter_get                       0x0002344c   Section        0  app_timer.o(i.rtc1_counter_get)
    rtc1_counter_get                         0x0002344d   Thumb Code     6  app_timer.o(i.rtc1_counter_get)
    i.rtc1_init                              0x00023458   Section        0  app_timer.o(i.rtc1_init)
    rtc1_init                                0x00023459   Thumb Code    18  app_timer.o(i.rtc1_init)
    i.rtc1_start                             0x00023470   Section        0  app_timer.o(i.rtc1_start)
    rtc1_start                               0x00023471   Thumb Code    48  app_timer.o(i.rtc1_start)
    i.rtc1_stop                              0x000234ac   Section        0  app_timer.o(i.rtc1_stop)
    rtc1_stop                                0x000234ad   Thumb Code    68  app_timer.o(i.rtc1_stop)
    i.rx_byte                                0x00023504   Section        0  nrf_drv_uart.o(i.rx_byte)
    rx_byte                                  0x00023505   Thumb Code    62  nrf_drv_uart.o(i.rx_byte)
    i.rx_char_add                            0x00023542   Section        0  ble_nus.o(i.rx_char_add)
    rx_char_add                              0x00023543   Thumb Code   310  ble_nus.o(i.rx_char_add)
    i.rx_done_event                          0x00023678   Section        0  nrf_drv_uart.o(i.rx_done_event)
    rx_done_event                            0x00023679   Thumb Code    30  nrf_drv_uart.o(i.rx_done_event)
    i.sd_nvic_EnableIRQ                      0x00023698   Section        0  softdevice_handler.o(i.sd_nvic_EnableIRQ)
    sd_nvic_EnableIRQ                        0x00023699   Thumb Code   126  softdevice_handler.o(i.sd_nvic_EnableIRQ)
    i.sd_nvic_critical_region_enter          0x00023724   Section        0  app_util_platform.o(i.sd_nvic_critical_region_enter)
    sd_nvic_critical_region_enter            0x00023725   Thumb Code    90  app_util_platform.o(i.sd_nvic_critical_region_enter)
    i.service_data_encode                    0x0002378c   Section        0  ble_advdata.o(i.service_data_encode)
    service_data_encode                      0x0002378d   Thumb Code   150  ble_advdata.o(i.service_data_encode)
    i.services_init                          0x00023824   Section        0  blefunctions.o(i.services_init)
    i.set_adv_mode_directed                  0x00023854   Section        0  ble_advertising.o(i.set_adv_mode_directed)
    set_adv_mode_directed                    0x00023855   Thumb Code    24  ble_advertising.o(i.set_adv_mode_directed)
    i.set_adv_mode_directed_slow             0x00023874   Section        0  ble_advertising.o(i.set_adv_mode_directed_slow)
    set_adv_mode_directed_slow               0x00023875   Thumb Code    32  ble_advertising.o(i.set_adv_mode_directed_slow)
    i.set_adv_mode_fast                      0x000238a0   Section        0  ble_advertising.o(i.set_adv_mode_fast)
    set_adv_mode_fast                        0x000238a1   Thumb Code    78  ble_advertising.o(i.set_adv_mode_fast)
    i.set_adv_mode_slow                      0x00023900   Section        0  ble_advertising.o(i.set_adv_mode_slow)
    set_adv_mode_slow                        0x00023901   Thumb Code    78  ble_advertising.o(i.set_adv_mode_slow)
    i.sleep_mode_enter                       0x00023960   Section        0  blefunctions.o(i.sleep_mode_enter)
    i.softdevice_ble_evt_handler_set         0x000239ac   Section        0  softdevice_handler.o(i.softdevice_ble_evt_handler_set)
    i.softdevice_enable                      0x000239c4   Section        0  softdevice_handler.o(i.softdevice_enable)
    i.softdevice_enable_get_default_config   0x000239ec   Section        0  softdevice_handler.o(i.softdevice_enable_get_default_config)
    i.softdevice_fault_handler               0x00023a18   Section        0  softdevice_handler.o(i.softdevice_fault_handler)
    i.softdevice_handler_init                0x00023a2c   Section        0  softdevice_handler.o(i.softdevice_handler_init)
    i.softdevice_handler_is_enabled          0x00023ac8   Section        0  softdevice_handler.o(i.softdevice_handler_is_enabled)
    i.spi_app_init                           0x00023ad4   Section        0  util.o(i.spi_app_init)
    i.spi_handler                            0x00023be8   Section        0  util.o(i.spi_handler)
    i.spis_event_handler                     0x00023e98   Section        0  util.o(i.spis_event_handler)
    i.spis_irq_handler                       0x00023eec   Section        0  nrf_drv_spis.o(i.spis_irq_handler)
    spis_irq_handler                         0x00023eed   Thumb Code   128  nrf_drv_spis.o(i.spis_irq_handler)
    i.spis_state_change                      0x00023f6c   Section        0  nrf_drv_spis.o(i.spis_state_change)
    spis_state_change                        0x00023f6d   Thumb Code    20  nrf_drv_spis.o(i.spis_state_change)
    i.spis_state_entry_action_execute        0x00023f80   Section        0  nrf_drv_spis.o(i.spis_state_entry_action_execute)
    spis_state_entry_action_execute          0x00023f81   Thumb Code   154  nrf_drv_spis.o(i.spis_state_entry_action_execute)
    i.srdata_check                           0x0002401a   Section        0  ble_advdata.o(i.srdata_check)
    srdata_check                             0x0002401b   Thumb Code    14  ble_advdata.o(i.srdata_check)
    i.ticks_diff_get                         0x00024028   Section        0  app_timer.o(i.ticks_diff_get)
    ticks_diff_get                           0x00024029   Thumb Code    10  app_timer.o(i.ticks_diff_get)
    i.timeout_handler_exec                   0x00024034   Section        0  app_timer.o(i.timeout_handler_exec)
    timeout_handler_exec                     0x00024035   Thumb Code    50  app_timer.o(i.timeout_handler_exec)
    i.timer_led_event_handler                0x0002406c   Section        0  util.o(i.timer_led_event_handler)
    i.timer_list_handler                     0x00024088   Section        0  app_timer.o(i.timer_list_handler)
    timer_list_handler                       0x00024089   Thumb Code    72  app_timer.o(i.timer_list_handler)
    i.timer_list_handler_sched               0x000240dc   Section        0  app_timer.o(i.timer_list_handler_sched)
    timer_list_handler_sched                 0x000240dd   Thumb Code    10  app_timer.o(i.timer_list_handler_sched)
    i.timer_list_insert                      0x000240e8   Section        0  app_timer.o(i.timer_list_insert)
    timer_list_insert                        0x000240e9   Thumb Code    98  app_timer.o(i.timer_list_insert)
    i.timer_list_remove                      0x00024150   Section        0  app_timer.o(i.timer_list_remove)
    timer_list_remove                        0x00024151   Thumb Code    90  app_timer.o(i.timer_list_remove)
    i.timer_start_op_schedule                0x000241bc   Section        0  app_timer.o(i.timer_start_op_schedule)
    timer_start_op_schedule                  0x000241bd   Thumb Code    94  app_timer.o(i.timer_start_op_schedule)
    i.timer_stop_op_schedule                 0x0002421a   Section        0  app_timer.o(i.timer_stop_op_schedule)
    timer_stop_op_schedule                   0x0002421b   Thumb Code    66  app_timer.o(i.timer_stop_op_schedule)
    i.timer_timeouts_check                   0x0002425c   Section        0  app_timer.o(i.timer_timeouts_check)
    timer_timeouts_check                     0x0002425d   Thumb Code   130  app_timer.o(i.timer_timeouts_check)
    i.timer_timeouts_check_sched             0x000242f4   Section        0  app_timer.o(i.timer_timeouts_check_sched)
    timer_timeouts_check_sched               0x000242f5   Thumb Code    10  app_timer.o(i.timer_timeouts_check_sched)
    i.tx_byte                                0x000242fe   Section        0  nrf_drv_uart.o(i.tx_byte)
    tx_byte                                  0x000242ff   Thumb Code    38  nrf_drv_uart.o(i.tx_byte)
    i.tx_char_add                            0x00024324   Section        0  ble_nus.o(i.tx_char_add)
    tx_char_add                              0x00024325   Thumb Code   236  ble_nus.o(i.tx_char_add)
    i.tx_clear                               0x00024410   Section        0  util.o(i.tx_clear)
    i.tx_done_event                          0x00024422   Section        0  nrf_drv_uart.o(i.tx_done_event)
    tx_done_event                            0x00024423   Thumb Code    34  nrf_drv_uart.o(i.tx_done_event)
    i.tx_power_level_encode                  0x00024444   Section        0  ble_advdata.o(i.tx_power_level_encode)
    tx_power_level_encode                    0x00024445   Thumb Code    54  ble_advdata.o(i.tx_power_level_encode)
    i.tx_set                                 0x0002447a   Section        0  util.o(i.tx_set)
    i.uart_irq_handler                       0x0002448e   Section        0  nrf_drv_uart.o(i.uart_irq_handler)
    uart_irq_handler                         0x0002448f   Thumb Code   322  nrf_drv_uart.o(i.uart_irq_handler)
    i.uart_print_init                        0x000245d0   Section        0  util.o(i.uart_print_init)
    i.uarte_irq_handler                      0x000245f8   Section        0  nrf_drv_uart.o(i.uarte_irq_handler)
    uarte_irq_handler                        0x000245f9   Thumb Code   268  nrf_drv_uart.o(i.uarte_irq_handler)
    i.uartprint                              0x00024704   Section        0  util.o(i.uartprint)
    i.uint16_decode                          0x0002472c   Section        0  ble_srv_common.o(i.uint16_decode)
    uint16_decode                            0x0002472d   Thumb Code    12  ble_srv_common.o(i.uint16_decode)
    i.uint16_encode                          0x00024738   Section        0  ble_advdata.o(i.uint16_encode)
    uint16_encode                            0x00024739   Thumb Code    12  ble_advdata.o(i.uint16_encode)
    i.update_timeout_handler                 0x00024744   Section        0  ble_conn_params.o(i.update_timeout_handler)
    update_timeout_handler                   0x00024745   Thumb Code   126  ble_conn_params.o(i.update_timeout_handler)
    i.user_op_alloc                          0x000247d4   Section        0  app_timer.o(i.user_op_alloc)
    user_op_alloc                            0x000247d5   Thumb Code    56  app_timer.o(i.user_op_alloc)
    i.user_op_enque                          0x00024810   Section        0  app_timer.o(i.user_op_enque)
    user_op_enque                            0x00024811   Thumb Code     6  app_timer.o(i.user_op_enque)
    i.uuid_list_encode                       0x0002481c   Section        0  ble_advdata.o(i.uuid_list_encode)
    uuid_list_encode                         0x0002481d   Thumb Code    78  ble_advdata.o(i.uuid_list_encode)
    i.uuid_list_sized_encode                 0x0002486a   Section        0  ble_advdata.o(i.uuid_list_sized_encode)
    uuid_list_sized_encode                   0x0002486b   Thumb Code   220  ble_advdata.o(i.uuid_list_sized_encode)
    i.whitelist_has_entries                  0x00024948   Section        0  ble_advertising.o(i.whitelist_has_entries)
    whitelist_has_entries                    0x00024949   Thumb Code     6  ble_advertising.o(i.whitelist_has_entries)
    .constdata                               0x00024954   Section        4  blefunctions.o(.constdata)
    .constdata                               0x00024958   Section       55  util.o(.constdata)
    spis                                     0x00024958   Data           8  util.o(.constdata)
    .constdata                               0x00024990   Section        4  buttjob.o(.constdata)
    .constdata                               0x00024994   Section        8  boards.o(.constdata)
    m_board_led_list                         0x00024994   Data           4  boards.o(.constdata)
    m_board_btn_list                         0x00024998   Data           4  boards.o(.constdata)
    .constdata                               0x0002499c   Section       44  bsp.o(.constdata)
    m_leds_timer_id                          0x0002499c   Data           4  bsp.o(.constdata)
    m_alert_timer_id                         0x000249a0   Data           4  bsp.o(.constdata)
    m_button_timer_id                        0x000249a4   Data           4  bsp.o(.constdata)
    app_buttons                              0x000249a8   Data          32  bsp.o(.constdata)
    .constdata                               0x000249c8   Section        4  ble_conn_params.o(.constdata)
    m_conn_params_timer_id                   0x000249c8   Data           4  ble_conn_params.o(.constdata)
    .constdata                               0x000249cc   Section       16  ble_nus.o(.constdata)
    .constdata                               0x000249dc   Section       71  nrf_drv_gpiote.o(.constdata)
    __func__                                 0x000249e0   Data          20  nrf_drv_gpiote.o(.constdata)
    __func__                                 0x000249f4   Data          24  nrf_drv_gpiote.o(.constdata)
    __func__                                 0x00024a0c   Data          23  nrf_drv_gpiote.o(.constdata)
    .data                                    0x20002128   Section        6  blefunctions.o(.data)
    m_conn_handle                            0x20002128   Data           2  blefunctions.o(.data)
    m_adv_uuids                              0x2000212a   Data           4  blefunctions.o(.data)
    .data                                    0x20002130   Section       51  util.o(.data)
    p_uart                                   0x20002130   Data           8  util.o(.data)
    p_uart_config                            0x20002138   Data          32  util.o(.data)
    m_tx_buf                                 0x2000215a   Data           3  util.o(.data)
    m_rx_buf                                 0x2000215d   Data           4  util.o(.data)
    spis_xfer_done                           0x20002161   Data           1  util.o(.data)
    .data                                    0x20002163   Section        4  buttjob.o(.data)
    .data                                    0x20002168   Section       21  bsp.o(.data)
    m_stable_state                           0x20002168   Data           1  bsp.o(.data)
    m_leds_clear                             0x20002169   Data           1  bsp.o(.data)
    m_app_ticks_per_100ms                    0x2000216c   Data           4  bsp.o(.data)
    m_indication_type                        0x20002170   Data           4  bsp.o(.data)
    m_registered_callback                    0x20002174   Data           4  bsp.o(.data)
    current_long_push_pin_no                 0x20002178   Data           1  bsp.o(.data)
    release_event_at_push                    0x20002179   Data           4  bsp.o(.data)
    .data                                    0x20002180   Section        8  bsp_btn_ble.o(.data)
    m_error_handler                          0x20002180   Data           4  bsp_btn_ble.o(.data)
    m_num_connections                        0x20002184   Data           4  bsp_btn_ble.o(.data)
    .data                                    0x20002188   Section       21  ble_conn_params.o(.data)
    m_preferred_conn_params                  0x20002188   Data           8  ble_conn_params.o(.data)
    m_update_count                           0x20002190   Data           1  ble_conn_params.o(.data)
    m_conn_handle                            0x20002192   Data           2  ble_conn_params.o(.data)
    m_current_conn_params                    0x20002194   Data           8  ble_conn_params.o(.data)
    m_change_param                           0x2000219c   Data           1  ble_conn_params.o(.data)
    .data                                    0x200021a0   Section       31  ble_advertising.o(.data)
    m_initialized                            0x200021a0   Data           1  ble_advertising.o(.data)
    m_advertising_start_pending              0x200021a1   Data           1  ble_advertising.o(.data)
    m_adv_evt                                0x200021a2   Data           1  ble_advertising.o(.data)
    m_adv_mode_current                       0x200021a3   Data           1  ble_advertising.o(.data)
    m_peer_address                           0x200021a4   Data           7  ble_advertising.o(.data)
    m_peer_addr_reply_expected               0x200021ab   Data           1  ble_advertising.o(.data)
    m_slave_conn_int                         0x200021ac   Data           4  ble_advertising.o(.data)
    m_current_slave_link_conn_handle         0x200021b0   Data           2  ble_advertising.o(.data)
    m_evt_handler                            0x200021b4   Data           4  ble_advertising.o(.data)
    m_error_handler                          0x200021b8   Data           4  ble_advertising.o(.data)
    m_whitelist_temporarily_disabled         0x200021bc   Data           1  ble_advertising.o(.data)
    m_whitelist_reply_expected               0x200021bd   Data           1  ble_advertising.o(.data)
    m_whitelist_in_use                       0x200021be   Data           1  ble_advertising.o(.data)
    .data                                    0x200021c0   Section       34  app_timer.o(.data)
    m_op_queue                               0x200021c0   Data           8  app_timer.o(.data)
    mp_timer_id_head                         0x200021c8   Data           4  app_timer.o(.data)
    m_ticks_latest                           0x200021cc   Data           4  app_timer.o(.data)
    m_ticks_elapsed                          0x200021d0   Data           8  app_timer.o(.data)
    m_ticks_elapsed_q_read_ind               0x200021d8   Data           1  app_timer.o(.data)
    m_ticks_elapsed_q_write_ind              0x200021d9   Data           1  app_timer.o(.data)
    m_evt_schedule_func                      0x200021dc   Data           4  app_timer.o(.data)
    m_rtc1_running                           0x200021e0   Data           1  app_timer.o(.data)
    m_rtc1_reset                             0x200021e1   Data           1  app_timer.o(.data)
    .data                                    0x200021e4   Section       24  softdevice_handler.o(.data)
    m_evt_schedule_func                      0x200021e4   Data           4  softdevice_handler.o(.data)
    m_softdevice_enabled                     0x200021e8   Data           1  softdevice_handler.o(.data)
    m_suspended                              0x200021e9   Data           1  softdevice_handler.o(.data)
    mp_ble_evt_buffer                        0x200021ec   Data           4  softdevice_handler.o(.data)
    m_ble_evt_buffer_size                    0x200021f0   Data           2  softdevice_handler.o(.data)
    m_ble_evt_handler                        0x200021f4   Data           4  softdevice_handler.o(.data)
    m_sys_evt_handler                        0x200021f8   Data           4  softdevice_handler.o(.data)
    .data                                    0x200021fc   Section        4  system_nrf52.o(.data)
    __tagsym$$used                           0x200021fc   Number         0  system_nrf52.o(.data)
    .data                                    0x20002200   Section        4  mvars.o(.data)
    .data                                    0x20002204   Section        4  mvars.o(.data)
    .bss                                     0x20002208   Section      228  blefunctions.o(.bss)
    m_nus                                    0x20002208   Data          28  blefunctions.o(.bss)
    BLE_EVT_BUFFER                           0x20002224   Data          80  blefunctions.o(.bss)
    APP_TIMER_BUF                            0x20002274   Data         120  blefunctions.o(.bss)
    .bss                                     0x200022ec   Section       64  util.o(.bss)
    .bss                                     0x2000232c   Section      108  bsp.o(.bss)
    m_leds_timer_id_data                     0x2000232c   Data          32  bsp.o(.bss)
    m_alert_timer_id_data                    0x2000234c   Data          32  bsp.o(.bss)
    m_events_list                            0x2000236c   Data          12  bsp.o(.bss)
    m_button_timer_id_data                   0x20002378   Data          32  bsp.o(.bss)
    .bss                                     0x20002398   Section       60  ble_conn_params.o(.bss)
    m_conn_params_config                     0x20002398   Data          28  ble_conn_params.o(.bss)
    m_conn_params_timer_id_data              0x200023b4   Data          32  ble_conn_params.o(.bss)
    .bss                                     0x200023d4   Section      179  ble_advertising.o(.bss)
    m_adv_modes_config                       0x200023d4   Data          32  ble_advertising.o(.bss)
    m_advdata                                0x200023f4   Data          60  ble_advertising.o(.bss)
    m_manuf_specific_data                    0x20002430   Data          12  ble_advertising.o(.bss)
    m_manuf_data_array                       0x2000243c   Data          31  ble_advertising.o(.bss)
    m_service_data                           0x2000245c   Data          12  ble_advertising.o(.bss)
    m_service_data_array                     0x20002468   Data          31  ble_advertising.o(.bss)
    .bss                                     0x20002488   Section       20  nrf_drv_clock.o(.bss)
    m_clock_cb                               0x20002488   Data          20  nrf_drv_clock.o(.bss)
    .bss                                     0x2000249c   Section       88  nrf_drv_gpiote.o(.bss)
    m_cb                                     0x2000249c   Data          88  nrf_drv_gpiote.o(.bss)
    .bss                                     0x200024f4   Section       32  nrf_drv_uart.o(.bss)
    m_cb                                     0x200024f4   Data          32  nrf_drv_uart.o(.bss)
    .bss                                     0x20002514   Section       24  nrf_drv_spis.o(.bss)
    m_cb                                     0x20002514   Data          24  nrf_drv_spis.o(.bss)
    .bss                                     0x2000252c   Section       12  nrf_drv_timer.o(.bss)
    m_cb                                     0x2000252c   Data          12  nrf_drv_timer.o(.bss)
    .bss                                     0x20002538   Section       12  app_util_platform.o(.bss)
    .bss                                     0x20002544   Section      104  fstorage.o(.bss)
    m_queue                                  0x20002544   Data         104  fstorage.o(.bss)
    HEAP                                     0x200025b0   Section     8192  arm_startup_nrf52.o(HEAP)
    STACK                                    0x200045b0   Section     8192  arm_startup_nrf52.o(STACK)

    Global Symbols

    Symbol Name                              Value     Ov Type        Size  Object(Section)

    BuildAttributes$$THM_ISAv4$E$P$D$K$B$S$7EM$VFPi3$EXTD16$VFPS$VFMA$PE$A:L22UL41UL21$X:L11$S22US41US21$IEEE1$IW$USESV6$~STKCKD$USESV7$~SHL$OSPACE$ROPI$EBA8$MICROLIB$REQ8$PRES8$EABIv2 0x00000000   Number         0  anon$$obj.o ABSOLUTE
    __ARM_use_no_argv                        0x00000000   Number         0  main.o ABSOLUTE
    _printf_a                                0x00000000   Number         0  stubs.o ABSOLUTE
    _printf_c                                0x00000000   Number         0  stubs.o ABSOLUTE
    _printf_charcount                        0x00000000   Number         0  stubs.o ABSOLUTE
    _printf_d                                0x00000000   Number         0  stubs.o ABSOLUTE
    _printf_e                                0x00000000   Number         0  stubs.o ABSOLUTE
    _printf_f                                0x00000000   Number         0  stubs.o ABSOLUTE
    _printf_flags                            0x00000000   Number         0  stubs.o ABSOLUTE
    _printf_fp_dec                           0x00000000   Number         0  stubs.o ABSOLUTE
    _printf_fp_hex                           0x00000000   Number         0  stubs.o ABSOLUTE
    _printf_g                                0x00000000   Number         0  stubs.o ABSOLUTE
    _printf_i                                0x00000000   Number         0  stubs.o ABSOLUTE
    _printf_int_dec                          0x00000000   Number         0  stubs.o ABSOLUTE
    _printf_l                                0x00000000   Number         0  stubs.o ABSOLUTE
    _printf_lc                               0x00000000   Number         0  stubs.o ABSOLUTE
    _printf_ll                               0x00000000   Number         0  stubs.o ABSOLUTE
    _printf_lld                              0x00000000   Number         0  stubs.o ABSOLUTE
    _printf_lli                              0x00000000   Number         0  stubs.o ABSOLUTE
    _printf_llo                              0x00000000   Number         0  stubs.o ABSOLUTE
    _printf_llu                              0x00000000   Number         0  stubs.o ABSOLUTE
    _printf_llx                              0x00000000   Number         0  stubs.o ABSOLUTE
    _printf_longlong_dec                     0x00000000   Number         0  stubs.o ABSOLUTE
    _printf_longlong_hex                     0x00000000   Number         0  stubs.o ABSOLUTE
    _printf_longlong_oct                     0x00000000   Number         0  stubs.o ABSOLUTE
    _printf_ls                               0x00000000   Number         0  stubs.o ABSOLUTE
    _printf_mbtowc                           0x00000000   Number         0  stubs.o ABSOLUTE
    _printf_n                                0x00000000   Number         0  stubs.o ABSOLUTE
    _printf_o                                0x00000000   Number         0  stubs.o ABSOLUTE
    _printf_p                                0x00000000   Number         0  stubs.o ABSOLUTE
    _printf_percent                          0x00000000   Number         0  stubs.o ABSOLUTE
    _printf_pre_padding                      0x00000000   Number         0  stubs.o ABSOLUTE
    _printf_return_value                     0x00000000   Number         0  stubs.o ABSOLUTE
    _printf_s                                0x00000000   Number         0  stubs.o ABSOLUTE
    _printf_sizespec                         0x00000000   Number         0  stubs.o ABSOLUTE
    _printf_str                              0x00000000   Number         0  stubs.o ABSOLUTE
    _printf_truncate_signed                  0x00000000   Number         0  stubs.o ABSOLUTE
    _printf_truncate_unsigned                0x00000000   Number         0  stubs.o ABSOLUTE
    _printf_u                                0x00000000   Number         0  stubs.o ABSOLUTE
    _printf_wc                               0x00000000   Number         0  stubs.o ABSOLUTE
    _printf_wctomb                           0x00000000   Number         0  stubs.o ABSOLUTE
    _printf_widthprec                        0x00000000   Number         0  stubs.o ABSOLUTE
    _printf_x                                0x00000000   Number         0  stubs.o ABSOLUTE
    __cpp_initialize__aeabi_                  - Undefined Weak Reference
    __cxa_finalize                            - Undefined Weak Reference
    __decompress                              - Undefined Weak Reference
    _clock_init                               - Undefined Weak Reference
    _microlib_exit                            - Undefined Weak Reference
    fs_data$$Base                             - Undefined Reference
    fs_data$$Limit                            - Undefined Reference
    __Vectors_Size                           0x00000400   Number         0  arm_startup_nrf52.o ABSOLUTE
    __Vectors                                0x0001f000   Data           4  arm_startup_nrf52.o(RESET)
    __Vectors_End                            0x0001f400   Data           0  arm_startup_nrf52.o(RESET)
    __main                                   0x0001f401   Thumb Code     0  entry.o(.ARM.Collect$$$$00000000)
    _main_stk                                0x0001f401   Thumb Code     0  entry2.o(.ARM.Collect$$$$00000001)
    _main_scatterload                        0x0001f405   Thumb Code     0  entry5.o(.ARM.Collect$$$$00000004)
    __main_after_scatterload                 0x0001f409   Thumb Code     0  entry5.o(.ARM.Collect$$$$00000004)
    _main_clock                              0x0001f409   Thumb Code     0  entry7b.o(.ARM.Collect$$$$00000008)
    _main_cpp_init                           0x0001f409   Thumb Code     0  entry8b.o(.ARM.Collect$$$$0000000A)
    _main_init                               0x0001f409   Thumb Code     0  entry9a.o(.ARM.Collect$$$$0000000B)
    __rt_final_cpp                           0x0001f411   Thumb Code     0  entry10a.o(.ARM.Collect$$$$0000000D)
    __rt_final_exit                          0x0001f411   Thumb Code     0  entry11a.o(.ARM.Collect$$$$0000000F)
    Reset_Handler                            0x0001f415   Thumb Code     8  arm_startup_nrf52.o(.text)
    NMI_Handler                              0x0001f41d   Thumb Code     2  arm_startup_nrf52.o(.text)
    HardFault_Handler                        0x0001f41f   Thumb Code     2  arm_startup_nrf52.o(.text)
    MemoryManagement_Handler                 0x0001f421   Thumb Code     2  arm_startup_nrf52.o(.text)
    BusFault_Handler                         0x0001f423   Thumb Code     2  arm_startup_nrf52.o(.text)
    UsageFault_Handler                       0x0001f425   Thumb Code     2  arm_startup_nrf52.o(.text)
    SVC_Handler                              0x0001f427   Thumb Code     2  arm_startup_nrf52.o(.text)
    DebugMon_Handler                         0x0001f429   Thumb Code     2  arm_startup_nrf52.o(.text)
    PendSV_Handler                           0x0001f42b   Thumb Code     2  arm_startup_nrf52.o(.text)
    SysTick_Handler                          0x0001f42d   Thumb Code     2  arm_startup_nrf52.o(.text)
    CCM_AAR_IRQHandler                       0x0001f42f   Thumb Code     0  arm_startup_nrf52.o(.text)
    COMP_LPCOMP_IRQHandler                   0x0001f42f   Thumb Code     0  arm_startup_nrf52.o(.text)
    ECB_IRQHandler                           0x0001f42f   Thumb Code     0  arm_startup_nrf52.o(.text)
    FPU_IRQHandler                           0x0001f42f   Thumb Code     0  arm_startup_nrf52.o(.text)
    I2S_IRQHandler                           0x0001f42f   Thumb Code     0  arm_startup_nrf52.o(.text)
    MWU_IRQHandler                           0x0001f42f   Thumb Code     0  arm_startup_nrf52.o(.text)
    NFCT_IRQHandler                          0x0001f42f   Thumb Code     0  arm_startup_nrf52.o(.text)
    PDM_IRQHandler                           0x0001f42f   Thumb Code     0  arm_startup_nrf52.o(.text)
    PWM0_IRQHandler                          0x0001f42f   Thumb Code     0  arm_startup_nrf52.o(.text)
    PWM1_IRQHandler                          0x0001f42f   Thumb Code     0  arm_startup_nrf52.o(.text)
    PWM2_IRQHandler                          0x0001f42f   Thumb Code     0  arm_startup_nrf52.o(.text)
    QDEC_IRQHandler                          0x0001f42f   Thumb Code     0  arm_startup_nrf52.o(.text)
    RADIO_IRQHandler                         0x0001f42f   Thumb Code     0  arm_startup_nrf52.o(.text)
    RNG_IRQHandler                           0x0001f42f   Thumb Code     0  arm_startup_nrf52.o(.text)
    RTC0_IRQHandler                          0x0001f42f   Thumb Code     0  arm_startup_nrf52.o(.text)
    RTC2_IRQHandler                          0x0001f42f   Thumb Code     0  arm_startup_nrf52.o(.text)
    SAADC_IRQHandler                         0x0001f42f   Thumb Code     0  arm_startup_nrf52.o(.text)
    SPIM0_SPIS0_TWIM0_TWIS0_SPI0_TWI0_IRQHandler 0x0001f42f   Thumb Code     0  arm_startup_nrf52.o(.text)
    SPIM2_SPIS2_SPI2_IRQHandler              0x0001f42f   Thumb Code     0  arm_startup_nrf52.o(.text)
    SWI1_EGU1_IRQHandler                     0x0001f42f   Thumb Code     0  arm_startup_nrf52.o(.text)
    SWI3_EGU3_IRQHandler                     0x0001f42f   Thumb Code     0  arm_startup_nrf52.o(.text)
    SWI4_EGU4_IRQHandler                     0x0001f42f   Thumb Code     0  arm_startup_nrf52.o(.text)
    SWI5_EGU5_IRQHandler                     0x0001f42f   Thumb Code     0  arm_startup_nrf52.o(.text)
    TEMP_IRQHandler                          0x0001f42f   Thumb Code     0  arm_startup_nrf52.o(.text)
    TIMER0_IRQHandler                        0x0001f42f   Thumb Code     0  arm_startup_nrf52.o(.text)
    TIMER2_IRQHandler                        0x0001f42f   Thumb Code     0  arm_startup_nrf52.o(.text)
    TIMER3_IRQHandler                        0x0001f42f   Thumb Code     0  arm_startup_nrf52.o(.text)
    TIMER4_IRQHandler                        0x0001f42f   Thumb Code     0  arm_startup_nrf52.o(.text)
    WDT_IRQHandler                           0x0001f42f   Thumb Code     0  arm_startup_nrf52.o(.text)
    __aeabi_memcpy                           0x0001f439   Thumb Code    36  memcpya.o(.text)
    __aeabi_memcpy4                          0x0001f439   Thumb Code     0  memcpya.o(.text)
    __aeabi_memcpy8                          0x0001f439   Thumb Code     0  memcpya.o(.text)
    __aeabi_memset                           0x0001f45d   Thumb Code    14  memseta.o(.text)
    __aeabi_memset4                          0x0001f45d   Thumb Code     0  memseta.o(.text)
    __aeabi_memset8                          0x0001f45d   Thumb Code     0  memseta.o(.text)
    __aeabi_memclr                           0x0001f46b   Thumb Code     4  memseta.o(.text)
    __aeabi_memclr4                          0x0001f46b   Thumb Code     0  memseta.o(.text)
    __aeabi_memclr8                          0x0001f46b   Thumb Code     0  memseta.o(.text)
    _memset$wrapper                          0x0001f46f   Thumb Code    18  memseta.o(.text)
    strlen                                   0x0001f481   Thumb Code    14  strlen.o(.text)
    strcpy                                   0x0001f48f   Thumb Code    18  strcpy.o(.text)
    __aeabi_uldivmod                         0x0001f4a1   Thumb Code    98  uldiv.o(.text)
    __scatterload                            0x0001f505   Thumb Code    28  init.o(.text)
    __scatterload_rt2                        0x0001f505   Thumb Code     0  init.o(.text)
    __aeabi_llsl                             0x0001f529   Thumb Code    30  llshl.o(.text)
    _ll_shift_l                              0x0001f529   Thumb Code     0  llshl.o(.text)
    __aeabi_llsr                             0x0001f547   Thumb Code    32  llushr.o(.text)
    _ll_ushift_r                             0x0001f547   Thumb Code     0  llushr.o(.text)
    GPIOTE_IRQHandler                        0x0001f569   Thumb Code   554  nrf_drv_gpiote.o(i.GPIOTE_IRQHandler)
    POWER_CLOCK_IRQHandler                   0x0001f83d   Thumb Code    74  nrf_drv_clock.o(i.POWER_CLOCK_IRQHandler)
    RTC1_IRQHandler                          0x0001f88d   Thumb Code    44  app_timer.o(i.RTC1_IRQHandler)
    SPIM1_SPIS1_TWIM1_TWIS1_SPI1_TWI1_IRQHandler 0x0001f8c1   Thumb Code    14  nrf_drv_spis.o(i.SPIM1_SPIS1_TWIM1_TWIS1_SPI1_TWI1_IRQHandler)
    SWI0_EGU0_IRQHandler                     0x0001f8d5   Thumb Code     8  app_timer.o(i.SWI0_EGU0_IRQHandler)
    SWI2_EGU2_IRQHandler                     0x0001f8dd   Thumb Code    42  softdevice_handler.o(i.SWI2_EGU2_IRQHandler)
    SynHandler                               0x0001f90d   Thumb Code    46  util.o(i.SynHandler)
    SystemCoreClockUpdate                    0x0001f951   Thumb Code     8  system_nrf52.o(i.SystemCoreClockUpdate)
    SystemInit                               0x0001f961   Thumb Code   532  system_nrf52.o(i.SystemInit)
    TIMER1_IRQHandler                        0x0001fbad   Thumb Code    14  nrf_drv_timer.o(i.TIMER1_IRQHandler)
    UARTE0_UART0_IRQHandler                  0x0001fbc5   Thumb Code    28  nrf_drv_uart.o(i.UARTE0_UART0_IRQHandler)
    __0snprintf$5                            0x0001fbe9   Thumb Code    44  printf5.o(i.__0snprintf$5)
    __1snprintf$5                            0x0001fbe9   Thumb Code     0  printf5.o(i.__0snprintf$5)
    __2snprintf                              0x0001fbe9   Thumb Code     0  printf5.o(i.__0snprintf$5)
    __scatterload_copy                       0x0001fc19   Thumb Code    14  handlers.o(i.__scatterload_copy)
    __scatterload_null                       0x0001fc27   Thumb Code     2  handlers.o(i.__scatterload_null)
    __scatterload_zeroinit                   0x0001fc29   Thumb Code    14  handlers.o(i.__scatterload_zeroinit)
    add_fifo                                 0x0001ff55   Thumb Code    60  util.o(i.add_fifo)
    adv_data_encode                          0x0001ffad   Thumb Code   364  ble_advdata.o(i.adv_data_encode)
    advertising_init                         0x000201f1   Thumb Code   110  blefunctions.o(i.advertising_init)
    app_error_fault_handler                  0x00020269   Thumb Code    60  app_error_weak.o(i.app_error_fault_handler)
    app_error_handler_bare                   0x000202ad   Thumb Code    28  app_error.o(i.app_error_handler_bare)
    app_timer_create                         0x000202c9   Thumb Code    56  app_timer.o(i.app_timer_create)
    app_timer_init                           0x00020305   Thumb Code   114  app_timer.o(i.app_timer_init)
    app_timer_start                          0x00020391   Thumb Code    78  app_timer.o(i.app_timer_start)
    app_timer_stop                           0x000203e5   Thumb Code    44  app_timer.o(i.app_timer_stop)
    app_util_critical_region_enter           0x00020415   Thumb Code    12  app_util_platform.o(i.app_util_critical_region_enter)
    app_util_critical_region_exit            0x00020421   Thumb Code    62  app_util_platform.o(i.app_util_critical_region_exit)
    ble_advdata_set                          0x000205a1   Thumb Code   148  ble_advdata.o(i.ble_advdata_set)
    ble_advertising_init                     0x00020635   Thumb Code   318  ble_advertising.o(i.ble_advertising_init)
    ble_advertising_on_ble_evt               0x000207a9   Thumb Code    50  ble_advertising.o(i.ble_advertising_on_ble_evt)
    ble_advertising_start                    0x000207dd   Thumb Code   314  ble_advertising.o(i.ble_advertising_start)
    ble_app_init                             0x00020945   Thumb Code    84  blefunctions.o(i.ble_app_init)
    ble_conn_params_init                     0x000209ad   Thumb Code    84  ble_conn_params.o(i.ble_conn_params_init)
    ble_conn_params_on_ble_evt               0x00020a1d   Thumb Code    62  ble_conn_params.o(i.ble_conn_params_on_ble_evt)
    ble_evt_dispatch                         0x00020ad1   Thumb Code    38  blefunctions.o(i.ble_evt_dispatch)
    ble_nus_init                             0x00020afd   Thumb Code   144  ble_nus.o(i.ble_nus_init)
    ble_nus_on_ble_evt                       0x00020b91   Thumb Code    66  ble_nus.o(i.ble_nus_on_ble_evt)
    ble_nus_string_send                      0x00020bd3   Thumb Code    86  ble_nus.o(i.ble_nus_string_send)
    ble_print                                0x00020c29   Thumb Code   118  blefunctions.o(i.ble_print)
    ble_srv_is_notification_enabled          0x00020cd1   Thumb Code    18  ble_srv_common.o(i.ble_srv_is_notification_enabled)
    ble_stack_init                           0x00020ce5   Thumb Code   138  blefunctions.o(i.ble_stack_init)
    bsp_board_button_idx_to_pin              0x00020d7d   Thumb Code     8  boards.o(i.bsp_board_button_idx_to_pin)
    bsp_board_led_invert                     0x00020d89   Thumb Code    44  boards.o(i.bsp_board_led_invert)
    bsp_board_led_off                        0x00020db9   Thumb Code    16  boards.o(i.bsp_board_led_off)
    bsp_board_led_on                         0x00020dcd   Thumb Code    16  boards.o(i.bsp_board_led_on)
    bsp_board_led_state_get                  0x00020de1   Thumb Code    44  boards.o(i.bsp_board_led_state_get)
    bsp_board_leds_off                       0x00020e11   Thumb Code    20  boards.o(i.bsp_board_leds_off)
    bsp_board_leds_on                        0x00020e25   Thumb Code    20  boards.o(i.bsp_board_leds_on)
    bsp_board_pin_to_button_idx              0x00020e39   Thumb Code    32  boards.o(i.bsp_board_pin_to_button_idx)
    bsp_btn_ble_on_ble_evt                   0x00020e5d   Thumb Code   110  bsp_btn_ble.o(i.bsp_btn_ble_on_ble_evt)
    bsp_btn_ble_sleep_mode_prepare           0x00020ed5   Thumb Code    50  bsp_btn_ble.o(i.bsp_btn_ble_sleep_mode_prepare)
    bsp_event_to_button_action_assign        0x00020fd9   Thumb Code    86  bsp.o(i.bsp_event_to_button_action_assign)
    bsp_indication_set                       0x00021035   Thumb Code    28  bsp.o(i.bsp_indication_set)
    bsp_wakeup_button_enable                 0x00021375   Thumb Code    22  bsp.o(i.bsp_wakeup_button_enable)
    butt_handler                             0x0002138d   Thumb Code    38  buttjob.o(i.butt_handler)
    butt_init                                0x000213d9   Thumb Code    54  buttjob.o(i.butt_init)
    conn_params_error_handler                0x00021657   Thumb Code    16  blefunctions.o(i.conn_params_error_handler)
    conn_params_init                         0x00021669   Thumb Code    82  blefunctions.o(i.conn_params_init)
    fifo_init                                0x00021a45   Thumb Code    30  util.o(i.fifo_init)
    fs_queued_op_count_get                   0x00021ab5   Thumb Code    18  fstorage.o(i.fs_queued_op_count_get)
    gap_params_init                          0x00021acd   Thumb Code   116  blefunctions.o(i.gap_params_init)
    intern_softdevice_events_execute         0x00021b55   Thumb Code   158  softdevice_handler.o(i.intern_softdevice_events_execute)
    main                                     0x00021e99   Thumb Code   108  main.o(i.main)
    malloc                                   0x00021f71   Thumb Code    92  malloc.o(i.malloc)
    nrf_drv_clock_init                       0x000222a1   Thumb Code    94  nrf_drv_clock.o(i.nrf_drv_clock_init)
    nrf_drv_clock_on_sd_enable               0x00022309   Thumb Code    46  nrf_drv_clock.o(i.nrf_drv_clock_on_sd_enable)
    nrf_drv_clock_on_soc_event               0x0002233d   Thumb Code    14  nrf_drv_clock.o(i.nrf_drv_clock_on_soc_event)
    nrf_drv_common_irq_enable                0x0002234d   Thumb Code    84  nrf_drv_common.o(i.nrf_drv_common_irq_enable)
    nrf_drv_gpiote_in_event_enable           0x000223c1   Thumb Code   164  nrf_drv_gpiote.o(i.nrf_drv_gpiote_in_event_enable)
    nrf_drv_gpiote_in_init                   0x0002246d   Thumb Code   206  nrf_drv_gpiote.o(i.nrf_drv_gpiote_in_init)
    nrf_drv_gpiote_in_is_set                 0x00022549   Thumb Code    20  nrf_drv_gpiote.o(i.nrf_drv_gpiote_in_is_set)
    nrf_drv_gpiote_init                      0x0002255d   Thumb Code    90  nrf_drv_gpiote.o(i.nrf_drv_gpiote_init)
    nrf_drv_gpiote_out_clear                 0x000225bd   Thumb Code    12  nrf_drv_gpiote.o(i.nrf_drv_gpiote_out_clear)
    nrf_drv_gpiote_out_init                  0x000225c9   Thumb Code   190  nrf_drv_gpiote.o(i.nrf_drv_gpiote_out_init)
    nrf_drv_gpiote_out_set                   0x00022695   Thumb Code    12  nrf_drv_gpiote.o(i.nrf_drv_gpiote_out_set)
    nrf_drv_spis_buffers_set                 0x000226c9   Thumb Code   142  nrf_drv_spis.o(i.nrf_drv_spis_buffers_set)
    nrf_drv_spis_init                        0x0002275d   Thumb Code   394  nrf_drv_spis.o(i.nrf_drv_spis_init)
    nrf_drv_timer_compare                    0x000228ed   Thumb Code    56  nrf_drv_timer.o(i.nrf_drv_timer_compare)
    nrf_drv_timer_enable                     0x00022925   Thumb Code    30  nrf_drv_timer.o(i.nrf_drv_timer_enable)
    nrf_drv_timer_extended_compare           0x00022949   Thumb Code    66  nrf_drv_timer.o(i.nrf_drv_timer_extended_compare)
    nrf_drv_timer_init                       0x0002298d   Thumb Code   168  nrf_drv_timer.o(i.nrf_drv_timer_init)
    nrf_drv_uart_init                        0x00022a39   Thumb Code   126  nrf_drv_uart.o(i.nrf_drv_uart_init)
    nrf_drv_uart_tx                          0x00022abd   Thumb Code    96  nrf_drv_uart.o(i.nrf_drv_uart_tx)
    nrf_drv_uart_tx_in_progress              0x00022c29   Thumb Code    22  nrf_drv_uart.o(i.nrf_drv_uart_tx_in_progress)
    nus_data_handler                         0x00022f95   Thumb Code    30  blefunctions.o(i.nus_data_handler)
    on_adv_evt                               0x00022fb9   Thumb Code    50  blefunctions.o(i.on_adv_evt)
    on_ble_evt                               0x00022fed   Thumb Code   412  blefunctions.o(i.on_ble_evt)
    on_conn_params_evt                       0x0002318d   Thumb Code    38  blefunctions.o(i.on_conn_params_evt)
    power_manage                             0x000233d5   Thumb Code    26  blefunctions.o(i.power_manage)
    read_fifo                                0x000233f1   Thumb Code    76  util.o(i.read_fifo)
    services_init                            0x00023825   Thumb Code    40  blefunctions.o(i.services_init)
    sleep_mode_enter                         0x00023961   Thumb Code    76  blefunctions.o(i.sleep_mode_enter)
    softdevice_ble_evt_handler_set           0x000239ad   Thumb Code    20  softdevice_handler.o(i.softdevice_ble_evt_handler_set)
    softdevice_enable                        0x000239c5   Thumb Code    34  softdevice_handler.o(i.softdevice_enable)
    softdevice_enable_get_default_config     0x000239ed   Thumb Code    44  softdevice_handler.o(i.softdevice_enable_get_default_config)
    softdevice_fault_handler                 0x00023a19   Thumb Code    20  softdevice_handler.o(i.softdevice_fault_handler)
    softdevice_handler_init                  0x00023a2d   Thumb Code   134  softdevice_handler.o(i.softdevice_handler_init)
    softdevice_handler_is_enabled            0x00023ac9   Thumb Code     6  softdevice_handler.o(i.softdevice_handler_is_enabled)
    spi_app_init                             0x00023ad5   Thumb Code   234  util.o(i.spi_app_init)
    spi_handler                              0x00023be9   Thumb Code   468  util.o(i.spi_handler)
    spis_event_handler                       0x00023e99   Thumb Code    34  util.o(i.spis_event_handler)
    timer_led_event_handler                  0x0002406d   Thumb Code    24  util.o(i.timer_led_event_handler)
    tx_clear                                 0x00024411   Thumb Code    18  util.o(i.tx_clear)
    tx_set                                   0x0002447b   Thumb Code    20  util.o(i.tx_set)
    uart_print_init                          0x000245d1   Thumb Code    30  util.o(i.uart_print_init)
    uartprint                                0x00024705   Thumb Code    30  util.o(i.uartprint)
    TIMER                                    0x00024960   Data           8  util.o(.constdata)
    Region$$Table$$Base                      0x00024a24   Number         0  anon$$obj.o(Region$$Table)
    Region$$Table$$Limit                     0x00024a44   Number         0  anon$$obj.o(Region$$Table)
    Image$$RW_IRAM1$$Base                    0x20002128   Number         0  anon$$obj.o ABSOLUTE
    timer_                                   0x20002158   Data           1  util.o(.data)
    command                                  0x20002159   Data           1  util.o(.data)
    syn                                      0x20002162   Data           1  util.o(.data)
    data                                     0x20002163   Data           4  buttjob.o(.data)
    SystemCoreClock                          0x200021fc   Data           4  system_nrf52.o(.data)
    __microlib_freelist                      0x20002200   Data           4  mvars.o(.data)
    __microlib_freelist_initialised          0x20002204   Data           4  mvars.o(.data)
    printbuf                                 0x200022ec   Data          50  util.o(.bss)
    d_list                                   0x20002320   Data          12  util.o(.bss)
    nrf_nvic_state                           0x20002538   Data          12  app_util_platform.o(.bss)
    __heap_base                              0x200025b0   Data           0  arm_startup_nrf52.o(HEAP)
    __heap_limit                             0x200045b0   Data           0  arm_startup_nrf52.o(HEAP)
    __initial_sp                             0x200065b0   Data           0  arm_startup_nrf52.o(STACK)



==============================================================================

Memory Map of the image

  Image Entry point : 0x0001f401

  Load Region LR_IROM1 (Base: 0x0001f000, Size: 0x00005b24, Max: 0x00061000, ABSOLUTE)

    Execution Region ER_IROM1 (Base: 0x0001f000, Size: 0x00005a44, Max: 0x00061000, ABSOLUTE)

    Base Addr    Size         Type   Attr      Idx    E Section Name        Object

    0x0001f000   0x00000400   Data   RO         3647    RESET               arm_startup_nrf52.o
    0x0001f400   0x00000000   Code   RO         3728  * .ARM.Collect$$$$00000000  mc_w.l(entry.o)
    0x0001f400   0x00000004   Code   RO         4030    .ARM.Collect$$$$00000001  mc_w.l(entry2.o)
    0x0001f404   0x00000004   Code   RO         4033    .ARM.Collect$$$$00000004  mc_w.l(entry5.o)
    0x0001f408   0x00000000   Code   RO         4035    .ARM.Collect$$$$00000008  mc_w.l(entry7b.o)
    0x0001f408   0x00000000   Code   RO         4037    .ARM.Collect$$$$0000000A  mc_w.l(entry8b.o)
    0x0001f408   0x00000008   Code   RO         4038    .ARM.Collect$$$$0000000B  mc_w.l(entry9a.o)
    0x0001f410   0x00000000   Code   RO         4040    .ARM.Collect$$$$0000000D  mc_w.l(entry10a.o)
    0x0001f410   0x00000000   Code   RO         4042    .ARM.Collect$$$$0000000F  mc_w.l(entry11a.o)
    0x0001f410   0x00000004   Code   RO         4031    .ARM.Collect$$$$00002712  mc_w.l(entry2.o)
    0x0001f414   0x00000024   Code   RO         3648    .text               arm_startup_nrf52.o
    0x0001f438   0x00000024   Code   RO         3731    .text               mc_w.l(memcpya.o)
    0x0001f45c   0x00000024   Code   RO         3733    .text               mc_w.l(memseta.o)
    0x0001f480   0x0000000e   Code   RO         3735    .text               mc_w.l(strlen.o)
    0x0001f48e   0x00000012   Code   RO         3737    .text               mc_w.l(strcpy.o)
    0x0001f4a0   0x00000062   Code   RO         4046    .text               mc_w.l(uldiv.o)
    0x0001f502   0x00000002   PAD
    0x0001f504   0x00000024   Code   RO         4061    .text               mc_w.l(init.o)
    0x0001f528   0x0000001e   Code   RO         4063    .text               mc_w.l(llshl.o)
    0x0001f546   0x00000020   Code   RO         4065    .text               mc_w.l(llushr.o)
    0x0001f566   0x00000002   PAD
    0x0001f568   0x00000238   Code   RO         1612    i.GPIOTE_IRQHandler  nrf_drv_gpiote.o
    0x0001f7a0   0x00000018   Code   RO         2687    i.NVIC_ClearPendingIRQ  app_timer.o
    0x0001f7b8   0x00000018   Code   RO         3444    i.NVIC_DisableIRQ   softdevice_handler.o
    0x0001f7d0   0x00000016   Code   RO         2688    i.NVIC_EnableIRQ    app_timer.o
    0x0001f7e6   0x00000016   Code   RO         3445    i.NVIC_EnableIRQ    softdevice_handler.o
    0x0001f7fc   0x00000018   Code   RO         2689    i.NVIC_SetPendingIRQ  app_timer.o
    0x0001f814   0x00000028   Code   RO         2690    i.NVIC_SetPriority  app_timer.o
    0x0001f83c   0x00000050   Code   RO         1360    i.POWER_CLOCK_IRQHandler  nrf_drv_clock.o
    0x0001f88c   0x00000034   Code   RO         2691    i.RTC1_IRQHandler   app_timer.o
    0x0001f8c0   0x00000014   Code   RO         2208    i.SPIM1_SPIS1_TWIM1_TWIS1_SPI1_TWI1_IRQHandler  nrf_drv_spis.o
    0x0001f8d4   0x00000008   Code   RO         2692    i.SWI0_EGU0_IRQHandler  app_timer.o
    0x0001f8dc   0x00000030   Code   RO         3446    i.SWI2_EGU2_IRQHandler  softdevice_handler.o
    0x0001f90c   0x00000044   Code   RO          385    i.SynHandler        util.o
    0x0001f950   0x00000010   Code   RO         3655    i.SystemCoreClockUpdate  system_nrf52.o
    0x0001f960   0x0000024c   Code   RO         3656    i.SystemInit        system_nrf52.o
    0x0001fbac   0x00000018   Code   RO         2315    i.TIMER1_IRQHandler  nrf_drv_timer.o
    0x0001fbc4   0x00000024   Code   RO         1902    i.UARTE0_UART0_IRQHandler  nrf_drv_uart.o
    0x0001fbe8   0x00000030   Code   RO         3875    i.__0snprintf$5     mc_w.l(printf5.o)
    0x0001fc18   0x0000000e   Code   RO         4073    i.__scatterload_copy  mc_w.l(handlers.o)
    0x0001fc26   0x00000002   Code   RO         4074    i.__scatterload_null  mc_w.l(handlers.o)
    0x0001fc28   0x0000000e   Code   RO         4075    i.__scatterload_zeroinit  mc_w.l(handlers.o)
    0x0001fc36   0x00000002   PAD
    0x0001fc38   0x00000038   Code   RO         3447    i.__sd_nvic_app_accessible_irq  softdevice_handler.o
    0x0001fc70   0x0000000c   Code   RO         2969    i.__sd_nvic_irq_disable  app_util_platform.o
    0x0001fc7c   0x000002c0   Code   RO         3881    i._printf_core      mc_w.l(printf5.o)
    0x0001ff3c   0x00000016   Code   RO         3882    i._snputc           mc_w.l(printf5.o)
    0x0001ff52   0x00000002   PAD
    0x0001ff54   0x00000040   Code   RO          386    i.add_fifo          util.o
    0x0001ff94   0x00000018   Code   RO         1163    i.addr_is_valid     ble_advertising.o
    0x0001ffac   0x0000016c   Code   RO          897    i.adv_data_encode   ble_advdata.o
    0x00020118   0x00000060   Code   RO         1164    i.adv_mode_next_avail_get  ble_advertising.o
    0x00020178   0x00000012   Code   RO         1165    i.adv_mode_next_get  ble_advertising.o
    0x0002018a   0x00000012   Code   RO          898    i.advdata_check     ble_advdata.o
    0x0002019c   0x00000054   Code   RO          805    i.advertising_buttons_configure  bsp_btn_ble.o
    0x000201f0   0x00000078   Code   RO          250    i.advertising_init  blefunctions.o
    0x00020268   0x00000044   Code   RO         2573    i.app_error_fault_handler  app_error_weak.o
    0x000202ac   0x0000001c   Code   RO         2531    i.app_error_handler_bare  app_error.o
    0x000202c8   0x0000003c   Code   RO         2695    i.app_timer_create  app_timer.o
    0x00020304   0x0000008c   Code   RO         2696    i.app_timer_init    app_timer.o
    0x00020390   0x00000054   Code   RO         2697    i.app_timer_start   app_timer.o
    0x000203e4   0x00000030   Code   RO         2698    i.app_timer_stop    app_timer.o
    0x00020414   0x0000000c   Code   RO         2970    i.app_util_critical_region_enter  app_util_platform.o
    0x00020420   0x00000048   Code   RO         2971    i.app_util_critical_region_exit  app_util_platform.o
    0x00020468   0x00000052   Code   RO          899    i.appearance_encode  ble_advdata.o
    0x000204ba   0x00000002   PAD
    0x000204bc   0x000000e4   Code   RO         1903    i.apply_config      nrf_drv_uart.o
    0x000205a0   0x00000094   Code   RO          900    i.ble_advdata_set   ble_advdata.o
    0x00020634   0x00000174   Code   RO         1166    i.ble_advertising_init  ble_advertising.o
    0x000207a8   0x00000032   Code   RO         1167    i.ble_advertising_on_ble_evt  ble_advertising.o
    0x000207da   0x00000002   PAD
    0x000207dc   0x00000168   Code   RO         1171    i.ble_advertising_start  ble_advertising.o
    0x00020944   0x00000068   Code   RO          252    i.ble_app_init      blefunctions.o
    0x000209ac   0x00000070   Code   RO         1008    i.ble_conn_params_init  ble_conn_params.o
    0x00020a1c   0x0000003e   Code   RO         1009    i.ble_conn_params_on_ble_evt  ble_conn_params.o
    0x00020a5a   0x00000076   Code   RO          901    i.ble_device_addr_encode  ble_advdata.o
    0x00020ad0   0x0000002c   Code   RO          253    i.ble_evt_dispatch  blefunctions.o
    0x00020afc   0x00000094   Code   RO         1298    i.ble_nus_init      ble_nus.o
    0x00020b90   0x00000042   Code   RO         1299    i.ble_nus_on_ble_evt  ble_nus.o
    0x00020bd2   0x00000056   Code   RO         1300    i.ble_nus_string_send  ble_nus.o
    0x00020c28   0x000000a8   Code   RO          254    i.ble_print         blefunctions.o
    0x00020cd0   0x00000012   Code   RO         1097    i.ble_srv_is_notification_enabled  ble_srv_common.o
    0x00020ce2   0x00000002   PAD
    0x00020ce4   0x00000098   Code   RO          255    i.ble_stack_init    blefunctions.o
    0x00020d7c   0x0000000c   Code   RO          575    i.bsp_board_button_idx_to_pin  boards.o
    0x00020d88   0x00000030   Code   RO          579    i.bsp_board_led_invert  boards.o
    0x00020db8   0x00000014   Code   RO          580    i.bsp_board_led_off  boards.o
    0x00020dcc   0x00000014   Code   RO          581    i.bsp_board_led_on  boards.o
    0x00020de0   0x00000030   Code   RO          582    i.bsp_board_led_state_get  boards.o
    0x00020e10   0x00000014   Code   RO          584    i.bsp_board_leds_off  boards.o
    0x00020e24   0x00000014   Code   RO          585    i.bsp_board_leds_on  boards.o
    0x00020e38   0x00000024   Code   RO          586    i.bsp_board_pin_to_button_idx  boards.o
    0x00020e5c   0x00000078   Code   RO          807    i.bsp_btn_ble_on_ble_evt  bsp_btn_ble.o
    0x00020ed4   0x00000032   Code   RO          808    i.bsp_btn_ble_sleep_mode_prepare  bsp_btn_ble.o
    0x00020f06   0x00000002   PAD
    0x00020f08   0x000000d0   Code   RO          694    i.bsp_button_event_handler  bsp.o
    0x00020fd8   0x0000005c   Code   RO          698    i.bsp_event_to_button_action_assign  bsp.o
    0x00021034   0x00000020   Code   RO          699    i.bsp_indication_set  bsp.o
    0x00021054   0x00000320   Code   RO          701    i.bsp_led_indication  bsp.o
    0x00021374   0x00000016   Code   RO          703    i.bsp_wakeup_button_enable  bsp.o
    0x0002138a   0x00000002   PAD
    0x0002138c   0x0000004c   Code   RO          534    i.butt_handler      buttjob.o
    0x000213d8   0x00000040   Code   RO          535    i.butt_init         buttjob.o
    0x00021418   0x00000020   Code   RO         1613    i.channel_free      nrf_drv_gpiote.o
    0x00021438   0x00000010   Code   RO         1614    i.channel_handler_get  nrf_drv_gpiote.o
    0x00021448   0x00000080   Code   RO         1615    i.channel_port_alloc  nrf_drv_gpiote.o
    0x000214c8   0x0000000c   Code   RO         1616    i.channel_port_get  nrf_drv_gpiote.o
    0x000214d4   0x00000030   Code   RO         1361    i.clock_clk_started_notify  nrf_drv_clock.o
    0x00021504   0x00000090   Code   RO         2700    i.compare_reg_update  app_timer.o
    0x00021594   0x0000005a   Code   RO          902    i.conn_int_check    ble_advdata.o
    0x000215ee   0x00000068   Code   RO          903    i.conn_int_encode   ble_advdata.o
    0x00021656   0x00000010   Code   RO          257    i.conn_params_error_handler  blefunctions.o
    0x00021666   0x00000002   PAD
    0x00021668   0x0000005c   Code   RO          258    i.conn_params_init  blefunctions.o
    0x000216c4   0x00000084   Code   RO         1011    i.conn_params_negotiation  ble_conn_params.o
    0x00021748   0x00000054   Code   RO          809    i.connection_buttons_configure  bsp_btn_ble.o
    0x0002179c   0x00000064   Code   RO         2701    i.elapsed_ticks_acquire  app_timer.o
    0x00021800   0x00000054   Code   RO         3657    i.errata_108        system_nrf52.o
    0x00021854   0x00000030   Code   RO         3658    i.errata_16         system_nrf52.o
    0x00021884   0x00000054   Code   RO         3659    i.errata_31         system_nrf52.o
    0x000218d8   0x00000030   Code   RO         3660    i.errata_32         system_nrf52.o
    0x00021908   0x00000054   Code   RO         3661    i.errata_36         system_nrf52.o
    0x0002195c   0x00000030   Code   RO         3662    i.errata_37         system_nrf52.o
    0x0002198c   0x00000030   Code   RO         3663    i.errata_57         system_nrf52.o
    0x000219bc   0x00000030   Code   RO         3664    i.errata_66         system_nrf52.o
    0x000219ec   0x00000058   Code   RO         2702    i.expired_timers_handler  app_timer.o
    0x00021a44   0x00000024   Code   RO          387    i.fifo_init         util.o
    0x00021a68   0x00000036   Code   RO          904    i.flags_encode      ble_advdata.o
    0x00021a9e   0x00000014   Code   RO         1173    i.flash_access_in_progress  ble_advertising.o
    0x00021ab2   0x00000002   PAD
    0x00021ab4   0x00000018   Code   RO         3039    i.fs_queued_op_count_get  fstorage.o
    0x00021acc   0x00000088   Code   RO          259    i.gap_params_init   blefunctions.o
    0x00021b54   0x000000b8   Code   RO         3448    i.intern_softdevice_events_execute  softdevice_handler.o
    0x00021c0c   0x0000008c   Code   RO         1904    i.interrupts_enable  nrf_drv_uart.o
    0x00021c98   0x0000005c   Code   RO         2316    i.irq_handler       nrf_drv_timer.o
    0x00021cf4   0x00000024   Code   RO         1012    i.is_conn_params_ok  ble_conn_params.o
    0x00021d18   0x0000000c   Code   RO         1364    i.item_dequeue      nrf_drv_clock.o
    0x00021d24   0x0000007c   Code   RO         2703    i.list_deletions_handler  app_timer.o
    0x00021da0   0x000000f8   Code   RO         2704    i.list_insertions_handler  app_timer.o
    0x00021e98   0x000000d8   Code   RO            4    i.main              main.o
    0x00021f70   0x0000006c   Code   RO         4003    i.malloc            mc_w.l(malloc.o)
    0x00021fdc   0x00000076   Code   RO          905    i.manuf_specific_data_encode  ble_advdata.o
    0x00022052   0x000000c2   Code   RO          906    i.name_encode       ble_advdata.o
    0x00022114   0x00000016   Code   RO         1617    i.nrf_bitmask_bit_is_set  nrf_drv_gpiote.o
    0x0002212a   0x00000012   Code   RO         1368    i.nrf_clock_event_check  nrf_drv_clock.o
    0x0002213c   0x00000012   Code   RO         1369    i.nrf_clock_event_clear  nrf_drv_clock.o
    0x0002214e   0x00000002   PAD
    0x00022150   0x0000000c   Code   RO         1371    i.nrf_clock_int_disable  nrf_drv_clock.o
    0x0002215c   0x00000012   Code   RO          388    i.nrf_delay_ms      util.o
    0x0002216e   0x00000002   PAD
    0x00022170   0x00000098   Code   RO          389    i.nrf_delay_us      util.o
    0x00022208   0x00000098   Code   RO         2705    i.nrf_delay_us      app_timer.o
    0x000222a0   0x00000068   Code   RO         1380    i.nrf_drv_clock_init  nrf_drv_clock.o
    0x00022308   0x00000034   Code   RO         1387    i.nrf_drv_clock_on_sd_enable  nrf_drv_clock.o
    0x0002233c   0x0000000e   Code   RO         1388    i.nrf_drv_clock_on_soc_event  nrf_drv_clock.o
    0x0002234a   0x00000002   PAD
    0x0002234c   0x00000060   Code   RO         1566    i.nrf_drv_common_irq_enable  nrf_drv_common.o
    0x000223ac   0x0000000a   Code   RO         1906    i.nrf_drv_get_IRQn  nrf_drv_uart.o
    0x000223b6   0x0000000a   Code   RO         2317    i.nrf_drv_get_IRQn  nrf_drv_timer.o
    0x000223c0   0x000000ac   Code   RO         1622    i.nrf_drv_gpiote_in_event_enable  nrf_drv_gpiote.o
    0x0002246c   0x000000dc   Code   RO         1623    i.nrf_drv_gpiote_in_init  nrf_drv_gpiote.o
    0x00022548   0x00000014   Code   RO         1624    i.nrf_drv_gpiote_in_is_set  nrf_drv_gpiote.o
    0x0002255c   0x00000060   Code   RO         1626    i.nrf_drv_gpiote_init  nrf_drv_gpiote.o
    0x000225bc   0x0000000c   Code   RO         1628    i.nrf_drv_gpiote_out_clear  nrf_drv_gpiote.o
    0x000225c8   0x000000cc   Code   RO         1629    i.nrf_drv_gpiote_out_init  nrf_drv_gpiote.o
    0x00022694   0x0000000c   Code   RO         1630    i.nrf_drv_gpiote_out_set  nrf_drv_gpiote.o
    0x000226a0   0x00000014   Code   RO         1907    i.nrf_drv_is_in_RAM  nrf_drv_uart.o
    0x000226b4   0x00000014   Code   RO         2209    i.nrf_drv_is_in_RAM  nrf_drv_spis.o
    0x000226c8   0x00000094   Code   RO         2210    i.nrf_drv_spis_buffers_set  nrf_drv_spis.o
    0x0002275c   0x00000190   Code   RO         2211    i.nrf_drv_spis_init  nrf_drv_spis.o
    0x000228ec   0x00000038   Code   RO         2320    i.nrf_drv_timer_compare  nrf_drv_timer.o
    0x00022924   0x00000024   Code   RO         2324    i.nrf_drv_timer_enable  nrf_drv_timer.o
    0x00022948   0x00000042   Code   RO         2325    i.nrf_drv_timer_extended_compare  nrf_drv_timer.o
    0x0002298a   0x00000002   PAD
    0x0002298c   0x000000ac   Code   RO         2327    i.nrf_drv_timer_init  nrf_drv_timer.o
    0x00022a38   0x00000084   Code   RO         1909    i.nrf_drv_uart_init  nrf_drv_uart.o
    0x00022abc   0x00000064   Code   RO         1916    i.nrf_drv_uart_tx   nrf_drv_uart.o
    0x00022b20   0x0000008c   Code   RO         1918    i.nrf_drv_uart_tx_for_uart  nrf_drv_uart.o
    0x00022bac   0x0000007c   Code   RO         1919    i.nrf_drv_uart_tx_for_uarte  nrf_drv_uart.o
    0x00022c28   0x0000001c   Code   RO         1920    i.nrf_drv_uart_tx_in_progress  nrf_drv_uart.o
    0x00022c44   0x00000028   Code   RO         1641    i.nrf_gpio_cfg      nrf_drv_gpiote.o
    0x00022c6c   0x00000028   Code   RO         1922    i.nrf_gpio_cfg      nrf_drv_uart.o
    0x00022c94   0x00000028   Code   RO         2213    i.nrf_gpio_cfg      nrf_drv_spis.o
    0x00022cbc   0x0000001a   Code   RO         1924    i.nrf_gpio_cfg_input  nrf_drv_uart.o
    0x00022cd6   0x00000018   Code   RO         1925    i.nrf_gpio_cfg_output  nrf_drv_uart.o
    0x00022cee   0x00000032   Code   RO          706    i.nrf_gpio_cfg_sense_set  bsp.o
    0x00022d20   0x00000032   Code   RO         1643    i.nrf_gpio_cfg_sense_set  nrf_drv_gpiote.o
    0x00022d52   0x00000016   Code   RO         1644    i.nrf_gpio_pin_clear  nrf_drv_gpiote.o
    0x00022d68   0x00000018   Code   RO         1645    i.nrf_gpio_pin_read  nrf_drv_gpiote.o
    0x00022d80   0x00000016   Code   RO         1646    i.nrf_gpio_pin_set  nrf_drv_gpiote.o
    0x00022d96   0x00000016   Code   RO         1926    i.nrf_gpio_pin_set  nrf_drv_uart.o
    0x00022dac   0x0000003a   Code   RO          589    i.nrf_gpio_pin_write  boards.o
    0x00022de6   0x00000002   PAD
    0x00022de8   0x00000028   Code   RO         1647    i.nrf_gpio_ports_read  nrf_drv_gpiote.o
    0x00022e10   0x0000000c   Code   RO         1648    i.nrf_gpiote_event_addr_get  nrf_drv_gpiote.o
    0x00022e1c   0x0000001c   Code   RO         1649    i.nrf_gpiote_event_clear  nrf_drv_gpiote.o
    0x00022e38   0x00000016   Code   RO         1650    i.nrf_gpiote_event_is_set  nrf_drv_gpiote.o
    0x00022e4e   0x00000002   PAD
    0x00022e50   0x0000000c   Code   RO         1651    i.nrf_gpiote_int_enable  nrf_drv_gpiote.o
    0x00022e5c   0x0000000e   Code   RO         2214    i.nrf_spis_event_check  nrf_drv_spis.o
    0x00022e6a   0x0000000e   Code   RO         2215    i.nrf_spis_event_clear  nrf_drv_spis.o
    0x00022e78   0x0000000c   Code   RO         2216    i.nrf_spis_rx_buffer_set  nrf_drv_spis.o
    0x00022e84   0x00000006   Code   RO         2217    i.nrf_spis_task_trigger  nrf_drv_spis.o
    0x00022e8a   0x0000000c   Code   RO         2218    i.nrf_spis_tx_buffer_set  nrf_drv_spis.o
    0x00022e96   0x0000000e   Code   RO         2331    i.nrf_timer_compare_event_get  nrf_drv_timer.o
    0x00022ea4   0x0000000a   Code   RO         2332    i.nrf_timer_compare_int_get  nrf_drv_timer.o
    0x00022eae   0x0000000e   Code   RO         2333    i.nrf_timer_event_clear  nrf_drv_timer.o
    0x00022ebc   0x00000006   Code   RO         2334    i.nrf_timer_int_disable  nrf_drv_timer.o
    0x00022ec2   0x00000006   Code   RO         2335    i.nrf_timer_int_enable  nrf_drv_timer.o
    0x00022ec8   0x0000000c   Code   RO         2336    i.nrf_timer_shorts_disable  nrf_drv_timer.o
    0x00022ed4   0x00000006   Code   RO         2337    i.nrf_timer_task_trigger  nrf_drv_timer.o
    0x00022eda   0x0000000c   Code   RO         1927    i.nrf_uart_errorsrc_get_and_clear  nrf_drv_uart.o
    0x00022ee6   0x0000000e   Code   RO         1928    i.nrf_uart_event_check  nrf_drv_uart.o
    0x00022ef4   0x0000000e   Code   RO         1929    i.nrf_uart_event_clear  nrf_drv_uart.o
    0x00022f02   0x0000000a   Code   RO         1930    i.nrf_uart_hwfc_pins_set  nrf_drv_uart.o
    0x00022f0c   0x00000006   Code   RO         1931    i.nrf_uart_int_disable  nrf_drv_uart.o
    0x00022f12   0x00000006   Code   RO         1932    i.nrf_uart_int_enable  nrf_drv_uart.o
    0x00022f18   0x00000012   Code   RO         1933    i.nrf_uart_int_enable_check  nrf_drv_uart.o
    0x00022f2a   0x00000006   Code   RO         1934    i.nrf_uart_task_trigger  nrf_drv_uart.o
    0x00022f30   0x0000000a   Code   RO         1935    i.nrf_uart_txrx_pins_set  nrf_drv_uart.o
    0x00022f3a   0x0000000c   Code   RO         1936    i.nrf_uarte_errorsrc_get_and_clear  nrf_drv_uart.o
    0x00022f46   0x0000000e   Code   RO         1937    i.nrf_uarte_event_check  nrf_drv_uart.o
    0x00022f54   0x0000000e   Code   RO         1938    i.nrf_uarte_event_clear  nrf_drv_uart.o
    0x00022f62   0x0000000c   Code   RO         1939    i.nrf_uarte_hwfc_pins_set  nrf_drv_uart.o
    0x00022f6e   0x00000006   Code   RO         1941    i.nrf_uarte_int_enable  nrf_drv_uart.o
    0x00022f74   0x0000000a   Code   RO         1942    i.nrf_uarte_rx_amount_get  nrf_drv_uart.o
    0x00022f7e   0x00000006   Code   RO         1943    i.nrf_uarte_task_trigger  nrf_drv_uart.o
    0x00022f84   0x0000000e   Code   RO         1944    i.nrf_uarte_txrx_pins_set  nrf_drv_uart.o
    0x00022f92   0x00000002   PAD
    0x00022f94   0x00000024   Code   RO          260    i.nus_data_handler  blefunctions.o
    0x00022fb8   0x00000032   Code   RO          261    i.on_adv_evt        blefunctions.o
    0x00022fea   0x00000002   PAD
    0x00022fec   0x000001a0   Code   RO          262    i.on_ble_evt        blefunctions.o
    0x0002318c   0x0000002c   Code   RO          263    i.on_conn_params_evt  blefunctions.o
    0x000231b8   0x00000018   Code   RO         1013    i.on_conn_params_update  ble_conn_params.o
    0x000231d0   0x00000038   Code   RO         1014    i.on_connect        ble_conn_params.o
    0x00023208   0x00000006   Code   RO         1301    i.on_connect        ble_nus.o
    0x0002320e   0x00000002   PAD
    0x00023210   0x00000014   Code   RO         1174    i.on_connected      ble_advertising.o
    0x00023224   0x00000040   Code   RO         1015    i.on_disconnect     ble_conn_params.o
    0x00023264   0x00000008   Code   RO         1302    i.on_disconnect     ble_nus.o
    0x0002326c   0x0000003c   Code   RO         1175    i.on_disconnected   ble_advertising.o
    0x000232a8   0x00000038   Code   RO         1176    i.on_timeout        ble_advertising.o
    0x000232e0   0x0000004c   Code   RO         1016    i.on_write          ble_conn_params.o
    0x0002332c   0x00000046   Code   RO         1303    i.on_write          ble_nus.o
    0x00023372   0x00000002   PAD
    0x00023374   0x0000001c   Code   RO         1654    i.pin_in_use_by_gpiote  nrf_drv_gpiote.o
    0x00023390   0x00000018   Code   RO         1655    i.pin_in_use_by_port  nrf_drv_gpiote.o
    0x000233a8   0x00000020   Code   RO         1656    i.pin_in_use_by_te  nrf_drv_gpiote.o
    0x000233c8   0x0000000c   Code   RO         1657    i.pin_in_use_clear  nrf_drv_gpiote.o
    0x000233d4   0x0000001a   Code   RO          264    i.power_manage      blefunctions.o
    0x000233ee   0x00000002   PAD
    0x000233f0   0x00000050   Code   RO          390    i.read_fifo         util.o
    0x00023440   0x0000000c   Code   RO         2706    i.rtc1_compare0_set  app_timer.o
    0x0002344c   0x0000000c   Code   RO         2707    i.rtc1_counter_get  app_timer.o
    0x00023458   0x00000018   Code   RO         2708    i.rtc1_init         app_timer.o
    0x00023470   0x0000003c   Code   RO         2709    i.rtc1_start        app_timer.o
    0x000234ac   0x00000058   Code   RO         2710    i.rtc1_stop         app_timer.o
    0x00023504   0x0000003e   Code   RO         1946    i.rx_byte           nrf_drv_uart.o
    0x00023542   0x00000136   Code   RO         1304    i.rx_char_add       ble_nus.o
    0x00023678   0x0000001e   Code   RO         1947    i.rx_done_event     nrf_drv_uart.o
    0x00023696   0x00000002   PAD
    0x00023698   0x0000008c   Code   RO         3450    i.sd_nvic_EnableIRQ  softdevice_handler.o
    0x00023724   0x00000068   Code   RO         2974    i.sd_nvic_critical_region_enter  app_util_platform.o
    0x0002378c   0x00000096   Code   RO          907    i.service_data_encode  ble_advdata.o
    0x00023822   0x00000002   PAD
    0x00023824   0x00000030   Code   RO          265    i.services_init     blefunctions.o
    0x00023854   0x00000020   Code   RO         1177    i.set_adv_mode_directed  ble_advertising.o
    0x00023874   0x0000002c   Code   RO         1178    i.set_adv_mode_directed_slow  ble_advertising.o
    0x000238a0   0x00000060   Code   RO         1179    i.set_adv_mode_fast  ble_advertising.o
    0x00023900   0x00000060   Code   RO         1180    i.set_adv_mode_slow  ble_advertising.o
    0x00023960   0x0000004c   Code   RO          266    i.sleep_mode_enter  blefunctions.o
    0x000239ac   0x00000018   Code   RO         3451    i.softdevice_ble_evt_handler_set  softdevice_handler.o
    0x000239c4   0x00000028   Code   RO         3452    i.softdevice_enable  softdevice_handler.o
    0x000239ec   0x0000002c   Code   RO         3453    i.softdevice_enable_get_default_config  softdevice_handler.o
    0x00023a18   0x00000014   Code   RO         3454    i.softdevice_fault_handler  softdevice_handler.o
    0x00023a2c   0x0000009c   Code   RO         3455    i.softdevice_handler_init  softdevice_handler.o
    0x00023ac8   0x0000000c   Code   RO         3456    i.softdevice_handler_is_enabled  softdevice_handler.o
    0x00023ad4   0x00000114   Code   RO          391    i.spi_app_init      util.o
    0x00023be8   0x000002b0   Code   RO          392    i.spi_handler       util.o
    0x00023e98   0x00000054   Code   RO          393    i.spis_event_handler  util.o
    0x00023eec   0x00000080   Code   RO         2219    i.spis_irq_handler  nrf_drv_spis.o
    0x00023f6c   0x00000014   Code   RO         2220    i.spis_state_change  nrf_drv_spis.o
    0x00023f80   0x0000009a   Code   RO         2221    i.spis_state_entry_action_execute  nrf_drv_spis.o
    0x0002401a   0x0000000e   Code   RO          908    i.srdata_check      ble_advdata.o
    0x00024028   0x0000000a   Code   RO         2711    i.ticks_diff_get    app_timer.o
    0x00024032   0x00000002   PAD
    0x00024034   0x00000038   Code   RO         2712    i.timeout_handler_exec  app_timer.o
    0x0002406c   0x0000001c   Code   RO          394    i.timer_led_event_handler  util.o
    0x00024088   0x00000054   Code   RO         2713    i.timer_list_handler  app_timer.o
    0x000240dc   0x0000000a   Code   RO         2714    i.timer_list_handler_sched  app_timer.o
    0x000240e6   0x00000002   PAD
    0x000240e8   0x00000068   Code   RO         2715    i.timer_list_insert  app_timer.o
    0x00024150   0x0000006c   Code   RO         2716    i.timer_list_remove  app_timer.o
    0x000241bc   0x0000005e   Code   RO         2717    i.timer_start_op_schedule  app_timer.o
    0x0002421a   0x00000042   Code   RO         2718    i.timer_stop_op_schedule  app_timer.o
    0x0002425c   0x00000098   Code   RO         2719    i.timer_timeouts_check  app_timer.o
    0x000242f4   0x0000000a   Code   RO         2720    i.timer_timeouts_check_sched  app_timer.o
    0x000242fe   0x00000026   Code   RO         1949    i.tx_byte           nrf_drv_uart.o
    0x00024324   0x000000ec   Code   RO         1305    i.tx_char_add       ble_nus.o
    0x00024410   0x00000012   Code   RO          395    i.tx_clear          util.o
    0x00024422   0x00000022   Code   RO         1950    i.tx_done_event     nrf_drv_uart.o
    0x00024444   0x00000036   Code   RO          909    i.tx_power_level_encode  ble_advdata.o
    0x0002447a   0x00000014   Code   RO          396    i.tx_set            util.o
    0x0002448e   0x00000142   Code   RO         1951    i.uart_irq_handler  nrf_drv_uart.o
    0x000245d0   0x00000028   Code   RO          397    i.uart_print_init   util.o
    0x000245f8   0x0000010c   Code   RO         1952    i.uarte_irq_handler  nrf_drv_uart.o
    0x00024704   0x00000028   Code   RO          398    i.uartprint         util.o
    0x0002472c   0x0000000c   Code   RO         1102    i.uint16_decode     ble_srv_common.o
    0x00024738   0x0000000c   Code   RO          910    i.uint16_encode     ble_advdata.o
    0x00024744   0x00000090   Code   RO         1017    i.update_timeout_handler  ble_conn_params.o
    0x000247d4   0x0000003c   Code   RO         2721    i.user_op_alloc     app_timer.o
    0x00024810   0x0000000c   Code   RO         2722    i.user_op_enque     app_timer.o
    0x0002481c   0x0000004e   Code   RO          911    i.uuid_list_encode  ble_advdata.o
    0x0002486a   0x000000dc   Code   RO          912    i.uuid_list_sized_encode  ble_advdata.o
    0x00024946   0x00000002   PAD
    0x00024948   0x0000000c   Code   RO         1181    i.whitelist_has_entries  ble_advertising.o
    0x00024954   0x00000004   Data   RO          268    .constdata          blefunctions.o
    0x00024958   0x00000037   Data   RO          400    .constdata          util.o
    0x0002498f   0x00000001   PAD
    0x00024990   0x00000004   Data   RO          536    .constdata          buttjob.o
    0x00024994   0x00000008   Data   RO          590    .constdata          boards.o
    0x0002499c   0x0000002c   Data   RO          708    .constdata          bsp.o
    0x000249c8   0x00000004   Data   RO         1019    .constdata          ble_conn_params.o
    0x000249cc   0x00000010   Data   RO         1306    .constdata          ble_nus.o
    0x000249dc   0x00000047   Data   RO         1659    .constdata          nrf_drv_gpiote.o
    0x00024a23   0x00000001   PAD
    0x00024a24   0x00000020   Data   RO         4071    Region$$Table       anon$$obj.o


    Execution Region RW_IRAM1 (Base: 0x20002128, Size: 0x00004488, Max: 0x0000ded8, ABSOLUTE)

    Base Addr    Size         Type   Attr      Idx    E Section Name        Object

    0x20002128   0x00000006   Data   RW          269    .data               blefunctions.o
    0x2000212e   0x00000002   PAD
    0x20002130   0x00000033   Data   RW          401    .data               util.o
    0x20002163   0x00000004   Data   RW          537    .data               buttjob.o
    0x20002167   0x00000001   PAD
    0x20002168   0x00000015   Data   RW          709    .data               bsp.o
    0x2000217d   0x00000003   PAD
    0x20002180   0x00000008   Data   RW          811    .data               bsp_btn_ble.o
    0x20002188   0x00000015   Data   RW         1020    .data               ble_conn_params.o
    0x2000219d   0x00000003   PAD
    0x200021a0   0x0000001f   Data   RW         1183    .data               ble_advertising.o
    0x200021bf   0x00000001   PAD
    0x200021c0   0x00000022   Data   RW         2723    .data               app_timer.o
    0x200021e2   0x00000002   PAD
    0x200021e4   0x00000018   Data   RW         3462    .data               softdevice_handler.o
    0x200021fc   0x00000004   Data   RW         3665    .data               system_nrf52.o
    0x20002200   0x00000004   Data   RW         4048    .data               mc_w.l(mvars.o)
    0x20002204   0x00000004   Data   RW         4049    .data               mc_w.l(mvars.o)
    0x20002208   0x000000e4   Zero   RW          267    .bss                blefunctions.o
    0x200022ec   0x00000040   Zero   RW          399    .bss                util.o
    0x2000232c   0x0000006c   Zero   RW          707    .bss                bsp.o
    0x20002398   0x0000003c   Zero   RW         1018    .bss                ble_conn_params.o
    0x200023d4   0x000000b3   Zero   RW         1182    .bss                ble_advertising.o
    0x20002487   0x00000001   PAD
    0x20002488   0x00000014   Zero   RW         1390    .bss                nrf_drv_clock.o
    0x2000249c   0x00000058   Zero   RW         1658    .bss                nrf_drv_gpiote.o
    0x200024f4   0x00000020   Zero   RW         1953    .bss                nrf_drv_uart.o
    0x20002514   0x00000018   Zero   RW         2222    .bss                nrf_drv_spis.o
    0x2000252c   0x0000000c   Zero   RW         2338    .bss                nrf_drv_timer.o
    0x20002538   0x0000000c   Zero   RW         2975    .bss                app_util_platform.o
    0x20002544   0x00000068   Zero   RW         3050    .bss                fstorage.o
    0x200025ac   0x00000004   PAD
    0x200025b0   0x00002000   Zero   RW         3646    HEAP                arm_startup_nrf52.o
    0x200045b0   0x00002000   Zero   RW         3645    STACK               arm_startup_nrf52.o


==============================================================================

Image component sizes


      Code (inc. data)   RO Data    RW Data    ZI Data      Debug   Object Name

        28          0          0          0          0       2257   app_error.o
        68          8          0          0          0      27449   app_error_weak.o
      2320        264          0         34          0      70227   app_timer.o
       200         24          0          0         12      10402   app_util_platform.o
        36          8       1024          0      16384        892   arm_startup_nrf52.o
      1818          0          0          0          0      34216   ble_advdata.o
      1356        208          0         31        179      14836   ble_advertising.o
       706        120          4         21         60       8064   ble_conn_params.o
       930          4         16          0          0       7570   ble_nus.o
        30          0          0          0          0      18042   ble_srv_common.o
      1528        154          4          6        228      11553   blefunctions.o
       282         24          8          0          0      11093   boards.o
      1204         80         44         21        108      11472   bsp.o
       338         10          0          8          0       4722   bsp_btn_ble.o
       140         48          4          4          0       2428   buttjob.o
        24          6          0          0        104       3440   fstorage.o
       216        108          0          0          0     113875   main.o
       358         34          0          0         20      13728   nrf_drv_clock.o
        96         12          0          0          0      27667   nrf_drv_common.o
      1882        114         71          0         88      37361   nrf_drv_gpiote.o
       988         18          0          0         24      24222   nrf_drv_spis.o
       524         20          0          0         12      21845   nrf_drv_timer.o
      2008         54          0          0         32      44886   nrf_drv_uart.o
       770         94          0         24          0     130727   softdevice_handler.o
      1096        112          0          4          0       6295   system_nrf52.o
      1612        382         55         51         64      30877   util.o

    ----------------------------------------------------------------------
     20604       1906       1264        216      17320     690146   Object Totals
         0          0         32          0          0          0   (incl. Generated)
        46          0          2         12          5          0   (incl. Padding)

    ----------------------------------------------------------------------

      Code (inc. data)   RO Data    RW Data    ZI Data      Debug   Library Member Name

         0          0          0          0          0          0   entry.o
         0          0          0          0          0          0   entry10a.o
         0          0          0          0          0          0   entry11a.o
         8          4          0          0          0          0   entry2.o
         4          0          0          0          0          0   entry5.o
         0          0          0          0          0          0   entry7b.o
         0          0          0          0          0          0   entry8b.o
         8          4          0          0          0          0   entry9a.o
        30          0          0          0          0          0   handlers.o
        36          8          0          0          0         68   init.o
        30          0          0          0          0         68   llshl.o
        32          0          0          0          0         68   llushr.o
       108         16          0          0          0         84   malloc.o
        36          0          0          0          0         68   memcpya.o
        36          0          0          0          0        108   memseta.o
         0          0          0          8          0          0   mvars.o
       774         50          0          0          0        252   printf5.o
        18          0          0          0          0         68   strcpy.o
        14          0          0          0          0         68   strlen.o
        98          0          0          0          0         92   uldiv.o

    ----------------------------------------------------------------------
      1240         82          0          8          0        944   Library Totals
         8          0          0          0          0          0   (incl. Padding)

    ----------------------------------------------------------------------

      Code (inc. data)   RO Data    RW Data    ZI Data      Debug   Library Name

      1232         82          0          8          0        944   mc_w.l

    ----------------------------------------------------------------------
      1240         82          0          8          0        944   Library Totals

    ----------------------------------------------------------------------

==============================================================================


      Code (inc. data)   RO Data    RW Data    ZI Data      Debug   

     21844       1988       1264        224      17320     664978   Grand Totals
     21844       1988       1264        224      17320     664978   ELF Image Totals
     21844       1988       1264        224          0          0   ROM Totals

==============================================================================

    Total RO  Size (Code + RO Data)                23108 (  22.57kB)
    Total RW  Size (RW Data + ZI Data)             17544 (  17.13kB)
    Total ROM Size (Code + RO Data + RW Data)      23332 (  22.79kB)

==============================================================================

