Component: ARM Compiler 5.06 update 4 (build 422) Tool: armlink [4d35d2]

==============================================================================

Section Cross References

    main.o(i.main) refers to util.o(i.uart_print_init) for uart_print_init
    main.o(i.main) refers to printf5.o(i.__0snprintf$5) for __2snprintf
    main.o(i.main) refers to util.o(i.uartprint) for uartprint
    main.o(i.main) refers to util.o(i.spi_app_init) for spi_app_init
    main.o(i.main) refers to util.o(i.fifo_init) for fifo_init
    main.o(i.main) refers to buttjob.o(i.butt_init) for butt_init
    main.o(i.main) refers to blefunctions.o(i.ble_app_init) for ble_app_init
    main.o(i.main) refers to util.o(i.spi_handler) for spi_handler
    main.o(i.main) refers to util.o(.bss) for printbuf
    blefunctions.o(i.advertising_init) refers to memseta.o(.text) for __aeabi_memclr4
    blefunctions.o(i.advertising_init) refers to ble_advertising.o(i.ble_advertising_init) for ble_advertising_init
    blefunctions.o(i.advertising_init) refers to app_error.o(i.app_error_handler_bare) for app_error_handler_bare
    blefunctions.o(i.advertising_init) refers to blefunctions.o(.data) for m_adv_uuids
    blefunctions.o(i.advertising_init) refers to blefunctions.o(i.on_adv_evt) for on_adv_evt
    blefunctions.o(i.assert_nrf_callback) refers to app_error.o(i.app_error_handler) for app_error_handler
    blefunctions.o(i.ble_app_init) refers to printf5.o(i.__0snprintf$5) for __2snprintf
    blefunctions.o(i.ble_app_init) refers to util.o(i.uartprint) for uartprint
    blefunctions.o(i.ble_app_init) refers to app_timer.o(i.app_timer_init) for app_timer_init
    blefunctions.o(i.ble_app_init) refers to app_error.o(i.app_error_handler_bare) for app_error_handler_bare
    blefunctions.o(i.ble_app_init) refers to blefunctions.o(i.ble_stack_init) for ble_stack_init
    blefunctions.o(i.ble_app_init) refers to blefunctions.o(i.gap_params_init) for gap_params_init
    blefunctions.o(i.ble_app_init) refers to blefunctions.o(i.services_init) for services_init
    blefunctions.o(i.ble_app_init) refers to blefunctions.o(i.advertising_init) for advertising_init
    blefunctions.o(i.ble_app_init) refers to blefunctions.o(i.conn_params_init) for conn_params_init
    blefunctions.o(i.ble_app_init) refers to ble_advertising.o(i.ble_advertising_start) for ble_advertising_start
    blefunctions.o(i.ble_app_init) refers to util.o(.bss) for printbuf
    blefunctions.o(i.ble_app_init) refers to blefunctions.o(.bss) for APP_TIMER_BUF
    blefunctions.o(i.ble_evt_dispatch) refers to ble_conn_params.o(i.ble_conn_params_on_ble_evt) for ble_conn_params_on_ble_evt
    blefunctions.o(i.ble_evt_dispatch) refers to ble_nus.o(i.ble_nus_on_ble_evt) for ble_nus_on_ble_evt
    blefunctions.o(i.ble_evt_dispatch) refers to blefunctions.o(i.on_ble_evt) for on_ble_evt
    blefunctions.o(i.ble_evt_dispatch) refers to ble_advertising.o(i.ble_advertising_on_ble_evt) for ble_advertising_on_ble_evt
    blefunctions.o(i.ble_evt_dispatch) refers to bsp_btn_ble.o(i.bsp_btn_ble_on_ble_evt) for bsp_btn_ble_on_ble_evt
    blefunctions.o(i.ble_evt_dispatch) refers to blefunctions.o(.bss) for m_nus
    blefunctions.o(i.ble_stack_init) refers to printf5.o(i.__0snprintf$5) for __2snprintf
    blefunctions.o(i.ble_stack_init) refers to util.o(i.uartprint) for uartprint
    blefunctions.o(i.ble_stack_init) refers to softdevice_handler.o(i.softdevice_handler_init) for softdevice_handler_init
    blefunctions.o(i.ble_stack_init) refers to app_error.o(i.app_error_handler_bare) for app_error_handler_bare
    blefunctions.o(i.ble_stack_init) refers to softdevice_handler.o(i.softdevice_enable_get_default_config) for softdevice_enable_get_default_config
    blefunctions.o(i.ble_stack_init) refers to softdevice_handler.o(i.softdevice_enable) for softdevice_enable
    blefunctions.o(i.ble_stack_init) refers to softdevice_handler.o(i.softdevice_ble_evt_handler_set) for softdevice_ble_evt_handler_set
    blefunctions.o(i.ble_stack_init) refers to util.o(.bss) for printbuf
    blefunctions.o(i.ble_stack_init) refers to blefunctions.o(.constdata) for .constdata
    blefunctions.o(i.ble_stack_init) refers to blefunctions.o(.bss) for BLE_EVT_BUFFER
    blefunctions.o(i.ble_stack_init) refers to blefunctions.o(i.ble_evt_dispatch) for ble_evt_dispatch
    blefunctions.o(i.bsp_event_handler) refers to blefunctions.o(i.sleep_mode_enter) for sleep_mode_enter
    blefunctions.o(i.bsp_event_handler) refers to app_error.o(i.app_error_handler_bare) for app_error_handler_bare
    blefunctions.o(i.bsp_event_handler) refers to ble_advertising.o(i.ble_advertising_restart_without_whitelist) for ble_advertising_restart_without_whitelist
    blefunctions.o(i.bsp_event_handler) refers to blefunctions.o(.data) for m_conn_handle
    blefunctions.o(i.conn_params_error_handler) refers to app_error.o(i.app_error_handler_bare) for app_error_handler_bare
[...]
    nrf_uart_event_clear                     0x00022fc5   Thumb Code    14  nrf_drv_uart.o(i.nrf_uart_event_clear)
    i.nrf_uart_hwfc_pins_set                 0x00022fd2   Section        0  nrf_drv_uart.o(i.nrf_uart_hwfc_pins_set)
    nrf_uart_hwfc_pins_set                   0x00022fd3   Thumb Code    10  nrf_drv_uart.o(i.nrf_uart_hwfc_pins_set)
    i.nrf_uart_int_disable                   0x00022fdc   Section        0  nrf_drv_uart.o(i.nrf_uart_int_disable)
    nrf_uart_int_disable                     0x00022fdd   Thumb Code     6  nrf_drv_uart.o(i.nrf_uart_int_disable)
    i.nrf_uart_int_enable                    0x00022fe2   Section        0  nrf_drv_uart.o(i.nrf_uart_int_enable)
    nrf_uart_int_enable                      0x00022fe3   Thumb Code     6  nrf_drv_uart.o(i.nrf_uart_int_enable)
    i.nrf_uart_int_enable_check              0x00022fe8   Section        0  nrf_drv_uart.o(i.nrf_uart_int_enable_check)
    nrf_uart_int_enable_check                0x00022fe9   Thumb Code    18  nrf_drv_uart.o(i.nrf_uart_int_enable_check)
    i.nrf_uart_task_trigger                  0x00022ffa   Section        0  nrf_drv_uart.o(i.nrf_uart_task_trigger)
    nrf_uart_task_trigger                    0x00022ffb   Thumb Code     6  nrf_drv_uart.o(i.nrf_uart_task_trigger)
    i.nrf_uart_txrx_pins_set                 0x00023000   Section        0  nrf_drv_uart.o(i.nrf_uart_txrx_pins_set)
    nrf_uart_txrx_pins_set                   0x00023001   Thumb Code    10  nrf_drv_uart.o(i.nrf_uart_txrx_pins_set)
    i.nrf_uarte_errorsrc_get_and_clear       0x0002300a   Section        0  nrf_drv_uart.o(i.nrf_uarte_errorsrc_get_and_clear)
    nrf_uarte_errorsrc_get_and_clear         0x0002300b   Thumb Code    12  nrf_drv_uart.o(i.nrf_uarte_errorsrc_get_and_clear)
    i.nrf_uarte_event_check                  0x00023016   Section        0  nrf_drv_uart.o(i.nrf_uarte_event_check)
    nrf_uarte_event_check                    0x00023017   Thumb Code    14  nrf_drv_uart.o(i.nrf_uarte_event_check)
    i.nrf_uarte_event_clear                  0x00023024   Section        0  nrf_drv_uart.o(i.nrf_uarte_event_clear)
    nrf_uarte_event_clear                    0x00023025   Thumb Code    14  nrf_drv_uart.o(i.nrf_uarte_event_clear)
    i.nrf_uarte_hwfc_pins_set                0x00023032   Section        0  nrf_drv_uart.o(i.nrf_uarte_hwfc_pins_set)
    nrf_uarte_hwfc_pins_set                  0x00023033   Thumb Code    12  nrf_drv_uart.o(i.nrf_uarte_hwfc_pins_set)
    i.nrf_uarte_int_enable                   0x0002303e   Section        0  nrf_drv_uart.o(i.nrf_uarte_int_enable)
    nrf_uarte_int_enable                     0x0002303f   Thumb Code     6  nrf_drv_uart.o(i.nrf_uarte_int_enable)
    i.nrf_uarte_rx_amount_get                0x00023044   Section        0  nrf_drv_uart.o(i.nrf_uarte_rx_amount_get)
    nrf_uarte_rx_amount_get                  0x00023045   Thumb Code    10  nrf_drv_uart.o(i.nrf_uarte_rx_amount_get)
    i.nrf_uarte_task_trigger                 0x0002304e   Section        0  nrf_drv_uart.o(i.nrf_uarte_task_trigger)
    nrf_uarte_task_trigger                   0x0002304f   Thumb Code     6  nrf_drv_uart.o(i.nrf_uarte_task_trigger)
    i.nrf_uarte_txrx_pins_set                0x00023054   Section        0  nrf_drv_uart.o(i.nrf_uarte_txrx_pins_set)
    nrf_uarte_txrx_pins_set                  0x00023055   Thumb Code    14  nrf_drv_uart.o(i.nrf_uarte_txrx_pins_set)
    i.nus_data_handler                       0x00023062   Section        0  blefunctions.o(i.nus_data_handler)
    i.on_adv_evt                             0x000230a4   Section        0  blefunctions.o(i.on_adv_evt)
    i.on_ble_evt                             0x000230d8   Section        0  blefunctions.o(i.on_ble_evt)
    i.on_conn_params_evt                     0x00023278   Section        0  blefunctions.o(i.on_conn_params_evt)
    i.on_conn_params_update                  0x000232a4   Section        0  ble_conn_params.o(i.on_conn_params_update)
    on_conn_params_update                    0x000232a5   Thumb Code    20  ble_conn_params.o(i.on_conn_params_update)
    i.on_connect                             0x000232bc   Section        0  ble_conn_params.o(i.on_connect)
    on_connect                               0x000232bd   Thumb Code    38  ble_conn_params.o(i.on_connect)
    i.on_connect                             0x000232f4   Section        0  ble_nus.o(i.on_connect)
    on_connect                               0x000232f5   Thumb Code     6  ble_nus.o(i.on_connect)
    i.on_connected                           0x000232fc   Section        0  ble_advertising.o(i.on_connected)
    on_connected                             0x000232fd   Thumb Code    14  ble_advertising.o(i.on_connected)
    i.on_disconnect                          0x00023310   Section        0  ble_conn_params.o(i.on_disconnect)
    on_disconnect                            0x00023311   Thumb Code    46  ble_conn_params.o(i.on_disconnect)
    i.on_disconnect                          0x00023350   Section        0  ble_nus.o(i.on_disconnect)
    on_disconnect                            0x00023351   Thumb Code     8  ble_nus.o(i.on_disconnect)
    i.on_disconnected                        0x00023358   Section        0  ble_advertising.o(i.on_disconnected)
    on_disconnected                          0x00023359   Thumb Code    46  ble_advertising.o(i.on_disconnected)
    i.on_timeout                             0x00023394   Section        0  ble_advertising.o(i.on_timeout)
    on_timeout                               0x00023395   Thumb Code    46  ble_advertising.o(i.on_timeout)
    i.on_write                               0x000233cc   Section        0  ble_conn_params.o(i.on_write)
    on_write                                 0x000233cd   Thumb Code    68  ble_conn_params.o(i.on_write)
    i.on_write                               0x00023418   Section        0  ble_nus.o(i.on_write)
    on_write                                 0x00023419   Thumb Code    70  ble_nus.o(i.on_write)
    i.pin_in_use_by_gpiote                   0x00023460   Section        0  nrf_drv_gpiote.o(i.pin_in_use_by_gpiote)
    pin_in_use_by_gpiote                     0x00023461   Thumb Code    22  nrf_drv_gpiote.o(i.pin_in_use_by_gpiote)
    i.pin_in_use_by_port                     0x0002347c   Section        0  nrf_drv_gpiote.o(i.pin_in_use_by_port)
    pin_in_use_by_port                       0x0002347d   Thumb Code    18  nrf_drv_gpiote.o(i.pin_in_use_by_port)
    i.pin_in_use_by_te                       0x00023494   Section        0  nrf_drv_gpiote.o(i.pin_in_use_by_te)
    pin_in_use_by_te                         0x00023495   Thumb Code    26  nrf_drv_gpiote.o(i.pin_in_use_by_te)
    i.pin_in_use_clear                       0x000234b4   Section        0  nrf_drv_gpiote.o(i.pin_in_use_clear)
    pin_in_use_clear                         0x000234b5   Thumb Code     8  nrf_drv_gpiote.o(i.pin_in_use_clear)
    i.power_manage                           0x000234c0   Section        0  blefunctions.o(i.power_manage)
    i.read_fifo                              0x000234dc   Section        0  util.o(i.read_fifo)
    i.rtc1_compare0_set                      0x0002352c   Section        0  app_timer.o(i.rtc1_compare0_set)
    rtc1_compare0_set                        0x0002352d   Thumb Code     6  app_timer.o(i.rtc1_compare0_set)
    i.rtc1_counter_get                       0x00023538   Section        0  app_timer.o(i.rtc1_counter_get)
    rtc1_counter_get                         0x00023539   Thumb Code     6  app_timer.o(i.rtc1_counter_get)
    i.rtc1_init                              0x00023544   Section        0  app_timer.o(i.rtc1_init)
    rtc1_init                                0x00023545   Thumb Code    18  app_timer.o(i.rtc1_init)
    i.rtc1_start                             0x0002355c   Section        0  app_timer.o(i.rtc1_start)
    rtc1_start                               0x0002355d   Thumb Code    48  app_timer.o(i.rtc1_start)
    i.rtc1_stop                              0x00023598   Section        0  app_timer.o(i.rtc1_stop)
    rtc1_stop                                0x00023599   Thumb Code    68  app_timer.o(i.rtc1_stop)
    i.rx_byte                                0x000235f0   Section        0  nrf_drv_uart.o(i.rx_byte)
    rx_byte                                  0x000235f1   Thumb Code    62  nrf_drv_uart.o(i.rx_byte)
    i.rx_char_add                            0x0002362e   Section        0  ble_nus.o(i.rx_char_add)
    rx_char_add                              0x0002362f   Thumb Code   310  ble_nus.o(i.rx_char_add)
    i.rx_done_event                          0x00023764   Section        0  nrf_drv_uart.o(i.rx_done_event)
    rx_done_event                            0x00023765   Thumb Code    30  nrf_drv_uart.o(i.rx_done_event)
    i.sd_nvic_EnableIRQ                      0x00023784   Section        0  softdevice_handler.o(i.sd_nvic_EnableIRQ)
    sd_nvic_EnableIRQ                        0x00023785   Thumb Code   126  softdevice_handler.o(i.sd_nvic_EnableIRQ)
    i.sd_nvic_critical_region_enter          0x00023810   Section        0  app_util_platform.o(i.sd_nvic_critical_region_enter)
    sd_nvic_critical_region_enter            0x00023811   Thumb Code    90  app_util_platform.o(i.sd_nvic_critical_region_enter)
    i.service_data_encode                    0x00023878   Section        0  ble_advdata.o(i.service_data_encode)
    service_data_encode                      0x00023879   Thumb Code   150  ble_advdata.o(i.service_data_encode)
    i.services_init                          0x00023910   Section        0  blefunctions.o(i.services_init)
    i.set_adv_mode_directed                  0x00023940   Section        0  ble_advertising.o(i.set_adv_mode_directed)
    set_adv_mode_directed                    0x00023941   Thumb Code    24  ble_advertising.o(i.set_adv_mode_directed)
    i.set_adv_mode_directed_slow             0x00023960   Section        0  ble_advertising.o(i.set_adv_mode_directed_slow)
    set_adv_mode_directed_slow               0x00023961   Thumb Code    32  ble_advertising.o(i.set_adv_mode_directed_slow)
    i.set_adv_mode_fast                      0x0002398c   Section        0  ble_advertising.o(i.set_adv_mode_fast)
    set_adv_mode_fast                        0x0002398d   Thumb Code    78  ble_advertising.o(i.set_adv_mode_fast)
    i.set_adv_mode_slow                      0x000239ec   Section        0  ble_advertising.o(i.set_adv_mode_slow)
    set_adv_mode_slow                        0x000239ed   Thumb Code    78  ble_advertising.o(i.set_adv_mode_slow)
    i.sleep_mode_enter                       0x00023a4c   Section        0  blefunctions.o(i.sleep_mode_enter)
    i.softdevice_ble_evt_handler_set         0x00023a98   Section        0  softdevice_handler.o(i.softdevice_ble_evt_handler_set)
    i.softdevice_enable                      0x00023ab0   Section        0  softdevice_handler.o(i.softdevice_enable)
    i.softdevice_enable_get_default_config   0x00023ad8   Section        0  softdevice_handler.o(i.softdevice_enable_get_default_config)
    i.softdevice_fault_handler               0x00023b04   Section        0  softdevice_handler.o(i.softdevice_fault_handler)
    i.softdevice_handler_init                0x00023b18   Section        0  softdevice_handler.o(i.softdevice_handler_init)
    i.softdevice_handler_is_enabled          0x00023bb4   Section        0  softdevice_handler.o(i.softdevice_handler_is_enabled)
    i.spi_app_init                           0x00023bc0   Section        0  util.o(i.spi_app_init)
    i.spi_handler                            0x00023cd4   Section        0  util.o(i.spi_handler)
    i.spis_event_handler                     0x00023f88   Section        0  util.o(i.spis_event_handler)
    i.spis_irq_handler                       0x00023fdc   Section        0  nrf_drv_spis.o(i.spis_irq_handler)
    spis_irq_handler                         0x00023fdd   Thumb Code   128  nrf_drv_spis.o(i.spis_irq_handler)
    i.spis_state_change                      0x0002405c   Section        0  nrf_drv_spis.o(i.spis_state_change)
    spis_state_change                        0x0002405d   Thumb Code    20  nrf_drv_spis.o(i.spis_state_change)
    i.spis_state_entry_action_execute        0x00024070   Section        0  nrf_drv_spis.o(i.spis_state_entry_action_execute)
    spis_state_entry_action_execute          0x00024071   Thumb Code   154  nrf_drv_spis.o(i.spis_state_entry_action_execute)
    i.srdata_check                           0x0002410a   Section        0  ble_advdata.o(i.srdata_check)
    srdata_check                             0x0002410b   Thumb Code    14  ble_advdata.o(i.srdata_check)
    i.ticks_diff_get                         0x00024118   Section        0  app_timer.o(i.ticks_diff_get)
    ticks_diff_get                           0x00024119   Thumb Code    10  app_timer.o(i.ticks_diff_get)
    i.timeout_handler_exec                   0x00024124   Section        0  app_timer.o(i.timeout_handler_exec)
    timeout_handler_exec                     0x00024125   Thumb Code    50  app_timer.o(i.timeout_handler_exec)
    i.timer_led_event_handler                0x0002415c   Section        0  util.o(i.timer_led_event_handler)
    i.timer_list_handler                     0x00024178   Section        0  app_timer.o(i.timer_list_handler)
    timer_list_handler                       0x00024179   Thumb Code    72  app_timer.o(i.timer_list_handler)
    i.timer_list_handler_sched               0x000241cc   Section        0  app_timer.o(i.timer_list_handler_sched)
    timer_list_handler_sched                 0x000241cd   Thumb Code    10  app_timer.o(i.timer_list_handler_sched)
    i.timer_list_insert                      0x000241d8   Section        0  app_timer.o(i.timer_list_insert)
    timer_list_insert                        0x000241d9   Thumb Code    98  app_timer.o(i.timer_list_insert)
    i.timer_list_remove                      0x00024240   Section        0  app_timer.o(i.timer_list_remove)
    timer_list_remove                        0x00024241   Thumb Code    90  app_timer.o(i.timer_list_remove)
    i.timer_start_op_schedule                0x000242ac   Section        0  app_timer.o(i.timer_start_op_schedule)
    timer_start_op_schedule                  0x000242ad   Thumb Code    94  app_timer.o(i.timer_start_op_schedule)
    i.timer_stop_op_schedule                 0x0002430a   Section        0  app_timer.o(i.timer_stop_op_schedule)
    timer_stop_op_schedule                   0x0002430b   Thumb Code    66  app_timer.o(i.timer_stop_op_schedule)
    i.timer_timeouts_check                   0x0002434c   Section        0  app_timer.o(i.timer_timeouts_check)
    timer_timeouts_check                     0x0002434d   Thumb Code   130  app_timer.o(i.timer_timeouts_check)
    i.timer_timeouts_check_sched             0x000243e4   Section        0  app_timer.o(i.timer_timeouts_check_sched)
    timer_timeouts_check_sched               0x000243e5   Thumb Code    10  app_timer.o(i.timer_timeouts_check_sched)
    i.tx_byte                                0x000243ee   Section        0  nrf_drv_uart.o(i.tx_byte)
    tx_byte                                  0x000243ef   Thumb Code    38  nrf_drv_uart.o(i.tx_byte)
    i.tx_char_add                            0x00024414   Section        0  ble_nus.o(i.tx_char_add)
    tx_char_add                              0x00024415   Thumb Code   236  ble_nus.o(i.tx_char_add)
    i.tx_clear                               0x00024500   Section        0  util.o(i.tx_clear)
    i.tx_done_event                          0x00024512   Section        0  nrf_drv_uart.o(i.tx_done_event)
    tx_done_event                            0x00024513   Thumb Code    34  nrf_drv_uart.o(i.tx_done_event)
    i.tx_power_level_encode                  0x00024534   Section        0  ble_advdata.o(i.tx_power_level_encode)
    tx_power_level_encode                    0x00024535   Thumb Code    54  ble_advdata.o(i.tx_power_level_encode)
    i.tx_set                                 0x0002456a   Section        0  util.o(i.tx_set)
    i.uart_irq_handler                       0x0002457e   Section        0  nrf_drv_uart.o(i.uart_irq_handler)
    uart_irq_handler                         0x0002457f   Thumb Code   322  nrf_drv_uart.o(i.uart_irq_handler)
    i.uart_print_init                        0x000246c0   Section        0  util.o(i.uart_print_init)
    i.uarte_irq_handler                      0x000246e8   Section        0  nrf_drv_uart.o(i.uarte_irq_handler)
    uarte_irq_handler                        0x000246e9   Thumb Code   268  nrf_drv_uart.o(i.uarte_irq_handler)
    i.uartprint                              0x000247f4   Section        0  util.o(i.uartprint)
    i.uint16_decode                          0x0002481c   Section        0  ble_srv_common.o(i.uint16_decode)
    uint16_decode                            0x0002481d   Thumb Code    12  ble_srv_common.o(i.uint16_decode)
    i.uint16_encode                          0x00024828   Section        0  ble_advdata.o(i.uint16_encode)
    uint16_encode                            0x00024829   Thumb Code    12  ble_advdata.o(i.uint16_encode)
    i.update_timeout_handler                 0x00024834   Section        0  ble_conn_params.o(i.update_timeout_handler)
    update_timeout_handler                   0x00024835   Thumb Code   126  ble_conn_params.o(i.update_timeout_handler)
    i.user_op_alloc                          0x000248c4   Section        0  app_timer.o(i.user_op_alloc)
    user_op_alloc                            0x000248c5   Thumb Code    56  app_timer.o(i.user_op_alloc)
    i.user_op_enque                          0x00024900   Section        0  app_timer.o(i.user_op_enque)
    user_op_enque                            0x00024901   Thumb Code     6  app_timer.o(i.user_op_enque)
    i.uuid_list_encode                       0x0002490c   Section        0  ble_advdata.o(i.uuid_list_encode)
    uuid_list_encode                         0x0002490d   Thumb Code    78  ble_advdata.o(i.uuid_list_encode)
    i.uuid_list_sized_encode                 0x0002495a   Section        0  ble_advdata.o(i.uuid_list_sized_encode)
    uuid_list_sized_encode                   0x0002495b   Thumb Code   220  ble_advdata.o(i.uuid_list_sized_encode)
    i.whitelist_has_entries                  0x00024a38   Section        0  ble_advertising.o(i.whitelist_has_entries)
    whitelist_has_entries                    0x00024a39   Thumb Code     6  ble_advertising.o(i.whitelist_has_entries)
    .constdata                               0x00024a44   Section        4  blefunctions.o(.constdata)
    .constdata                               0x00024a48   Section       55  util.o(.constdata)
    spis                                     0x00024a48   Data           8  util.o(.constdata)
    .constdata                               0x00024a80   Section        4  buttjob.o(.constdata)
    .constdata                               0x00024a84   Section        8  boards.o(.constdata)
    m_board_led_list                         0x00024a84   Data           4  boards.o(.constdata)
    m_board_btn_list                         0x00024a88   Data           4  boards.o(.constdata)
    .constdata                               0x00024a8c   Section       44  bsp.o(.constdata)
    m_leds_timer_id                          0x00024a8c   Data           4  bsp.o(.constdata)
    m_alert_timer_id                         0x00024a90   Data           4  bsp.o(.constdata)
    m_button_timer_id                        0x00024a94   Data           4  bsp.o(.constdata)
    app_buttons                              0x00024a98   Data          32  bsp.o(.constdata)
    .constdata                               0x00024ab8   Section        4  ble_conn_params.o(.constdata)
    m_conn_params_timer_id                   0x00024ab8   Data           4  ble_conn_params.o(.constdata)
    .constdata                               0x00024abc   Section       16  ble_nus.o(.constdata)
    .constdata                               0x00024acc   Section       71  nrf_drv_gpiote.o(.constdata)
    __func__                                 0x00024ad0   Data          20  nrf_drv_gpiote.o(.constdata)
    __func__                                 0x00024ae4   Data          24  nrf_drv_gpiote.o(.constdata)
    __func__                                 0x00024afc   Data          23  nrf_drv_gpiote.o(.constdata)
    .data                                    0x20002128   Section        6  blefunctions.o(.data)
    m_conn_handle                            0x20002128   Data           2  blefunctions.o(.data)
    m_adv_uuids                              0x2000212a   Data           4  blefunctions.o(.data)
    .data                                    0x20002130   Section       51  util.o(.data)
    p_uart                                   0x20002130   Data           8  util.o(.data)
    p_uart_config                            0x20002138   Data          32  util.o(.data)
    m_tx_buf                                 0x2000215a   Data           3  util.o(.data)
    m_rx_buf                                 0x2000215d   Data           4  util.o(.data)
    spis_xfer_done                           0x20002161   Data           1  util.o(.data)
    .data                                    0x20002163   Section        4  buttjob.o(.data)
    .data                                    0x20002168   Section       21  bsp.o(.data)
    m_stable_state                           0x20002168   Data           1  bsp.o(.data)
    m_leds_clear                             0x20002169   Data           1  bsp.o(.data)
    m_app_ticks_per_100ms                    0x2000216c   Data           4  bsp.o(.data)
    m_indication_type                        0x20002170   Data           4  bsp.o(.data)
    m_registered_callback                    0x20002174   Data           4  bsp.o(.data)
    current_long_push_pin_no                 0x20002178   Data           1  bsp.o(.data)
    release_event_at_push                    0x20002179   Data           4  bsp.o(.data)
    .data                                    0x20002180   Section        8  bsp_btn_ble.o(.data)
    m_error_handler                          0x20002180   Data           4  bsp_btn_ble.o(.data)
    m_num_connections                        0x20002184   Data           4  bsp_btn_ble.o(.data)
    .data                                    0x20002188   Section       21  ble_conn_params.o(.data)
    m_preferred_conn_params                  0x20002188   Data           8  ble_conn_params.o(.data)
    m_update_count                           0x20002190   Data           1  ble_conn_params.o(.data)
    m_conn_handle                            0x20002192   Data           2  ble_conn_params.o(.data)
    m_current_conn_params                    0x20002194   Data           8  ble_conn_params.o(.data)
    m_change_param                           0x2000219c   Data           1  ble_conn_params.o(.data)
    .data                                    0x200021a0   Section       31  ble_advertising.o(.data)
    m_initialized                            0x200021a0   Data           1  ble_advertising.o(.data)
    m_advertising_start_pending              0x200021a1   Data           1  ble_advertising.o(.data)
    m_adv_evt                                0x200021a2   Data           1  ble_advertising.o(.data)
    m_adv_mode_current                       0x200021a3   Data           1  ble_advertising.o(.data)
    m_peer_address                           0x200021a4   Data           7  ble_advertising.o(.data)
    m_peer_addr_reply_expected               0x200021ab   Data           1  ble_advertising.o(.data)
    m_slave_conn_int                         0x200021ac   Data           4  ble_advertising.o(.data)
    m_current_slave_link_conn_handle         0x200021b0   Data           2  ble_advertising.o(.data)
    m_evt_handler                            0x200021b4   Data           4  ble_advertising.o(.data)
    m_error_handler                          0x200021b8   Data           4  ble_advertising.o(.data)
    m_whitelist_temporarily_disabled         0x200021bc   Data           1  ble_advertising.o(.data)
    m_whitelist_reply_expected               0x200021bd   Data           1  ble_advertising.o(.data)
    m_whitelist_in_use                       0x200021be   Data           1  ble_advertising.o(.data)
    .data                                    0x200021c0   Section       34  app_timer.o(.data)
    m_op_queue                               0x200021c0   Data           8  app_timer.o(.data)
    mp_timer_id_head                         0x200021c8   Data           4  app_timer.o(.data)
    m_ticks_latest                           0x200021cc   Data           4  app_timer.o(.data)
    m_ticks_elapsed                          0x200021d0   Data           8  app_timer.o(.data)
    m_ticks_elapsed_q_read_ind               0x200021d8   Data           1  app_timer.o(.data)
    m_ticks_elapsed_q_write_ind              0x200021d9   Data           1  app_timer.o(.data)
    m_evt_schedule_func                      0x200021dc   Data           4  app_timer.o(.data)
    m_rtc1_running                           0x200021e0   Data           1  app_timer.o(.data)
    m_rtc1_reset                             0x200021e1   Data           1  app_timer.o(.data)
    .data                                    0x200021e4   Section       15  app_uart_fifo.o(.data)
    app_uart_inst                            0x200021e4   Data           8  app_uart_fifo.o(.data)
    m_event_handler                          0x200021ec   Data           4  app_uart_fifo.o(.data)
    tx_buffer                                0x200021f0   Data           1  app_uart_fifo.o(.data)
    rx_buffer                                0x200021f1   Data           1  app_uart_fifo.o(.data)
    m_rx_ovf                                 0x200021f2   Data           1  app_uart_fifo.o(.data)
    .data                                    0x200021f4   Section       24  softdevice_handler.o(.data)
    m_evt_schedule_func                      0x200021f4   Data           4  softdevice_handler.o(.data)
    m_softdevice_enabled                     0x200021f8   Data           1  softdevice_handler.o(.data)
    m_suspended                              0x200021f9   Data           1  softdevice_handler.o(.data)
    mp_ble_evt_buffer                        0x200021fc   Data           4  softdevice_handler.o(.data)
    m_ble_evt_buffer_size                    0x20002200   Data           2  softdevice_handler.o(.data)
    m_ble_evt_handler                        0x20002204   Data           4  softdevice_handler.o(.data)
    m_sys_evt_handler                        0x20002208   Data           4  softdevice_handler.o(.data)
    .data                                    0x2000220c   Section        4  system_nrf52.o(.data)
    __tagsym$$used                           0x2000220c   Number         0  system_nrf52.o(.data)
    .data                                    0x20002210   Section        4  mvars.o(.data)
    .data                                    0x20002214   Section        4  mvars.o(.data)
    .bss                                     0x20002218   Section      228  blefunctions.o(.bss)
    m_nus                                    0x20002218   Data          28  blefunctions.o(.bss)
    BLE_EVT_BUFFER                           0x20002234   Data          80  blefunctions.o(.bss)
    APP_TIMER_BUF                            0x20002284   Data         120  blefunctions.o(.bss)
    .bss                                     0x200022fc   Section       64  util.o(.bss)
    .bss                                     0x2000233c   Section      108  bsp.o(.bss)
    m_leds_timer_id_data                     0x2000233c   Data          32  bsp.o(.bss)
    m_alert_timer_id_data                    0x2000235c   Data          32  bsp.o(.bss)
    m_events_list                            0x2000237c   Data          12  bsp.o(.bss)
    m_button_timer_id_data                   0x20002388   Data          32  bsp.o(.bss)
    .bss                                     0x200023a8   Section       60  ble_conn_params.o(.bss)
    m_conn_params_config                     0x200023a8   Data          28  ble_conn_params.o(.bss)
    m_conn_params_timer_id_data              0x200023c4   Data          32  ble_conn_params.o(.bss)
    .bss                                     0x200023e4   Section      179  ble_advertising.o(.bss)
    m_adv_modes_config                       0x200023e4   Data          32  ble_advertising.o(.bss)
    m_advdata                                0x20002404   Data          60  ble_advertising.o(.bss)
    m_manuf_specific_data                    0x20002440   Data          12  ble_advertising.o(.bss)
    m_manuf_data_array                       0x2000244c   Data          31  ble_advertising.o(.bss)
    m_service_data                           0x2000246c   Data          12  ble_advertising.o(.bss)
    m_service_data_array                     0x20002478   Data          31  ble_advertising.o(.bss)
    .bss                                     0x20002498   Section       20  nrf_drv_clock.o(.bss)
    m_clock_cb                               0x20002498   Data          20  nrf_drv_clock.o(.bss)
    .bss                                     0x200024ac   Section       88  nrf_drv_gpiote.o(.bss)
    m_cb                                     0x200024ac   Data          88  nrf_drv_gpiote.o(.bss)
    .bss                                     0x20002504   Section       32  nrf_drv_uart.o(.bss)
    m_cb                                     0x20002504   Data          32  nrf_drv_uart.o(.bss)
    .bss                                     0x20002524   Section       24  nrf_drv_spis.o(.bss)
    m_cb                                     0x20002524   Data          24  nrf_drv_spis.o(.bss)
    .bss                                     0x2000253c   Section       12  nrf_drv_timer.o(.bss)
    m_cb                                     0x2000253c   Data          12  nrf_drv_timer.o(.bss)
    .bss                                     0x20002548   Section       32  app_uart_fifo.o(.bss)
    m_rx_fifo                                0x20002548   Data          16  app_uart_fifo.o(.bss)
    m_tx_fifo                                0x20002558   Data          16  app_uart_fifo.o(.bss)
    .bss                                     0x20002568   Section       12  app_util_platform.o(.bss)
    .bss                                     0x20002574   Section      104  fstorage.o(.bss)
    m_queue                                  0x20002574   Data         104  fstorage.o(.bss)
    HEAP                                     0x200025e0   Section     8192  arm_startup_nrf52.o(HEAP)
    STACK                                    0x200045e0   Section     8192  arm_startup_nrf52.o(STACK)

    Global Symbols

    Symbol Name                              Value     Ov Type        Size  Object(Section)

    BuildAttributes$$THM_ISAv4$E$P$D$K$B$S$7EM$VFPi3$EXTD16$VFPS$VFMA$PE$A:L22UL41UL21$X:L11$S22US41US21$IEEE1$IW$USESV6$~STKCKD$USESV7$~SHL$OSPACE$ROPI$EBA8$MICROLIB$REQ8$PRES8$EABIv2 0x00000000   Number         0  anon$$obj.o ABSOLUTE
    __ARM_use_no_argv                        0x00000000   Number         0  main.o ABSOLUTE
    _printf_a                                0x00000000   Number         0  stubs.o ABSOLUTE
    _printf_c                                0x00000000   Number         0  stubs.o ABSOLUTE
    _printf_charcount                        0x00000000   Number         0  stubs.o ABSOLUTE
    _printf_d                                0x00000000   Number         0  stubs.o ABSOLUTE
    _printf_e                                0x00000000   Number         0  stubs.o ABSOLUTE
    _printf_f                                0x00000000   Number         0  stubs.o ABSOLUTE
    _printf_flags                            0x00000000   Number         0  stubs.o ABSOLUTE
    _printf_fp_dec                           0x00000000   Number         0  stubs.o ABSOLUTE
    _printf_fp_hex                           0x00000000   Number         0  stubs.o ABSOLUTE
    _printf_g                                0x00000000   Number         0  stubs.o ABSOLUTE
    _printf_i                                0x00000000   Number         0  stubs.o ABSOLUTE
    _printf_int_dec                          0x00000000   Number         0  stubs.o ABSOLUTE
    _printf_l                                0x00000000   Number         0  stubs.o ABSOLUTE
    _printf_lc                               0x00000000   Number         0  stubs.o ABSOLUTE
    _printf_ll                               0x00000000   Number         0  stubs.o ABSOLUTE
    _printf_lld                              0x00000000   Number         0  stubs.o ABSOLUTE
    _printf_lli                              0x00000000   Number         0  stubs.o ABSOLUTE
    _printf_llo                              0x00000000   Number         0  stubs.o ABSOLUTE
    _printf_llu                              0x00000000   Number         0  stubs.o ABSOLUTE
    _printf_llx                              0x00000000   Number         0  stubs.o ABSOLUTE
    _printf_longlong_dec                     0x00000000   Number         0  stubs.o ABSOLUTE
    _printf_longlong_hex                     0x00000000   Number         0  stubs.o ABSOLUTE
    _printf_longlong_oct                     0x00000000   Number         0  stubs.o ABSOLUTE
    _printf_ls                               0x00000000   Number         0  stubs.o ABSOLUTE
    _printf_mbtowc                           0x00000000   Number         0  stubs.o ABSOLUTE
    _printf_n                                0x00000000   Number         0  stubs.o ABSOLUTE
    _printf_o                                0x00000000   Number         0  stubs.o ABSOLUTE
    _printf_p                                0x00000000   Number         0  stubs.o ABSOLUTE
    _printf_percent                          0x00000000   Number         0  stubs.o ABSOLUTE
    _printf_pre_padding                      0x00000000   Number         0  stubs.o ABSOLUTE
    _printf_return_value                     0x00000000   Number         0  stubs.o ABSOLUTE
    _printf_s                                0x00000000   Number         0  stubs.o ABSOLUTE
    _printf_sizespec                         0x00000000   Number         0  stubs.o ABSOLUTE
    _printf_str                              0x00000000   Number         0  stubs.o ABSOLUTE
    _printf_truncate_signed                  0x00000000   Number         0  stubs.o ABSOLUTE
    _printf_truncate_unsigned                0x00000000   Number         0  stubs.o ABSOLUTE
    _printf_u                                0x00000000   Number         0  stubs.o ABSOLUTE
    _printf_wc                               0x00000000   Number         0  stubs.o ABSOLUTE
    _printf_wctomb                           0x00000000   Number         0  stubs.o ABSOLUTE
    _printf_widthprec                        0x00000000   Number         0  stubs.o ABSOLUTE
    _printf_x                                0x00000000   Number         0  stubs.o ABSOLUTE
    __cpp_initialize__aeabi_                  - Undefined Weak Reference
    __cxa_finalize                            - Undefined Weak Reference
    __decompress                              - Undefined Weak Reference
    _clock_init                               - Undefined Weak Reference
    _microlib_exit                            - Undefined Weak Reference
    fs_data$$Base                             - Undefined Reference
    fs_data$$Limit                            - Undefined Reference
    __Vectors_Size                           0x00000400   Number         0  arm_startup_nrf52.o ABSOLUTE
    __Vectors                                0x0001f000   Data           4  arm_startup_nrf52.o(RESET)
    __Vectors_End                            0x0001f400   Data           0  arm_startup_nrf52.o(RESET)
    __main                                   0x0001f401   Thumb Code     0  entry.o(.ARM.Collect$$$$00000000)
    _main_stk                                0x0001f401   Thumb Code     0  entry2.o(.ARM.Collect$$$$00000001)
    _main_scatterload                        0x0001f405   Thumb Code     0  entry5.o(.ARM.Collect$$$$00000004)
    __main_after_scatterload                 0x0001f409   Thumb Code     0  entry5.o(.ARM.Collect$$$$00000004)
    _main_clock                              0x0001f409   Thumb Code     0  entry7b.o(.ARM.Collect$$$$00000008)
    _main_cpp_init                           0x0001f409   Thumb Code     0  entry8b.o(.ARM.Collect$$$$0000000A)
    _main_init                               0x0001f409   Thumb Code     0  entry9a.o(.ARM.Collect$$$$0000000B)
    __rt_final_cpp                           0x0001f411   Thumb Code     0  entry10a.o(.ARM.Collect$$$$0000000D)
    __rt_final_exit                          0x0001f411   Thumb Code     0  entry11a.o(.ARM.Collect$$$$0000000F)
    Reset_Handler                            0x0001f415   Thumb Code     8  arm_startup_nrf52.o(.text)
    NMI_Handler                              0x0001f41d   Thumb Code     2  arm_startup_nrf52.o(.text)
    HardFault_Handler                        0x0001f41f   Thumb Code     2  arm_startup_nrf52.o(.text)
    MemoryManagement_Handler                 0x0001f421   Thumb Code     2  arm_startup_nrf52.o(.text)
    BusFault_Handler                         0x0001f423   Thumb Code     2  arm_startup_nrf52.o(.text)
    UsageFault_Handler                       0x0001f425   Thumb Code     2  arm_startup_nrf52.o(.text)
    SVC_Handler                              0x0001f427   Thumb Code     2  arm_startup_nrf52.o(.text)
    DebugMon_Handler                         0x0001f429   Thumb Code     2  arm_startup_nrf52.o(.text)
    PendSV_Handler                           0x0001f42b   Thumb Code     2  arm_startup_nrf52.o(.text)
    SysTick_Handler                          0x0001f42d   Thumb Code     2  arm_startup_nrf52.o(.text)
    CCM_AAR_IRQHandler                       0x0001f42f   Thumb Code     0  arm_startup_nrf52.o(.text)
    COMP_LPCOMP_IRQHandler                   0x0001f42f   Thumb Code     0  arm_startup_nrf52.o(.text)
    ECB_IRQHandler                           0x0001f42f   Thumb Code     0  arm_startup_nrf52.o(.text)
    FPU_IRQHandler                           0x0001f42f   Thumb Code     0  arm_startup_nrf52.o(.text)
    I2S_IRQHandler                           0x0001f42f   Thumb Code     0  arm_startup_nrf52.o(.text)
    MWU_IRQHandler                           0x0001f42f   Thumb Code     0  arm_startup_nrf52.o(.text)
    NFCT_IRQHandler                          0x0001f42f   Thumb Code     0  arm_startup_nrf52.o(.text)
    PDM_IRQHandler                           0x0001f42f   Thumb Code     0  arm_startup_nrf52.o(.text)
    PWM0_IRQHandler                          0x0001f42f   Thumb Code     0  arm_startup_nrf52.o(.text)
    PWM1_IRQHandler                          0x0001f42f   Thumb Code     0  arm_startup_nrf52.o(.text)
    PWM2_IRQHandler                          0x0001f42f   Thumb Code     0  arm_startup_nrf52.o(.text)
    QDEC_IRQHandler                          0x0001f42f   Thumb Code     0  arm_startup_nrf52.o(.text)
    RADIO_IRQHandler                         0x0001f42f   Thumb Code     0  arm_startup_nrf52.o(.text)
    RNG_IRQHandler                           0x0001f42f   Thumb Code     0  arm_startup_nrf52.o(.text)
    RTC0_IRQHandler                          0x0001f42f   Thumb Code     0  arm_startup_nrf52.o(.text)
    RTC2_IRQHandler                          0x0001f42f   Thumb Code     0  arm_startup_nrf52.o(.text)
    SAADC_IRQHandler                         0x0001f42f   Thumb Code     0  arm_startup_nrf52.o(.text)
    SPIM0_SPIS0_TWIM0_TWIS0_SPI0_TWI0_IRQHandler 0x0001f42f   Thumb Code     0  arm_startup_nrf52.o(.text)
    SPIM2_SPIS2_SPI2_IRQHandler              0x0001f42f   Thumb Code     0  arm_startup_nrf52.o(.text)
    SWI1_EGU1_IRQHandler                     0x0001f42f   Thumb Code     0  arm_startup_nrf52.o(.text)
    SWI3_EGU3_IRQHandler                     0x0001f42f   Thumb Code     0  arm_startup_nrf52.o(.text)
    SWI4_EGU4_IRQHandler                     0x0001f42f   Thumb Code     0  arm_startup_nrf52.o(.text)
    SWI5_EGU5_IRQHandler                     0x0001f42f   Thumb Code     0  arm_startup_nrf52.o(.text)
    TEMP_IRQHandler                          0x0001f42f   Thumb Code     0  arm_startup_nrf52.o(.text)
    TIMER0_IRQHandler                        0x0001f42f   Thumb Code     0  arm_startup_nrf52.o(.text)
    TIMER2_IRQHandler                        0x0001f42f   Thumb Code     0  arm_startup_nrf52.o(.text)
    TIMER3_IRQHandler                        0x0001f42f   Thumb Code     0  arm_startup_nrf52.o(.text)
    TIMER4_IRQHandler                        0x0001f42f   Thumb Code     0  arm_startup_nrf52.o(.text)
    WDT_IRQHandler                           0x0001f42f   Thumb Code     0  arm_startup_nrf52.o(.text)
    __aeabi_memcpy                           0x0001f439   Thumb Code    36  memcpya.o(.text)
    __aeabi_memcpy4                          0x0001f439   Thumb Code     0  memcpya.o(.text)
    __aeabi_memcpy8                          0x0001f439   Thumb Code     0  memcpya.o(.text)
    __aeabi_memset                           0x0001f45d   Thumb Code    14  memseta.o(.text)
    __aeabi_memset4                          0x0001f45d   Thumb Code     0  memseta.o(.text)
    __aeabi_memset8                          0x0001f45d   Thumb Code     0  memseta.o(.text)
    __aeabi_memclr                           0x0001f46b   Thumb Code     4  memseta.o(.text)
    __aeabi_memclr4                          0x0001f46b   Thumb Code     0  memseta.o(.text)
    __aeabi_memclr8                          0x0001f46b   Thumb Code     0  memseta.o(.text)
    _memset$wrapper                          0x0001f46f   Thumb Code    18  memseta.o(.text)
    strlen                                   0x0001f481   Thumb Code    14  strlen.o(.text)
    __aeabi_uldivmod                         0x0001f48f   Thumb Code    98  uldiv.o(.text)
    __scatterload                            0x0001f4f1   Thumb Code    28  init.o(.text)
    __scatterload_rt2                        0x0001f4f1   Thumb Code     0  init.o(.text)
    __aeabi_llsl                             0x0001f515   Thumb Code    30  llshl.o(.text)
    _ll_shift_l                              0x0001f515   Thumb Code     0  llshl.o(.text)
    __aeabi_llsr                             0x0001f533   Thumb Code    32  llushr.o(.text)
    _ll_ushift_r                             0x0001f533   Thumb Code     0  llushr.o(.text)
    GPIOTE_IRQHandler                        0x0001f555   Thumb Code   554  nrf_drv_gpiote.o(i.GPIOTE_IRQHandler)
    POWER_CLOCK_IRQHandler                   0x0001f829   Thumb Code    74  nrf_drv_clock.o(i.POWER_CLOCK_IRQHandler)
    RTC1_IRQHandler                          0x0001f879   Thumb Code    44  app_timer.o(i.RTC1_IRQHandler)
    SPIM1_SPIS1_TWIM1_TWIS1_SPI1_TWI1_IRQHandler 0x0001f8ad   Thumb Code    14  nrf_drv_spis.o(i.SPIM1_SPIS1_TWIM1_TWIS1_SPI1_TWI1_IRQHandler)
    SWI0_EGU0_IRQHandler                     0x0001f8c1   Thumb Code     8  app_timer.o(i.SWI0_EGU0_IRQHandler)
    SWI2_EGU2_IRQHandler                     0x0001f8c9   Thumb Code    42  softdevice_handler.o(i.SWI2_EGU2_IRQHandler)
    SynHandler                               0x0001f8f9   Thumb Code    46  util.o(i.SynHandler)
    SystemCoreClockUpdate                    0x0001f93d   Thumb Code     8  system_nrf52.o(i.SystemCoreClockUpdate)
    SystemInit                               0x0001f94d   Thumb Code   532  system_nrf52.o(i.SystemInit)
    TIMER1_IRQHandler                        0x0001fb99   Thumb Code    14  nrf_drv_timer.o(i.TIMER1_IRQHandler)
    UARTE0_UART0_IRQHandler                  0x0001fbb1   Thumb Code    28  nrf_drv_uart.o(i.UARTE0_UART0_IRQHandler)
    __0snprintf$5                            0x0001fbd5   Thumb Code    44  printf5.o(i.__0snprintf$5)
    __1snprintf$5                            0x0001fbd5   Thumb Code     0  printf5.o(i.__0snprintf$5)
    __2snprintf                              0x0001fbd5   Thumb Code     0  printf5.o(i.__0snprintf$5)
    __scatterload_copy                       0x0001fc05   Thumb Code    14  handlers.o(i.__scatterload_copy)
    __scatterload_null                       0x0001fc13   Thumb Code     2  handlers.o(i.__scatterload_null)
    __scatterload_zeroinit                   0x0001fc15   Thumb Code    14  handlers.o(i.__scatterload_zeroinit)
    add_fifo                                 0x0001ff41   Thumb Code    60  util.o(i.add_fifo)
    adv_data_encode                          0x0001ff99   Thumb Code   364  ble_advdata.o(i.adv_data_encode)
    advertising_init                         0x000201dd   Thumb Code   110  blefunctions.o(i.advertising_init)
    app_error_fault_handler                  0x00020255   Thumb Code    60  app_error_weak.o(i.app_error_fault_handler)
    app_error_handler_bare                   0x00020299   Thumb Code    28  app_error.o(i.app_error_handler_bare)
    app_fifo_get                             0x000202b5   Thumb Code    30  app_fifo.o(i.app_fifo_get)
    app_fifo_put                             0x000202d3   Thumb Code    34  app_fifo.o(i.app_fifo_put)
    app_timer_create                         0x000202f5   Thumb Code    56  app_timer.o(i.app_timer_create)
    app_timer_init                           0x00020331   Thumb Code   114  app_timer.o(i.app_timer_init)
    app_timer_start                          0x000203bd   Thumb Code    78  app_timer.o(i.app_timer_start)
    app_timer_stop                           0x00020411   Thumb Code    44  app_timer.o(i.app_timer_stop)
    app_uart_put                             0x00020441   Thumb Code    50  app_uart_fifo.o(i.app_uart_put)
    app_util_critical_region_enter           0x00020481   Thumb Code    12  app_util_platform.o(i.app_util_critical_region_enter)
    app_util_critical_region_exit            0x0002048d   Thumb Code    62  app_util_platform.o(i.app_util_critical_region_exit)
    ble_advdata_set                          0x0002060d   Thumb Code   148  ble_advdata.o(i.ble_advdata_set)
    ble_advertising_init                     0x000206a1   Thumb Code   318  ble_advertising.o(i.ble_advertising_init)
    ble_advertising_on_ble_evt               0x00020815   Thumb Code    50  ble_advertising.o(i.ble_advertising_on_ble_evt)
    ble_advertising_start                    0x00020849   Thumb Code   314  ble_advertising.o(i.ble_advertising_start)
    ble_app_init                             0x000209b1   Thumb Code   196  blefunctions.o(i.ble_app_init)
    ble_conn_params_init                     0x00020aa5   Thumb Code    84  ble_conn_params.o(i.ble_conn_params_init)
    ble_conn_params_on_ble_evt               0x00020b15   Thumb Code    62  ble_conn_params.o(i.ble_conn_params_on_ble_evt)
    ble_evt_dispatch                         0x00020bc9   Thumb Code    38  blefunctions.o(i.ble_evt_dispatch)
    ble_nus_init                             0x00020bf5   Thumb Code   144  ble_nus.o(i.ble_nus_init)
    ble_nus_on_ble_evt                       0x00020c89   Thumb Code    66  ble_nus.o(i.ble_nus_on_ble_evt)
    ble_srv_is_notification_enabled          0x00020ccb   Thumb Code    18  ble_srv_common.o(i.ble_srv_is_notification_enabled)
    ble_stack_init                           0x00020cdd   Thumb Code   234  blefunctions.o(i.ble_stack_init)
    bsp_board_button_idx_to_pin              0x00020e09   Thumb Code     8  boards.o(i.bsp_board_button_idx_to_pin)
    bsp_board_led_invert                     0x00020e15   Thumb Code    44  boards.o(i.bsp_board_led_invert)
    bsp_board_led_off                        0x00020e45   Thumb Code    16  boards.o(i.bsp_board_led_off)
    bsp_board_led_on                         0x00020e59   Thumb Code    16  boards.o(i.bsp_board_led_on)
    bsp_board_led_state_get                  0x00020e6d   Thumb Code    44  boards.o(i.bsp_board_led_state_get)
    bsp_board_leds_off                       0x00020e9d   Thumb Code    20  boards.o(i.bsp_board_leds_off)
    bsp_board_leds_on                        0x00020eb1   Thumb Code    20  boards.o(i.bsp_board_leds_on)
    bsp_board_pin_to_button_idx              0x00020ec5   Thumb Code    32  boards.o(i.bsp_board_pin_to_button_idx)
    bsp_btn_ble_on_ble_evt                   0x00020ee9   Thumb Code   110  bsp_btn_ble.o(i.bsp_btn_ble_on_ble_evt)
    bsp_btn_ble_sleep_mode_prepare           0x00020f61   Thumb Code    50  bsp_btn_ble.o(i.bsp_btn_ble_sleep_mode_prepare)
    bsp_event_to_button_action_assign        0x00021065   Thumb Code    86  bsp.o(i.bsp_event_to_button_action_assign)
    bsp_indication_set                       0x000210c1   Thumb Code    28  bsp.o(i.bsp_indication_set)
    bsp_wakeup_button_enable                 0x00021401   Thumb Code    22  bsp.o(i.bsp_wakeup_button_enable)
    butt_handler                             0x00021419   Thumb Code    38  buttjob.o(i.butt_handler)
    butt_init                                0x00021465   Thumb Code    54  buttjob.o(i.butt_init)
    conn_params_error_handler                0x000216e3   Thumb Code    16  blefunctions.o(i.conn_params_error_handler)
    conn_params_init                         0x000216f5   Thumb Code    82  blefunctions.o(i.conn_params_init)
    fifo_init                                0x00021ae9   Thumb Code    30  util.o(i.fifo_init)
    fs_queued_op_count_get                   0x00021b85   Thumb Code    18  fstorage.o(i.fs_queued_op_count_get)
    gap_params_init                          0x00021b9d   Thumb Code   116  blefunctions.o(i.gap_params_init)
    intern_softdevice_events_execute         0x00021c25   Thumb Code   158  softdevice_handler.o(i.intern_softdevice_events_execute)
    main                                     0x00021f69   Thumb Code   108  main.o(i.main)
    malloc                                   0x00022041   Thumb Code    92  malloc.o(i.malloc)
    nrf_drv_clock_init                       0x00022371   Thumb Code    94  nrf_drv_clock.o(i.nrf_drv_clock_init)
    nrf_drv_clock_on_sd_enable               0x000223d9   Thumb Code    46  nrf_drv_clock.o(i.nrf_drv_clock_on_sd_enable)
    nrf_drv_clock_on_soc_event               0x0002240d   Thumb Code    14  nrf_drv_clock.o(i.nrf_drv_clock_on_soc_event)
    nrf_drv_common_irq_enable                0x0002241d   Thumb Code    84  nrf_drv_common.o(i.nrf_drv_common_irq_enable)
    nrf_drv_gpiote_in_event_enable           0x00022491   Thumb Code   164  nrf_drv_gpiote.o(i.nrf_drv_gpiote_in_event_enable)
    nrf_drv_gpiote_in_init                   0x0002253d   Thumb Code   206  nrf_drv_gpiote.o(i.nrf_drv_gpiote_in_init)
    nrf_drv_gpiote_in_is_set                 0x00022619   Thumb Code    20  nrf_drv_gpiote.o(i.nrf_drv_gpiote_in_is_set)
    nrf_drv_gpiote_init                      0x0002262d   Thumb Code    90  nrf_drv_gpiote.o(i.nrf_drv_gpiote_init)
    nrf_drv_gpiote_out_clear                 0x0002268d   Thumb Code    12  nrf_drv_gpiote.o(i.nrf_drv_gpiote_out_clear)
    nrf_drv_gpiote_out_init                  0x00022699   Thumb Code   190  nrf_drv_gpiote.o(i.nrf_drv_gpiote_out_init)
    nrf_drv_gpiote_out_set                   0x00022765   Thumb Code    12  nrf_drv_gpiote.o(i.nrf_drv_gpiote_out_set)
    nrf_drv_spis_buffers_set                 0x00022799   Thumb Code   142  nrf_drv_spis.o(i.nrf_drv_spis_buffers_set)
    nrf_drv_spis_init                        0x0002282d   Thumb Code   394  nrf_drv_spis.o(i.nrf_drv_spis_init)
    nrf_drv_timer_compare                    0x000229bd   Thumb Code    56  nrf_drv_timer.o(i.nrf_drv_timer_compare)
    nrf_drv_timer_enable                     0x000229f5   Thumb Code    30  nrf_drv_timer.o(i.nrf_drv_timer_enable)
    nrf_drv_timer_extended_compare           0x00022a19   Thumb Code    66  nrf_drv_timer.o(i.nrf_drv_timer_extended_compare)
    nrf_drv_timer_init                       0x00022a5d   Thumb Code   168  nrf_drv_timer.o(i.nrf_drv_timer_init)
    nrf_drv_uart_init                        0x00022b09   Thumb Code   126  nrf_drv_uart.o(i.nrf_drv_uart_init)
    nrf_drv_uart_tx                          0x00022b8d   Thumb Code    96  nrf_drv_uart.o(i.nrf_drv_uart_tx)
    nrf_drv_uart_tx_in_progress              0x00022cf9   Thumb Code    22  nrf_drv_uart.o(i.nrf_drv_uart_tx_in_progress)
    nus_data_handler                         0x00023063   Thumb Code    66  blefunctions.o(i.nus_data_handler)
    on_adv_evt                               0x000230a5   Thumb Code    50  blefunctions.o(i.on_adv_evt)
    on_ble_evt                               0x000230d9   Thumb Code   412  blefunctions.o(i.on_ble_evt)
    on_conn_params_evt                       0x00023279   Thumb Code    38  blefunctions.o(i.on_conn_params_evt)
    power_manage                             0x000234c1   Thumb Code    26  blefunctions.o(i.power_manage)
    read_fifo                                0x000234dd   Thumb Code    76  util.o(i.read_fifo)
    services_init                            0x00023911   Thumb Code    40  blefunctions.o(i.services_init)
    sleep_mode_enter                         0x00023a4d   Thumb Code    76  blefunctions.o(i.sleep_mode_enter)
    softdevice_ble_evt_handler_set           0x00023a99   Thumb Code    20  softdevice_handler.o(i.softdevice_ble_evt_handler_set)
    softdevice_enable                        0x00023ab1   Thumb Code    34  softdevice_handler.o(i.softdevice_enable)
    softdevice_enable_get_default_config     0x00023ad9   Thumb Code    44  softdevice_handler.o(i.softdevice_enable_get_default_config)
    softdevice_fault_handler                 0x00023b05   Thumb Code    20  softdevice_handler.o(i.softdevice_fault_handler)
    softdevice_handler_init                  0x00023b19   Thumb Code   134  softdevice_handler.o(i.softdevice_handler_init)
    softdevice_handler_is_enabled            0x00023bb5   Thumb Code     6  softdevice_handler.o(i.softdevice_handler_is_enabled)
    spi_app_init                             0x00023bc1   Thumb Code   234  util.o(i.spi_app_init)
    spi_handler                              0x00023cd5   Thumb Code   464  util.o(i.spi_handler)
    spis_event_handler                       0x00023f89   Thumb Code    34  util.o(i.spis_event_handler)
    timer_led_event_handler                  0x0002415d   Thumb Code    24  util.o(i.timer_led_event_handler)
    tx_clear                                 0x00024501   Thumb Code    18  util.o(i.tx_clear)
    tx_set                                   0x0002456b   Thumb Code    20  util.o(i.tx_set)
    uart_print_init                          0x000246c1   Thumb Code    30  util.o(i.uart_print_init)
    uartprint                                0x000247f5   Thumb Code    30  util.o(i.uartprint)
    TIMER                                    0x00024a50   Data           8  util.o(.constdata)
    Region$$Table$$Base                      0x00024b14   Number         0  anon$$obj.o(Region$$Table)
    Region$$Table$$Limit                     0x00024b34   Number         0  anon$$obj.o(Region$$Table)
    Image$$RW_IRAM1$$Base                    0x20002128   Number         0  anon$$obj.o ABSOLUTE
    timer_                                   0x20002158   Data           1  util.o(.data)
    command                                  0x20002159   Data           1  util.o(.data)
    syn                                      0x20002162   Data           1  util.o(.data)
    data                                     0x20002163   Data           4  buttjob.o(.data)
    SystemCoreClock                          0x2000220c   Data           4  system_nrf52.o(.data)
    __microlib_freelist                      0x20002210   Data           4  mvars.o(.data)
    __microlib_freelist_initialised          0x20002214   Data           4  mvars.o(.data)
    printbuf                                 0x200022fc   Data          50  util.o(.bss)
    d_list                                   0x20002330   Data          12  util.o(.bss)
    nrf_nvic_state                           0x20002568   Data          12  app_util_platform.o(.bss)
    __heap_base                              0x200025e0   Data           0  arm_startup_nrf52.o(HEAP)
    __heap_limit                             0x200045e0   Data           0  arm_startup_nrf52.o(HEAP)
    __initial_sp                             0x200065e0   Data           0  arm_startup_nrf52.o(STACK)



==============================================================================

Memory Map of the image

  Image Entry point : 0x0001f401

  Load Region LR_IROM1 (Base: 0x0001f000, Size: 0x00005c24, Max: 0x00061000, ABSOLUTE)

    Execution Region ER_IROM1 (Base: 0x0001f000, Size: 0x00005b34, Max: 0x00061000, ABSOLUTE)

    Base Addr    Size         Type   Attr      Idx    E Section Name        Object

    0x0001f000   0x00000400   Data   RO         3640    RESET               arm_startup_nrf52.o
    0x0001f400   0x00000000   Code   RO         3721  * .ARM.Collect$$$$00000000  mc_w.l(entry.o)
    0x0001f400   0x00000004   Code   RO         4023    .ARM.Collect$$$$00000001  mc_w.l(entry2.o)
    0x0001f404   0x00000004   Code   RO         4026    .ARM.Collect$$$$00000004  mc_w.l(entry5.o)
    0x0001f408   0x00000000   Code   RO         4028    .ARM.Collect$$$$00000008  mc_w.l(entry7b.o)
    0x0001f408   0x00000000   Code   RO         4030    .ARM.Collect$$$$0000000A  mc_w.l(entry8b.o)
    0x0001f408   0x00000008   Code   RO         4031    .ARM.Collect$$$$0000000B  mc_w.l(entry9a.o)
    0x0001f410   0x00000000   Code   RO         4033    .ARM.Collect$$$$0000000D  mc_w.l(entry10a.o)
    0x0001f410   0x00000000   Code   RO         4035    .ARM.Collect$$$$0000000F  mc_w.l(entry11a.o)
    0x0001f410   0x00000004   Code   RO         4024    .ARM.Collect$$$$00002712  mc_w.l(entry2.o)
    0x0001f414   0x00000024   Code   RO         3641    .text               arm_startup_nrf52.o
    0x0001f438   0x00000024   Code   RO         3724    .text               mc_w.l(memcpya.o)
    0x0001f45c   0x00000024   Code   RO         3726    .text               mc_w.l(memseta.o)
    0x0001f480   0x0000000e   Code   RO         3728    .text               mc_w.l(strlen.o)
    0x0001f48e   0x00000062   Code   RO         4039    .text               mc_w.l(uldiv.o)
    0x0001f4f0   0x00000024   Code   RO         4054    .text               mc_w.l(init.o)
    0x0001f514   0x0000001e   Code   RO         4056    .text               mc_w.l(llshl.o)
    0x0001f532   0x00000020   Code   RO         4058    .text               mc_w.l(llushr.o)
    0x0001f552   0x00000002   PAD
    0x0001f554   0x00000238   Code   RO         1605    i.GPIOTE_IRQHandler  nrf_drv_gpiote.o
    0x0001f78c   0x00000018   Code   RO         2680    i.NVIC_ClearPendingIRQ  app_timer.o
    0x0001f7a4   0x00000018   Code   RO         3437    i.NVIC_DisableIRQ   softdevice_handler.o
    0x0001f7bc   0x00000016   Code   RO         2681    i.NVIC_EnableIRQ    app_timer.o
    0x0001f7d2   0x00000016   Code   RO         3438    i.NVIC_EnableIRQ    softdevice_handler.o
    0x0001f7e8   0x00000018   Code   RO         2682    i.NVIC_SetPendingIRQ  app_timer.o
    0x0001f800   0x00000028   Code   RO         2683    i.NVIC_SetPriority  app_timer.o
    0x0001f828   0x00000050   Code   RO         1353    i.POWER_CLOCK_IRQHandler  nrf_drv_clock.o
    0x0001f878   0x00000034   Code   RO         2684    i.RTC1_IRQHandler   app_timer.o
    0x0001f8ac   0x00000014   Code   RO         2201    i.SPIM1_SPIS1_TWIM1_TWIS1_SPI1_TWI1_IRQHandler  nrf_drv_spis.o
    0x0001f8c0   0x00000008   Code   RO         2685    i.SWI0_EGU0_IRQHandler  app_timer.o
    0x0001f8c8   0x00000030   Code   RO         3439    i.SWI2_EGU2_IRQHandler  softdevice_handler.o
    0x0001f8f8   0x00000044   Code   RO          378    i.SynHandler        util.o
    0x0001f93c   0x00000010   Code   RO         3648    i.SystemCoreClockUpdate  system_nrf52.o
    0x0001f94c   0x0000024c   Code   RO         3649    i.SystemInit        system_nrf52.o
    0x0001fb98   0x00000018   Code   RO         2308    i.TIMER1_IRQHandler  nrf_drv_timer.o
    0x0001fbb0   0x00000024   Code   RO         1895    i.UARTE0_UART0_IRQHandler  nrf_drv_uart.o
    0x0001fbd4   0x00000030   Code   RO         3868    i.__0snprintf$5     mc_w.l(printf5.o)
    0x0001fc04   0x0000000e   Code   RO         4066    i.__scatterload_copy  mc_w.l(handlers.o)
    0x0001fc12   0x00000002   Code   RO         4067    i.__scatterload_null  mc_w.l(handlers.o)
    0x0001fc14   0x0000000e   Code   RO         4068    i.__scatterload_zeroinit  mc_w.l(handlers.o)
    0x0001fc22   0x00000002   PAD
    0x0001fc24   0x00000038   Code   RO         3440    i.__sd_nvic_app_accessible_irq  softdevice_handler.o
    0x0001fc5c   0x0000000c   Code   RO         2962    i.__sd_nvic_irq_disable  app_util_platform.o
    0x0001fc68   0x000002c0   Code   RO         3874    i._printf_core      mc_w.l(printf5.o)
    0x0001ff28   0x00000016   Code   RO         3875    i._snputc           mc_w.l(printf5.o)
    0x0001ff3e   0x00000002   PAD
    0x0001ff40   0x00000040   Code   RO          379    i.add_fifo          util.o
    0x0001ff80   0x00000018   Code   RO         1156    i.addr_is_valid     ble_advertising.o
    0x0001ff98   0x0000016c   Code   RO          890    i.adv_data_encode   ble_advdata.o
    0x00020104   0x00000060   Code   RO         1157    i.adv_mode_next_avail_get  ble_advertising.o
    0x00020164   0x00000012   Code   RO         1158    i.adv_mode_next_get  ble_advertising.o
    0x00020176   0x00000012   Code   RO          891    i.advdata_check     ble_advdata.o
    0x00020188   0x00000054   Code   RO          798    i.advertising_buttons_configure  bsp_btn_ble.o
    0x000201dc   0x00000078   Code   RO          250    i.advertising_init  blefunctions.o
    0x00020254   0x00000044   Code   RO         2566    i.app_error_fault_handler  app_error_weak.o
    0x00020298   0x0000001c   Code   RO         2524    i.app_error_handler_bare  app_error.o
    0x000202b4   0x0000001e   Code   RO         2598    i.app_fifo_get      app_fifo.o
    0x000202d2   0x00000022   Code   RO         2601    i.app_fifo_put      app_fifo.o
    0x000202f4   0x0000003c   Code   RO         2688    i.app_timer_create  app_timer.o
    0x00020330   0x0000008c   Code   RO         2689    i.app_timer_init    app_timer.o
    0x000203bc   0x00000054   Code   RO         2690    i.app_timer_start   app_timer.o
    0x00020410   0x00000030   Code   RO         2691    i.app_timer_stop    app_timer.o
    0x00020440   0x00000040   Code   RO         2904    i.app_uart_put      app_uart_fifo.o
    0x00020480   0x0000000c   Code   RO         2963    i.app_util_critical_region_enter  app_util_platform.o
    0x0002048c   0x00000048   Code   RO         2964    i.app_util_critical_region_exit  app_util_platform.o
    0x000204d4   0x00000052   Code   RO          892    i.appearance_encode  ble_advdata.o
    0x00020526   0x00000002   PAD
    0x00020528   0x000000e4   Code   RO         1896    i.apply_config      nrf_drv_uart.o
    0x0002060c   0x00000094   Code   RO          893    i.ble_advdata_set   ble_advdata.o
    0x000206a0   0x00000174   Code   RO         1159    i.ble_advertising_init  ble_advertising.o
    0x00020814   0x00000032   Code   RO         1160    i.ble_advertising_on_ble_evt  ble_advertising.o
    0x00020846   0x00000002   PAD
    0x00020848   0x00000168   Code   RO         1164    i.ble_advertising_start  ble_advertising.o
    0x000209b0   0x000000f4   Code   RO          252    i.ble_app_init      blefunctions.o
    0x00020aa4   0x00000070   Code   RO         1001    i.ble_conn_params_init  ble_conn_params.o
    0x00020b14   0x0000003e   Code   RO         1002    i.ble_conn_params_on_ble_evt  ble_conn_params.o
    0x00020b52   0x00000076   Code   RO          894    i.ble_device_addr_encode  ble_advdata.o
    0x00020bc8   0x0000002c   Code   RO          253    i.ble_evt_dispatch  blefunctions.o
    0x00020bf4   0x00000094   Code   RO         1291    i.ble_nus_init      ble_nus.o
    0x00020c88   0x00000042   Code   RO         1292    i.ble_nus_on_ble_evt  ble_nus.o
    0x00020cca   0x00000012   Code   RO         1090    i.ble_srv_is_notification_enabled  ble_srv_common.o
    0x00020cdc   0x0000012c   Code   RO          254    i.ble_stack_init    blefunctions.o
    0x00020e08   0x0000000c   Code   RO          568    i.bsp_board_button_idx_to_pin  boards.o
    0x00020e14   0x00000030   Code   RO          572    i.bsp_board_led_invert  boards.o
    0x00020e44   0x00000014   Code   RO          573    i.bsp_board_led_off  boards.o
    0x00020e58   0x00000014   Code   RO          574    i.bsp_board_led_on  boards.o
    0x00020e6c   0x00000030   Code   RO          575    i.bsp_board_led_state_get  boards.o
    0x00020e9c   0x00000014   Code   RO          577    i.bsp_board_leds_off  boards.o
    0x00020eb0   0x00000014   Code   RO          578    i.bsp_board_leds_on  boards.o
    0x00020ec4   0x00000024   Code   RO          579    i.bsp_board_pin_to_button_idx  boards.o
    0x00020ee8   0x00000078   Code   RO          800    i.bsp_btn_ble_on_ble_evt  bsp_btn_ble.o
    0x00020f60   0x00000032   Code   RO          801    i.bsp_btn_ble_sleep_mode_prepare  bsp_btn_ble.o
    0x00020f92   0x00000002   PAD
    0x00020f94   0x000000d0   Code   RO          687    i.bsp_button_event_handler  bsp.o
    0x00021064   0x0000005c   Code   RO          691    i.bsp_event_to_button_action_assign  bsp.o
    0x000210c0   0x00000020   Code   RO          692    i.bsp_indication_set  bsp.o
    0x000210e0   0x00000320   Code   RO          694    i.bsp_led_indication  bsp.o
    0x00021400   0x00000016   Code   RO          696    i.bsp_wakeup_button_enable  bsp.o
    0x00021416   0x00000002   PAD
    0x00021418   0x0000004c   Code   RO          527    i.butt_handler      buttjob.o
    0x00021464   0x00000040   Code   RO          528    i.butt_init         buttjob.o
    0x000214a4   0x00000020   Code   RO         1606    i.channel_free      nrf_drv_gpiote.o
    0x000214c4   0x00000010   Code   RO         1607    i.channel_handler_get  nrf_drv_gpiote.o
    0x000214d4   0x00000080   Code   RO         1608    i.channel_port_alloc  nrf_drv_gpiote.o
    0x00021554   0x0000000c   Code   RO         1609    i.channel_port_get  nrf_drv_gpiote.o
    0x00021560   0x00000030   Code   RO         1354    i.clock_clk_started_notify  nrf_drv_clock.o
    0x00021590   0x00000090   Code   RO         2693    i.compare_reg_update  app_timer.o
    0x00021620   0x0000005a   Code   RO          895    i.conn_int_check    ble_advdata.o
    0x0002167a   0x00000068   Code   RO          896    i.conn_int_encode   ble_advdata.o
    0x000216e2   0x00000010   Code   RO          256    i.conn_params_error_handler  blefunctions.o
    0x000216f2   0x00000002   PAD
    0x000216f4   0x0000005c   Code   RO          257    i.conn_params_init  blefunctions.o
    0x00021750   0x00000084   Code   RO         1004    i.conn_params_negotiation  ble_conn_params.o
    0x000217d4   0x00000054   Code   RO          802    i.connection_buttons_configure  bsp_btn_ble.o
    0x00021828   0x00000064   Code   RO         2694    i.elapsed_ticks_acquire  app_timer.o
    0x0002188c   0x00000054   Code   RO         3650    i.errata_108        system_nrf52.o
    0x000218e0   0x00000030   Code   RO         3651    i.errata_16         system_nrf52.o
    0x00021910   0x00000054   Code   RO         3652    i.errata_31         system_nrf52.o
    0x00021964   0x00000030   Code   RO         3653    i.errata_32         system_nrf52.o
    0x00021994   0x00000054   Code   RO         3654    i.errata_36         system_nrf52.o
    0x000219e8   0x00000030   Code   RO         3655    i.errata_37         system_nrf52.o
    0x00021a18   0x00000030   Code   RO         3656    i.errata_57         system_nrf52.o
    0x00021a48   0x00000030   Code   RO         3657    i.errata_66         system_nrf52.o
    0x00021a78   0x00000058   Code   RO         2695    i.expired_timers_handler  app_timer.o
    0x00021ad0   0x00000018   Code   RO         2604    i.fifo_get          app_fifo.o
    0x00021ae8   0x00000024   Code   RO          380    i.fifo_init         util.o
    0x00021b0c   0x0000000a   Code   RO         2605    i.fifo_length       app_fifo.o
    0x00021b16   0x00000012   Code   RO         2606    i.fifo_peek         app_fifo.o
    0x00021b28   0x00000012   Code   RO         2607    i.fifo_put          app_fifo.o
    0x00021b3a   0x00000036   Code   RO          897    i.flags_encode      ble_advdata.o
    0x00021b70   0x00000014   Code   RO         1166    i.flash_access_in_progress  ble_advertising.o
    0x00021b84   0x00000018   Code   RO         3032    i.fs_queued_op_count_get  fstorage.o
    0x00021b9c   0x00000088   Code   RO          258    i.gap_params_init   blefunctions.o
    0x00021c24   0x000000b8   Code   RO         3441    i.intern_softdevice_events_execute  softdevice_handler.o
    0x00021cdc   0x0000008c   Code   RO         1897    i.interrupts_enable  nrf_drv_uart.o
    0x00021d68   0x0000005c   Code   RO         2309    i.irq_handler       nrf_drv_timer.o
    0x00021dc4   0x00000024   Code   RO         1005    i.is_conn_params_ok  ble_conn_params.o
    0x00021de8   0x0000000c   Code   RO         1357    i.item_dequeue      nrf_drv_clock.o
    0x00021df4   0x0000007c   Code   RO         2696    i.list_deletions_handler  app_timer.o
    0x00021e70   0x000000f8   Code   RO         2697    i.list_insertions_handler  app_timer.o
    0x00021f68   0x000000d8   Code   RO            4    i.main              main.o
    0x00022040   0x0000006c   Code   RO         3996    i.malloc            mc_w.l(malloc.o)
    0x000220ac   0x00000076   Code   RO          898    i.manuf_specific_data_encode  ble_advdata.o
    0x00022122   0x000000c2   Code   RO          899    i.name_encode       ble_advdata.o
    0x000221e4   0x00000016   Code   RO         1610    i.nrf_bitmask_bit_is_set  nrf_drv_gpiote.o
    0x000221fa   0x00000012   Code   RO         1361    i.nrf_clock_event_check  nrf_drv_clock.o
    0x0002220c   0x00000012   Code   RO         1362    i.nrf_clock_event_clear  nrf_drv_clock.o
    0x0002221e   0x00000002   PAD
    0x00022220   0x0000000c   Code   RO         1364    i.nrf_clock_int_disable  nrf_drv_clock.o
    0x0002222c   0x00000012   Code   RO          381    i.nrf_delay_ms      util.o
    0x0002223e   0x00000002   PAD
    0x00022240   0x00000098   Code   RO          382    i.nrf_delay_us      util.o
    0x000222d8   0x00000098   Code   RO         2698    i.nrf_delay_us      app_timer.o
    0x00022370   0x00000068   Code   RO         1373    i.nrf_drv_clock_init  nrf_drv_clock.o
    0x000223d8   0x00000034   Code   RO         1380    i.nrf_drv_clock_on_sd_enable  nrf_drv_clock.o
    0x0002240c   0x0000000e   Code   RO         1381    i.nrf_drv_clock_on_soc_event  nrf_drv_clock.o
    0x0002241a   0x00000002   PAD
    0x0002241c   0x00000060   Code   RO         1559    i.nrf_drv_common_irq_enable  nrf_drv_common.o
    0x0002247c   0x0000000a   Code   RO         1899    i.nrf_drv_get_IRQn  nrf_drv_uart.o
    0x00022486   0x0000000a   Code   RO         2310    i.nrf_drv_get_IRQn  nrf_drv_timer.o
    0x00022490   0x000000ac   Code   RO         1615    i.nrf_drv_gpiote_in_event_enable  nrf_drv_gpiote.o
    0x0002253c   0x000000dc   Code   RO         1616    i.nrf_drv_gpiote_in_init  nrf_drv_gpiote.o
    0x00022618   0x00000014   Code   RO         1617    i.nrf_drv_gpiote_in_is_set  nrf_drv_gpiote.o
    0x0002262c   0x00000060   Code   RO         1619    i.nrf_drv_gpiote_init  nrf_drv_gpiote.o
    0x0002268c   0x0000000c   Code   RO         1621    i.nrf_drv_gpiote_out_clear  nrf_drv_gpiote.o
    0x00022698   0x000000cc   Code   RO         1622    i.nrf_drv_gpiote_out_init  nrf_drv_gpiote.o
    0x00022764   0x0000000c   Code   RO         1623    i.nrf_drv_gpiote_out_set  nrf_drv_gpiote.o
    0x00022770   0x00000014   Code   RO         1900    i.nrf_drv_is_in_RAM  nrf_drv_uart.o
    0x00022784   0x00000014   Code   RO         2202    i.nrf_drv_is_in_RAM  nrf_drv_spis.o
    0x00022798   0x00000094   Code   RO         2203    i.nrf_drv_spis_buffers_set  nrf_drv_spis.o
    0x0002282c   0x00000190   Code   RO         2204    i.nrf_drv_spis_init  nrf_drv_spis.o
    0x000229bc   0x00000038   Code   RO         2313    i.nrf_drv_timer_compare  nrf_drv_timer.o
    0x000229f4   0x00000024   Code   RO         2317    i.nrf_drv_timer_enable  nrf_drv_timer.o
    0x00022a18   0x00000042   Code   RO         2318    i.nrf_drv_timer_extended_compare  nrf_drv_timer.o
    0x00022a5a   0x00000002   PAD
    0x00022a5c   0x000000ac   Code   RO         2320    i.nrf_drv_timer_init  nrf_drv_timer.o
    0x00022b08   0x00000084   Code   RO         1902    i.nrf_drv_uart_init  nrf_drv_uart.o
    0x00022b8c   0x00000064   Code   RO         1909    i.nrf_drv_uart_tx   nrf_drv_uart.o
    0x00022bf0   0x0000008c   Code   RO         1911    i.nrf_drv_uart_tx_for_uart  nrf_drv_uart.o
    0x00022c7c   0x0000007c   Code   RO         1912    i.nrf_drv_uart_tx_for_uarte  nrf_drv_uart.o
    0x00022cf8   0x0000001c   Code   RO         1913    i.nrf_drv_uart_tx_in_progress  nrf_drv_uart.o
    0x00022d14   0x00000028   Code   RO         1634    i.nrf_gpio_cfg      nrf_drv_gpiote.o
    0x00022d3c   0x00000028   Code   RO         1915    i.nrf_gpio_cfg      nrf_drv_uart.o
    0x00022d64   0x00000028   Code   RO         2206    i.nrf_gpio_cfg      nrf_drv_spis.o
    0x00022d8c   0x0000001a   Code   RO         1917    i.nrf_gpio_cfg_input  nrf_drv_uart.o
    0x00022da6   0x00000018   Code   RO         1918    i.nrf_gpio_cfg_output  nrf_drv_uart.o
    0x00022dbe   0x00000032   Code   RO          699    i.nrf_gpio_cfg_sense_set  bsp.o
    0x00022df0   0x00000032   Code   RO         1636    i.nrf_gpio_cfg_sense_set  nrf_drv_gpiote.o
    0x00022e22   0x00000016   Code   RO         1637    i.nrf_gpio_pin_clear  nrf_drv_gpiote.o
    0x00022e38   0x00000018   Code   RO         1638    i.nrf_gpio_pin_read  nrf_drv_gpiote.o
    0x00022e50   0x00000016   Code   RO         1639    i.nrf_gpio_pin_set  nrf_drv_gpiote.o
    0x00022e66   0x00000016   Code   RO         1919    i.nrf_gpio_pin_set  nrf_drv_uart.o
    0x00022e7c   0x0000003a   Code   RO          582    i.nrf_gpio_pin_write  boards.o
    0x00022eb6   0x00000002   PAD
    0x00022eb8   0x00000028   Code   RO         1640    i.nrf_gpio_ports_read  nrf_drv_gpiote.o
    0x00022ee0   0x0000000c   Code   RO         1641    i.nrf_gpiote_event_addr_get  nrf_drv_gpiote.o
    0x00022eec   0x0000001c   Code   RO         1642    i.nrf_gpiote_event_clear  nrf_drv_gpiote.o
    0x00022f08   0x00000016   Code   RO         1643    i.nrf_gpiote_event_is_set  nrf_drv_gpiote.o
    0x00022f1e   0x00000002   PAD
    0x00022f20   0x0000000c   Code   RO         1644    i.nrf_gpiote_int_enable  nrf_drv_gpiote.o
    0x00022f2c   0x0000000e   Code   RO         2207    i.nrf_spis_event_check  nrf_drv_spis.o
    0x00022f3a   0x0000000e   Code   RO         2208    i.nrf_spis_event_clear  nrf_drv_spis.o
    0x00022f48   0x0000000c   Code   RO         2209    i.nrf_spis_rx_buffer_set  nrf_drv_spis.o
    0x00022f54   0x00000006   Code   RO         2210    i.nrf_spis_task_trigger  nrf_drv_spis.o
    0x00022f5a   0x0000000c   Code   RO         2211    i.nrf_spis_tx_buffer_set  nrf_drv_spis.o
    0x00022f66   0x0000000e   Code   RO         2324    i.nrf_timer_compare_event_get  nrf_drv_timer.o
    0x00022f74   0x0000000a   Code   RO         2325    i.nrf_timer_compare_int_get  nrf_drv_timer.o
    0x00022f7e   0x0000000e   Code   RO         2326    i.nrf_timer_event_clear  nrf_drv_timer.o
    0x00022f8c   0x00000006   Code   RO         2327    i.nrf_timer_int_disable  nrf_drv_timer.o
    0x00022f92   0x00000006   Code   RO         2328    i.nrf_timer_int_enable  nrf_drv_timer.o
    0x00022f98   0x0000000c   Code   RO         2329    i.nrf_timer_shorts_disable  nrf_drv_timer.o
    0x00022fa4   0x00000006   Code   RO         2330    i.nrf_timer_task_trigger  nrf_drv_timer.o
    0x00022faa   0x0000000c   Code   RO         1920    i.nrf_uart_errorsrc_get_and_clear  nrf_drv_uart.o
    0x00022fb6   0x0000000e   Code   RO         1921    i.nrf_uart_event_check  nrf_drv_uart.o
    0x00022fc4   0x0000000e   Code   RO         1922    i.nrf_uart_event_clear  nrf_drv_uart.o
    0x00022fd2   0x0000000a   Code   RO         1923    i.nrf_uart_hwfc_pins_set  nrf_drv_uart.o
    0x00022fdc   0x00000006   Code   RO         1924    i.nrf_uart_int_disable  nrf_drv_uart.o
    0x00022fe2   0x00000006   Code   RO         1925    i.nrf_uart_int_enable  nrf_drv_uart.o
    0x00022fe8   0x00000012   Code   RO         1926    i.nrf_uart_int_enable_check  nrf_drv_uart.o
    0x00022ffa   0x00000006   Code   RO         1927    i.nrf_uart_task_trigger  nrf_drv_uart.o
    0x00023000   0x0000000a   Code   RO         1928    i.nrf_uart_txrx_pins_set  nrf_drv_uart.o
    0x0002300a   0x0000000c   Code   RO         1929    i.nrf_uarte_errorsrc_get_and_clear  nrf_drv_uart.o
    0x00023016   0x0000000e   Code   RO         1930    i.nrf_uarte_event_check  nrf_drv_uart.o
    0x00023024   0x0000000e   Code   RO         1931    i.nrf_uarte_event_clear  nrf_drv_uart.o
    0x00023032   0x0000000c   Code   RO         1932    i.nrf_uarte_hwfc_pins_set  nrf_drv_uart.o
    0x0002303e   0x00000006   Code   RO         1934    i.nrf_uarte_int_enable  nrf_drv_uart.o
    0x00023044   0x0000000a   Code   RO         1935    i.nrf_uarte_rx_amount_get  nrf_drv_uart.o
    0x0002304e   0x00000006   Code   RO         1936    i.nrf_uarte_task_trigger  nrf_drv_uart.o
    0x00023054   0x0000000e   Code   RO         1937    i.nrf_uarte_txrx_pins_set  nrf_drv_uart.o
    0x00023062   0x00000042   Code   RO          259    i.nus_data_handler  blefunctions.o
    0x000230a4   0x00000032   Code   RO          260    i.on_adv_evt        blefunctions.o
    0x000230d6   0x00000002   PAD
    0x000230d8   0x000001a0   Code   RO          261    i.on_ble_evt        blefunctions.o
    0x00023278   0x0000002c   Code   RO          262    i.on_conn_params_evt  blefunctions.o
    0x000232a4   0x00000018   Code   RO         1006    i.on_conn_params_update  ble_conn_params.o
    0x000232bc   0x00000038   Code   RO         1007    i.on_connect        ble_conn_params.o
    0x000232f4   0x00000006   Code   RO         1294    i.on_connect        ble_nus.o
    0x000232fa   0x00000002   PAD
    0x000232fc   0x00000014   Code   RO         1167    i.on_connected      ble_advertising.o
    0x00023310   0x00000040   Code   RO         1008    i.on_disconnect     ble_conn_params.o
    0x00023350   0x00000008   Code   RO         1295    i.on_disconnect     ble_nus.o
    0x00023358   0x0000003c   Code   RO         1168    i.on_disconnected   ble_advertising.o
    0x00023394   0x00000038   Code   RO         1169    i.on_timeout        ble_advertising.o
    0x000233cc   0x0000004c   Code   RO         1009    i.on_write          ble_conn_params.o
    0x00023418   0x00000046   Code   RO         1296    i.on_write          ble_nus.o
    0x0002345e   0x00000002   PAD
    0x00023460   0x0000001c   Code   RO         1647    i.pin_in_use_by_gpiote  nrf_drv_gpiote.o
    0x0002347c   0x00000018   Code   RO         1648    i.pin_in_use_by_port  nrf_drv_gpiote.o
    0x00023494   0x00000020   Code   RO         1649    i.pin_in_use_by_te  nrf_drv_gpiote.o
    0x000234b4   0x0000000c   Code   RO         1650    i.pin_in_use_clear  nrf_drv_gpiote.o
    0x000234c0   0x0000001a   Code   RO          263    i.power_manage      blefunctions.o
    0x000234da   0x00000002   PAD
    0x000234dc   0x00000050   Code   RO          383    i.read_fifo         util.o
    0x0002352c   0x0000000c   Code   RO         2699    i.rtc1_compare0_set  app_timer.o
    0x00023538   0x0000000c   Code   RO         2700    i.rtc1_counter_get  app_timer.o
    0x00023544   0x00000018   Code   RO         2701    i.rtc1_init         app_timer.o
    0x0002355c   0x0000003c   Code   RO         2702    i.rtc1_start        app_timer.o
    0x00023598   0x00000058   Code   RO         2703    i.rtc1_stop         app_timer.o
    0x000235f0   0x0000003e   Code   RO         1939    i.rx_byte           nrf_drv_uart.o
    0x0002362e   0x00000136   Code   RO         1297    i.rx_char_add       ble_nus.o
    0x00023764   0x0000001e   Code   RO         1940    i.rx_done_event     nrf_drv_uart.o
    0x00023782   0x00000002   PAD
    0x00023784   0x0000008c   Code   RO         3443    i.sd_nvic_EnableIRQ  softdevice_handler.o
    0x00023810   0x00000068   Code   RO         2967    i.sd_nvic_critical_region_enter  app_util_platform.o
    0x00023878   0x00000096   Code   RO          900    i.service_data_encode  ble_advdata.o
    0x0002390e   0x00000002   PAD
    0x00023910   0x00000030   Code   RO          264    i.services_init     blefunctions.o
    0x00023940   0x00000020   Code   RO         1170    i.set_adv_mode_directed  ble_advertising.o
    0x00023960   0x0000002c   Code   RO         1171    i.set_adv_mode_directed_slow  ble_advertising.o
    0x0002398c   0x00000060   Code   RO         1172    i.set_adv_mode_fast  ble_advertising.o
    0x000239ec   0x00000060   Code   RO         1173    i.set_adv_mode_slow  ble_advertising.o
    0x00023a4c   0x0000004c   Code   RO          265    i.sleep_mode_enter  blefunctions.o
    0x00023a98   0x00000018   Code   RO         3444    i.softdevice_ble_evt_handler_set  softdevice_handler.o
    0x00023ab0   0x00000028   Code   RO         3445    i.softdevice_enable  softdevice_handler.o
    0x00023ad8   0x0000002c   Code   RO         3446    i.softdevice_enable_get_default_config  softdevice_handler.o
    0x00023b04   0x00000014   Code   RO         3447    i.softdevice_fault_handler  softdevice_handler.o
    0x00023b18   0x0000009c   Code   RO         3448    i.softdevice_handler_init  softdevice_handler.o
    0x00023bb4   0x0000000c   Code   RO         3449    i.softdevice_handler_is_enabled  softdevice_handler.o
    0x00023bc0   0x00000114   Code   RO          384    i.spi_app_init      util.o
    0x00023cd4   0x000002b4   Code   RO          385    i.spi_handler       util.o
    0x00023f88   0x00000054   Code   RO          386    i.spis_event_handler  util.o
    0x00023fdc   0x00000080   Code   RO         2212    i.spis_irq_handler  nrf_drv_spis.o
    0x0002405c   0x00000014   Code   RO         2213    i.spis_state_change  nrf_drv_spis.o
    0x00024070   0x0000009a   Code   RO         2214    i.spis_state_entry_action_execute  nrf_drv_spis.o
    0x0002410a   0x0000000e   Code   RO          901    i.srdata_check      ble_advdata.o
    0x00024118   0x0000000a   Code   RO         2704    i.ticks_diff_get    app_timer.o
    0x00024122   0x00000002   PAD
    0x00024124   0x00000038   Code   RO         2705    i.timeout_handler_exec  app_timer.o
    0x0002415c   0x0000001c   Code   RO          387    i.timer_led_event_handler  util.o
    0x00024178   0x00000054   Code   RO         2706    i.timer_list_handler  app_timer.o
    0x000241cc   0x0000000a   Code   RO         2707    i.timer_list_handler_sched  app_timer.o
    0x000241d6   0x00000002   PAD
    0x000241d8   0x00000068   Code   RO         2708    i.timer_list_insert  app_timer.o
    0x00024240   0x0000006c   Code   RO         2709    i.timer_list_remove  app_timer.o
    0x000242ac   0x0000005e   Code   RO         2710    i.timer_start_op_schedule  app_timer.o
    0x0002430a   0x00000042   Code   RO         2711    i.timer_stop_op_schedule  app_timer.o
    0x0002434c   0x00000098   Code   RO         2712    i.timer_timeouts_check  app_timer.o
    0x000243e4   0x0000000a   Code   RO         2713    i.timer_timeouts_check_sched  app_timer.o
    0x000243ee   0x00000026   Code   RO         1942    i.tx_byte           nrf_drv_uart.o
    0x00024414   0x000000ec   Code   RO         1298    i.tx_char_add       ble_nus.o
    0x00024500   0x00000012   Code   RO          388    i.tx_clear          util.o
    0x00024512   0x00000022   Code   RO         1943    i.tx_done_event     nrf_drv_uart.o
    0x00024534   0x00000036   Code   RO          902    i.tx_power_level_encode  ble_advdata.o
    0x0002456a   0x00000014   Code   RO          389    i.tx_set            util.o
    0x0002457e   0x00000142   Code   RO         1944    i.uart_irq_handler  nrf_drv_uart.o
    0x000246c0   0x00000028   Code   RO          390    i.uart_print_init   util.o
    0x000246e8   0x0000010c   Code   RO         1945    i.uarte_irq_handler  nrf_drv_uart.o
    0x000247f4   0x00000028   Code   RO          391    i.uartprint         util.o
    0x0002481c   0x0000000c   Code   RO         1095    i.uint16_decode     ble_srv_common.o
    0x00024828   0x0000000c   Code   RO          903    i.uint16_encode     ble_advdata.o
    0x00024834   0x00000090   Code   RO         1010    i.update_timeout_handler  ble_conn_params.o
    0x000248c4   0x0000003c   Code   RO         2714    i.user_op_alloc     app_timer.o
    0x00024900   0x0000000c   Code   RO         2715    i.user_op_enque     app_timer.o
    0x0002490c   0x0000004e   Code   RO          904    i.uuid_list_encode  ble_advdata.o
    0x0002495a   0x000000dc   Code   RO          905    i.uuid_list_sized_encode  ble_advdata.o
    0x00024a36   0x00000002   PAD
    0x00024a38   0x0000000c   Code   RO         1174    i.whitelist_has_entries  ble_advertising.o
    0x00024a44   0x00000004   Data   RO          267    .constdata          blefunctions.o
    0x00024a48   0x00000037   Data   RO          393    .constdata          util.o
    0x00024a7f   0x00000001   PAD
    0x00024a80   0x00000004   Data   RO          529    .constdata          buttjob.o
    0x00024a84   0x00000008   Data   RO          583    .constdata          boards.o
    0x00024a8c   0x0000002c   Data   RO          701    .constdata          bsp.o
    0x00024ab8   0x00000004   Data   RO         1012    .constdata          ble_conn_params.o
    0x00024abc   0x00000010   Data   RO         1299    .constdata          ble_nus.o
    0x00024acc   0x00000047   Data   RO         1652    .constdata          nrf_drv_gpiote.o
    0x00024b13   0x00000001   PAD
    0x00024b14   0x00000020   Data   RO         4064    Region$$Table       anon$$obj.o


    Execution Region RW_IRAM1 (Base: 0x20002128, Size: 0x000044b8, Max: 0x0000ded8, ABSOLUTE)

    Base Addr    Size         Type   Attr      Idx    E Section Name        Object

    0x20002128   0x00000006   Data   RW          268    .data               blefunctions.o
    0x2000212e   0x00000002   PAD
    0x20002130   0x00000033   Data   RW          394    .data               util.o
    0x20002163   0x00000004   Data   RW          530    .data               buttjob.o
    0x20002167   0x00000001   PAD
    0x20002168   0x00000015   Data   RW          702    .data               bsp.o
    0x2000217d   0x00000003   PAD
    0x20002180   0x00000008   Data   RW          804    .data               bsp_btn_ble.o
    0x20002188   0x00000015   Data   RW         1013    .data               ble_conn_params.o
    0x2000219d   0x00000003   PAD
    0x200021a0   0x0000001f   Data   RW         1176    .data               ble_advertising.o
    0x200021bf   0x00000001   PAD
    0x200021c0   0x00000022   Data   RW         2716    .data               app_timer.o
    0x200021e2   0x00000002   PAD
    0x200021e4   0x0000000f   Data   RW         2909    .data               app_uart_fifo.o
    0x200021f3   0x00000001   PAD
    0x200021f4   0x00000018   Data   RW         3455    .data               softdevice_handler.o
    0x2000220c   0x00000004   Data   RW         3658    .data               system_nrf52.o
    0x20002210   0x00000004   Data   RW         4041    .data               mc_w.l(mvars.o)
    0x20002214   0x00000004   Data   RW         4042    .data               mc_w.l(mvars.o)
    0x20002218   0x000000e4   Zero   RW          266    .bss                blefunctions.o
    0x200022fc   0x00000040   Zero   RW          392    .bss                util.o
    0x2000233c   0x0000006c   Zero   RW          700    .bss                bsp.o
    0x200023a8   0x0000003c   Zero   RW         1011    .bss                ble_conn_params.o
    0x200023e4   0x000000b3   Zero   RW         1175    .bss                ble_advertising.o
    0x20002497   0x00000001   PAD
    0x20002498   0x00000014   Zero   RW         1383    .bss                nrf_drv_clock.o
    0x200024ac   0x00000058   Zero   RW         1651    .bss                nrf_drv_gpiote.o
    0x20002504   0x00000020   Zero   RW         1946    .bss                nrf_drv_uart.o
    0x20002524   0x00000018   Zero   RW         2215    .bss                nrf_drv_spis.o
    0x2000253c   0x0000000c   Zero   RW         2331    .bss                nrf_drv_timer.o
    0x20002548   0x00000020   Zero   RW         2907    .bss                app_uart_fifo.o
    0x20002568   0x0000000c   Zero   RW         2968    .bss                app_util_platform.o
    0x20002574   0x00000068   Zero   RW         3043    .bss                fstorage.o
    0x200025dc   0x00000004   PAD
    0x200025e0   0x00002000   Zero   RW         3639    HEAP                arm_startup_nrf52.o
    0x200045e0   0x00002000   Zero   RW         3638    STACK               arm_startup_nrf52.o


==============================================================================

Image component sizes


      Code (inc. data)   RO Data    RW Data    ZI Data      Debug   Object Name

        28          0          0          0          0       2269   app_error.o
        68          8          0          0          0      27453   app_error_weak.o
       134          0          0          0          0       5398   app_fifo.o
      2320        264          0         34          0      70447   app_timer.o
        64         14          0         15         32       2079   app_uart_fifo.o
       200         24          0          0         12      10442   app_util_platform.o
        36          8       1024          0      16384        896   arm_startup_nrf52.o
      1818          0          0          0          0      34324   ble_advdata.o
      1356        208          0         31        179      14936   ble_advertising.o
       706        120          4         21         60       8128   ble_conn_params.o
       844          4         16          0          0       6696   ble_nus.o
        30          0          0          0          0      18070   ble_srv_common.o
      1678        178          4          6        228      11099   blefunctions.o
       282         24          8          0          0      11165   boards.o
      1204         80         44         21        108      11528   bsp.o
       338         10          0          8          0       4762   bsp_btn_ble.o
       140         48          4          4          0       2456   buttjob.o
        24          6          0          0        104       3464   fstorage.o
       216        108          0          0          0     115827   main.o
       358         34          0          0         20      13808   nrf_drv_clock.o
        96         12          0          0          0      27675   nrf_drv_common.o
      1882        114         71          0         88      37601   nrf_drv_gpiote.o
       988         18          0          0         24      24318   nrf_drv_spis.o
       524         20          0          0         12      21953   nrf_drv_timer.o
      2008         54          0          0         32      45154   nrf_drv_uart.o
       770         94          0         24          0     130887   softdevice_handler.o
      1096        112          0          4          0       6351   system_nrf52.o
      1616        390         55         51         64      30997   util.o

    ----------------------------------------------------------------------
     20864       1952       1264        232      17352     700183   Object Totals
         0          0         32          0          0          0   (incl. Generated)
        40          0          2         13          5          0   (incl. Padding)

    ----------------------------------------------------------------------

      Code (inc. data)   RO Data    RW Data    ZI Data      Debug   Library Member Name

         0          0          0          0          0          0   entry.o
         0          0          0          0          0          0   entry10a.o
         0          0          0          0          0          0   entry11a.o
         8          4          0          0          0          0   entry2.o
         4          0          0          0          0          0   entry5.o
         0          0          0          0          0          0   entry7b.o
         0          0          0          0          0          0   entry8b.o
         8          4          0          0          0          0   entry9a.o
        30          0          0          0          0          0   handlers.o
        36          8          0          0          0         68   init.o
        30          0          0          0          0         68   llshl.o
        32          0          0          0          0         68   llushr.o
       108         16          0          0          0         84   malloc.o
        36          0          0          0          0         68   memcpya.o
        36          0          0          0          0        108   memseta.o
         0          0          0          8          0          0   mvars.o
       774         50          0          0          0        252   printf5.o
        14          0          0          0          0         68   strlen.o
        98          0          0          0          0         92   uldiv.o

    ----------------------------------------------------------------------
      1220         82          0          8          0        876   Library Totals
         6          0          0          0          0          0   (incl. Padding)

    ----------------------------------------------------------------------

      Code (inc. data)   RO Data    RW Data    ZI Data      Debug   Library Name

      1214         82          0          8          0        876   mc_w.l

    ----------------------------------------------------------------------
      1220         82          0          8          0        876   Library Totals

    ----------------------------------------------------------------------

==============================================================================


      Code (inc. data)   RO Data    RW Data    ZI Data      Debug   

     22084       2034       1264        240      17352     674499   Grand Totals
     22084       2034       1264        240      17352     674499   ELF Image Totals
     22084       2034       1264        240          0          0   ROM Totals

==============================================================================

    Total RO  Size (Code + RO Data)                23348 (  22.80kB)
    Total RW  Size (RW Data + ZI Data)             17592 (  17.18kB)
    Total ROM Size (Code + RO Data + RW Data)      23588 (  23.04kB)

==============================================================================

