Component: ARM Compiler 5.06 update 2 (build 183) Tool: armlink [4d35b7]

==============================================================================

Section Cross References

    main.o(i.main) refers to blefunctions.o(i.ble_app_init) for ble_app_init
    main.o(i.main) refers to util.o(i.spi_app_init) for spi_app_init
    blefunctions.o(i.advertising_init) refers to memseta.o(.text) for __aeabi_memclr4
    blefunctions.o(i.advertising_init) refers to ble_advertising.o(i.ble_advertising_init) for ble_advertising_init
    blefunctions.o(i.advertising_init) refers to app_error.o(i.app_error_handler_bare) for app_error_handler_bare
    blefunctions.o(i.advertising_init) refers to blefunctions.o(.data) for .data
    blefunctions.o(i.advertising_init) refers to blefunctions.o(i.on_adv_evt) for on_adv_evt
    blefunctions.o(i.assert_nrf_callback) refers to app_error.o(i.app_error_handler) for app_error_handler
    blefunctions.o(i.ble_app_init) refers to app_timer.o(i.app_timer_init) for app_timer_init
    blefunctions.o(i.ble_app_init) refers to app_error.o(i.app_error_handler_bare) for app_error_handler_bare
    blefunctions.o(i.ble_app_init) refers to blefunctions.o(i.uart_init) for uart_init
    blefunctions.o(i.ble_app_init) refers to blefunctions.o(i.buttons_leds_init) for buttons_leds_init
    blefunctions.o(i.ble_app_init) refers to blefunctions.o(i.ble_stack_init) for ble_stack_init
    blefunctions.o(i.ble_app_init) refers to blefunctions.o(i.gap_params_init) for gap_params_init
    blefunctions.o(i.ble_app_init) refers to blefunctions.o(i.services_init) for services_init
    blefunctions.o(i.ble_app_init) refers to blefunctions.o(i.advertising_init) for advertising_init
    blefunctions.o(i.ble_app_init) refers to blefunctions.o(i.conn_params_init) for conn_params_init
    blefunctions.o(i.ble_app_init) refers to printfb.o(i.__0printf$bare) for __2printf
    blefunctions.o(i.ble_app_init) refers to ble_advertising.o(i.ble_advertising_start) for ble_advertising_start
    blefunctions.o(i.ble_app_init) refers to blefunctions.o(.bss) for .bss
    blefunctions.o(i.ble_evt_dispatch) refers to ble_conn_params.o(i.ble_conn_params_on_ble_evt) for ble_conn_params_on_ble_evt
    blefunctions.o(i.ble_evt_dispatch) refers to ble_nus.o(i.ble_nus_on_ble_evt) for ble_nus_on_ble_evt
    blefunctions.o(i.ble_evt_dispatch) refers to blefunctions.o(i.on_ble_evt) for on_ble_evt
    blefunctions.o(i.ble_evt_dispatch) refers to ble_advertising.o(i.ble_advertising_on_ble_evt) for ble_advertising_on_ble_evt
    blefunctions.o(i.ble_evt_dispatch) refers to bsp_btn_ble.o(i.bsp_btn_ble_on_ble_evt) for bsp_btn_ble_on_ble_evt
    blefunctions.o(i.ble_evt_dispatch) refers to blefunctions.o(.bss) for .bss
    blefunctions.o(i.ble_stack_init) refers to softdevice_handler.o(i.softdevice_handler_init) for softdevice_handler_init
    blefunctions.o(i.ble_stack_init) refers to app_error.o(i.app_error_handler_bare) for app_error_handler_bare
    blefunctions.o(i.ble_stack_init) refers to softdevice_handler.o(i.softdevice_enable_get_default_config) for softdevice_enable_get_default_config
    blefunctions.o(i.ble_stack_init) refers to softdevice_handler.o(i.softdevice_enable) for softdevice_enable
    blefunctions.o(i.ble_stack_init) refers to softdevice_handler.o(i.softdevice_ble_evt_handler_set) for softdevice_ble_evt_handler_set
    blefunctions.o(i.ble_stack_init) refers to blefunctions.o(.constdata) for .constdata
    blefunctions.o(i.ble_stack_init) refers to blefunctions.o(.bss) for .bss
    blefunctions.o(i.ble_stack_init) refers to blefunctions.o(i.ble_evt_dispatch) for ble_evt_dispatch
    blefunctions.o(i.bsp_event_handler) refers to blefunctions.o(i.sleep_mode_enter) for sleep_mode_enter
    blefunctions.o(i.bsp_event_handler) refers to app_error.o(i.app_error_handler_bare) for app_error_handler_bare
    blefunctions.o(i.bsp_event_handler) refers to ble_advertising.o(i.ble_advertising_restart_without_whitelist) for ble_advertising_restart_without_whitelist
    blefunctions.o(i.bsp_event_handler) refers to blefunctions.o(.data) for .data
    blefunctions.o(i.buttons_leds_init) refers to bsp.o(i.bsp_init) for bsp_init
    blefunctions.o(i.buttons_leds_init) refers to app_error.o(i.app_error_handler_bare) for app_error_handler_bare
    blefunctions.o(i.buttons_leds_init) refers to bsp_btn_ble.o(i.bsp_btn_ble_init) for bsp_btn_ble_init
    blefunctions.o(i.buttons_leds_init) refers to blefunctions.o(i.bsp_event_handler) for bsp_event_handler
    blefunctions.o(i.conn_params_error_handler) refers to app_error.o(i.app_error_handler_bare) for app_error_handler_bare
    blefunctions.o(i.conn_params_init) refers to memseta.o(.text) for __aeabi_memclr4
    blefunctions.o(i.conn_params_init) refers to ble_conn_params.o(i.ble_conn_params_init) for ble_conn_params_init
    blefunctions.o(i.conn_params_init) refers to app_error.o(i.app_error_handler_bare) for app_error_handler_bare
[...]
    i.TIMER0_IRQHandler                      0x0001fa10   Section        0  nrf_drv_timer.o(i.TIMER0_IRQHandler)
    i.UARTE0_UART0_IRQHandler                0x0001fa5c   Section        0  nrf_drv_uart.o(i.UARTE0_UART0_IRQHandler)
    i.__0printf$bare                         0x0001fa78   Section        0  printfb.o(i.__0printf$bare)
    i.__scatterload_copy                     0x0001fa88   Section       14  handlers.o(i.__scatterload_copy)
    i.__scatterload_null                     0x0001fa96   Section        2  handlers.o(i.__scatterload_null)
    i.__scatterload_zeroinit                 0x0001fa98   Section       14  handlers.o(i.__scatterload_zeroinit)
    i.__sd_nvic_app_accessible_irq           0x0001faa8   Section        0  softdevice_handler.o(i.__sd_nvic_app_accessible_irq)
    __sd_nvic_app_accessible_irq             0x0001faa9   Thumb Code    32  softdevice_handler.o(i.__sd_nvic_app_accessible_irq)
    i._printf_core                           0x0001facc   Section        0  printfb.o(i._printf_core)
    _printf_core                             0x0001facd   Thumb Code    34  printfb.o(i._printf_core)
    i.adv_data_encode                        0x0001faee   Section        0  ble_advdata.o(i.adv_data_encode)
    i.adv_mode_next_avail_get                0x0001fc70   Section        0  ble_advertising.o(i.adv_mode_next_avail_get)
    adv_mode_next_avail_get                  0x0001fc71   Thumb Code    80  ble_advertising.o(i.adv_mode_next_avail_get)
    i.advertising_buttons_configure          0x0001fcc8   Section        0  bsp_btn_ble.o(i.advertising_buttons_configure)
    advertising_buttons_configure            0x0001fcc9   Thumb Code    54  bsp_btn_ble.o(i.advertising_buttons_configure)
    i.advertising_init                       0x0001fd00   Section        0  blefunctions.o(i.advertising_init)
    i.alert_timer_handler                    0x0001fd68   Section        0  bsp.o(i.alert_timer_handler)
    alert_timer_handler                      0x0001fd69   Thumb Code     6  bsp.o(i.alert_timer_handler)
    i.app_button_enable                      0x0001fd70   Section        0  app_button.o(i.app_button_enable)
    i.app_button_init                        0x0001fd94   Section        0  app_button.o(i.app_button_init)
    i.app_error_fault_handler                0x0001fe04   Section        0  app_error_weak.o(i.app_error_fault_handler)
    i.app_error_handler_bare                 0x0001fe28   Section        0  app_error.o(i.app_error_handler_bare)
    i.app_fifo_get                           0x0001fe3e   Section        0  app_fifo.o(i.app_fifo_get)
    i.app_fifo_init                          0x0001fe54   Section        0  app_fifo.o(i.app_fifo_init)
    i.app_fifo_put                           0x0001fe74   Section        0  app_fifo.o(i.app_fifo_put)
    i.app_timer_create                       0x0001fe90   Section        0  app_timer.o(i.app_timer_create)
    i.app_timer_init                         0x0001feb4   Section        0  app_timer.o(i.app_timer_init)
    i.app_timer_start                        0x0001ff24   Section        0  app_timer.o(i.app_timer_start)
    i.app_timer_stop                         0x0001ffac   Section        0  app_timer.o(i.app_timer_stop)
    i.app_uart_get                           0x0001ffcc   Section        0  app_uart_fifo.o(i.app_uart_get)
    i.app_uart_init                          0x00020000   Section        0  app_uart_fifo.o(i.app_uart_init)
    i.app_uart_put                           0x000200b4   Section        0  app_uart_fifo.o(i.app_uart_put)
    i.app_util_critical_region_enter         0x000200f0   Section        0  app_util_platform.o(i.app_util_critical_region_enter)
    i.app_util_critical_region_exit          0x00020138   Section        0  app_util_platform.o(i.app_util_critical_region_exit)
    i.apply_config                           0x0002016c   Section        0  nrf_drv_uart.o(i.apply_config)
    apply_config                             0x0002016d   Thumb Code   180  nrf_drv_uart.o(i.apply_config)
    i.ble_advdata_set                        0x00020224   Section        0  ble_advdata.o(i.ble_advdata_set)
    i.ble_advertising_init                   0x0002028c   Section        0  ble_advertising.o(i.ble_advertising_init)
    i.ble_advertising_on_ble_evt             0x000203ac   Section        0  ble_advertising.o(i.ble_advertising_on_ble_evt)
    i.ble_advertising_restart_without_whitelist 0x00020408   Section        0  ble_advertising.o(i.ble_advertising_restart_without_whitelist)
    i.ble_advertising_start                  0x00020444   Section        0  ble_advertising.o(i.ble_advertising_start)
    i.ble_app_init                           0x00020548   Section        0  blefunctions.o(i.ble_app_init)
    i.ble_conn_params_init                   0x000205a4   Section        0  ble_conn_params.o(i.ble_conn_params_init)
    i.ble_conn_params_on_ble_evt             0x000205fc   Section        0  ble_conn_params.o(i.ble_conn_params_on_ble_evt)
    i.ble_device_addr_encode                 0x00020680   Section        0  ble_advdata.o(i.ble_device_addr_encode)
    ble_device_addr_encode                   0x00020681   Thumb Code    96  ble_advdata.o(i.ble_device_addr_encode)
    i.ble_evt_dispatch                       0x000206e0   Section        0  blefunctions.o(i.ble_evt_dispatch)
    i.ble_nus_init                           0x0002070c   Section        0  ble_nus.o(i.ble_nus_init)
    i.ble_nus_on_ble_evt                     0x00020770   Section        0  ble_nus.o(i.ble_nus_on_ble_evt)
    i.ble_nus_string_send                    0x000207cc   Section        0  ble_nus.o(i.ble_nus_string_send)
    i.ble_srv_is_notification_enabled        0x0002081a   Section        0  ble_srv_common.o(i.ble_srv_is_notification_enabled)
    i.ble_stack_init                         0x00020824   Section        0  blefunctions.o(i.ble_stack_init)
    i.bsp_board_button_idx_to_pin            0x00020880   Section        0  boards.o(i.bsp_board_button_idx_to_pin)
    i.bsp_board_button_state_get             0x0002088c   Section        0  boards.o(i.bsp_board_button_state_get)
    i.bsp_board_led_invert                   0x000208ac   Section        0  boards.o(i.bsp_board_led_invert)
    i.bsp_board_led_off                      0x000208d0   Section        0  boards.o(i.bsp_board_led_off)
    i.bsp_board_led_on                       0x000208e0   Section        0  boards.o(i.bsp_board_led_on)
    i.bsp_board_led_state_get                0x000208f0   Section        0  boards.o(i.bsp_board_led_state_get)
    i.bsp_board_leds_init                    0x00020910   Section        0  boards.o(i.bsp_board_leds_init)
    i.bsp_board_leds_off                     0x0002093c   Section        0  boards.o(i.bsp_board_leds_off)
    i.bsp_board_leds_on                      0x0002094e   Section        0  boards.o(i.bsp_board_leds_on)
    i.bsp_board_pin_to_button_idx            0x00020960   Section        0  boards.o(i.bsp_board_pin_to_button_idx)
    i.bsp_btn_ble_init                       0x00020984   Section        0  bsp_btn_ble.o(i.bsp_btn_ble_init)
    i.bsp_btn_ble_on_ble_evt                 0x000209bc   Section        0  bsp_btn_ble.o(i.bsp_btn_ble_on_ble_evt)
    i.bsp_btn_ble_sleep_mode_prepare         0x00020a2c   Section        0  bsp_btn_ble.o(i.bsp_btn_ble_sleep_mode_prepare)
    i.bsp_button_event_handler               0x00020a4c   Section        0  bsp.o(i.bsp_button_event_handler)
    bsp_button_event_handler                 0x00020a4d   Thumb Code   136  bsp.o(i.bsp_button_event_handler)
    i.bsp_button_is_pressed                  0x00020ae0   Section        0  bsp.o(i.bsp_button_is_pressed)
    i.bsp_event_handler                      0x00020ae4   Section        0  blefunctions.o(i.bsp_event_handler)
    i.bsp_event_to_button_action_assign      0x00020b28   Section        0  bsp.o(i.bsp_event_to_button_action_assign)
    i.bsp_indication_set                     0x00020b6c   Section        0  bsp.o(i.bsp_indication_set)
    i.bsp_init                               0x00020b84   Section        0  bsp.o(i.bsp_init)
    i.bsp_led_indication                     0x00020c1c   Section        0  bsp.o(i.bsp_led_indication)
    bsp_led_indication                       0x00020c1d   Thumb Code   362  bsp.o(i.bsp_led_indication)
    i.bsp_wakeup_button_enable               0x00020d90   Section        0  bsp.o(i.bsp_wakeup_button_enable)
    i.button_timer_handler                   0x00020da0   Section        0  bsp.o(i.button_timer_handler)
    button_timer_handler                     0x00020da1   Thumb Code     8  bsp.o(i.button_timer_handler)
    i.buttons_leds_init                      0x00020da8   Section        0  blefunctions.o(i.buttons_leds_init)
    i.channel_free                           0x00020de4   Section        0  nrf_drv_gpiote.o(i.channel_free)
    channel_free                             0x00020de5   Thumb Code    22  nrf_drv_gpiote.o(i.channel_free)
    i.channel_port_alloc                     0x00020e00   Section        0  nrf_drv_gpiote.o(i.channel_port_alloc)
    channel_port_alloc                       0x00020e01   Thumb Code    66  nrf_drv_gpiote.o(i.channel_port_alloc)
    i.channel_port_get                       0x00020e48   Section        0  nrf_drv_gpiote.o(i.channel_port_get)
    channel_port_get                         0x00020e49   Thumb Code    10  nrf_drv_gpiote.o(i.channel_port_get)
    i.clock_clk_started_notify               0x00020e58   Section        0  nrf_drv_clock.o(i.clock_clk_started_notify)
    clock_clk_started_notify                 0x00020e59   Thumb Code    34  nrf_drv_clock.o(i.clock_clk_started_notify)
    i.compare_reg_update                     0x00020e80   Section        0  app_timer.o(i.compare_reg_update)
    compare_reg_update                       0x00020e81   Thumb Code   160  app_timer.o(i.compare_reg_update)
    i.conn_int_encode                        0x00020f2c   Section        0  ble_advdata.o(i.conn_int_encode)
    conn_int_encode                          0x00020f2d   Thumb Code   136  ble_advdata.o(i.conn_int_encode)
    i.conn_params_error_handler              0x00020fb4   Section        0  blefunctions.o(i.conn_params_error_handler)
    i.conn_params_init                       0x00020fb8   Section        0  blefunctions.o(i.conn_params_init)
    i.conn_params_negotiation                0x00021004   Section        0  ble_conn_params.o(i.conn_params_negotiation)
    conn_params_negotiation                  0x00021005   Thumb Code    78  ble_conn_params.o(i.conn_params_negotiation)
    i.detection_delay_timeout_handler        0x00021060   Section        0  app_button.o(i.detection_delay_timeout_handler)
    detection_delay_timeout_handler          0x00021061   Thumb Code    92  app_button.o(i.detection_delay_timeout_handler)
    i.elapsed_ticks_acquire                  0x000210c0   Section        0  app_timer.o(i.elapsed_ticks_acquire)
    elapsed_ticks_acquire                    0x000210c1   Thumb Code    58  app_timer.o(i.elapsed_ticks_acquire)
    i.fifo_get                               0x00021100   Section        0  app_fifo.o(i.fifo_get)
    fifo_get                                 0x00021101   Thumb Code    20  app_fifo.o(i.fifo_get)
    i.fifo_put                               0x00021114   Section        0  app_fifo.o(i.fifo_put)
    fifo_put                                 0x00021115   Thumb Code    18  app_fifo.o(i.fifo_put)
    i.fputc                                  0x00021126   Section        0  retarget.o(i.fputc)
    i.fs_queued_op_count_get                 0x00021134   Section        0  fstorage.o(i.fs_queued_op_count_get)
    i.gap_params_init                        0x00021148   Section        0  blefunctions.o(i.gap_params_init)
    i.gpiote_event_handler                   0x000211ac   Section        0  app_button.o(i.gpiote_event_handler)
    gpiote_event_handler                     0x000211ad   Thumb Code    78  app_button.o(i.gpiote_event_handler)
    i.intern_softdevice_events_execute       0x00021204   Section        0  softdevice_handler.o(i.intern_softdevice_events_execute)
    i.interrupts_enable                      0x0002127c   Section        0  nrf_drv_uart.o(i.interrupts_enable)
    interrupts_enable                        0x0002127d   Thumb Code   106  nrf_drv_uart.o(i.interrupts_enable)
    i.is_conn_params_ok                      0x000212f4   Section        0  ble_conn_params.o(i.is_conn_params_ok)
    is_conn_params_ok                        0x000212f5   Thumb Code    24  ble_conn_params.o(i.is_conn_params_ok)
    i.leds_timer_handler                     0x00021310   Section        0  bsp.o(i.leds_timer_handler)
    leds_timer_handler                       0x00021311   Thumb Code    16  bsp.o(i.leds_timer_handler)
    i.list_deletions_handler                 0x00021324   Section        0  app_timer.o(i.list_deletions_handler)
    list_deletions_handler                   0x00021325   Thumb Code   158  app_timer.o(i.list_deletions_handler)
    i.list_insertions_handler                0x000213cc   Section        0  app_timer.o(i.list_insertions_handler)
    list_insertions_handler                  0x000213cd   Thumb Code   174  app_timer.o(i.list_insertions_handler)
    i.main                                   0x00021484   Section        0  main.o(i.main)
    i.manuf_specific_data_encode             0x00021492   Section        0  ble_advdata.o(i.manuf_specific_data_encode)
    manuf_specific_data_encode               0x00021493   Thumb Code   100  ble_advdata.o(i.manuf_specific_data_encode)
    i.name_encode                            0x000214f6   Section        0  ble_advdata.o(i.name_encode)
    name_encode                              0x000214f7   Thumb Code   156  ble_advdata.o(i.name_encode)
    i.nrf_bitmask_bit_is_set                 0x00021592   Section        0  nrf_drv_gpiote.o(i.nrf_bitmask_bit_is_set)
    nrf_bitmask_bit_is_set                   0x00021593   Thumb Code    16  nrf_drv_gpiote.o(i.nrf_bitmask_bit_is_set)
    i.nrf_clock_event_check                  0x000215a2   Section        0  nrf_drv_clock.o(i.nrf_clock_event_check)
    nrf_clock_event_check                    0x000215a3   Thumb Code    14  nrf_drv_clock.o(i.nrf_clock_event_check)
    i.nrf_clock_event_clear                  0x000215b0   Section        0  nrf_drv_clock.o(i.nrf_clock_event_clear)
    nrf_clock_event_clear                    0x000215b1   Thumb Code    16  nrf_drv_clock.o(i.nrf_clock_event_clear)
    i.nrf_delay_us                           0x000215c0   Section        0  app_timer.o(i.nrf_delay_us)
    nrf_delay_us                             0x000215c1   Thumb Code   132  app_timer.o(i.nrf_delay_us)
    i.nrf_drv_clock_init                     0x0002164c   Section        0  nrf_drv_clock.o(i.nrf_drv_clock_init)
    i.nrf_drv_clock_on_sd_enable             0x00021694   Section        0  nrf_drv_clock.o(i.nrf_drv_clock_on_sd_enable)
    i.nrf_drv_clock_on_soc_event             0x000216c4   Section        0  nrf_drv_clock.o(i.nrf_drv_clock_on_soc_event)
    i.nrf_drv_common_irq_enable              0x000216ce   Section        0  nrf_drv_common.o(i.nrf_drv_common_irq_enable)
    i.nrf_drv_get_IRQn                       0x00021706   Section        0  nrf_drv_uart.o(i.nrf_drv_get_IRQn)
    nrf_drv_get_IRQn                         0x00021707   Thumb Code     6  nrf_drv_uart.o(i.nrf_drv_get_IRQn)
    i.nrf_drv_gpiote_in_event_enable         0x0002170c   Section        0  nrf_drv_gpiote.o(i.nrf_drv_gpiote_in_event_enable)
    i.nrf_drv_gpiote_in_init                 0x000217b0   Section        0  nrf_drv_gpiote.o(i.nrf_drv_gpiote_in_init)
    i.nrf_drv_gpiote_in_is_set               0x00021868   Section        0  nrf_drv_gpiote.o(i.nrf_drv_gpiote_in_is_set)
    i.nrf_drv_gpiote_init                    0x0002187c   Section        0  nrf_drv_gpiote.o(i.nrf_drv_gpiote_init)
    i.nrf_drv_gpiote_is_init                 0x000218d8   Section        0  nrf_drv_gpiote.o(i.nrf_drv_gpiote_is_init)
    i.nrf_drv_gpiote_out_init                0x000218ec   Section        0  nrf_drv_gpiote.o(i.nrf_drv_gpiote_out_init)
    i.nrf_drv_is_in_RAM                      0x000219a4   Section        0  nrf_drv_uart.o(i.nrf_drv_is_in_RAM)
    nrf_drv_is_in_RAM                        0x000219a5   Thumb Code    16  nrf_drv_uart.o(i.nrf_drv_is_in_RAM)
    i.nrf_drv_spis_init                      0x000219b4   Section        0  nrf_drv_spis.o(i.nrf_drv_spis_init)
    i.nrf_drv_timer_compare                  0x00021b04   Section        0  nrf_drv_timer.o(i.nrf_drv_timer_compare)
    i.nrf_drv_timer_extended_compare         0x00021b26   Section        0  nrf_drv_timer.o(i.nrf_drv_timer_extended_compare)
    i.nrf_drv_timer_init                     0x00021b50   Section        0  nrf_drv_timer.o(i.nrf_drv_timer_init)
    i.nrf_drv_uart_init                      0x00021be0   Section        0  nrf_drv_uart.o(i.nrf_drv_uart_init)
    i.nrf_drv_uart_rx                        0x00021c48   Section        0  nrf_drv_uart.o(i.nrf_drv_uart_rx)
    i.nrf_drv_uart_rx_enable                 0x00021cf8   Section        0  nrf_drv_uart.o(i.nrf_drv_uart_rx_enable)
    i.nrf_drv_uart_rx_for_uart               0x00021d28   Section        0  nrf_drv_uart.o(i.nrf_drv_uart_rx_for_uart)
    nrf_drv_uart_rx_for_uart                 0x00021d29   Thumb Code   162  nrf_drv_uart.o(i.nrf_drv_uart_rx_for_uart)
    i.nrf_drv_uart_rx_for_uarte              0x00021dd0   Section        0  nrf_drv_uart.o(i.nrf_drv_uart_rx_for_uarte)
    nrf_drv_uart_rx_for_uarte                0x00021dd1   Thumb Code   172  nrf_drv_uart.o(i.nrf_drv_uart_rx_for_uarte)
    i.nrf_drv_uart_tx                        0x00021e80   Section        0  nrf_drv_uart.o(i.nrf_drv_uart_tx)
    i.nrf_drv_uart_tx_in_progress            0x00021f8c   Section        0  nrf_drv_uart.o(i.nrf_drv_uart_tx_in_progress)
    i.nrf_gpio_cfg                           0x00021fa4   Section        0  boards.o(i.nrf_gpio_cfg)
    nrf_gpio_cfg                             0x00021fa5   Thumb Code    36  boards.o(i.nrf_gpio_cfg)
    i.nrf_gpio_cfg                           0x00021fc8   Section        0  nrf_drv_gpiote.o(i.nrf_gpio_cfg)
    nrf_gpio_cfg                             0x00021fc9   Thumb Code    36  nrf_drv_gpiote.o(i.nrf_gpio_cfg)
    i.nrf_gpio_cfg                           0x00021fec   Section        0  nrf_drv_uart.o(i.nrf_gpio_cfg)
    nrf_gpio_cfg                             0x00021fed   Thumb Code    36  nrf_drv_uart.o(i.nrf_gpio_cfg)
    i.nrf_gpio_cfg                           0x00022010   Section        0  nrf_drv_spis.o(i.nrf_gpio_cfg)
    nrf_gpio_cfg                             0x00022011   Thumb Code    36  nrf_drv_spis.o(i.nrf_gpio_cfg)
    i.nrf_gpio_cfg_input                     0x00022034   Section        0  nrf_drv_uart.o(i.nrf_gpio_cfg_input)
    nrf_gpio_cfg_input                       0x00022035   Thumb Code    18  nrf_drv_uart.o(i.nrf_gpio_cfg_input)
    i.nrf_gpio_cfg_output                    0x00022046   Section        0  nrf_drv_uart.o(i.nrf_gpio_cfg_output)
    nrf_gpio_cfg_output                      0x00022047   Thumb Code    20  nrf_drv_uart.o(i.nrf_gpio_cfg_output)
    i.nrf_gpio_cfg_sense_set                 0x0002205a   Section        0  bsp.o(i.nrf_gpio_cfg_sense_set)
    nrf_gpio_cfg_sense_set                   0x0002205b   Thumb Code    34  bsp.o(i.nrf_gpio_cfg_sense_set)
    i.nrf_gpio_cfg_sense_set                 0x0002207c   Section        0  nrf_drv_gpiote.o(i.nrf_gpio_cfg_sense_set)
    nrf_gpio_cfg_sense_set                   0x0002207d   Thumb Code    34  nrf_drv_gpiote.o(i.nrf_gpio_cfg_sense_set)
    i.nrf_gpio_pin_write                     0x0002209e   Section        0  boards.o(i.nrf_gpio_pin_write)
    nrf_gpio_pin_write                       0x0002209f   Thumb Code    22  boards.o(i.nrf_gpio_pin_write)
    i.nrf_gpio_ports_read                    0x000220b4   Section        0  nrf_drv_gpiote.o(i.nrf_gpio_ports_read)
    nrf_gpio_ports_read                      0x000220b5   Thumb Code    34  nrf_drv_gpiote.o(i.nrf_gpio_ports_read)
    i.nrf_gpiote_event_clear                 0x000220dc   Section        0  nrf_drv_gpiote.o(i.nrf_gpiote_event_clear)
    nrf_gpiote_event_clear                   0x000220dd   Thumb Code    16  nrf_drv_gpiote.o(i.nrf_gpiote_event_clear)
    i.nrf_gpiote_event_is_set                0x000220f0   Section        0  nrf_drv_gpiote.o(i.nrf_gpiote_event_is_set)
    nrf_gpiote_event_is_set                  0x000220f1   Thumb Code    12  nrf_drv_gpiote.o(i.nrf_gpiote_event_is_set)
    i.nrf_spis_event_check                   0x00022100   Section        0  nrf_drv_spis.o(i.nrf_spis_event_check)
    nrf_spis_event_check                     0x00022101   Thumb Code    10  nrf_drv_spis.o(i.nrf_spis_event_check)
    i.nrf_spis_event_clear                   0x0002210a   Section        0  nrf_drv_spis.o(i.nrf_spis_event_clear)
    nrf_spis_event_clear                     0x0002210b   Thumb Code    12  nrf_drv_spis.o(i.nrf_spis_event_clear)
    i.nrf_uart_event_check                   0x00022116   Section        0  nrf_drv_uart.o(i.nrf_uart_event_check)
    nrf_uart_event_check                     0x00022117   Thumb Code    10  nrf_drv_uart.o(i.nrf_uart_event_check)
    i.nrf_uart_event_clear                   0x00022120   Section        0  nrf_drv_uart.o(i.nrf_uart_event_clear)
    nrf_uart_event_clear                     0x00022121   Thumb Code    12  nrf_drv_uart.o(i.nrf_uart_event_clear)
    i.nrf_uart_int_enable_check              0x0002212c   Section        0  nrf_drv_uart.o(i.nrf_uart_int_enable_check)
    nrf_uart_int_enable_check                0x0002212d   Thumb Code    12  nrf_drv_uart.o(i.nrf_uart_int_enable_check)
    i.nrf_uarte_event_check                  0x00022138   Section        0  nrf_drv_uart.o(i.nrf_uarte_event_check)
    nrf_uarte_event_check                    0x00022139   Thumb Code    10  nrf_drv_uart.o(i.nrf_uarte_event_check)
    i.nrf_uarte_event_clear                  0x00022142   Section        0  nrf_drv_uart.o(i.nrf_uarte_event_clear)
    nrf_uarte_event_clear                    0x00022143   Thumb Code    12  nrf_drv_uart.o(i.nrf_uarte_event_clear)
    i.nus_data_handler                       0x0002214e   Section        0  blefunctions.o(i.nus_data_handler)
    i.on_adv_evt                             0x0002217e   Section        0  blefunctions.o(i.on_adv_evt)
    i.on_ble_evt                             0x000221a4   Section        0  blefunctions.o(i.on_ble_evt)
    i.on_conn_params_evt                     0x0002228c   Section        0  blefunctions.o(i.on_conn_params_evt)
    i.pin_in_use_by_port                     0x000222a8   Section        0  nrf_drv_gpiote.o(i.pin_in_use_by_port)
    pin_in_use_by_port                       0x000222a9   Thumb Code    20  nrf_drv_gpiote.o(i.pin_in_use_by_port)
    i.pin_in_use_by_te                       0x000222c0   Section        0  nrf_drv_gpiote.o(i.pin_in_use_by_te)
    pin_in_use_by_te                         0x000222c1   Thumb Code    20  nrf_drv_gpiote.o(i.pin_in_use_by_te)
    i.rtc1_stop                              0x000222d8   Section        0  app_timer.o(i.rtc1_stop)
    rtc1_stop                                0x000222d9   Thumb Code    52  app_timer.o(i.rtc1_stop)
    i.rx_byte                                0x00022314   Section        0  nrf_drv_uart.o(i.rx_byte)
    rx_byte                                  0x00022315   Thumb Code    50  nrf_drv_uart.o(i.rx_byte)
    i.rx_char_add                            0x00022346   Section        0  ble_nus.o(i.rx_char_add)
    rx_char_add                              0x00022347   Thumb Code   220  ble_nus.o(i.rx_char_add)
    i.rx_done_event                          0x00022422   Section        0  nrf_drv_uart.o(i.rx_done_event)
    rx_done_event                            0x00022423   Thumb Code    24  nrf_drv_uart.o(i.rx_done_event)
    i.rx_enable                              0x0002243a   Section        0  nrf_drv_uart.o(i.rx_enable)
    rx_enable                                0x0002243b   Thumb Code    32  nrf_drv_uart.o(i.rx_enable)
    i.sd_nvic_EnableIRQ                      0x0002245c   Section        0  softdevice_handler.o(i.sd_nvic_EnableIRQ)
    sd_nvic_EnableIRQ                        0x0002245d   Thumb Code   106  softdevice_handler.o(i.sd_nvic_EnableIRQ)
    i.service_data_encode                    0x000224cc   Section        0  ble_advdata.o(i.service_data_encode)
    service_data_encode                      0x000224cd   Thumb Code   136  ble_advdata.o(i.service_data_encode)
    i.services_init                          0x00022554   Section        0  blefunctions.o(i.services_init)
    i.set_adv_mode_fast                      0x00022574   Section        0  ble_advertising.o(i.set_adv_mode_fast)
    set_adv_mode_fast                        0x00022575   Thumb Code    64  ble_advertising.o(i.set_adv_mode_fast)
    i.set_adv_mode_slow                      0x000225bc   Section        0  ble_advertising.o(i.set_adv_mode_slow)
    set_adv_mode_slow                        0x000225bd   Thumb Code    60  ble_advertising.o(i.set_adv_mode_slow)
    i.sleep_mode_enter                       0x00022600   Section        0  blefunctions.o(i.sleep_mode_enter)
    i.softdevice_ble_evt_handler_set         0x00022628   Section        0  softdevice_handler.o(i.softdevice_ble_evt_handler_set)
    i.softdevice_enable                      0x0002263c   Section        0  softdevice_handler.o(i.softdevice_enable)
    i.softdevice_enable_get_default_config   0x00022650   Section        0  softdevice_handler.o(i.softdevice_enable_get_default_config)
    i.softdevice_fault_handler               0x00022676   Section        0  softdevice_handler.o(i.softdevice_fault_handler)
    i.softdevice_handler_init                0x0002267c   Section        0  softdevice_handler.o(i.softdevice_handler_init)
    i.softdevice_handler_is_enabled          0x000226e0   Section        0  softdevice_handler.o(i.softdevice_handler_is_enabled)
    i.spi_app_init                           0x000226ec   Section        0  util.o(i.spi_app_init)
    i.spis_event_handler                     0x0002279c   Section        0  util.o(i.spis_event_handler)
    i.spis_irq_handler                       0x000227ac   Section        0  nrf_drv_spis.o(i.spis_irq_handler)
    spis_irq_handler                         0x000227ad   Thumb Code   120  nrf_drv_spis.o(i.spis_irq_handler)
    i.spis_state_change                      0x00022824   Section        0  nrf_drv_spis.o(i.spis_state_change)
    spis_state_change                        0x00022825   Thumb Code     6  nrf_drv_spis.o(i.spis_state_change)
    i.spis_state_entry_action_execute        0x0002282a   Section        0  nrf_drv_spis.o(i.spis_state_entry_action_execute)
    spis_state_entry_action_execute          0x0002282b   Thumb Code    94  nrf_drv_spis.o(i.spis_state_entry_action_execute)
    i.timer_led_event_handler                0x00022888   Section        0  util.o(i.timer_led_event_handler)
    i.timer_list_handler                     0x000228a0   Section        0  app_timer.o(i.timer_list_handler)
    timer_list_handler                       0x000228a1   Thumb Code   134  app_timer.o(i.timer_list_handler)
    i.timer_list_insert                      0x0002292c   Section        0  app_timer.o(i.timer_list_insert)
    timer_list_insert                        0x0002292d   Thumb Code    56  app_timer.o(i.timer_list_insert)
    i.timer_stop_op_schedule                 0x00022968   Section        0  app_timer.o(i.timer_stop_op_schedule)
    timer_stop_op_schedule                   0x00022969   Thumb Code    68  app_timer.o(i.timer_stop_op_schedule)
    i.timer_timeouts_check                   0x000229b0   Section        0  app_timer.o(i.timer_timeouts_check)
    timer_timeouts_check                     0x000229b1   Thumb Code   124  app_timer.o(i.timer_timeouts_check)
    i.tx_byte                                0x00022a34   Section        0  nrf_drv_uart.o(i.tx_byte)
    tx_byte                                  0x00022a35   Thumb Code    32  nrf_drv_uart.o(i.tx_byte)
    i.tx_char_add                            0x00022a54   Section        0  ble_nus.o(i.tx_char_add)
    tx_char_add                              0x00022a55   Thumb Code   160  ble_nus.o(i.tx_char_add)
    i.tx_done_event                          0x00022af4   Section        0  nrf_drv_uart.o(i.tx_done_event)
    tx_done_event                            0x00022af5   Thumb Code    28  nrf_drv_uart.o(i.tx_done_event)
    i.uart_event_handle                      0x00022b10   Section        0  blefunctions.o(i.uart_event_handle)
    i.uart_event_handler                     0x00022b6c   Section        0  app_uart_fifo.o(i.uart_event_handler)
    uart_event_handler                       0x00022b6d   Thumb Code   152  app_uart_fifo.o(i.uart_event_handler)
    i.uart_init                              0x00022c0c   Section        0  blefunctions.o(i.uart_init)
    i.uart_irq_handler                       0x00022c54   Section        0  nrf_drv_uart.o(i.uart_irq_handler)
    uart_irq_handler                         0x00022c55   Thumb Code   286  nrf_drv_uart.o(i.uart_irq_handler)
    i.uarte_irq_handler                      0x00022d72   Section        0  nrf_drv_uart.o(i.uarte_irq_handler)
    uarte_irq_handler                        0x00022d73   Thumb Code   240  nrf_drv_uart.o(i.uarte_irq_handler)
    i.uint16_encode                          0x00022e62   Section        0  ble_advdata.o(i.uint16_encode)
    uint16_encode                            0x00022e63   Thumb Code    10  ble_advdata.o(i.uint16_encode)
    i.update_timeout_handler                 0x00022e6c   Section        0  ble_conn_params.o(i.update_timeout_handler)
    update_timeout_handler                   0x00022e6d   Thumb Code    88  ble_conn_params.o(i.update_timeout_handler)
    i.user_op_alloc                          0x00022ecc   Section        0  app_timer.o(i.user_op_alloc)
    user_op_alloc                            0x00022ecd   Thumb Code    42  app_timer.o(i.user_op_alloc)
    i.uuid_list_encode                       0x00022efc   Section        0  ble_advdata.o(i.uuid_list_encode)
    uuid_list_encode                         0x00022efd   Thumb Code    48  ble_advdata.o(i.uuid_list_encode)
    i.uuid_list_sized_encode                 0x00022f2c   Section        0  ble_advdata.o(i.uuid_list_sized_encode)
    uuid_list_sized_encode                   0x00022f2d   Thumb Code   158  ble_advdata.o(i.uuid_list_sized_encode)
    .constdata                               0x00022fcc   Section       28  blefunctions.o(.constdata)
    .constdata                               0x00022fe8   Section       56  util.o(.constdata)
    spis                                     0x00022ff0   Data           8  util.o(.constdata)
    .constdata                               0x00023020   Section        8  boards.o(.constdata)
    m_board_led_list                         0x00023020   Data           4  boards.o(.constdata)
    m_board_btn_list                         0x00023024   Data           4  boards.o(.constdata)
    .constdata                               0x00023028   Section       44  bsp.o(.constdata)
    m_leds_timer_id                          0x00023028   Data           4  bsp.o(.constdata)
    m_alert_timer_id                         0x0002302c   Data           4  bsp.o(.constdata)
    m_button_timer_id                        0x00023030   Data           4  bsp.o(.constdata)
    app_buttons                              0x00023034   Data          32  bsp.o(.constdata)
    .constdata                               0x00023054   Section        4  ble_conn_params.o(.constdata)
    m_conn_params_timer_id                   0x00023054   Data           4  ble_conn_params.o(.constdata)
    .constdata                               0x00023058   Section       16  ble_nus.o(.constdata)
    .constdata                               0x00023068   Section        4  nrf_drv_gpiote.o(.constdata)
    .constdata                               0x0002306c   Section        8  app_button.o(.constdata)
    m_detection_delay_timer_id               0x0002306c   Data           4  app_button.o(.constdata)
    .constdata                               0x00023074   Section       32  app_uart_fifo.o(.constdata)
    .data                                    0x20002128   Section        8  blefunctions.o(.data)
    index                                    0x20002128   Data           1  blefunctions.o(.data)
    m_conn_handle                            0x2000212a   Data           2  blefunctions.o(.data)
    m_adv_uuids                              0x2000212c   Data           4  blefunctions.o(.data)
    .data                                    0x20002130   Section       12  util.o(.data)
    spis_xfer_done                           0x20002132   Data           1  util.o(.data)
    m_tx_buf                                 0x20002133   Data           4  util.o(.data)
    m_rx_buf                                 0x20002137   Data           5  util.o(.data)
    .data                                    0x2000213c   Section       20  bsp.o(.data)
    m_stable_state                           0x2000213c   Data           1  bsp.o(.data)
    m_leds_clear                             0x2000213d   Data           1  bsp.o(.data)
    current_long_push_pin_no                 0x2000213e   Data           1  bsp.o(.data)
    m_app_ticks_per_100ms                    0x20002140   Data           4  bsp.o(.data)
    m_indication_type                        0x20002144   Data           4  bsp.o(.data)
    m_registered_callback                    0x20002148   Data           4  bsp.o(.data)
    release_event_at_push                    0x2000214c   Data           4  bsp.o(.data)
    .data                                    0x20002150   Section        8  bsp_btn_ble.o(.data)
    m_error_handler                          0x20002150   Data           4  bsp_btn_ble.o(.data)
    m_num_connections                        0x20002154   Data           4  bsp_btn_ble.o(.data)
    .data                                    0x20002158   Section       20  ble_conn_params.o(.data)
    m_change_param                           0x20002158   Data           1  ble_conn_params.o(.data)
    m_update_count                           0x20002159   Data           1  ble_conn_params.o(.data)
    m_conn_handle                            0x2000215a   Data           2  ble_conn_params.o(.data)
    m_preferred_conn_params                  0x2000215c   Data           8  ble_conn_params.o(.data)
    m_current_conn_params                    0x20002164   Data           8  ble_conn_params.o(.data)
    .data                                    0x2000216c   Section       31  ble_advertising.o(.data)
    m_initialized                            0x2000216c   Data           1  ble_advertising.o(.data)
    m_advertising_start_pending              0x2000216d   Data           1  ble_advertising.o(.data)
    m_adv_evt                                0x2000216e   Data           1  ble_advertising.o(.data)
    m_adv_mode_current                       0x2000216f   Data           1  ble_advertising.o(.data)
    m_peer_addr_reply_expected               0x20002170   Data           1  ble_advertising.o(.data)
    m_whitelist_temporarily_disabled         0x20002171   Data           1  ble_advertising.o(.data)
    m_whitelist_reply_expected               0x20002172   Data           1  ble_advertising.o(.data)
    m_whitelist_in_use                       0x20002173   Data           1  ble_advertising.o(.data)
    m_current_slave_link_conn_handle         0x20002174   Data           2  ble_advertising.o(.data)
    m_slave_conn_int                         0x20002176   Data           4  ble_advertising.o(.data)
    m_evt_handler                            0x2000217c   Data           4  ble_advertising.o(.data)
    m_error_handler                          0x20002180   Data           4  ble_advertising.o(.data)
    m_peer_address                           0x20002184   Data           7  ble_advertising.o(.data)
    .data                                    0x2000218c   Section       20  app_button.o(.data)
    m_button_count                           0x2000218c   Data           1  app_button.o(.data)
    mp_buttons                               0x20002190   Data           4  app_button.o(.data)
    m_detection_delay                        0x20002194   Data           4  app_button.o(.data)
    m_pin_state                              0x20002198   Data           4  app_button.o(.data)
    m_pin_transition                         0x2000219c   Data           4  app_button.o(.data)
    .data                                    0x200021a0   Section       32  app_timer.o(.data)
    m_ticks_elapsed_q_read_ind               0x200021a0   Data           1  app_timer.o(.data)
    m_ticks_elapsed_q_write_ind              0x200021a1   Data           1  app_timer.o(.data)
    m_rtc1_running                           0x200021a2   Data           1  app_timer.o(.data)
    m_rtc1_reset                             0x200021a3   Data           1  app_timer.o(.data)
    mp_timer_id_head                         0x200021a4   Data           4  app_timer.o(.data)
    m_ticks_latest                           0x200021a8   Data           4  app_timer.o(.data)
    m_evt_schedule_func                      0x200021ac   Data           4  app_timer.o(.data)
    m_op_queue                               0x200021b0   Data           8  app_timer.o(.data)
    m_ticks_elapsed                          0x200021b8   Data           8  app_timer.o(.data)
    .data                                    0x200021c0   Section       16  app_uart_fifo.o(.data)
    tx_buffer                                0x200021c0   Data           1  app_uart_fifo.o(.data)
    rx_buffer                                0x200021c1   Data           1  app_uart_fifo.o(.data)
    m_rx_ovf                                 0x200021c2   Data           1  app_uart_fifo.o(.data)
    m_event_handler                          0x200021c4   Data           4  app_uart_fifo.o(.data)
    app_uart_inst                            0x200021c8   Data           8  app_uart_fifo.o(.data)
    .data                                    0x200021d0   Section        4  retarget.o(.data)
    .data                                    0x200021d4   Section       20  softdevice_handler.o(.data)
    m_softdevice_enabled                     0x200021d4   Data           1  softdevice_handler.o(.data)
    m_suspended                              0x200021d5   Data           1  softdevice_handler.o(.data)
    m_ble_evt_buffer_size                    0x200021d6   Data           2  softdevice_handler.o(.data)
    m_evt_schedule_func                      0x200021d8   Data           4  softdevice_handler.o(.data)
    mp_ble_evt_buffer                        0x200021dc   Data           4  softdevice_handler.o(.data)
    m_ble_evt_handler                        0x200021e0   Data           4  softdevice_handler.o(.data)
    m_sys_evt_handler                        0x200021e4   Data           4  softdevice_handler.o(.data)
    .data                                    0x200021e8   Section        4  system_nrf52.o(.data)
    __tagsym$$used                           0x200021e8   Number         0  system_nrf52.o(.data)
    .bss                                     0x200021ec   Section      760  blefunctions.o(.bss)
    BLE_EVT_BUFFER                           0x200021ec   Data          80  blefunctions.o(.bss)
    data_array                               0x2000223c   Data          20  blefunctions.o(.bss)
    rx_buf                                   0x20002250   Data         256  blefunctions.o(.bss)
    tx_buf                                   0x20002350   Data         256  blefunctions.o(.bss)
    APP_TIMER_BUF                            0x20002450   Data         120  blefunctions.o(.bss)
    m_nus                                    0x200024c8   Data          28  blefunctions.o(.bss)
    .bss                                     0x200024e4   Section       32  bsp.o(.bss)
    m_leds_timer_id_data                     0x200024e4   Data          32  bsp.o(.bss)
    .bss                                     0x20002504   Section       32  bsp.o(.bss)
    m_alert_timer_id_data                    0x20002504   Data          32  bsp.o(.bss)
    .bss                                     0x20002524   Section       12  bsp.o(.bss)
    m_events_list                            0x20002524   Data          12  bsp.o(.bss)
    .bss                                     0x20002530   Section       32  bsp.o(.bss)
    m_button_timer_id_data                   0x20002530   Data          32  bsp.o(.bss)
    .bss                                     0x20002550   Section       32  ble_conn_params.o(.bss)
    m_conn_params_timer_id_data              0x20002550   Data          32  ble_conn_params.o(.bss)
    .bss                                     0x20002570   Section       28  ble_conn_params.o(.bss)
    m_conn_params_config                     0x20002570   Data          28  ble_conn_params.o(.bss)
    .bss                                     0x2000258c   Section      179  ble_advertising.o(.bss)
    m_adv_modes_config                       0x2000258c   Data          32  ble_advertising.o(.bss)
    m_advdata                                0x200025ac   Data          60  ble_advertising.o(.bss)
    m_manuf_specific_data                    0x200025e8   Data          12  ble_advertising.o(.bss)
    m_manuf_data_array                       0x200025f4   Data          31  ble_advertising.o(.bss)
    m_service_data                           0x20002614   Data          12  ble_advertising.o(.bss)
    m_service_data_array                     0x20002620   Data          31  ble_advertising.o(.bss)
    .bss                                     0x20002640   Section       20  nrf_drv_clock.o(.bss)
    m_clock_cb                               0x20002640   Data          20  nrf_drv_clock.o(.bss)
    .bss                                     0x20002654   Section       88  nrf_drv_gpiote.o(.bss)
    m_cb                                     0x20002654   Data          88  nrf_drv_gpiote.o(.bss)
    .bss                                     0x200026ac   Section       32  nrf_drv_uart.o(.bss)
    m_cb                                     0x200026ac   Data          32  nrf_drv_uart.o(.bss)
    .bss                                     0x200026cc   Section       24  nrf_drv_spis.o(.bss)
    m_cb                                     0x200026cc   Data          24  nrf_drv_spis.o(.bss)
    .bss                                     0x200026e4   Section       12  nrf_drv_timer.o(.bss)
    m_cb                                     0x200026e4   Data          12  nrf_drv_timer.o(.bss)
    .bss                                     0x200026f0   Section       32  app_button.o(.bss)
    m_detection_delay_timer_id_data          0x200026f0   Data          32  app_button.o(.bss)
    .bss                                     0x20002710   Section       32  app_uart_fifo.o(.bss)
    m_rx_fifo                                0x20002710   Data          16  app_uart_fifo.o(.bss)
    m_tx_fifo                                0x20002720   Data          16  app_uart_fifo.o(.bss)
    .bss                                     0x20002730   Section       12  app_util_platform.o(.bss)
    .bss                                     0x2000273c   Section      104  fstorage.o(.bss)
    m_queue                                  0x2000273c   Data         104  fstorage.o(.bss)
    STACK                                    0x200027a8   Section     8192  arm_startup_nrf52.o(STACK)

    Global Symbols

    Symbol Name                              Value     Ov Type        Size  Object(Section)

    BuildAttributes$$THM_ISAv4$E$P$D$K$B$S$7EM$VFPi3$EXTD16$VFPS$VFMA$PE$A:L22UL41UL21$X:L11$S22US41US21$IEEE1$IW$USESV6$~STKCKD$USESV7$~SHL$OSPACE$ROPI$EBA8$MICROLIB$REQ8$PRES8$EABIv2 0x00000000   Number         0  anon$$obj.o ABSOLUTE
    __ARM_use_no_argv                        0x00000000   Number         0  main.o ABSOLUTE
    __cpp_initialize__aeabi_                  - Undefined Weak Reference
    __cxa_finalize                            - Undefined Weak Reference
    __decompress                              - Undefined Weak Reference
    _clock_init                               - Undefined Weak Reference
    _microlib_exit                            - Undefined Weak Reference
    fs_data$$Base                             - Undefined Reference
    fs_data$$Limit                            - Undefined Reference
    __Vectors_Size                           0x00000400   Number         0  arm_startup_nrf52.o ABSOLUTE
    __Vectors                                0x0001f000   Data           4  arm_startup_nrf52.o(RESET)
    __Vectors_End                            0x0001f400   Data           0  arm_startup_nrf52.o(RESET)
    __main                                   0x0001f401   Thumb Code     0  entry.o(.ARM.Collect$$$$00000000)
    _main_stk                                0x0001f401   Thumb Code     0  entry2.o(.ARM.Collect$$$$00000001)
    _main_scatterload                        0x0001f405   Thumb Code     0  entry5.o(.ARM.Collect$$$$00000004)
    __main_after_scatterload                 0x0001f409   Thumb Code     0  entry5.o(.ARM.Collect$$$$00000004)
    _main_clock                              0x0001f409   Thumb Code     0  entry7b.o(.ARM.Collect$$$$00000008)
    _main_cpp_init                           0x0001f409   Thumb Code     0  entry8b.o(.ARM.Collect$$$$0000000A)
    _main_init                               0x0001f409   Thumb Code     0  entry9a.o(.ARM.Collect$$$$0000000B)
    __rt_final_cpp                           0x0001f411   Thumb Code     0  entry10a.o(.ARM.Collect$$$$0000000D)
    __rt_final_exit                          0x0001f411   Thumb Code     0  entry11a.o(.ARM.Collect$$$$0000000F)
    Reset_Handler                            0x0001f415   Thumb Code     8  arm_startup_nrf52.o(.text)
    NMI_Handler                              0x0001f41d   Thumb Code     2  arm_startup_nrf52.o(.text)
    HardFault_Handler                        0x0001f41f   Thumb Code     2  arm_startup_nrf52.o(.text)
    MemoryManagement_Handler                 0x0001f421   Thumb Code     2  arm_startup_nrf52.o(.text)
    BusFault_Handler                         0x0001f423   Thumb Code     2  arm_startup_nrf52.o(.text)
    UsageFault_Handler                       0x0001f425   Thumb Code     2  arm_startup_nrf52.o(.text)
    SVC_Handler                              0x0001f427   Thumb Code     2  arm_startup_nrf52.o(.text)
    DebugMon_Handler                         0x0001f429   Thumb Code     2  arm_startup_nrf52.o(.text)
    PendSV_Handler                           0x0001f42b   Thumb Code     2  arm_startup_nrf52.o(.text)
    SysTick_Handler                          0x0001f42d   Thumb Code     2  arm_startup_nrf52.o(.text)
    CCM_AAR_IRQHandler                       0x0001f42f   Thumb Code     0  arm_startup_nrf52.o(.text)
    COMP_LPCOMP_IRQHandler                   0x0001f42f   Thumb Code     0  arm_startup_nrf52.o(.text)
    ECB_IRQHandler                           0x0001f42f   Thumb Code     0  arm_startup_nrf52.o(.text)
    FPU_IRQHandler                           0x0001f42f   Thumb Code     0  arm_startup_nrf52.o(.text)
    I2S_IRQHandler                           0x0001f42f   Thumb Code     0  arm_startup_nrf52.o(.text)
    MWU_IRQHandler                           0x0001f42f   Thumb Code     0  arm_startup_nrf52.o(.text)
    NFCT_IRQHandler                          0x0001f42f   Thumb Code     0  arm_startup_nrf52.o(.text)
    PDM_IRQHandler                           0x0001f42f   Thumb Code     0  arm_startup_nrf52.o(.text)
    PWM0_IRQHandler                          0x0001f42f   Thumb Code     0  arm_startup_nrf52.o(.text)
    PWM1_IRQHandler                          0x0001f42f   Thumb Code     0  arm_startup_nrf52.o(.text)
    PWM2_IRQHandler                          0x0001f42f   Thumb Code     0  arm_startup_nrf52.o(.text)
    QDEC_IRQHandler                          0x0001f42f   Thumb Code     0  arm_startup_nrf52.o(.text)
    RADIO_IRQHandler                         0x0001f42f   Thumb Code     0  arm_startup_nrf52.o(.text)
    RNG_IRQHandler                           0x0001f42f   Thumb Code     0  arm_startup_nrf52.o(.text)
    RTC0_IRQHandler                          0x0001f42f   Thumb Code     0  arm_startup_nrf52.o(.text)
    RTC2_IRQHandler                          0x0001f42f   Thumb Code     0  arm_startup_nrf52.o(.text)
    SAADC_IRQHandler                         0x0001f42f   Thumb Code     0  arm_startup_nrf52.o(.text)
    SPIM0_SPIS0_TWIM0_TWIS0_SPI0_TWI0_IRQHandler 0x0001f42f   Thumb Code     0  arm_startup_nrf52.o(.text)
    SPIM2_SPIS2_SPI2_IRQHandler              0x0001f42f   Thumb Code     0  arm_startup_nrf52.o(.text)
    SWI1_EGU1_IRQHandler                     0x0001f42f   Thumb Code     0  arm_startup_nrf52.o(.text)
    SWI3_EGU3_IRQHandler                     0x0001f42f   Thumb Code     0  arm_startup_nrf52.o(.text)
    SWI4_EGU4_IRQHandler                     0x0001f42f   Thumb Code     0  arm_startup_nrf52.o(.text)
    SWI5_EGU5_IRQHandler                     0x0001f42f   Thumb Code     0  arm_startup_nrf52.o(.text)
    TEMP_IRQHandler                          0x0001f42f   Thumb Code     0  arm_startup_nrf52.o(.text)
    TIMER1_IRQHandler                        0x0001f42f   Thumb Code     0  arm_startup_nrf52.o(.text)
    TIMER2_IRQHandler                        0x0001f42f   Thumb Code     0  arm_startup_nrf52.o(.text)
    TIMER3_IRQHandler                        0x0001f42f   Thumb Code     0  arm_startup_nrf52.o(.text)
    TIMER4_IRQHandler                        0x0001f42f   Thumb Code     0  arm_startup_nrf52.o(.text)
    WDT_IRQHandler                           0x0001f42f   Thumb Code     0  arm_startup_nrf52.o(.text)
    __aeabi_memcpy                           0x0001f439   Thumb Code    36  memcpya.o(.text)
    __aeabi_memcpy4                          0x0001f439   Thumb Code     0  memcpya.o(.text)
    __aeabi_memcpy8                          0x0001f439   Thumb Code     0  memcpya.o(.text)
    __aeabi_memset                           0x0001f45d   Thumb Code    14  memseta.o(.text)
    __aeabi_memset4                          0x0001f45d   Thumb Code     0  memseta.o(.text)
    __aeabi_memset8                          0x0001f45d   Thumb Code     0  memseta.o(.text)
    __aeabi_memclr                           0x0001f46b   Thumb Code     4  memseta.o(.text)
    __aeabi_memclr4                          0x0001f46b   Thumb Code     0  memseta.o(.text)
    __aeabi_memclr8                          0x0001f46b   Thumb Code     0  memseta.o(.text)
    _memset$wrapper                          0x0001f46f   Thumb Code    18  memseta.o(.text)
    __scatterload                            0x0001f481   Thumb Code    28  init.o(.text)
    __scatterload_rt2                        0x0001f481   Thumb Code     0  init.o(.text)
    GPIOTE_IRQHandler                        0x0001f4a5   Thumb Code   362  nrf_drv_gpiote.o(i.GPIOTE_IRQHandler)
    POWER_CLOCK_IRQHandler                   0x0001f6a9   Thumb Code    84  nrf_drv_clock.o(i.POWER_CLOCK_IRQHandler)
    RTC1_IRQHandler                          0x0001f701   Thumb Code    32  app_timer.o(i.RTC1_IRQHandler)
    SPIM1_SPIS1_TWIM1_TWIS1_SPI1_TWI1_IRQHandler 0x0001f725   Thumb Code    10  nrf_drv_spis.o(i.SPIM1_SPIS1_TWIM1_TWIS1_SPI1_TWI1_IRQHandler)
    SWI0_EGU0_IRQHandler                     0x0001f735   Thumb Code     4  app_timer.o(i.SWI0_EGU0_IRQHandler)
    SWI2_EGU2_IRQHandler                     0x0001f739   Thumb Code    32  softdevice_handler.o(i.SWI2_EGU2_IRQHandler)
    SynHandler                               0x0001f75d   Thumb Code    18  util.o(i.SynHandler)
    SystemInit                               0x0001f775   Thumb Code   610  system_nrf52.o(i.SystemInit)
    TIMER0_IRQHandler                        0x0001fa11   Thumb Code    68  nrf_drv_timer.o(i.TIMER0_IRQHandler)
    UARTE0_UART0_IRQHandler                  0x0001fa5d   Thumb Code    20  nrf_drv_uart.o(i.UARTE0_UART0_IRQHandler)
    __0printf$bare                           0x0001fa79   Thumb Code     8  printfb.o(i.__0printf$bare)
    __1printf$bare                           0x0001fa79   Thumb Code     0  printfb.o(i.__0printf$bare)
    __2printf                                0x0001fa79   Thumb Code     0  printfb.o(i.__0printf$bare)
    __scatterload_copy                       0x0001fa89   Thumb Code    14  handlers.o(i.__scatterload_copy)
    __scatterload_null                       0x0001fa97   Thumb Code     2  handlers.o(i.__scatterload_null)
    __scatterload_zeroinit                   0x0001fa99   Thumb Code    14  handlers.o(i.__scatterload_zeroinit)
    adv_data_encode                          0x0001faef   Thumb Code   386  ble_advdata.o(i.adv_data_encode)
    advertising_init                         0x0001fd01   Thumb Code    94  blefunctions.o(i.advertising_init)
    app_button_enable                        0x0001fd71   Thumb Code    32  app_button.o(i.app_button_enable)
    app_button_init                          0x0001fd95   Thumb Code    96  app_button.o(i.app_button_init)
    app_error_fault_handler                  0x0001fe05   Thumb Code    26  app_error_weak.o(i.app_error_fault_handler)
    app_error_handler_bare                   0x0001fe29   Thumb Code    22  app_error.o(i.app_error_handler_bare)
    app_fifo_get                             0x0001fe3f   Thumb Code    22  app_fifo.o(i.app_fifo_get)
    app_fifo_init                            0x0001fe55   Thumb Code    32  app_fifo.o(i.app_fifo_init)
    app_fifo_put                             0x0001fe75   Thumb Code    26  app_fifo.o(i.app_fifo_put)
    app_timer_create                         0x0001fe91   Thumb Code    32  app_timer.o(i.app_timer_create)
    app_timer_init                           0x0001feb5   Thumb Code   102  app_timer.o(i.app_timer_init)
    app_timer_start                          0x0001ff25   Thumb Code   128  app_timer.o(i.app_timer_start)
    app_timer_stop                           0x0001ffad   Thumb Code    26  app_timer.o(i.app_timer_stop)
    app_uart_get                             0x0001ffcd   Thumb Code    42  app_uart_fifo.o(i.app_uart_get)
    app_uart_init                            0x00020001   Thumb Code   164  app_uart_fifo.o(i.app_uart_init)
    app_uart_put                             0x000200b5   Thumb Code    52  app_uart_fifo.o(i.app_uart_put)
    app_util_critical_region_enter           0x000200f1   Thumb Code    64  app_util_platform.o(i.app_util_critical_region_enter)
    app_util_critical_region_exit            0x00020139   Thumb Code    46  app_util_platform.o(i.app_util_critical_region_exit)
    ble_advdata_set                          0x00020225   Thumb Code   104  ble_advdata.o(i.ble_advdata_set)
    ble_advertising_init                     0x0002028d   Thumb Code   278  ble_advertising.o(i.ble_advertising_init)
    ble_advertising_on_ble_evt               0x000203ad   Thumb Code    88  ble_advertising.o(i.ble_advertising_on_ble_evt)
    ble_advertising_restart_without_whitelist 0x00020409   Thumb Code    50  ble_advertising.o(i.ble_advertising_restart_without_whitelist)
    ble_advertising_start                    0x00020445   Thumb Code   250  ble_advertising.o(i.ble_advertising_start)
    ble_app_init                             0x00020549   Thumb Code    72  blefunctions.o(i.ble_app_init)
    ble_conn_params_init                     0x000205a5   Thumb Code    72  ble_conn_params.o(i.ble_conn_params_init)
    ble_conn_params_on_ble_evt               0x000205fd   Thumb Code   120  ble_conn_params.o(i.ble_conn_params_on_ble_evt)
    ble_evt_dispatch                         0x000206e1   Thumb Code    38  blefunctions.o(i.ble_evt_dispatch)
    ble_nus_init                             0x0002070d   Thumb Code    94  ble_nus.o(i.ble_nus_init)
    ble_nus_on_ble_evt                       0x00020771   Thumb Code    92  ble_nus.o(i.ble_nus_on_ble_evt)
    ble_nus_string_send                      0x000207cd   Thumb Code    78  ble_nus.o(i.ble_nus_string_send)
    ble_srv_is_notification_enabled          0x0002081b   Thumb Code     8  ble_srv_common.o(i.ble_srv_is_notification_enabled)
    ble_stack_init                           0x00020825   Thumb Code    80  blefunctions.o(i.ble_stack_init)
    bsp_board_button_idx_to_pin              0x00020881   Thumb Code     6  boards.o(i.bsp_board_button_idx_to_pin)
    bsp_board_button_state_get               0x0002088d   Thumb Code    28  boards.o(i.bsp_board_button_state_get)
    bsp_board_led_invert                     0x000208ad   Thumb Code    32  boards.o(i.bsp_board_led_invert)
    bsp_board_led_off                        0x000208d1   Thumb Code    10  boards.o(i.bsp_board_led_off)
    bsp_board_led_on                         0x000208e1   Thumb Code    10  boards.o(i.bsp_board_led_on)
    bsp_board_led_state_get                  0x000208f1   Thumb Code    28  boards.o(i.bsp_board_led_state_get)
    bsp_board_leds_init                      0x00020911   Thumb Code    38  boards.o(i.bsp_board_leds_init)
    bsp_board_leds_off                       0x0002093d   Thumb Code    18  boards.o(i.bsp_board_leds_off)
    bsp_board_leds_on                        0x0002094f   Thumb Code    18  boards.o(i.bsp_board_leds_on)
    bsp_board_pin_to_button_idx              0x00020961   Thumb Code    30  boards.o(i.bsp_board_pin_to_button_idx)
    bsp_btn_ble_init                         0x00020985   Thumb Code    52  bsp_btn_ble.o(i.bsp_btn_ble_init)
    bsp_btn_ble_on_ble_evt                   0x000209bd   Thumb Code   106  bsp_btn_ble.o(i.bsp_btn_ble_on_ble_evt)
    bsp_btn_ble_sleep_mode_prepare           0x00020a2d   Thumb Code    30  bsp_btn_ble.o(i.bsp_btn_ble_sleep_mode_prepare)
    bsp_button_is_pressed                    0x00020ae1   Thumb Code     4  bsp.o(i.bsp_button_is_pressed)
    bsp_event_handler                        0x00020ae5   Thumb Code    64  blefunctions.o(i.bsp_event_handler)
    bsp_event_to_button_action_assign        0x00020b29   Thumb Code    64  bsp.o(i.bsp_event_to_button_action_assign)
    bsp_indication_set                       0x00020b6d   Thumb Code    20  bsp.o(i.bsp_indication_set)
    bsp_init                                 0x00020b85   Thumb Code   132  bsp.o(i.bsp_init)
    bsp_wakeup_button_enable                 0x00020d91   Thumb Code    16  bsp.o(i.bsp_wakeup_button_enable)
    buttons_leds_init                        0x00020da9   Thumb Code    54  blefunctions.o(i.buttons_leds_init)
    conn_params_error_handler                0x00020fb5   Thumb Code     4  blefunctions.o(i.conn_params_error_handler)
    conn_params_init                         0x00020fb9   Thumb Code    68  blefunctions.o(i.conn_params_init)
    fputc                                    0x00021127   Thumb Code    14  retarget.o(i.fputc)
    fs_queued_op_count_get                   0x00021135   Thumb Code    16  fstorage.o(i.fs_queued_op_count_get)
    gap_params_init                          0x00021149   Thumb Code    80  blefunctions.o(i.gap_params_init)
    intern_softdevice_events_execute         0x00021205   Thumb Code   114  softdevice_handler.o(i.intern_softdevice_events_execute)
    main                                     0x00021485   Thumb Code    14  main.o(i.main)
    nrf_drv_clock_init                       0x0002164d   Thumb Code    64  nrf_drv_clock.o(i.nrf_drv_clock_init)
    nrf_drv_clock_on_sd_enable               0x00021695   Thumb Code    44  nrf_drv_clock.o(i.nrf_drv_clock_on_sd_enable)
    nrf_drv_clock_on_soc_event               0x000216c5   Thumb Code    10  nrf_drv_clock.o(i.nrf_drv_clock_on_soc_event)
    nrf_drv_common_irq_enable                0x000216cf   Thumb Code    56  nrf_drv_common.o(i.nrf_drv_common_irq_enable)
    nrf_drv_gpiote_in_event_enable           0x0002170d   Thumb Code   156  nrf_drv_gpiote.o(i.nrf_drv_gpiote_in_event_enable)
    nrf_drv_gpiote_in_init                   0x000217b1   Thumb Code   172  nrf_drv_gpiote.o(i.nrf_drv_gpiote_in_init)
    nrf_drv_gpiote_in_is_set                 0x00021869   Thumb Code    20  nrf_drv_gpiote.o(i.nrf_drv_gpiote_in_is_set)
    nrf_drv_gpiote_init                      0x0002187d   Thumb Code    84  nrf_drv_gpiote.o(i.nrf_drv_gpiote_init)
    nrf_drv_gpiote_is_init                   0x000218d9   Thumb Code    14  nrf_drv_gpiote.o(i.nrf_drv_gpiote_is_init)
    nrf_drv_gpiote_out_init                  0x000218ed   Thumb Code   170  nrf_drv_gpiote.o(i.nrf_drv_gpiote_out_init)
    nrf_drv_spis_init                        0x000219b5   Thumb Code   332  nrf_drv_spis.o(i.nrf_drv_spis_init)
    nrf_drv_timer_compare                    0x00021b05   Thumb Code    34  nrf_drv_timer.o(i.nrf_drv_timer_compare)
    nrf_drv_timer_extended_compare           0x00021b27   Thumb Code    42  nrf_drv_timer.o(i.nrf_drv_timer_extended_compare)
    nrf_drv_timer_init                       0x00021b51   Thumb Code   138  nrf_drv_timer.o(i.nrf_drv_timer_init)
    nrf_drv_uart_init                        0x00021be1   Thumb Code    98  nrf_drv_uart.o(i.nrf_drv_uart_init)
    nrf_drv_uart_rx                          0x00021c49   Thumb Code   170  nrf_drv_uart.o(i.nrf_drv_uart_rx)
    nrf_drv_uart_rx_enable                   0x00021cf9   Thumb Code    42  nrf_drv_uart.o(i.nrf_drv_uart_rx_enable)
    nrf_drv_uart_tx                          0x00021e81   Thumb Code   262  nrf_drv_uart.o(i.nrf_drv_uart_tx)
    nrf_drv_uart_tx_in_progress              0x00021f8d   Thumb Code    18  nrf_drv_uart.o(i.nrf_drv_uart_tx_in_progress)
    nus_data_handler                         0x0002214f   Thumb Code    48  blefunctions.o(i.nus_data_handler)
    on_adv_evt                               0x0002217f   Thumb Code    36  blefunctions.o(i.on_adv_evt)
    on_ble_evt                               0x000221a5   Thumb Code   228  blefunctions.o(i.on_ble_evt)
    on_conn_params_evt                       0x0002228d   Thumb Code    24  blefunctions.o(i.on_conn_params_evt)
    services_init                            0x00022555   Thumb Code    24  blefunctions.o(i.services_init)
    sleep_mode_enter                         0x00022601   Thumb Code    40  blefunctions.o(i.sleep_mode_enter)
    softdevice_ble_evt_handler_set           0x00022629   Thumb Code    14  softdevice_handler.o(i.softdevice_ble_evt_handler_set)
    softdevice_enable                        0x0002263d   Thumb Code    14  softdevice_handler.o(i.softdevice_enable)
    softdevice_enable_get_default_config     0x00022651   Thumb Code    38  softdevice_handler.o(i.softdevice_enable_get_default_config)
    softdevice_fault_handler                 0x00022677   Thumb Code     4  softdevice_handler.o(i.softdevice_fault_handler)
    softdevice_handler_init                  0x0002267d   Thumb Code    92  softdevice_handler.o(i.softdevice_handler_init)
    softdevice_handler_is_enabled            0x000226e1   Thumb Code     6  softdevice_handler.o(i.softdevice_handler_is_enabled)
    spi_app_init                             0x000226ed   Thumb Code   154  util.o(i.spi_app_init)
    spis_event_handler                       0x0002279d   Thumb Code    12  util.o(i.spis_event_handler)
    timer_led_event_handler                  0x00022889   Thumb Code    18  util.o(i.timer_led_event_handler)
    uart_event_handle                        0x00022b11   Thumb Code    84  blefunctions.o(i.uart_event_handle)
    uart_init                                0x00022c0d   Thumb Code    54  blefunctions.o(i.uart_init)
    TIMER                                    0x00022ff8   Data           8  util.o(.constdata)
    Region$$Table$$Base                      0x00023094   Number         0  anon$$obj.o(Region$$Table)
    Region$$Table$$Limit                     0x000230b4   Number         0  anon$$obj.o(Region$$Table)
    Image$$RW_IRAM1$$Base                    0x20002128   Number         0  anon$$obj.o ABSOLUTE
    syn                                      0x20002130   Data           1  util.o(.data)
    timer_                                   0x20002131   Data           1  util.o(.data)
    __stdout                                 0x200021d0   Data           4  retarget.o(.data)
    SystemCoreClock                          0x200021e8   Data           4  system_nrf52.o(.data)
    nrf_nvic_state                           0x20002730   Data          12  app_util_platform.o(.bss)
    __initial_sp                             0x200047a8   Data           0  arm_startup_nrf52.o(STACK)



==============================================================================

Memory Map of the image

  Image Entry point : 0x0001f401

  Load Region LR_IROM1 (Base: 0x0001f000, Size: 0x00004178, Max: 0x00061000, ABSOLUTE)

    Execution Region ER_IROM1 (Base: 0x0001f000, Size: 0x000040b4, Max: 0x00061000, ABSOLUTE)

    Base Addr    Size         Type   Attr      Idx    E Section Name        Object

    0x0001f000   0x00000400   Data   RO         3131    RESET               arm_startup_nrf52.o
    0x0001f400   0x00000000   Code   RO         3172  * .ARM.Collect$$$$00000000  mc_w.l(entry.o)
    0x0001f400   0x00000004   Code   RO         3473    .ARM.Collect$$$$00000001  mc_w.l(entry2.o)
    0x0001f404   0x00000004   Code   RO         3476    .ARM.Collect$$$$00000004  mc_w.l(entry5.o)
    0x0001f408   0x00000000   Code   RO         3478    .ARM.Collect$$$$00000008  mc_w.l(entry7b.o)
    0x0001f408   0x00000000   Code   RO         3480    .ARM.Collect$$$$0000000A  mc_w.l(entry8b.o)
    0x0001f408   0x00000008   Code   RO         3481    .ARM.Collect$$$$0000000B  mc_w.l(entry9a.o)
    0x0001f410   0x00000000   Code   RO         3483    .ARM.Collect$$$$0000000D  mc_w.l(entry10a.o)
    0x0001f410   0x00000000   Code   RO         3485    .ARM.Collect$$$$0000000F  mc_w.l(entry11a.o)
    0x0001f410   0x00000004   Code   RO         3474    .ARM.Collect$$$$00002712  mc_w.l(entry2.o)
    0x0001f414   0x00000024   Code   RO         3132    .text               arm_startup_nrf52.o
    0x0001f438   0x00000024   Code   RO         3175    .text               mc_w.l(memcpya.o)
    0x0001f45c   0x00000024   Code   RO         3177    .text               mc_w.l(memseta.o)
    0x0001f480   0x00000024   Code   RO         3504    .text               mc_w.l(init.o)
    0x0001f4a4   0x00000174   Code   RO         1376    i.GPIOTE_IRQHandler  nrf_drv_gpiote.o
    0x0001f618   0x00000016   Code   RO         2257    i.NVIC_ClearPendingIRQ  app_timer.o
    0x0001f62e   0x00000016   Code   RO         2928    i.NVIC_DisableIRQ   softdevice_handler.o
    0x0001f644   0x00000016   Code   RO         2258    i.NVIC_EnableIRQ    app_timer.o
    0x0001f65a   0x00000016   Code   RO         2929    i.NVIC_EnableIRQ    softdevice_handler.o
    0x0001f670   0x00000016   Code   RO         2259    i.NVIC_SetPendingIRQ  app_timer.o
    0x0001f686   0x00000020   Code   RO         2260    i.NVIC_SetPriority  app_timer.o
    0x0001f6a6   0x00000002   PAD
    0x0001f6a8   0x00000058   Code   RO         1162    i.POWER_CLOCK_IRQHandler  nrf_drv_clock.o
    0x0001f700   0x00000024   Code   RO         2261    i.RTC1_IRQHandler   app_timer.o
    0x0001f724   0x00000010   Code   RO         1851    i.SPIM1_SPIS1_TWIM1_TWIS1_SPI1_TWI1_IRQHandler  nrf_drv_spis.o
    0x0001f734   0x00000004   Code   RO         2262    i.SWI0_EGU0_IRQHandler  app_timer.o
    0x0001f738   0x00000024   Code   RO         2930    i.SWI2_EGU2_IRQHandler  softdevice_handler.o
    0x0001f75c   0x00000018   Code   RO          400    i.SynHandler        util.o
    0x0001f774   0x0000029c   Code   RO         3140    i.SystemInit        system_nrf52.o
    0x0001fa10   0x0000004c   Code   RO         1944    i.TIMER0_IRQHandler  nrf_drv_timer.o
    0x0001fa5c   0x0000001c   Code   RO         1619    i.UARTE0_UART0_IRQHandler  nrf_drv_uart.o
    0x0001fa78   0x00000010   Code   RO         3186    i.__0printf$bare    mc_w.l(printfb.o)
    0x0001fa88   0x0000000e   Code   RO         3516    i.__scatterload_copy  mc_w.l(handlers.o)
    0x0001fa96   0x00000002   Code   RO         3517    i.__scatterload_null  mc_w.l(handlers.o)
    0x0001fa98   0x0000000e   Code   RO         3518    i.__scatterload_zeroinit  mc_w.l(handlers.o)
    0x0001faa6   0x00000002   PAD
    0x0001faa8   0x00000024   Code   RO         2931    i.__sd_nvic_app_accessible_irq  softdevice_handler.o
    0x0001facc   0x00000022   Code   RO         3193    i._printf_core      mc_w.l(printfb.o)
    0x0001faee   0x00000182   Code   RO          820    i.adv_data_encode   ble_advdata.o
    0x0001fc70   0x00000058   Code   RO         1028    i.adv_mode_next_avail_get  ble_advertising.o
    0x0001fcc8   0x00000036   Code   RO          738    i.advertising_buttons_configure  bsp_btn_ble.o
    0x0001fcfe   0x00000002   PAD
    0x0001fd00   0x00000068   Code   RO          258    i.advertising_init  blefunctions.o
    0x0001fd68   0x00000006   Code   RO          623    i.alert_timer_handler  bsp.o
    0x0001fd6e   0x00000002   PAD
    0x0001fd70   0x00000024   Code   RO         2058    i.app_button_enable  app_button.o
    0x0001fd94   0x00000070   Code   RO         2059    i.app_button_init   app_button.o
    0x0001fe04   0x00000024   Code   RO         2156    i.app_error_fault_handler  app_error_weak.o
    0x0001fe28   0x00000016   Code   RO         2114    i.app_error_handler_bare  app_error.o
    0x0001fe3e   0x00000016   Code   RO         2185    i.app_fifo_get      app_fifo.o
    0x0001fe54   0x00000020   Code   RO         2186    i.app_fifo_init     app_fifo.o
    0x0001fe74   0x0000001a   Code   RO         2188    i.app_fifo_put      app_fifo.o
    0x0001fe8e   0x00000002   PAD
    0x0001fe90   0x00000024   Code   RO         2265    i.app_timer_create  app_timer.o
    0x0001feb4   0x00000070   Code   RO         2266    i.app_timer_init    app_timer.o
    0x0001ff24   0x00000088   Code   RO         2267    i.app_timer_start   app_timer.o
    0x0001ffac   0x00000020   Code   RO         2268    i.app_timer_stop    app_timer.o
    0x0001ffcc   0x00000034   Code   RO         2419    i.app_uart_get      app_uart_fifo.o
    0x00020000   0x000000b4   Code   RO         2420    i.app_uart_init     app_uart_fifo.o
    0x000200b4   0x0000003c   Code   RO         2421    i.app_uart_put      app_uart_fifo.o
    0x000200f0   0x00000048   Code   RO         2483    i.app_util_critical_region_enter  app_util_platform.o
    0x00020138   0x00000034   Code   RO         2484    i.app_util_critical_region_exit  app_util_platform.o
    0x0002016c   0x000000b8   Code   RO         1620    i.apply_config      nrf_drv_uart.o
    0x00020224   0x00000068   Code   RO          821    i.ble_advdata_set   ble_advdata.o
    0x0002028c   0x00000120   Code   RO         1029    i.ble_advertising_init  ble_advertising.o
    0x000203ac   0x0000005c   Code   RO         1030    i.ble_advertising_on_ble_evt  ble_advertising.o
    0x00020408   0x0000003c   Code   RO         1033    i.ble_advertising_restart_without_whitelist  ble_advertising.o
    0x00020444   0x00000104   Code   RO         1034    i.ble_advertising_start  ble_advertising.o
    0x00020548   0x0000005c   Code   RO          260    i.ble_app_init      blefunctions.o
    0x000205a4   0x00000058   Code   RO          901    i.ble_conn_params_init  ble_conn_params.o
    0x000205fc   0x00000084   Code   RO          902    i.ble_conn_params_on_ble_evt  ble_conn_params.o
    0x00020680   0x00000060   Code   RO          822    i.ble_device_addr_encode  ble_advdata.o
    0x000206e0   0x0000002c   Code   RO          261    i.ble_evt_dispatch  blefunctions.o
    0x0002070c   0x00000064   Code   RO         1115    i.ble_nus_init      ble_nus.o
    0x00020770   0x0000005c   Code   RO         1116    i.ble_nus_on_ble_evt  ble_nus.o
    0x000207cc   0x0000004e   Code   RO         1117    i.ble_nus_string_send  ble_nus.o
    0x0002081a   0x00000008   Code   RO          971    i.ble_srv_is_notification_enabled  ble_srv_common.o
    0x00020822   0x00000002   PAD
    0x00020824   0x0000005c   Code   RO          262    i.ble_stack_init    blefunctions.o
    0x00020880   0x0000000c   Code   RO          507    i.bsp_board_button_idx_to_pin  boards.o
    0x0002088c   0x00000020   Code   RO          508    i.bsp_board_button_state_get  boards.o
    0x000208ac   0x00000024   Code   RO          511    i.bsp_board_led_invert  boards.o
    0x000208d0   0x00000010   Code   RO          512    i.bsp_board_led_off  boards.o
    0x000208e0   0x00000010   Code   RO          513    i.bsp_board_led_on  boards.o
    0x000208f0   0x00000020   Code   RO          514    i.bsp_board_led_state_get  boards.o
    0x00020910   0x0000002c   Code   RO          515    i.bsp_board_leds_init  boards.o
    0x0002093c   0x00000012   Code   RO          516    i.bsp_board_leds_off  boards.o
    0x0002094e   0x00000012   Code   RO          517    i.bsp_board_leds_on  boards.o
    0x00020960   0x00000024   Code   RO          518    i.bsp_board_pin_to_button_idx  boards.o
    0x00020984   0x00000038   Code   RO          739    i.bsp_btn_ble_init  bsp_btn_ble.o
    0x000209bc   0x00000070   Code   RO          740    i.bsp_btn_ble_on_ble_evt  bsp_btn_ble.o
    0x00020a2c   0x0000001e   Code   RO          741    i.bsp_btn_ble_sleep_mode_prepare  bsp_btn_ble.o
    0x00020a4a   0x00000002   PAD
    0x00020a4c   0x00000094   Code   RO          624    i.bsp_button_event_handler  bsp.o
    0x00020ae0   0x00000004   Code   RO          625    i.bsp_button_is_pressed  bsp.o
    0x00020ae4   0x00000044   Code   RO          263    i.bsp_event_handler  blefunctions.o
    0x00020b28   0x00000044   Code   RO          628    i.bsp_event_to_button_action_assign  bsp.o
    0x00020b6c   0x00000018   Code   RO          629    i.bsp_indication_set  bsp.o
    0x00020b84   0x00000098   Code   RO          630    i.bsp_init          bsp.o
    0x00020c1c   0x00000174   Code   RO          631    i.bsp_led_indication  bsp.o
    0x00020d90   0x00000010   Code   RO          633    i.bsp_wakeup_button_enable  bsp.o
    0x00020da0   0x00000008   Code   RO          634    i.button_timer_handler  bsp.o
    0x00020da8   0x0000003c   Code   RO          264    i.buttons_leds_init  blefunctions.o
    0x00020de4   0x0000001c   Code   RO         1377    i.channel_free      nrf_drv_gpiote.o
    0x00020e00   0x00000048   Code   RO         1378    i.channel_port_alloc  nrf_drv_gpiote.o
    0x00020e48   0x00000010   Code   RO         1379    i.channel_port_get  nrf_drv_gpiote.o
    0x00020e58   0x00000028   Code   RO         1163    i.clock_clk_started_notify  nrf_drv_clock.o
    0x00020e80   0x000000ac   Code   RO         2270    i.compare_reg_update  app_timer.o
    0x00020f2c   0x00000088   Code   RO          823    i.conn_int_encode   ble_advdata.o
    0x00020fb4   0x00000004   Code   RO          265    i.conn_params_error_handler  blefunctions.o
    0x00020fb8   0x0000004c   Code   RO          266    i.conn_params_init  blefunctions.o
    0x00021004   0x0000005c   Code   RO          904    i.conn_params_negotiation  ble_conn_params.o
    0x00021060   0x00000060   Code   RO         2061    i.detection_delay_timeout_handler  app_button.o
    0x000210c0   0x00000040   Code   RO         2271    i.elapsed_ticks_acquire  app_timer.o
    0x00021100   0x00000014   Code   RO         2191    i.fifo_get          app_fifo.o
    0x00021114   0x00000012   Code   RO         2192    i.fifo_put          app_fifo.o
    0x00021126   0x0000000e   Code   RO         2689    i.fputc             retarget.o
    0x00021134   0x00000014   Code   RO         2541    i.fs_queued_op_count_get  fstorage.o
    0x00021148   0x00000064   Code   RO          267    i.gap_params_init   blefunctions.o
    0x000211ac   0x00000058   Code   RO         2062    i.gpiote_event_handler  app_button.o
    0x00021204   0x00000078   Code   RO         2932    i.intern_softdevice_events_execute  softdevice_handler.o
    0x0002127c   0x00000078   Code   RO         1621    i.interrupts_enable  nrf_drv_uart.o
    0x000212f4   0x0000001c   Code   RO          905    i.is_conn_params_ok  ble_conn_params.o
    0x00021310   0x00000014   Code   RO          635    i.leds_timer_handler  bsp.o
    0x00021324   0x000000a8   Code   RO         2272    i.list_deletions_handler  app_timer.o
    0x000213cc   0x000000b8   Code   RO         2273    i.list_insertions_handler  app_timer.o
    0x00021484   0x0000000e   Code   RO            4    i.main              main.o
    0x00021492   0x00000064   Code   RO          824    i.manuf_specific_data_encode  ble_advdata.o
    0x000214f6   0x0000009c   Code   RO          825    i.name_encode       ble_advdata.o
    0x00021592   0x00000010   Code   RO         1380    i.nrf_bitmask_bit_is_set  nrf_drv_gpiote.o
    0x000215a2   0x0000000e   Code   RO         1167    i.nrf_clock_event_check  nrf_drv_clock.o
    0x000215b0   0x00000010   Code   RO         1168    i.nrf_clock_event_clear  nrf_drv_clock.o
    0x000215c0   0x0000008c   Code   RO         2274    i.nrf_delay_us      app_timer.o
    0x0002164c   0x00000048   Code   RO         1175    i.nrf_drv_clock_init  nrf_drv_clock.o
    0x00021694   0x00000030   Code   RO         1182    i.nrf_drv_clock_on_sd_enable  nrf_drv_clock.o
    0x000216c4   0x0000000a   Code   RO         1183    i.nrf_drv_clock_on_soc_event  nrf_drv_clock.o
    0x000216ce   0x00000038   Code   RO         1330    i.nrf_drv_common_irq_enable  nrf_drv_common.o
    0x00021706   0x00000006   Code   RO         1623    i.nrf_drv_get_IRQn  nrf_drv_uart.o
    0x0002170c   0x000000a4   Code   RO         1385    i.nrf_drv_gpiote_in_event_enable  nrf_drv_gpiote.o
    0x000217b0   0x000000b8   Code   RO         1386    i.nrf_drv_gpiote_in_init  nrf_drv_gpiote.o
    0x00021868   0x00000014   Code   RO         1387    i.nrf_drv_gpiote_in_is_set  nrf_drv_gpiote.o
    0x0002187c   0x0000005c   Code   RO         1389    i.nrf_drv_gpiote_init  nrf_drv_gpiote.o
    0x000218d8   0x00000014   Code   RO         1390    i.nrf_drv_gpiote_is_init  nrf_drv_gpiote.o
    0x000218ec   0x000000b8   Code   RO         1392    i.nrf_drv_gpiote_out_init  nrf_drv_gpiote.o
    0x000219a4   0x00000010   Code   RO         1624    i.nrf_drv_is_in_RAM  nrf_drv_uart.o
    0x000219b4   0x00000150   Code   RO         1854    i.nrf_drv_spis_init  nrf_drv_spis.o
    0x00021b04   0x00000022   Code   RO         1947    i.nrf_drv_timer_compare  nrf_drv_timer.o
    0x00021b26   0x0000002a   Code   RO         1952    i.nrf_drv_timer_extended_compare  nrf_drv_timer.o
    0x00021b50   0x00000090   Code   RO         1954    i.nrf_drv_timer_init  nrf_drv_timer.o
    0x00021be0   0x00000068   Code   RO         1626    i.nrf_drv_uart_init  nrf_drv_uart.o
    0x00021c48   0x000000b0   Code   RO         1627    i.nrf_drv_uart_rx   nrf_drv_uart.o
    0x00021cf8   0x00000030   Code   RO         1630    i.nrf_drv_uart_rx_enable  nrf_drv_uart.o
    0x00021d28   0x000000a8   Code   RO         1631    i.nrf_drv_uart_rx_for_uart  nrf_drv_uart.o
    0x00021dd0   0x000000b0   Code   RO         1632    i.nrf_drv_uart_rx_for_uarte  nrf_drv_uart.o
    0x00021e80   0x0000010c   Code   RO         1633    i.nrf_drv_uart_tx   nrf_drv_uart.o
    0x00021f8c   0x00000018   Code   RO         1635    i.nrf_drv_uart_tx_in_progress  nrf_drv_uart.o
    0x00021fa4   0x00000024   Code   RO          520    i.nrf_gpio_cfg      boards.o
    0x00021fc8   0x00000024   Code   RO         1404    i.nrf_gpio_cfg      nrf_drv_gpiote.o
    0x00021fec   0x00000024   Code   RO         1637    i.nrf_gpio_cfg      nrf_drv_uart.o
    0x00022010   0x00000024   Code   RO         1856    i.nrf_gpio_cfg      nrf_drv_spis.o
    0x00022034   0x00000012   Code   RO         1639    i.nrf_gpio_cfg_input  nrf_drv_uart.o
    0x00022046   0x00000014   Code   RO         1640    i.nrf_gpio_cfg_output  nrf_drv_uart.o
    0x0002205a   0x00000022   Code   RO          636    i.nrf_gpio_cfg_sense_set  bsp.o
    0x0002207c   0x00000022   Code   RO         1406    i.nrf_gpio_cfg_sense_set  nrf_drv_gpiote.o
    0x0002209e   0x00000016   Code   RO          521    i.nrf_gpio_pin_write  boards.o
    0x000220b4   0x00000028   Code   RO         1407    i.nrf_gpio_ports_read  nrf_drv_gpiote.o
    0x000220dc   0x00000014   Code   RO         1408    i.nrf_gpiote_event_clear  nrf_drv_gpiote.o
    0x000220f0   0x00000010   Code   RO         1409    i.nrf_gpiote_event_is_set  nrf_drv_gpiote.o
    0x00022100   0x0000000a   Code   RO         1857    i.nrf_spis_event_check  nrf_drv_spis.o
    0x0002210a   0x0000000c   Code   RO         1858    i.nrf_spis_event_clear  nrf_drv_spis.o
    0x00022116   0x0000000a   Code   RO         1641    i.nrf_uart_event_check  nrf_drv_uart.o
    0x00022120   0x0000000c   Code   RO         1642    i.nrf_uart_event_clear  nrf_drv_uart.o
    0x0002212c   0x0000000c   Code   RO         1643    i.nrf_uart_int_enable_check  nrf_drv_uart.o
    0x00022138   0x0000000a   Code   RO         1644    i.nrf_uarte_event_check  nrf_drv_uart.o
    0x00022142   0x0000000c   Code   RO         1645    i.nrf_uarte_event_clear  nrf_drv_uart.o
    0x0002214e   0x00000030   Code   RO          268    i.nus_data_handler  blefunctions.o
    0x0002217e   0x00000024   Code   RO          269    i.on_adv_evt        blefunctions.o
    0x000221a2   0x00000002   PAD
    0x000221a4   0x000000e8   Code   RO          270    i.on_ble_evt        blefunctions.o
    0x0002228c   0x0000001c   Code   RO          271    i.on_conn_params_evt  blefunctions.o
    0x000222a8   0x00000018   Code   RO         1410    i.pin_in_use_by_port  nrf_drv_gpiote.o
    0x000222c0   0x00000018   Code   RO         1411    i.pin_in_use_by_te  nrf_drv_gpiote.o
    0x000222d8   0x0000003c   Code   RO         2275    i.rtc1_stop         app_timer.o
    0x00022314   0x00000032   Code   RO         1647    i.rx_byte           nrf_drv_uart.o
    0x00022346   0x000000dc   Code   RO         1118    i.rx_char_add       ble_nus.o
    0x00022422   0x00000018   Code   RO         1648    i.rx_done_event     nrf_drv_uart.o
    0x0002243a   0x00000020   Code   RO         1649    i.rx_enable         nrf_drv_uart.o
    0x0002245a   0x00000002   PAD
    0x0002245c   0x00000070   Code   RO         2934    i.sd_nvic_EnableIRQ  softdevice_handler.o
    0x000224cc   0x00000088   Code   RO          826    i.service_data_encode  ble_advdata.o
    0x00022554   0x00000020   Code   RO          273    i.services_init     blefunctions.o
    0x00022574   0x00000048   Code   RO         1036    i.set_adv_mode_fast  ble_advertising.o
    0x000225bc   0x00000044   Code   RO         1037    i.set_adv_mode_slow  ble_advertising.o
    0x00022600   0x00000028   Code   RO          274    i.sleep_mode_enter  blefunctions.o
    0x00022628   0x00000014   Code   RO         2935    i.softdevice_ble_evt_handler_set  softdevice_handler.o
    0x0002263c   0x00000014   Code   RO         2936    i.softdevice_enable  softdevice_handler.o
    0x00022650   0x00000026   Code   RO         2937    i.softdevice_enable_get_default_config  softdevice_handler.o
    0x00022676   0x00000004   Code   RO         2938    i.softdevice_fault_handler  softdevice_handler.o
    0x0002267a   0x00000002   PAD
    0x0002267c   0x00000064   Code   RO         2939    i.softdevice_handler_init  softdevice_handler.o
    0x000226e0   0x0000000c   Code   RO         2940    i.softdevice_handler_is_enabled  softdevice_handler.o
    0x000226ec   0x000000b0   Code   RO          404    i.spi_app_init      util.o
    0x0002279c   0x00000010   Code   RO          406    i.spis_event_handler  util.o
    0x000227ac   0x00000078   Code   RO         1859    i.spis_irq_handler  nrf_drv_spis.o
    0x00022824   0x00000006   Code   RO         1860    i.spis_state_change  nrf_drv_spis.o
    0x0002282a   0x0000005e   Code   RO         1861    i.spis_state_entry_action_execute  nrf_drv_spis.o
    0x00022888   0x00000018   Code   RO          407    i.timer_led_event_handler  util.o
    0x000228a0   0x0000008c   Code   RO         2276    i.timer_list_handler  app_timer.o
    0x0002292c   0x0000003c   Code   RO         2277    i.timer_list_insert  app_timer.o
    0x00022968   0x00000048   Code   RO         2278    i.timer_stop_op_schedule  app_timer.o
    0x000229b0   0x00000084   Code   RO         2279    i.timer_timeouts_check  app_timer.o
    0x00022a34   0x00000020   Code   RO         1650    i.tx_byte           nrf_drv_uart.o
    0x00022a54   0x000000a0   Code   RO         1119    i.tx_char_add       ble_nus.o
    0x00022af4   0x0000001c   Code   RO         1651    i.tx_done_event     nrf_drv_uart.o
    0x00022b10   0x0000005c   Code   RO          275    i.uart_event_handle  blefunctions.o
    0x00022b6c   0x000000a0   Code   RO         2422    i.uart_event_handler  app_uart_fifo.o
    0x00022c0c   0x00000048   Code   RO          276    i.uart_init         blefunctions.o
    0x00022c54   0x0000011e   Code   RO         1652    i.uart_irq_handler  nrf_drv_uart.o
    0x00022d72   0x000000f0   Code   RO         1653    i.uarte_irq_handler  nrf_drv_uart.o
    0x00022e62   0x0000000a   Code   RO          827    i.uint16_encode     ble_advdata.o
    0x00022e6c   0x00000060   Code   RO          906    i.update_timeout_handler  ble_conn_params.o
    0x00022ecc   0x00000030   Code   RO         2280    i.user_op_alloc     app_timer.o
    0x00022efc   0x00000030   Code   RO          828    i.uuid_list_encode  ble_advdata.o
    0x00022f2c   0x0000009e   Code   RO          829    i.uuid_list_sized_encode  ble_advdata.o
    0x00022fca   0x00000002   PAD
    0x00022fcc   0x0000001c   Data   RO          278    .constdata          blefunctions.o
    0x00022fe8   0x00000038   Data   RO          411    .constdata          util.o
    0x00023020   0x00000008   Data   RO          522    .constdata          boards.o
    0x00023028   0x0000002c   Data   RO          641    .constdata          bsp.o
    0x00023054   0x00000004   Data   RO          909    .constdata          ble_conn_params.o
    0x00023058   0x00000010   Data   RO         1120    .constdata          ble_nus.o
    0x00023068   0x00000004   Data   RO         1413    .constdata          nrf_drv_gpiote.o
    0x0002306c   0x00000008   Data   RO         2064    .constdata          app_button.o
    0x00023074   0x00000020   Data   RO         2424    .constdata          app_uart_fifo.o
    0x00023094   0x00000020   Data   RO         3514    Region$$Table       anon$$obj.o


    Execution Region RW_IRAM1 (Base: 0x20002128, Size: 0x00002680, Max: 0x0000ded8, ABSOLUTE)

    Base Addr    Size         Type   Attr      Idx    E Section Name        Object

    0x20002128   0x00000008   Data   RW          279    .data               blefunctions.o
    0x20002130   0x0000000c   Data   RW          412    .data               util.o
    0x2000213c   0x00000014   Data   RW          642    .data               bsp.o
    0x20002150   0x00000008   Data   RW          742    .data               bsp_btn_ble.o
    0x20002158   0x00000014   Data   RW          910    .data               ble_conn_params.o
    0x2000216c   0x0000001f   Data   RW         1039    .data               ble_advertising.o
    0x2000218b   0x00000001   PAD
    0x2000218c   0x00000014   Data   RW         2065    .data               app_button.o
    0x200021a0   0x00000020   Data   RW         2281    .data               app_timer.o
    0x200021c0   0x00000010   Data   RW         2425    .data               app_uart_fifo.o
    0x200021d0   0x00000004   Data   RW         2690    .data               retarget.o
    0x200021d4   0x00000014   Data   RW         2946    .data               softdevice_handler.o
    0x200021e8   0x00000004   Data   RW         3141    .data               system_nrf52.o
    0x200021ec   0x000002f8   Zero   RW          277    .bss                blefunctions.o
    0x200024e4   0x00000020   Zero   RW          637    .bss                bsp.o
    0x20002504   0x00000020   Zero   RW          638    .bss                bsp.o
    0x20002524   0x0000000c   Zero   RW          639    .bss                bsp.o
    0x20002530   0x00000020   Zero   RW          640    .bss                bsp.o
    0x20002550   0x00000020   Zero   RW          907    .bss                ble_conn_params.o
    0x20002570   0x0000001c   Zero   RW          908    .bss                ble_conn_params.o
    0x2000258c   0x000000b3   Zero   RW         1038    .bss                ble_advertising.o
    0x2000263f   0x00000001   PAD
    0x20002640   0x00000014   Zero   RW         1185    .bss                nrf_drv_clock.o
    0x20002654   0x00000058   Zero   RW         1412    .bss                nrf_drv_gpiote.o
    0x200026ac   0x00000020   Zero   RW         1654    .bss                nrf_drv_uart.o
    0x200026cc   0x00000018   Zero   RW         1862    .bss                nrf_drv_spis.o
    0x200026e4   0x0000000c   Zero   RW         1958    .bss                nrf_drv_timer.o
    0x200026f0   0x00000020   Zero   RW         2063    .bss                app_button.o
    0x20002710   0x00000020   Zero   RW         2423    .bss                app_uart_fifo.o
    0x20002730   0x0000000c   Zero   RW         2487    .bss                app_util_platform.o
    0x2000273c   0x00000068   Zero   RW         2550    .bss                fstorage.o
    0x200027a4   0x00000004   PAD
    0x200027a8   0x00002000   Zero   RW         3129    STACK               arm_startup_nrf52.o


==============================================================================

Image component sizes


      Code (inc. data)   RO Data    RW Data    ZI Data      Debug   Object Name

       332         34          8         20         32       4898   app_button.o
        22          0          0          0          0       2309   app_error.o
        36         10          0          0          0      27385   app_error_weak.o
       118          0          0          0          0       5262   app_fifo.o
      1694        114          0         32          0      65275   app_timer.o
       452         42         32         16         32      11194   app_uart_fifo.o
       124         14          0          0         12       9694   app_util_platform.o
        36          8       1024          0       8192        928   arm_startup_nrf52.o
      1330          0          0          0          0      31300   ble_advdata.o
       928         64          0         31        179      11024   ble_advertising.o
       436         54          4         20         60       6136   ble_conn_params.o
       650          6         16          0          0       6090   ble_nus.o
         8          0          0          0          0       1566   ble_srv_common.o
      1220        128         28          8        760      13728   blefunctions.o
       318         42          8          0          0      13936   boards.o
       852         78         44         20        108      15415   bsp.o
       252         10          0          8          0       5181   bsp_btn_ble.o
        20          4          0          0        104       3964   fstorage.o
        14          0          0          0          0     119419   main.o
       288         22          0          0         20      13368   nrf_drv_clock.o
        56          0          0          0          0      27587   nrf_drv_common.o
      1362         98          4          0         88      33074   nrf_drv_gpiote.o
       630         10          0          0         24      21167   nrf_drv_spis.o
       296         14          0          0         12      16192   nrf_drv_timer.o
      2140         66          0          0         32      43833   nrf_drv_uart.o
        14          0          0          4          0       3002   retarget.o
       542         46          0         20          0     131591   softdevice_handler.o
       668         58          0          4          0       2751   system_nrf52.o
       240         38         56         12          0      18323   util.o

    ----------------------------------------------------------------------
     15098        960       1256        196       9660     665592   Object Totals
         0          0         32          0          0          0   (incl. Generated)
        20          0          0          1          5          0   (incl. Padding)

    ----------------------------------------------------------------------

      Code (inc. data)   RO Data    RW Data    ZI Data      Debug   Library Member Name

         0          0          0          0          0          0   entry.o
         0          0          0          0          0          0   entry10a.o
         0          0          0          0          0          0   entry11a.o
         8          4          0          0          0          0   entry2.o
         4          0          0          0          0          0   entry5.o
         0          0          0          0          0          0   entry7b.o
         0          0          0          0          0          0   entry8b.o
         8          4          0          0          0          0   entry9a.o
        30          0          0          0          0          0   handlers.o
        36          8          0          0          0         68   init.o
        36          0          0          0          0         68   memcpya.o
        36          0          0          0          0        108   memseta.o
        50          8          0          0          0        152   printfb.o

    ----------------------------------------------------------------------
       210         24          0          0          0        396   Library Totals
         2          0          0          0          0          0   (incl. Padding)

    ----------------------------------------------------------------------

      Code (inc. data)   RO Data    RW Data    ZI Data      Debug   Library Name

       208         24          0          0          0        396   mc_w.l

    ----------------------------------------------------------------------
       210         24          0          0          0        396   Library Totals

    ----------------------------------------------------------------------

==============================================================================


      Code (inc. data)   RO Data    RW Data    ZI Data      Debug   

     15308        984       1256        196       9660     647188   Grand Totals
     15308        984       1256        196       9660     647188   ELF Image Totals
     15308        984       1256        196          0          0   ROM Totals

==============================================================================

    Total RO  Size (Code + RO Data)                16564 (  16.18kB)
    Total RW  Size (RW Data + ZI Data)              9856 (   9.63kB)
    Total ROM Size (Code + RO Data + RW Data)      16760 (  16.37kB)

==============================================================================

