<html>
<body>
<pre>
<h1>µVision Build Log</h1>
<h2>Tool Versions:</h2>
IDE-Version: µVision V5.23.0.0
Copyright (C) 2017 ARM Ltd and ARM Germany GmbH. All rights reserved.
License Information: Are Jevne, UiA Grimstad, LIC=----
 
Tool Versions:
Toolchain:       MDK-Lite  Version: 5.23
Toolchain Path:  D:\Code_Stuff\Keil_v5\ARM\ARMCC\Bin
C Compiler:      Armcc.exe V5.06 update 4 (build 422)
Assembler:       Armasm.exe V5.06 update 4 (build 422)
Linker/Locator:  ArmLink.exe V5.06 update 4 (build 422)
Library Manager: ArmAr.exe V5.06 update 4 (build 422)
Hex Converter:   FromElf.exe V5.06 update 4 (build 422)
CPU DLL:         
Dialog DLL:      
Target DLL:      Segger\JL2CM3.dll V2.99.23.0
Dialog DLL:      TCM.DLL V1.27.0.0
 
<h2>Project:</h2>
D:\school\Ele217\WeatherStationUiA\BLESide\ble_app_uart\pca10040\s132\arm5_no_packs\ble_app_uart_pca10040_s132.uvprojx
Project File Date:  02/14/2017

<h2>Output:</h2>
*** Using Compiler 'V5.06 update 4 (build 422)', folder: 'D:\Code_Stuff\Keil_v5\ARM\ARMCC\Bin'
Build target 'nrf52832_xxaa'
compiling bsp_nfc.c...
compiling boards.c...
compiling bsp_btn_ble.c...
compiling ble_advdata.c...
compiling bsp.c...
compiling main.c...
..\..\..\main.c(37): warning:  #223-D: function "uart_init" declared implicitly
      uart_init();
..\..\..\main.c(39): warning:  #223-D: function "buttons_leds_init" declared implicitly
      buttons_leds_init(&erase_bonds);
..\..\..\main.c(40): warning:  #223-D: function "ble_stack_init" declared implicitly
      ble_stack_init();
..\..\..\main.c(41): warning:  #223-D: function "gap_params_init" declared implicitly
      gap_params_init();
..\..\..\main.c(42): warning:  #223-D: function "services_init" declared implicitly
      services_init();
..\..\..\main.c(43): warning:  #223-D: function "advertising_init" declared implicitly
      advertising_init();
..\..\..\main.c(44): warning:  #223-D: function "conn_params_init" declared implicitly
      conn_params_init();
..\..\..\main.c(72): warning:  #223-D: function "power_manage" declared implicitly
  				power_manage();
..\..\..\main.c: 8 warnings, 0 errors
compiling BLEFunctions.c...
compiling ble_nus.c...
compiling ble_srv_common.c...
compiling ble_conn_params.c...
compiling ble_advertising.c...
compiling nrf_drv_common.c...
compiling nrf_drv_clock.c...
compiling nrf_drv_gpiote.c...
compiling app_fifo.c...
compiling app_error_weak.c...
compiling app_error.c...
compiling app_button.c...
compiling app_timer.c...
compiling nrf_drv_spis.c...
compiling nrf_drv_uart.c...
compiling sdk_errors.c...
compiling hardfault_implementation.c...
compiling app_util_platform.c...
compiling nrf_assert.c...
compiling nrf_log_backend_serial.c...
compiling retarget.c...
compiling RTT_Syscalls_KEIL.c...
compiling SEGGER_RTT_printf.c...
compiling fstorage.c...
assembling arm_startup_nrf52.s...
compiling app_uart_fifo.c...
compiling nrf_log_frontend.c...
compiling system_nrf52.c...
compiling SEGGER_RTT.c...
compiling softdevice_handler.c...
linking...
Program Size: Code=14208 RO-data=1200 RW-data=184 ZI-data=9648  
FromELF: creating hex file...
".\_build\nrf52832_xxaa.axf" - 0 Error(s), 8 Warning(s).

<h2>Software Packages used:</h2>

Package Vendor: ARM
                http://www.keil.com/pack/ARM.CMSIS.4.5.0.pack
                ARM::CMSIS:CORE:4.3.0
                CMSIS (Cortex Microcontroller Software Interface Standard)
   * Component: CORE Version: 4.3.0

Package Vendor: NordicSemiconductor
                http://developer.nordicsemi.com/nRF5_SDK/pieces/nRF_DeviceFamilyPack/NordicSemiconductor.nRF_DeviceFamilyPack.8.11.1.pack
                NordicSemiconductor::Device:Startup:8.11.1
                Nordic Semiconductor nRF ARM devices Device Family Pack.
   * Component: Startup Version: 8.11.1

<h2>Collection of Component include folders:</h2>
  .\RTE\_nrf52832_xxaa
  D:\Code_Stuff\Keil_v5\ARM\PACK\ARM\CMSIS\4.5.0\CMSIS\Include
  D:\Code_Stuff\Keil_v5\ARM\PACK\NordicSemiconductor\nRF_DeviceFamilyPack\8.11.1\Device\Include

<h2>Collection of Component Files used:</h2>

   * Component: ARM::CMSIS:CORE:4.3.0

   * Component: NordicSemiconductor::Device:Startup:8.11.1
      Source file:   Device\Source\system_nrf52.c
      Source file:   Device\Source\arm\arm_startup_nrf52.s
      Include file:  Device\Include\system_nrf52.h
Build Time Elapsed:  00:00:10
</pre>
</body>
</html>
