Component: ARM Compiler 5.06 update 4 (build 422) Tool: armlink [4d35d2]

==============================================================================

Section Cross References

    main.o(i.main) refers to nrf_log_frontend.o(i.nrf_log_init) for nrf_log_init
    main.o(i.main) refers to app_error.o(i.app_error_handler_bare) for app_error_handler_bare
    main.o(i.main) refers to util.o(i.spi_app_init) for spi_app_init
    main.o(i.main) refers to util.o(i.fifo_init) for fifo_init
    main.o(i.main) refers to buttjob.o(i.butt_init) for butt_init
    main.o(i.main) refers to util.o(i.spi_handler) for spi_handler
    blefunctions.o(i.advertising_init) refers to memseta.o(.text) for __aeabi_memclr4
    blefunctions.o(i.advertising_init) refers to ble_advertising.o(i.ble_advertising_init) for ble_advertising_init
    blefunctions.o(i.advertising_init) refers to app_error.o(i.app_error_handler_bare) for app_error_handler_bare
    blefunctions.o(i.advertising_init) refers to blefunctions.o(.data) for .data
    blefunctions.o(i.advertising_init) refers to blefunctions.o(i.on_adv_evt) for on_adv_evt
    blefunctions.o(i.assert_nrf_callback) refers to app_error.o(i.app_error_handler) for app_error_handler
    blefunctions.o(i.ble_app_init) refers to app_timer.o(i.app_timer_init) for app_timer_init
    blefunctions.o(i.ble_app_init) refers to app_error.o(i.app_error_handler_bare) for app_error_handler_bare
    blefunctions.o(i.ble_app_init) refers to blefunctions.o(i.uart_init) for uart_init
    blefunctions.o(i.ble_app_init) refers to blefunctions.o(i.buttons_leds_init) for buttons_leds_init
    blefunctions.o(i.ble_app_init) refers to blefunctions.o(i.ble_stack_init) for ble_stack_init
    blefunctions.o(i.ble_app_init) refers to blefunctions.o(i.gap_params_init) for gap_params_init
    blefunctions.o(i.ble_app_init) refers to blefunctions.o(i.services_init) for services_init
    blefunctions.o(i.ble_app_init) refers to blefunctions.o(i.advertising_init) for advertising_init
    blefunctions.o(i.ble_app_init) refers to blefunctions.o(i.conn_params_init) for conn_params_init
    blefunctions.o(i.ble_app_init) refers to printf8.o(i.__0printf$8) for __2printf
    blefunctions.o(i.ble_app_init) refers to ble_advertising.o(i.ble_advertising_start) for ble_advertising_start
    blefunctions.o(i.ble_app_init) refers to blefunctions.o(.bss) for .bss
    blefunctions.o(i.ble_evt_dispatch) refers to ble_conn_params.o(i.ble_conn_params_on_ble_evt) for ble_conn_params_on_ble_evt
    blefunctions.o(i.ble_evt_dispatch) refers to ble_nus.o(i.ble_nus_on_ble_evt) for ble_nus_on_ble_evt
    blefunctions.o(i.ble_evt_dispatch) refers to blefunctions.o(i.on_ble_evt) for on_ble_evt
    blefunctions.o(i.ble_evt_dispatch) refers to ble_advertising.o(i.ble_advertising_on_ble_evt) for ble_advertising_on_ble_evt
    blefunctions.o(i.ble_evt_dispatch) refers to bsp_btn_ble.o(i.bsp_btn_ble_on_ble_evt) for bsp_btn_ble_on_ble_evt
    blefunctions.o(i.ble_evt_dispatch) refers to blefunctions.o(.bss) for .bss
    blefunctions.o(i.ble_stack_init) refers to softdevice_handler.o(i.softdevice_handler_init) for softdevice_handler_init
    blefunctions.o(i.ble_stack_init) refers to app_error.o(i.app_error_handler_bare) for app_error_handler_bare
    blefunctions.o(i.ble_stack_init) refers to softdevice_handler.o(i.softdevice_enable_get_default_config) for softdevice_enable_get_default_config
    blefunctions.o(i.ble_stack_init) refers to softdevice_handler.o(i.softdevice_enable) for softdevice_enable
    blefunctions.o(i.ble_stack_init) refers to softdevice_handler.o(i.softdevice_ble_evt_handler_set) for softdevice_ble_evt_handler_set
    blefunctions.o(i.ble_stack_init) refers to blefunctions.o(.constdata) for .constdata
    blefunctions.o(i.ble_stack_init) refers to blefunctions.o(.bss) for .bss
    blefunctions.o(i.ble_stack_init) refers to blefunctions.o(i.ble_evt_dispatch) for ble_evt_dispatch
    blefunctions.o(i.bsp_event_handler) refers to blefunctions.o(i.sleep_mode_enter) for sleep_mode_enter
    blefunctions.o(i.bsp_event_handler) refers to app_error.o(i.app_error_handler_bare) for app_error_handler_bare
    blefunctions.o(i.bsp_event_handler) refers to ble_advertising.o(i.ble_advertising_restart_without_whitelist) for ble_advertising_restart_without_whitelist
    blefunctions.o(i.bsp_event_handler) refers to blefunctions.o(.data) for .data
    blefunctions.o(i.buttons_leds_init) refers to bsp.o(i.bsp_init) for bsp_init
    blefunctions.o(i.buttons_leds_init) refers to app_error.o(i.app_error_handler_bare) for app_error_handler_bare
    blefunctions.o(i.buttons_leds_init) refers to bsp_btn_ble.o(i.bsp_btn_ble_init) for bsp_btn_ble_init
    blefunctions.o(i.buttons_leds_init) refers to blefunctions.o(i.bsp_event_handler) for bsp_event_handler
    blefunctions.o(i.conn_params_error_handler) refers to app_error.o(i.app_error_handler_bare) for app_error_handler_bare
[...]
    Removing nrf_log_backend_serial.o(i.nrf_log_backend_getchar), (52 bytes).
    Removing nrf_log_backend_serial.o(.constdata), (5 bytes).
    Removing nrf_log_frontend.o(.rev16_text), (4 bytes).
    Removing nrf_log_frontend.o(.revsh_text), (4 bytes).
    Removing nrf_log_frontend.o(.rrx_text), (6 bytes).
    Removing nrf_log_frontend.o(i.cont_buf_prealloc), (124 bytes).
    Removing nrf_log_frontend.o(i.nrf_log_frontend_hexdump), (144 bytes).
    Removing nrf_log_frontend.o(i.nrf_log_frontend_std_3), (124 bytes).
    Removing nrf_log_frontend.o(i.nrf_log_frontend_std_4), (136 bytes).
    Removing nrf_log_frontend.o(i.nrf_log_frontend_std_5), (152 bytes).
    Removing nrf_log_frontend.o(i.nrf_log_frontend_std_6), (164 bytes).
    Removing nrf_log_frontend.o(i.nrf_log_getchar), (4 bytes).
    Removing nrf_log_frontend.o(i.nrf_log_push), (96 bytes).
    Removing segger_rtt.o(.rev16_text), (4 bytes).
    Removing segger_rtt.o(.revsh_text), (4 bytes).
    Removing segger_rtt.o(.rrx_text), (6 bytes).
    Removing segger_rtt.o(i.SEGGER_RTT_ConfigDownBuffer), (100 bytes).
    Removing segger_rtt.o(i.SEGGER_RTT_ConfigUpBuffer), (100 bytes).
    Removing segger_rtt.o(i.SEGGER_RTT_GetKey), (28 bytes).
    Removing segger_rtt.o(i.SEGGER_RTT_HasData), (24 bytes).
    Removing segger_rtt.o(i.SEGGER_RTT_HasKey), (32 bytes).
    Removing segger_rtt.o(i.SEGGER_RTT_Init), (20 bytes).
    Removing segger_rtt.o(i.SEGGER_RTT_Read), (46 bytes).
    Removing segger_rtt.o(i.SEGGER_RTT_ReadNoLock), (124 bytes).
    Removing segger_rtt.o(i.SEGGER_RTT_SetNameDownBuffer), (68 bytes).
    Removing segger_rtt.o(i.SEGGER_RTT_SetNameUpBuffer), (68 bytes).
    Removing segger_rtt.o(i.SEGGER_RTT_SetTerminal), (140 bytes).
    Removing segger_rtt.o(i.SEGGER_RTT_TerminalOut), (180 bytes).
    Removing segger_rtt.o(i.SEGGER_RTT_WaitKey), (14 bytes).
    Removing segger_rtt.o(i.SEGGER_RTT_Write), (60 bytes).
    Removing segger_rtt.o(i.SEGGER_RTT_WriteNoLock), (92 bytes).
    Removing segger_rtt.o(i.SEGGER_RTT_WriteSkipNoLock), (116 bytes).
    Removing segger_rtt.o(i.SEGGER_RTT_WriteString), (26 bytes).
    Removing segger_rtt.o(i._DoInit), (104 bytes).
    Removing segger_rtt.o(i._GetAvailWriteSpace), (22 bytes).
    Removing segger_rtt.o(i._PostTerminalSwitch), (32 bytes).
    Removing segger_rtt.o(i._WriteBlocking), (90 bytes).
    Removing segger_rtt.o(i._WriteNoCheck), (62 bytes).
    Removing segger_rtt.o(.bss), (200 bytes).
    Removing segger_rtt.o(.data), (17 bytes).
    Removing softdevice_handler.o(.rev16_text), (4 bytes).
    Removing softdevice_handler.o(.revsh_text), (4 bytes).
    Removing softdevice_handler.o(.rrx_text), (6 bytes).
    Removing softdevice_handler.o(i.NVIC_DisableIRQ), (22 bytes).
    Removing softdevice_handler.o(i.NVIC_EnableIRQ), (22 bytes).
    Removing softdevice_handler.o(i.__sd_nvic_app_accessible_irq), (36 bytes).
    Removing softdevice_handler.o(i.ram_end_address_get), (16 bytes).
    Removing softdevice_handler.o(i.sd_check_ram_start), (164 bytes).
    Removing softdevice_handler.o(i.sd_nvic_EnableIRQ), (112 bytes).
    Removing softdevice_handler.o(i.softdevice_ble_evt_handler_set), (20 bytes).
    Removing softdevice_handler.o(i.softdevice_enable), (160 bytes).
    Removing softdevice_handler.o(i.softdevice_enable_get_default_config), (38 bytes).
    Removing softdevice_handler.o(i.softdevice_fault_handler), (4 bytes).
    Removing softdevice_handler.o(i.softdevice_handler_init), (100 bytes).
    Removing softdevice_handler.o(i.softdevice_handler_is_enabled), (12 bytes).
    Removing softdevice_handler.o(i.softdevice_handler_is_suspended), (12 bytes).
    Removing softdevice_handler.o(i.softdevice_handler_resume), (68 bytes).
    Removing softdevice_handler.o(i.softdevice_handler_sd_disable), (24 bytes).
    Removing softdevice_handler.o(i.softdevice_handler_suspend), (60 bytes).
    Removing softdevice_handler.o(i.softdevice_sys_evt_handler_set), (20 bytes).
    Removing softdevice_handler.o(.conststring), (66 bytes).
    Removing system_nrf52.o(.rev16_text), (4 bytes).
    Removing system_nrf52.o(.revsh_text), (4 bytes).
    Removing system_nrf52.o(.rrx_text), (6 bytes).
    Removing system_nrf52.o(i.SystemCoreClockUpdate), (16 bytes).
    Removing dadd.o(.text), (334 bytes).
    Removing dmul.o(.text), (228 bytes).
    Removing ddiv.o(.text), (222 bytes).
    Removing dfixul.o(.text), (48 bytes).
    Removing cdrcmple.o(.text), (48 bytes).
    Removing depilogue.o(.text), (186 bytes).

419 unused section(s) (total 20638 bytes) removed from the image.

==============================================================================

Image Symbol Table

    Local Symbols

    Symbol Name                              Value     Ov Type        Size  Object(Section)

    ../clib/microlib/ctype/ctype.c           0x00000000   Number         0  ctype_o.o ABSOLUTE
    ../clib/microlib/ctype/ctype.c           0x00000000   Number         0  islower_o.o ABSOLUTE
    ../clib/microlib/ctype/ctype.c           0x00000000   Number         0  isblank_o.o ABSOLUTE
    ../clib/microlib/ctype/ctype.c           0x00000000   Number         0  isprint_o.o ABSOLUTE
    ../clib/microlib/ctype/ctype.c           0x00000000   Number         0  ispunct_o.o ABSOLUTE
    ../clib/microlib/ctype/ctype.c           0x00000000   Number         0  isspace_o.o ABSOLUTE
    ../clib/microlib/ctype/ctype.c           0x00000000   Number         0  isupper_o.o ABSOLUTE
    ../clib/microlib/ctype/ctype.c           0x00000000   Number         0  isxdigit_o.o ABSOLUTE
    ../clib/microlib/ctype/ctype.c           0x00000000   Number         0  isalnum_o.o ABSOLUTE
    ../clib/microlib/ctype/ctype.c           0x00000000   Number         0  isalpha_o.o ABSOLUTE
    ../clib/microlib/ctype/ctype.c           0x00000000   Number         0  iscntrl_o.o ABSOLUTE
    ../clib/microlib/ctype/ctype.c           0x00000000   Number         0  isdigit_o.o ABSOLUTE
    ../clib/microlib/ctype/ctype.c           0x00000000   Number         0  isgraph_o.o ABSOLUTE
    ../clib/microlib/division.c              0x00000000   Number         0  uldiv.o ABSOLUTE
    ../clib/microlib/division.c              0x00000000   Number         0  uidiv.o ABSOLUTE
    ../clib/microlib/init/entry.s            0x00000000   Number         0  entry10b.o ABSOLUTE
    ../clib/microlib/init/entry.s            0x00000000   Number         0  entry10a.o ABSOLUTE
    ../clib/microlib/init/entry.s            0x00000000   Number         0  entry9b.o ABSOLUTE
    ../clib/microlib/init/entry.s            0x00000000   Number         0  entry9a.o ABSOLUTE
    ../clib/microlib/init/entry.s            0x00000000   Number         0  entry8b.o ABSOLUTE
    ../clib/microlib/init/entry.s            0x00000000   Number         0  entry8a.o ABSOLUTE
    ../clib/microlib/init/entry.s            0x00000000   Number         0  entry11a.o ABSOLUTE
    ../clib/microlib/init/entry.s            0x00000000   Number         0  entry.o ABSOLUTE
    ../clib/microlib/init/entry.s            0x00000000   Number         0  entry11b.o ABSOLUTE
    ../clib/microlib/init/entry.s            0x00000000   Number         0  entry7b.o ABSOLUTE
    ../clib/microlib/init/entry.s            0x00000000   Number         0  entry5.o ABSOLUTE
    ../clib/microlib/init/entry.s            0x00000000   Number         0  entry2.o ABSOLUTE
    ../clib/microlib/init/entry.s            0x00000000   Number         0  entry7a.o ABSOLUTE
    ../clib/microlib/longlong.c              0x00000000   Number         0  llsshr.o ABSOLUTE
    ../clib/microlib/longlong.c              0x00000000   Number         0  llshl.o ABSOLUTE
    ../clib/microlib/longlong.c              0x00000000   Number         0  llushr.o ABSOLUTE
    ../clib/microlib/malloc/malloc.c         0x00000000   Number         0  mallocr.o ABSOLUTE
    ../clib/microlib/malloc/malloc.c         0x00000000   Number         0  mallocra.o ABSOLUTE
    ../clib/microlib/malloc/malloc.c         0x00000000   Number         0  malloc.o ABSOLUTE
    ../clib/microlib/malloc/malloc.c         0x00000000   Number         0  malloca.o ABSOLUTE
    ../clib/microlib/malloc/mvars.c          0x00000000   Number         0  mvars.o ABSOLUTE
    ../clib/microlib/printf/printf.c         0x00000000   Number         0  printf1.o ABSOLUTE
    ../clib/microlib/printf/printf.c         0x00000000   Number         0  printf7.o ABSOLUTE
    ../clib/microlib/printf/printf.c         0x00000000   Number         0  printfa.o ABSOLUTE
    ../clib/microlib/printf/printf.c         0x00000000   Number         0  printf8.o ABSOLUTE
    ../clib/microlib/printf/printf.c         0x00000000   Number         0  printf2.o ABSOLUTE
    ../clib/microlib/printf/printf.c         0x00000000   Number         0  printf3.o ABSOLUTE
    ../clib/microlib/printf/printf.c         0x00000000   Number         0  printf4.o ABSOLUTE
    ../clib/microlib/printf/printf.c         0x00000000   Number         0  printfb.o ABSOLUTE
    ../clib/microlib/printf/printf.c         0x00000000   Number         0  printf5.o ABSOLUTE
    ../clib/microlib/printf/printf.c         0x00000000   Number         0  printf6.o ABSOLUTE
    ../clib/microlib/printf/printf.c         0x00000000   Number         0  printf0.o ABSOLUTE
    ../clib/microlib/printf/stubs.s          0x00000000   Number         0  stubs.o ABSOLUTE
    ../clib/microlib/string/memcpy.c         0x00000000   Number         0  memcpyb.o ABSOLUTE
    ../clib/microlib/string/memcpy.c         0x00000000   Number         0  memcpya.o ABSOLUTE
    ../clib/microlib/string/memset.c         0x00000000   Number         0  memseta.o ABSOLUTE
    ../clib/microlib/string/strcpy.c         0x00000000   Number         0  strcpy.o ABSOLUTE
    ../clib/microlib/string/strlen.c         0x00000000   Number         0  strlen.o ABSOLUTE
    ../clib/microlib/stubs.s                 0x00000000   Number         0  iusefp.o ABSOLUTE
    ../fplib/microlib/fpadd.c                0x00000000   Number         0  dadd.o ABSOLUTE
    ../fplib/microlib/fpdiv.c                0x00000000   Number         0  ddiv.o ABSOLUTE
    ../fplib/microlib/fpepilogue.c           0x00000000   Number         0  depilogue.o ABSOLUTE
    ../fplib/microlib/fpfix.c                0x00000000   Number         0  dfixul.o ABSOLUTE
    ../fplib/microlib/fpmul.c                0x00000000   Number         0  dmul.o ABSOLUTE
    ..\..\..\..\..\..\nRF5_SDK_12.2.0\components\ble\ble_advertising\ble_advertising.c 0x00000000   Number         0  ble_advertising.o ABSOLUTE
    ..\..\..\..\..\..\nRF5_SDK_12.2.0\components\ble\ble_services\ble_nus\ble_nus.c 0x00000000   Number         0  ble_nus.o ABSOLUTE
    ..\..\..\..\..\..\nRF5_SDK_12.2.0\components\ble\common\ble_advdata.c 0x00000000   Number         0  ble_advdata.o ABSOLUTE
    ..\..\..\..\..\..\nRF5_SDK_12.2.0\components\ble\common\ble_conn_params.c 0x00000000   Number         0  ble_conn_params.o ABSOLUTE
    ..\..\..\..\..\..\nRF5_SDK_12.2.0\components\ble\common\ble_srv_common.c 0x00000000   Number         0  ble_srv_common.o ABSOLUTE
    ..\..\..\..\..\..\nRF5_SDK_12.2.0\components\boards\boards.c 0x00000000   Number         0  boards.o ABSOLUTE
    ..\..\..\..\..\..\nRF5_SDK_12.2.0\components\drivers_nrf\clock\nrf_drv_clock.c 0x00000000   Number         0  nrf_drv_clock.o ABSOLUTE
    ..\..\..\..\..\..\nRF5_SDK_12.2.0\components\drivers_nrf\common\nrf_drv_common.c 0x00000000   Number         0  nrf_drv_common.o ABSOLUTE
    ..\..\..\..\..\..\nRF5_SDK_12.2.0\components\drivers_nrf\gpiote\nrf_drv_gpiote.c 0x00000000   Number         0  nrf_drv_gpiote.o ABSOLUTE
    ..\..\..\..\..\..\nRF5_SDK_12.2.0\components\drivers_nrf\spi_slave\nrf_drv_spis.c 0x00000000   Number         0  nrf_drv_spis.o ABSOLUTE
    ..\..\..\..\..\..\nRF5_SDK_12.2.0\components\drivers_nrf\timer\nrf_drv_timer.c 0x00000000   Number         0  nrf_drv_timer.o ABSOLUTE
    ..\..\..\..\..\..\nRF5_SDK_12.2.0\components\drivers_nrf\uart\nrf_drv_uart.c 0x00000000   Number         0  nrf_drv_uart.o ABSOLUTE
    ..\..\..\..\..\..\nRF5_SDK_12.2.0\components\libraries\bsp\bsp.c 0x00000000   Number         0  bsp.o ABSOLUTE
    ..\..\..\..\..\..\nRF5_SDK_12.2.0\components\libraries\bsp\bsp_btn_ble.c 0x00000000   Number         0  bsp_btn_ble.o ABSOLUTE
    ..\..\..\..\..\..\nRF5_SDK_12.2.0\components\libraries\bsp\bsp_nfc.c 0x00000000   Number         0  bsp_nfc.o ABSOLUTE
    ..\..\..\..\..\..\nRF5_SDK_12.2.0\components\libraries\button\app_button.c 0x00000000   Number         0  app_button.o ABSOLUTE
    ..\..\..\..\..\..\nRF5_SDK_12.2.0\components\libraries\fifo\app_fifo.c 0x00000000   Number         0  app_fifo.o ABSOLUTE
    ..\..\..\..\..\..\nRF5_SDK_12.2.0\components\libraries\fstorage\fstorage.c 0x00000000   Number         0  fstorage.o ABSOLUTE
    ..\..\..\..\..\..\nRF5_SDK_12.2.0\components\libraries\hardfault\hardfault_implementation.c 0x00000000   Number         0  hardfault_implementation.o ABSOLUTE
    ..\..\..\..\..\..\nRF5_SDK_12.2.0\components\libraries\log\src\nrf_log_backend_serial.c 0x00000000   Number         0  nrf_log_backend_serial.o ABSOLUTE
    ..\..\..\..\..\..\nRF5_SDK_12.2.0\components\libraries\log\src\nrf_log_frontend.c 0x00000000   Number         0  nrf_log_frontend.o ABSOLUTE
    ..\..\..\..\..\..\nRF5_SDK_12.2.0\components\libraries\timer\app_timer.c 0x00000000   Number         0  app_timer.o ABSOLUTE
    ..\..\..\..\..\..\nRF5_SDK_12.2.0\components\libraries\uart\app_uart_fifo.c 0x00000000   Number         0  app_uart_fifo.o ABSOLUTE
    ..\..\..\..\..\..\nRF5_SDK_12.2.0\components\libraries\uart\retarget.c 0x00000000   Number         0  retarget.o ABSOLUTE
    ..\..\..\..\..\..\nRF5_SDK_12.2.0\components\libraries\util\app_error.c 0x00000000   Number         0  app_error.o ABSOLUTE
    ..\..\..\..\..\..\nRF5_SDK_12.2.0\components\libraries\util\app_error_weak.c 0x00000000   Number         0  app_error_weak.o ABSOLUTE
    ..\..\..\..\..\..\nRF5_SDK_12.2.0\components\libraries\util\app_util_platform.c 0x00000000   Number         0  app_util_platform.o ABSOLUTE
    ..\..\..\..\..\..\nRF5_SDK_12.2.0\components\libraries\util\nrf_assert.c 0x00000000   Number         0  nrf_assert.o ABSOLUTE
    ..\..\..\..\..\..\nRF5_SDK_12.2.0\components\libraries\util\sdk_errors.c 0x00000000   Number         0  sdk_errors.o ABSOLUTE
    ..\..\..\..\..\..\nRF5_SDK_12.2.0\components\softdevice\common\softdevice_handler\softdevice_handler.c 0x00000000   Number         0  softdevice_handler.o ABSOLUTE
    ..\..\..\..\..\..\nRF5_SDK_12.2.0\external\segger_rtt\RTT_Syscalls_KEIL.c 0x00000000   Number         0  rtt_syscalls_keil.o ABSOLUTE
    ..\..\..\..\..\..\nRF5_SDK_12.2.0\external\segger_rtt\SEGGER_RTT.c 0x00000000   Number         0  segger_rtt.o ABSOLUTE
    ..\..\..\..\..\..\nRF5_SDK_12.2.0\external\segger_rtt\SEGGER_RTT_printf.c 0x00000000   Number         0  segger_rtt_printf.o ABSOLUTE
    ..\..\..\main.c                          0x00000000   Number         0  main.o ABSOLUTE
    ..\\..\\..\\..\\..\\..\\nRF5_SDK_12.2.0\\components\\ble\\ble_advertising\\ble_advertising.c 0x00000000   Number         0  ble_advertising.o ABSOLUTE
    ..\\..\\..\\..\\..\\..\\nRF5_SDK_12.2.0\\components\\ble\\ble_services\\ble_nus\\ble_nus.c 0x00000000   Number         0  ble_nus.o ABSOLUTE
    ..\\..\\..\\..\\..\\..\\nRF5_SDK_12.2.0\\components\\ble\\common\\ble_advdata.c 0x00000000   Number         0  ble_advdata.o ABSOLUTE
    ..\\..\\..\\..\\..\\..\\nRF5_SDK_12.2.0\\components\\ble\\common\\ble_conn_params.c 0x00000000   Number         0  ble_conn_params.o ABSOLUTE
    ..\\..\\..\\..\\..\\..\\nRF5_SDK_12.2.0\\components\\ble\\common\\ble_srv_common.c 0x00000000   Number         0  ble_srv_common.o ABSOLUTE
    ..\\..\\..\\..\\..\\..\\nRF5_SDK_12.2.0\\components\\boards\\boards.c 0x00000000   Number         0  boards.o ABSOLUTE
    ..\\..\\..\\..\\..\\..\\nRF5_SDK_12.2.0\\components\\drivers_nrf\\clock\\nrf_drv_clock.c 0x00000000   Number         0  nrf_drv_clock.o ABSOLUTE
    ..\\..\\..\\..\\..\\..\\nRF5_SDK_12.2.0\\components\\drivers_nrf\\common\\nrf_drv_common.c 0x00000000   Number         0  nrf_drv_common.o ABSOLUTE
    ..\\..\\..\\..\\..\\..\\nRF5_SDK_12.2.0\\components\\drivers_nrf\\gpiote\\nrf_drv_gpiote.c 0x00000000   Number         0  nrf_drv_gpiote.o ABSOLUTE
    ..\\..\\..\\..\\..\\..\\nRF5_SDK_12.2.0\\components\\drivers_nrf\\spi_slave\\nrf_drv_spis.c 0x00000000   Number         0  nrf_drv_spis.o ABSOLUTE
    ..\\..\\..\\..\\..\\..\\nRF5_SDK_12.2.0\\components\\drivers_nrf\\timer\\nrf_drv_timer.c 0x00000000   Number         0  nrf_drv_timer.o ABSOLUTE
    ..\\..\\..\\..\\..\\..\\nRF5_SDK_12.2.0\\components\\drivers_nrf\\uart\\nrf_drv_uart.c 0x00000000   Number         0  nrf_drv_uart.o ABSOLUTE
    ..\\..\\..\\..\\..\\..\\nRF5_SDK_12.2.0\\components\\libraries\\bsp\\bsp.c 0x00000000   Number         0  bsp.o ABSOLUTE
    ..\\..\\..\\..\\..\\..\\nRF5_SDK_12.2.0\\components\\libraries\\bsp\\bsp_btn_ble.c 0x00000000   Number         0  bsp_btn_ble.o ABSOLUTE
    ..\\..\\..\\..\\..\\..\\nRF5_SDK_12.2.0\\components\\libraries\\bsp\\bsp_nfc.c 0x00000000   Number         0  bsp_nfc.o ABSOLUTE
    ..\\..\\..\\..\\..\\..\\nRF5_SDK_12.2.0\\components\\libraries\\button\\app_button.c 0x00000000   Number         0  app_button.o ABSOLUTE
    ..\\..\\..\\..\\..\\..\\nRF5_SDK_12.2.0\\components\\libraries\\fifo\\app_fifo.c 0x00000000   Number         0  app_fifo.o ABSOLUTE
    ..\\..\\..\\..\\..\\..\\nRF5_SDK_12.2.0\\components\\libraries\\fstorage\\fstorage.c 0x00000000   Number         0  fstorage.o ABSOLUTE
    ..\\..\\..\\..\\..\\..\\nRF5_SDK_12.2.0\\components\\libraries\\hardfault\\hardfault_implementation.c 0x00000000   Number         0  hardfault_implementation.o ABSOLUTE
    ..\\..\\..\\..\\..\\..\\nRF5_SDK_12.2.0\\components\\libraries\\log\\src\\nrf_log_backend_serial.c 0x00000000   Number         0  nrf_log_backend_serial.o ABSOLUTE
    ..\\..\\..\\..\\..\\..\\nRF5_SDK_12.2.0\\components\\libraries\\log\\src\\nrf_log_frontend.c 0x00000000   Number         0  nrf_log_frontend.o ABSOLUTE
    ..\\..\\..\\..\\..\\..\\nRF5_SDK_12.2.0\\components\\libraries\\timer\\app_timer.c 0x00000000   Number         0  app_timer.o ABSOLUTE
    ..\\..\\..\\..\\..\\..\\nRF5_SDK_12.2.0\\components\\libraries\\uart\\app_uart_fifo.c 0x00000000   Number         0  app_uart_fifo.o ABSOLUTE
    ..\\..\\..\\..\\..\\..\\nRF5_SDK_12.2.0\\components\\libraries\\uart\\retarget.c 0x00000000   Number         0  retarget.o ABSOLUTE
    ..\\..\\..\\..\\..\\..\\nRF5_SDK_12.2.0\\components\\libraries\\util\\app_error.c 0x00000000   Number         0  app_error.o ABSOLUTE
    ..\\..\\..\\..\\..\\..\\nRF5_SDK_12.2.0\\components\\libraries\\util\\app_error_weak.c 0x00000000   Number         0  app_error_weak.o ABSOLUTE
    ..\\..\\..\\..\\..\\..\\nRF5_SDK_12.2.0\\components\\libraries\\util\\app_util_platform.c 0x00000000   Number         0  app_util_platform.o ABSOLUTE
    ..\\..\\..\\..\\..\\..\\nRF5_SDK_12.2.0\\components\\libraries\\util\\nrf_assert.c 0x00000000   Number         0  nrf_assert.o ABSOLUTE
    ..\\..\\..\\..\\..\\..\\nRF5_SDK_12.2.0\\components\\softdevice\\common\\softdevice_handler\\softdevice_handler.c 0x00000000   Number         0  softdevice_handler.o ABSOLUTE
    ..\\..\\..\\..\\..\\..\\nRF5_SDK_12.2.0\\external\\segger_rtt\\SEGGER_RTT.c 0x00000000   Number         0  segger_rtt.o ABSOLUTE
    ..\\..\\..\\main.c                       0x00000000   Number         0  main.o ABSOLUTE
    BLEFunctions.c                           0x00000000   Number         0  blefunctions.o ABSOLUTE
    BLEFunctions.c                           0x00000000   Number         0  blefunctions.o ABSOLUTE
    RTE\Device\nRF52832_xxAA\arm_startup_nrf52.s 0x00000000   Number         0  arm_startup_nrf52.o ABSOLUTE
    RTE\Device\nRF52832_xxAA\system_nrf52.c  0x00000000   Number         0  system_nrf52.o ABSOLUTE
    RTE\\Device\\nRF52832_xxAA\\system_nrf52.c 0x00000000   Number         0  system_nrf52.o ABSOLUTE
    buttjob.c                                0x00000000   Number         0  buttjob.o ABSOLUTE
    buttjob.c                                0x00000000   Number         0  buttjob.o ABSOLUTE
    cdrcmple.s                               0x00000000   Number         0  cdrcmple.o ABSOLUTE
    dc.s                                     0x00000000   Number         0  dc.o ABSOLUTE
    handlers.s                               0x00000000   Number         0  handlers.o ABSOLUTE
    init.s                                   0x00000000   Number         0  init.o ABSOLUTE
    util.c                                   0x00000000   Number         0  util.o ABSOLUTE
    util.c                                   0x00000000   Number         0  util.o ABSOLUTE
    RESET                                    0x0001f000   Section     1024  arm_startup_nrf52.o(RESET)
    .ARM.Collect$$$$00000000                 0x0001f400   Section        0  entry.o(.ARM.Collect$$$$00000000)
    .ARM.Collect$$$$00000001                 0x0001f400   Section        4  entry2.o(.ARM.Collect$$$$00000001)
    .ARM.Collect$$$$00000004                 0x0001f404   Section        4  entry5.o(.ARM.Collect$$$$00000004)
    .ARM.Collect$$$$00000008                 0x0001f408   Section        0  entry7b.o(.ARM.Collect$$$$00000008)
    .ARM.Collect$$$$0000000A                 0x0001f408   Section        0  entry8b.o(.ARM.Collect$$$$0000000A)
    .ARM.Collect$$$$0000000B                 0x0001f408   Section        8  entry9a.o(.ARM.Collect$$$$0000000B)
    .ARM.Collect$$$$0000000D                 0x0001f410   Section        0  entry10a.o(.ARM.Collect$$$$0000000D)
    .ARM.Collect$$$$0000000F                 0x0001f410   Section        0  entry11a.o(.ARM.Collect$$$$0000000F)
    .ARM.Collect$$$$00002712                 0x0001f410   Section        4  entry2.o(.ARM.Collect$$$$00002712)
    __lit__00000000                          0x0001f410   Data           4  entry2.o(.ARM.Collect$$$$00002712)
    .text                                    0x0001f414   Section       36  arm_startup_nrf52.o(.text)
    $v0                                      0x0001f414   Number         0  arm_startup_nrf52.o(.text)
    .text                                    0x0001f438   Section        0  ctype_o.o(.text)
    .text                                    0x0001f440   Section        0  memcpya.o(.text)
    .text                                    0x0001f464   Section        0  strlen.o(.text)
    .text                                    0x0001f472   Section        0  uldiv.o(.text)
    .text                                    0x0001f4d4   Section       36  init.o(.text)
    .text                                    0x0001f4f8   Section        0  llshl.o(.text)
    .text                                    0x0001f516   Section        0  llushr.o(.text)
    i.GPIOTE_IRQHandler                      0x0001f538   Section        0  nrf_drv_gpiote.o(i.GPIOTE_IRQHandler)
    i.NVIC_ClearPendingIRQ                   0x0001f6ac   Section        0  app_timer.o(i.NVIC_ClearPendingIRQ)
    NVIC_ClearPendingIRQ                     0x0001f6ad   Thumb Code    22  app_timer.o(i.NVIC_ClearPendingIRQ)
    i.NVIC_EnableIRQ                         0x0001f6c2   Section        0  app_timer.o(i.NVIC_EnableIRQ)
    NVIC_EnableIRQ                           0x0001f6c3   Thumb Code    22  app_timer.o(i.NVIC_EnableIRQ)
    i.NVIC_SetPendingIRQ                     0x0001f6d8   Section        0  app_timer.o(i.NVIC_SetPendingIRQ)
    NVIC_SetPendingIRQ                       0x0001f6d9   Thumb Code    22  app_timer.o(i.NVIC_SetPendingIRQ)
    i.POWER_CLOCK_IRQHandler                 0x0001f6f0   Section        0  nrf_drv_clock.o(i.POWER_CLOCK_IRQHandler)
    i.RTC1_IRQHandler                        0x0001f748   Section        0  app_timer.o(i.RTC1_IRQHandler)
    i.SPIM1_SPIS1_TWIM1_TWIS1_SPI1_TWI1_IRQHandler 0x0001f76c   Section        0  nrf_drv_spis.o(i.SPIM1_SPIS1_TWIM1_TWIS1_SPI1_TWI1_IRQHandler)
    i.SWI0_EGU0_IRQHandler                   0x0001f77c   Section        0  app_timer.o(i.SWI0_EGU0_IRQHandler)
    i.SWI2_EGU2_IRQHandler                   0x0001f780   Section        0  softdevice_handler.o(i.SWI2_EGU2_IRQHandler)
    i.SynHandler                             0x0001f7a4   Section        0  util.o(i.SynHandler)
    i.SystemInit                             0x0001f7e0   Section        0  system_nrf52.o(i.SystemInit)
    i.TIMER0_IRQHandler                      0x0001fa7c   Section        0  nrf_drv_timer.o(i.TIMER0_IRQHandler)
    i.UARTE0_UART0_IRQHandler                0x0001fac8   Section        0  nrf_drv_uart.o(i.UARTE0_UART0_IRQHandler)
    i.__0snprintf$8                          0x0001fae4   Section        0  printf8.o(i.__0snprintf$8)
    i.__scatterload_copy                     0x0001fb14   Section       14  handlers.o(i.__scatterload_copy)
    i.__scatterload_null                     0x0001fb22   Section        2  handlers.o(i.__scatterload_null)
    i.__scatterload_zeroinit                 0x0001fb24   Section       14  handlers.o(i.__scatterload_zeroinit)
    i._printf_core                           0x0001fb34   Section        0  printf8.o(i._printf_core)
    _printf_core                             0x0001fb35   Thumb Code   996  printf8.o(i._printf_core)
    i._printf_post_padding                   0x0001ff44   Section        0  printf8.o(i._printf_post_padding)
    _printf_post_padding                     0x0001ff45   Thumb Code    36  printf8.o(i._printf_post_padding)
    i._printf_pre_padding                    0x0001ff68   Section        0  printf8.o(i._printf_pre_padding)
    _printf_pre_padding                      0x0001ff69   Thumb Code    46  printf8.o(i._printf_pre_padding)
    i._snputc                                0x0001ff96   Section        0  printf8.o(i._snputc)
    _snputc                                  0x0001ff97   Thumb Code    22  printf8.o(i._snputc)
    i.add_fifo                               0x0001ffac   Section        0  util.o(i.add_fifo)
    i.app_error_fault_handler                0x0001ffdc   Section        0  app_error_weak.o(i.app_error_fault_handler)
    i.app_error_handler_bare                 0x0002002c   Section        0  app_error.o(i.app_error_handler_bare)
    i.app_util_critical_region_enter         0x00020044   Section        0  app_util_platform.o(i.app_util_critical_region_enter)
    i.app_util_critical_region_exit          0x0002008c   Section        0  app_util_platform.o(i.app_util_critical_region_exit)
    i.apply_config                           0x000200c0   Section        0  nrf_drv_uart.o(i.apply_config)
    apply_config                             0x000200c1   Thumb Code   180  nrf_drv_uart.o(i.apply_config)
    i.buf_len_update                         0x00020178   Section        0  nrf_log_backend_serial.o(i.buf_len_update)
    buf_len_update                           0x00020179   Thumb Code    18  nrf_log_backend_serial.o(i.buf_len_update)
    i.buf_prealloc                           0x0002018c   Section        0  nrf_log_frontend.o(i.buf_prealloc)
    buf_prealloc                             0x0002018d   Thumb Code    92  nrf_log_frontend.o(i.buf_prealloc)
    i.buffer_is_empty                        0x000201f4   Section        0  nrf_log_frontend.o(i.buffer_is_empty)
    i.butt_handler                           0x00020208   Section        0  buttjob.o(i.butt_handler)
    i.butt_init                              0x00020258   Section        0  buttjob.o(i.butt_init)
    i.channel_free                           0x00020288   Section        0  nrf_drv_gpiote.o(i.channel_free)
    channel_free                             0x00020289   Thumb Code    22  nrf_drv_gpiote.o(i.channel_free)
    i.channel_port_alloc                     0x000202a4   Section        0  nrf_drv_gpiote.o(i.channel_port_alloc)
    channel_port_alloc                       0x000202a5   Thumb Code    66  nrf_drv_gpiote.o(i.channel_port_alloc)
    i.channel_port_get                       0x000202ec   Section        0  nrf_drv_gpiote.o(i.channel_port_get)
    channel_port_get                         0x000202ed   Thumb Code    10  nrf_drv_gpiote.o(i.channel_port_get)
    i.clock_clk_started_notify               0x000202fc   Section        0  nrf_drv_clock.o(i.clock_clk_started_notify)
    clock_clk_started_notify                 0x000202fd   Thumb Code    34  nrf_drv_clock.o(i.clock_clk_started_notify)
    i.compare_reg_update                     0x00020324   Section        0  app_timer.o(i.compare_reg_update)
    compare_reg_update                       0x00020325   Thumb Code   160  app_timer.o(i.compare_reg_update)
    i.elapsed_ticks_acquire                  0x000203d0   Section        0  app_timer.o(i.elapsed_ticks_acquire)
    elapsed_ticks_acquire                    0x000203d1   Thumb Code    58  app_timer.o(i.elapsed_ticks_acquire)
    i.fifo_init                              0x00020410   Section        0  util.o(i.fifo_init)
    i.intern_softdevice_events_execute       0x00020430   Section        0  softdevice_handler.o(i.intern_softdevice_events_execute)
    i.interrupts_enable                      0x000204a8   Section        0  nrf_drv_uart.o(i.interrupts_enable)
    interrupts_enable                        0x000204a9   Thumb Code   106  nrf_drv_uart.o(i.interrupts_enable)
    i.list_deletions_handler                 0x00020520   Section        0  app_timer.o(i.list_deletions_handler)
    list_deletions_handler                   0x00020521   Thumb Code   158  app_timer.o(i.list_deletions_handler)
    i.list_insertions_handler                0x000205c8   Section        0  app_timer.o(i.list_insertions_handler)
    list_insertions_handler                  0x000205c9   Thumb Code   174  app_timer.o(i.list_insertions_handler)
    i.main                                   0x00020680   Section        0  main.o(i.main)
    i.malloc                                 0x000206a4   Section        0  malloc.o(i.malloc)
    i.nrf_bitmask_bit_is_set                 0x00020710   Section        0  nrf_drv_gpiote.o(i.nrf_bitmask_bit_is_set)
    nrf_bitmask_bit_is_set                   0x00020711   Thumb Code    16  nrf_drv_gpiote.o(i.nrf_bitmask_bit_is_set)
    i.nrf_clock_event_check                  0x00020720   Section        0  nrf_drv_clock.o(i.nrf_clock_event_check)
    nrf_clock_event_check                    0x00020721   Thumb Code    14  nrf_drv_clock.o(i.nrf_clock_event_check)
    i.nrf_clock_event_clear                  0x0002072e   Section        0  nrf_drv_clock.o(i.nrf_clock_event_clear)
    nrf_clock_event_clear                    0x0002072f   Thumb Code    16  nrf_drv_clock.o(i.nrf_clock_event_clear)
    i.nrf_delay_us                           0x00020740   Section        0  util.o(i.nrf_delay_us)
    nrf_delay_us                             0x00020741   Thumb Code   132  util.o(i.nrf_delay_us)
    i.nrf_delay_us                           0x000207cc   Section        0  app_timer.o(i.nrf_delay_us)
    nrf_delay_us                             0x000207cd   Thumb Code   132  app_timer.o(i.nrf_delay_us)
    i.nrf_drv_clock_on_soc_event             0x00020858   Section        0  nrf_drv_clock.o(i.nrf_drv_clock_on_soc_event)
    i.nrf_drv_common_irq_disable             0x00020862   Section        0  nrf_drv_uart.o(i.nrf_drv_common_irq_disable)
    nrf_drv_common_irq_disable               0x00020863   Thumb Code    22  nrf_drv_uart.o(i.nrf_drv_common_irq_disable)
    i.nrf_drv_common_irq_enable              0x00020878   Section        0  nrf_drv_common.o(i.nrf_drv_common_irq_enable)
    i.nrf_drv_get_IRQn                       0x000208b0   Section        0  nrf_drv_uart.o(i.nrf_drv_get_IRQn)
    nrf_drv_get_IRQn                         0x000208b1   Thumb Code     6  nrf_drv_uart.o(i.nrf_drv_get_IRQn)
    i.nrf_drv_gpiote_in_event_enable         0x000208b8   Section        0  nrf_drv_gpiote.o(i.nrf_drv_gpiote_in_event_enable)
    i.nrf_drv_gpiote_in_init                 0x0002095c   Section        0  nrf_drv_gpiote.o(i.nrf_drv_gpiote_in_init)
    i.nrf_drv_gpiote_in_is_set               0x00020a14   Section        0  nrf_drv_gpiote.o(i.nrf_drv_gpiote_in_is_set)
    i.nrf_drv_gpiote_init                    0x00020a28   Section        0  nrf_drv_gpiote.o(i.nrf_drv_gpiote_init)
    i.nrf_drv_gpiote_out_clear               0x00020a84   Section        0  nrf_drv_gpiote.o(i.nrf_drv_gpiote_out_clear)
    i.nrf_drv_gpiote_out_init                0x00020a94   Section        0  nrf_drv_gpiote.o(i.nrf_drv_gpiote_out_init)
    i.nrf_drv_gpiote_out_set                 0x00020b4c   Section        0  nrf_drv_gpiote.o(i.nrf_drv_gpiote_out_set)
    i.nrf_drv_is_in_RAM                      0x00020b5a   Section        0  nrf_drv_uart.o(i.nrf_drv_is_in_RAM)
    nrf_drv_is_in_RAM                        0x00020b5b   Thumb Code    16  nrf_drv_uart.o(i.nrf_drv_is_in_RAM)
    i.nrf_drv_is_in_RAM                      0x00020b6a   Section        0  nrf_drv_spis.o(i.nrf_drv_is_in_RAM)
    nrf_drv_is_in_RAM                        0x00020b6b   Thumb Code    16  nrf_drv_spis.o(i.nrf_drv_is_in_RAM)
    i.nrf_drv_spis_buffers_set               0x00020b7c   Section        0  nrf_drv_spis.o(i.nrf_drv_spis_buffers_set)
    i.nrf_drv_spis_init                      0x00020bf0   Section        0  nrf_drv_spis.o(i.nrf_drv_spis_init)
    i.nrf_drv_timer_compare                  0x00020d40   Section        0  nrf_drv_timer.o(i.nrf_drv_timer_compare)
    i.nrf_drv_timer_enable                   0x00020d64   Section        0  nrf_drv_timer.o(i.nrf_drv_timer_enable)
    i.nrf_drv_timer_extended_compare         0x00020d80   Section        0  nrf_drv_timer.o(i.nrf_drv_timer_extended_compare)
    i.nrf_drv_timer_init                     0x00020dac   Section        0  nrf_drv_timer.o(i.nrf_drv_timer_init)
    i.nrf_drv_uart_init                      0x00020e3c   Section        0  nrf_drv_uart.o(i.nrf_drv_uart_init)
    i.nrf_drv_uart_tx                        0x00020ea4   Section        0  nrf_drv_uart.o(i.nrf_drv_uart_tx)
    i.nrf_drv_uart_tx_in_progress            0x00020fb0   Section        0  nrf_drv_uart.o(i.nrf_drv_uart_tx_in_progress)
    i.nrf_drv_uart_uninit                    0x00020fc8   Section        0  nrf_drv_uart.o(i.nrf_drv_uart_uninit)
    i.nrf_gpio_cfg                           0x0002101c   Section        0  nrf_drv_gpiote.o(i.nrf_gpio_cfg)
    nrf_gpio_cfg                             0x0002101d   Thumb Code    36  nrf_drv_gpiote.o(i.nrf_gpio_cfg)
    i.nrf_gpio_cfg                           0x00021040   Section        0  nrf_drv_uart.o(i.nrf_gpio_cfg)
    nrf_gpio_cfg                             0x00021041   Thumb Code    36  nrf_drv_uart.o(i.nrf_gpio_cfg)
    i.nrf_gpio_cfg                           0x00021064   Section        0  nrf_drv_spis.o(i.nrf_gpio_cfg)
    nrf_gpio_cfg                             0x00021065   Thumb Code    36  nrf_drv_spis.o(i.nrf_gpio_cfg)
    i.nrf_gpio_cfg_default                   0x00021088   Section        0  nrf_drv_uart.o(i.nrf_gpio_cfg_default)
    nrf_gpio_cfg_default                     0x00021089   Thumb Code    18  nrf_drv_uart.o(i.nrf_gpio_cfg_default)
    i.nrf_gpio_cfg_input                     0x0002109a   Section        0  nrf_drv_uart.o(i.nrf_gpio_cfg_input)
    nrf_gpio_cfg_input                       0x0002109b   Thumb Code    18  nrf_drv_uart.o(i.nrf_gpio_cfg_input)
    i.nrf_gpio_cfg_output                    0x000210ac   Section        0  nrf_drv_uart.o(i.nrf_gpio_cfg_output)
    nrf_gpio_cfg_output                      0x000210ad   Thumb Code    20  nrf_drv_uart.o(i.nrf_gpio_cfg_output)
    i.nrf_gpio_cfg_sense_set                 0x000210c0   Section        0  nrf_drv_gpiote.o(i.nrf_gpio_cfg_sense_set)
    nrf_gpio_cfg_sense_set                   0x000210c1   Thumb Code    34  nrf_drv_gpiote.o(i.nrf_gpio_cfg_sense_set)
    i.nrf_gpio_ports_read                    0x000210e4   Section        0  nrf_drv_gpiote.o(i.nrf_gpio_ports_read)
    nrf_gpio_ports_read                      0x000210e5   Thumb Code    34  nrf_drv_gpiote.o(i.nrf_gpio_ports_read)
    i.nrf_gpiote_event_clear                 0x0002110c   Section        0  nrf_drv_gpiote.o(i.nrf_gpiote_event_clear)
    nrf_gpiote_event_clear                   0x0002110d   Thumb Code    16  nrf_drv_gpiote.o(i.nrf_gpiote_event_clear)
    i.nrf_gpiote_event_is_set                0x00021120   Section        0  nrf_drv_gpiote.o(i.nrf_gpiote_event_is_set)
    nrf_gpiote_event_is_set                  0x00021121   Thumb Code    12  nrf_drv_gpiote.o(i.nrf_gpiote_event_is_set)
    i.nrf_log_backend_hexdump_handler_get    0x00021130   Section        0  nrf_log_backend_serial.o(i.nrf_log_backend_hexdump_handler_get)
    i.nrf_log_backend_init                   0x00021138   Section        0  nrf_log_backend_serial.o(i.nrf_log_backend_init)
    i.nrf_log_backend_serial_hexdump_handler 0x000211a8   Section        0  nrf_log_backend_serial.o(i.nrf_log_backend_serial_hexdump_handler)
    nrf_log_backend_serial_hexdump_handler   0x000211a9   Thumb Code   302  nrf_log_backend_serial.o(i.nrf_log_backend_serial_hexdump_handler)
    i.nrf_log_backend_serial_std_handler     0x000212d6   Section        0  nrf_log_backend_serial.o(i.nrf_log_backend_serial_std_handler)
    nrf_log_backend_serial_std_handler       0x000212d7   Thumb Code   276  nrf_log_backend_serial.o(i.nrf_log_backend_serial_std_handler)
    i.nrf_log_backend_std_handler_get        0x000213ec   Section        0  nrf_log_backend_serial.o(i.nrf_log_backend_std_handler_get)
    i.nrf_log_blocking_backend_set           0x000213f4   Section        0  nrf_log_frontend.o(i.nrf_log_blocking_backend_set)
    i.nrf_log_frontend_dequeue               0x000213fc   Section        0  nrf_log_frontend.o(i.nrf_log_frontend_dequeue)
    i.nrf_log_frontend_init                  0x0002152c   Section        0  nrf_log_frontend.o(i.nrf_log_frontend_init)
    i.nrf_log_frontend_std_0                 0x00021540   Section        0  nrf_log_frontend.o(i.nrf_log_frontend_std_0)
    i.nrf_log_frontend_std_1                 0x0002158c   Section        0  nrf_log_frontend.o(i.nrf_log_frontend_std_1)
    i.nrf_log_frontend_std_2                 0x000215e4   Section        0  nrf_log_frontend.o(i.nrf_log_frontend_std_2)
    i.nrf_log_handlers_set                   0x0002164c   Section        0  nrf_log_frontend.o(i.nrf_log_handlers_set)
    i.nrf_log_init                           0x0002165c   Section        0  nrf_log_frontend.o(i.nrf_log_init)
    i.nrf_spis_event_check                   0x00021680   Section        0  nrf_drv_spis.o(i.nrf_spis_event_check)
    nrf_spis_event_check                     0x00021681   Thumb Code    10  nrf_drv_spis.o(i.nrf_spis_event_check)
    i.nrf_spis_event_clear                   0x0002168a   Section        0  nrf_drv_spis.o(i.nrf_spis_event_clear)
    nrf_spis_event_clear                     0x0002168b   Thumb Code    12  nrf_drv_spis.o(i.nrf_spis_event_clear)
    i.nrf_uart_event_check                   0x00021696   Section        0  nrf_drv_uart.o(i.nrf_uart_event_check)
    nrf_uart_event_check                     0x00021697   Thumb Code    10  nrf_drv_uart.o(i.nrf_uart_event_check)
    i.nrf_uart_event_clear                   0x000216a0   Section        0  nrf_drv_uart.o(i.nrf_uart_event_clear)
    nrf_uart_event_clear                     0x000216a1   Thumb Code    12  nrf_drv_uart.o(i.nrf_uart_event_clear)
    i.nrf_uart_int_enable_check              0x000216ac   Section        0  nrf_drv_uart.o(i.nrf_uart_int_enable_check)
    nrf_uart_int_enable_check                0x000216ad   Thumb Code    12  nrf_drv_uart.o(i.nrf_uart_int_enable_check)
    i.nrf_uarte_event_check                  0x000216b8   Section        0  nrf_drv_uart.o(i.nrf_uarte_event_check)
    nrf_uarte_event_check                    0x000216b9   Thumb Code    10  nrf_drv_uart.o(i.nrf_uarte_event_check)
    i.nrf_uarte_event_clear                  0x000216c2   Section        0  nrf_drv_uart.o(i.nrf_uarte_event_clear)
    nrf_uarte_event_clear                    0x000216c3   Thumb Code    12  nrf_drv_uart.o(i.nrf_uarte_event_clear)
    i.pin_in_use_by_port                     0x000216d0   Section        0  nrf_drv_gpiote.o(i.pin_in_use_by_port)
    pin_in_use_by_port                       0x000216d1   Thumb Code    20  nrf_drv_gpiote.o(i.pin_in_use_by_port)
    i.pin_in_use_by_te                       0x000216e8   Section        0  nrf_drv_gpiote.o(i.pin_in_use_by_te)
    pin_in_use_by_te                         0x000216e9   Thumb Code    20  nrf_drv_gpiote.o(i.pin_in_use_by_te)
    i.pins_to_default                        0x00021700   Section        0  nrf_drv_uart.o(i.pins_to_default)
    pins_to_default                          0x00021701   Thumb Code   114  nrf_drv_uart.o(i.pins_to_default)
    i.read_fifo                              0x00021778   Section        0  util.o(i.read_fifo)
    i.rtc1_stop                              0x000217b8   Section        0  app_timer.o(i.rtc1_stop)
    rtc1_stop                                0x000217b9   Thumb Code    52  app_timer.o(i.rtc1_stop)
    i.rx_byte                                0x000217f4   Section        0  nrf_drv_uart.o(i.rx_byte)
    rx_byte                                  0x000217f5   Thumb Code    50  nrf_drv_uart.o(i.rx_byte)
    i.rx_done_event                          0x00021826   Section        0  nrf_drv_uart.o(i.rx_done_event)
    rx_done_event                            0x00021827   Thumb Code    24  nrf_drv_uart.o(i.rx_done_event)
    i.serial_is_busy                         0x00021840   Section        0  nrf_log_backend_serial.o(i.serial_is_busy)
    serial_is_busy                           0x00021841   Thumb Code     6  nrf_log_backend_serial.o(i.serial_is_busy)
    i.serial_tx                              0x0002184c   Section        0  nrf_log_backend_serial.o(i.serial_tx)
    serial_tx                                0x0002184d   Thumb Code    34  nrf_log_backend_serial.o(i.serial_tx)
    i.spi_app_init                           0x00021878   Section        0  util.o(i.spi_app_init)
    i.spi_handler                            0x00021988   Section        0  util.o(i.spi_handler)
    i.spis_event_handler                     0x00021c70   Section        0  util.o(i.spis_event_handler)
    i.spis_irq_handler                       0x00021cc8   Section        0  nrf_drv_spis.o(i.spis_irq_handler)
    spis_irq_handler                         0x00021cc9   Thumb Code   120  nrf_drv_spis.o(i.spis_irq_handler)
    i.spis_state_change                      0x00021d40   Section        0  nrf_drv_spis.o(i.spis_state_change)
    spis_state_change                        0x00021d41   Thumb Code     6  nrf_drv_spis.o(i.spis_state_change)
    i.spis_state_entry_action_execute        0x00021d46   Section        0  nrf_drv_spis.o(i.spis_state_entry_action_execute)
    spis_state_entry_action_execute          0x00021d47   Thumb Code    94  nrf_drv_spis.o(i.spis_state_entry_action_execute)
    i.timer_led_event_handler                0x00021da4   Section        0  util.o(i.timer_led_event_handler)
    i.timer_list_handler                     0x00021dbc   Section        0  app_timer.o(i.timer_list_handler)
    timer_list_handler                       0x00021dbd   Thumb Code   134  app_timer.o(i.timer_list_handler)
    i.timer_list_insert                      0x00021e48   Section        0  app_timer.o(i.timer_list_insert)
    timer_list_insert                        0x00021e49   Thumb Code    56  app_timer.o(i.timer_list_insert)
    i.timer_timeouts_check                   0x00021e84   Section        0  app_timer.o(i.timer_timeouts_check)
    timer_timeouts_check                     0x00021e85   Thumb Code   124  app_timer.o(i.timer_timeouts_check)
    i.timestamp_process                      0x00021f08   Section        0  nrf_log_backend_serial.o(i.timestamp_process)
    timestamp_process                        0x00021f09   Thumb Code    44  nrf_log_backend_serial.o(i.timestamp_process)
    i.tx_byte                                0x00021f3c   Section        0  nrf_drv_uart.o(i.tx_byte)
    tx_byte                                  0x00021f3d   Thumb Code    32  nrf_drv_uart.o(i.tx_byte)
    i.tx_clear                               0x00021f5c   Section        0  util.o(i.tx_clear)
    i.tx_done_event                          0x00021f6c   Section        0  nrf_drv_uart.o(i.tx_done_event)
    tx_done_event                            0x00021f6d   Thumb Code    28  nrf_drv_uart.o(i.tx_done_event)
    i.tx_set                                 0x00021f88   Section        0  util.o(i.tx_set)
    i.uart_event_handler                     0x00021f9c   Section        0  nrf_log_backend_serial.o(i.uart_event_handler)
    uart_event_handler                       0x00021f9d   Thumb Code    12  nrf_log_backend_serial.o(i.uart_event_handler)
    i.uart_irq_handler                       0x00021fac   Section        0  nrf_drv_uart.o(i.uart_irq_handler)
    uart_irq_handler                         0x00021fad   Thumb Code   286  nrf_drv_uart.o(i.uart_irq_handler)
    i.uarte_irq_handler                      0x000220ca   Section        0  nrf_drv_uart.o(i.uarte_irq_handler)
    uarte_irq_handler                        0x000220cb   Thumb Code   240  nrf_drv_uart.o(i.uarte_irq_handler)
    .constdata                               0x000221bc   Section       56  util.o(.constdata)
    spis                                     0x000221c4   Data           8  util.o(.constdata)
    .constdata                               0x000221f4   Section        4  buttjob.o(.constdata)
    .constdata                               0x000221f8   Section        4  nrf_drv_gpiote.o(.constdata)
    .constdata                               0x000221fc   Section       32  nrf_log_backend_serial.o(.constdata)
    .constdata                               0x0002221c   Section       36  nrf_log_frontend.o(.constdata)
    .constdata                               0x00022240   Section      129  ctype_o.o(.constdata)
    .constdata                               0x000222c4   Section        4  ctype_o.o(.constdata)
    table                                    0x000222c4   Data           4  ctype_o.o(.constdata)
    .conststring                             0x000222c8   Section       11  nrf_log_frontend.o(.conststring)
    .data                                    0x20002128   Section       11  util.o(.data)
    spis_xfer_done                           0x2000212b   Data           1  util.o(.data)
    m_tx_buf                                 0x2000212c   Data           3  util.o(.data)
    m_rx_buf                                 0x2000212f   Data           4  util.o(.data)
    .data                                    0x20002133   Section        4  buttjob.o(.data)
    .data                                    0x20002138   Section       32  app_timer.o(.data)
    m_ticks_elapsed_q_read_ind               0x20002138   Data           1  app_timer.o(.data)
    m_ticks_elapsed_q_write_ind              0x20002139   Data           1  app_timer.o(.data)
    m_rtc1_running                           0x2000213a   Data           1  app_timer.o(.data)
    m_rtc1_reset                             0x2000213b   Data           1  app_timer.o(.data)
    mp_timer_id_head                         0x2000213c   Data           4  app_timer.o(.data)
    m_ticks_latest                           0x20002140   Data           4  app_timer.o(.data)
    m_evt_schedule_func                      0x20002144   Data           4  app_timer.o(.data)
    m_op_queue                               0x20002148   Data           8  app_timer.o(.data)
    m_ticks_elapsed                          0x20002150   Data           8  app_timer.o(.data)
    .data                                    0x20002158   Section       12  nrf_log_backend_serial.o(.data)
    m_initialized                            0x20002158   Data           1  nrf_log_backend_serial.o(.data)
    m_blocking_mode                          0x20002159   Data           1  nrf_log_backend_serial.o(.data)
    m_rx_done                                0x2000215a   Data           1  nrf_log_backend_serial.o(.data)
    m_uart                                   0x2000215c   Data           8  nrf_log_backend_serial.o(.data)
    .data                                    0x20002164   Section        4  nrf_log_frontend.o(.data)
    m_overflow_info                          0x20002164   Data           4  nrf_log_frontend.o(.data)
    .data                                    0x20002168   Section       20  softdevice_handler.o(.data)
    m_softdevice_enabled                     0x20002168   Data           1  softdevice_handler.o(.data)
    m_suspended                              0x20002169   Data           1  softdevice_handler.o(.data)
    m_ble_evt_buffer_size                    0x2000216a   Data           2  softdevice_handler.o(.data)
    m_evt_schedule_func                      0x2000216c   Data           4  softdevice_handler.o(.data)
    mp_ble_evt_buffer                        0x20002170   Data           4  softdevice_handler.o(.data)
    m_ble_evt_handler                        0x20002174   Data           4  softdevice_handler.o(.data)
    m_sys_evt_handler                        0x20002178   Data           4  softdevice_handler.o(.data)
    .data                                    0x2000217c   Section        4  system_nrf52.o(.data)
    __tagsym$$used                           0x2000217c   Number         0  system_nrf52.o(.data)
    .data                                    0x20002180   Section        4  mvars.o(.data)
    .data                                    0x20002184   Section        4  mvars.o(.data)
    .bss                                     0x20002188   Section       12  util.o(.bss)
    .bss                                     0x20002194   Section       20  nrf_drv_clock.o(.bss)
    m_clock_cb                               0x20002194   Data          20  nrf_drv_clock.o(.bss)
    .bss                                     0x200021a8   Section       88  nrf_drv_gpiote.o(.bss)
    m_cb                                     0x200021a8   Data          88  nrf_drv_gpiote.o(.bss)
    .bss                                     0x20002200   Section       32  nrf_drv_uart.o(.bss)
    m_cb                                     0x20002200   Data          32  nrf_drv_uart.o(.bss)
    .bss                                     0x20002220   Section       24  nrf_drv_spis.o(.bss)
    m_cb                                     0x20002220   Data          24  nrf_drv_spis.o(.bss)
    .bss                                     0x20002238   Section       12  nrf_drv_timer.o(.bss)
    m_cb                                     0x20002238   Data          12  nrf_drv_timer.o(.bss)
    .bss                                     0x20002244   Section       12  app_util_platform.o(.bss)
    .bss                                     0x20002250   Section      256  nrf_log_backend_serial.o(.bss)
    m_uart_buffer                            0x20002250   Data         256  nrf_log_backend_serial.o(.bss)
    .bss                                     0x20002350   Section     1048  nrf_log_frontend.o(.bss)
    m_log_data                               0x20002350   Data        1048  nrf_log_frontend.o(.bss)
    HEAP                                     0x20002768   Section     8192  arm_startup_nrf52.o(HEAP)
    STACK                                    0x20004768   Section     8192  arm_startup_nrf52.o(STACK)

    Global Symbols

    Symbol Name                              Value     Ov Type        Size  Object(Section)

    BuildAttributes$$THM_ISAv4$E$P$D$K$B$S$7EM$VFPi3$EXTD16$VFPS$VFMA$PE$A:L22UL41UL21$X:L11$S22US41US21$IEEE1$IW$USESV6$~STKCKD$USESV7$~SHL$OSPACE$ROPI$EBA8$MICROLIB$REQ8$PRES8$EABIv2 0x00000000   Number         0  anon$$obj.o ABSOLUTE
    __ARM_use_no_argv                        0x00000000   Number         0  main.o ABSOLUTE
    _printf_a                                0x00000000   Number         0  stubs.o ABSOLUTE
    _printf_c                                0x00000000   Number         0  stubs.o ABSOLUTE
    _printf_charcount                        0x00000000   Number         0  stubs.o ABSOLUTE
    _printf_d                                0x00000000   Number         0  stubs.o ABSOLUTE
    _printf_e                                0x00000000   Number         0  stubs.o ABSOLUTE
    _printf_f                                0x00000000   Number         0  stubs.o ABSOLUTE
    _printf_flags                            0x00000000   Number         0  stubs.o ABSOLUTE
    _printf_fp_dec                           0x00000000   Number         0  stubs.o ABSOLUTE
    _printf_fp_hex                           0x00000000   Number         0  stubs.o ABSOLUTE
    _printf_g                                0x00000000   Number         0  stubs.o ABSOLUTE
    _printf_i                                0x00000000   Number         0  stubs.o ABSOLUTE
    _printf_int_dec                          0x00000000   Number         0  stubs.o ABSOLUTE
    _printf_l                                0x00000000   Number         0  stubs.o ABSOLUTE
    _printf_lc                               0x00000000   Number         0  stubs.o ABSOLUTE
    _printf_ll                               0x00000000   Number         0  stubs.o ABSOLUTE
    _printf_lld                              0x00000000   Number         0  stubs.o ABSOLUTE
    _printf_lli                              0x00000000   Number         0  stubs.o ABSOLUTE
    _printf_llo                              0x00000000   Number         0  stubs.o ABSOLUTE
    _printf_llu                              0x00000000   Number         0  stubs.o ABSOLUTE
    _printf_llx                              0x00000000   Number         0  stubs.o ABSOLUTE
    _printf_longlong_dec                     0x00000000   Number         0  stubs.o ABSOLUTE
    _printf_longlong_hex                     0x00000000   Number         0  stubs.o ABSOLUTE
    _printf_longlong_oct                     0x00000000   Number         0  stubs.o ABSOLUTE
    _printf_ls                               0x00000000   Number         0  stubs.o ABSOLUTE
    _printf_mbtowc                           0x00000000   Number         0  stubs.o ABSOLUTE
    _printf_n                                0x00000000   Number         0  stubs.o ABSOLUTE
    _printf_o                                0x00000000   Number         0  stubs.o ABSOLUTE
    _printf_p                                0x00000000   Number         0  stubs.o ABSOLUTE
    _printf_percent                          0x00000000   Number         0  stubs.o ABSOLUTE
    _printf_pre_padding                      0x00000000   Number         0  stubs.o ABSOLUTE
    _printf_return_value                     0x00000000   Number         0  stubs.o ABSOLUTE
    _printf_s                                0x00000000   Number         0  stubs.o ABSOLUTE
    _printf_sizespec                         0x00000000   Number         0  stubs.o ABSOLUTE
    _printf_str                              0x00000000   Number         0  stubs.o ABSOLUTE
    _printf_truncate_signed                  0x00000000   Number         0  stubs.o ABSOLUTE
    _printf_truncate_unsigned                0x00000000   Number         0  stubs.o ABSOLUTE
    _printf_u                                0x00000000   Number         0  stubs.o ABSOLUTE
    _printf_wc                               0x00000000   Number         0  stubs.o ABSOLUTE
    _printf_wctomb                           0x00000000   Number         0  stubs.o ABSOLUTE
    _printf_widthprec                        0x00000000   Number         0  stubs.o ABSOLUTE
    _printf_x                                0x00000000   Number         0  stubs.o ABSOLUTE
    __cpp_initialize__aeabi_                  - Undefined Weak Reference
    __cxa_finalize                            - Undefined Weak Reference
    __decompress                              - Undefined Weak Reference
    _clock_init                               - Undefined Weak Reference
    _microlib_exit                            - Undefined Weak Reference
    fs_data$$Base                             - Undefined Reference
    fs_data$$Limit                            - Undefined Reference
    __Vectors_Size                           0x00000400   Number         0  arm_startup_nrf52.o ABSOLUTE
    __Vectors                                0x0001f000   Data           4  arm_startup_nrf52.o(RESET)
    __Vectors_End                            0x0001f400   Data           0  arm_startup_nrf52.o(RESET)
    __main                                   0x0001f401   Thumb Code     0  entry.o(.ARM.Collect$$$$00000000)
    _main_stk                                0x0001f401   Thumb Code     0  entry2.o(.ARM.Collect$$$$00000001)
    _main_scatterload                        0x0001f405   Thumb Code     0  entry5.o(.ARM.Collect$$$$00000004)
    __main_after_scatterload                 0x0001f409   Thumb Code     0  entry5.o(.ARM.Collect$$$$00000004)
    _main_clock                              0x0001f409   Thumb Code     0  entry7b.o(.ARM.Collect$$$$00000008)
    _main_cpp_init                           0x0001f409   Thumb Code     0  entry8b.o(.ARM.Collect$$$$0000000A)
    _main_init                               0x0001f409   Thumb Code     0  entry9a.o(.ARM.Collect$$$$0000000B)
    __rt_final_cpp                           0x0001f411   Thumb Code     0  entry10a.o(.ARM.Collect$$$$0000000D)
    __rt_final_exit                          0x0001f411   Thumb Code     0  entry11a.o(.ARM.Collect$$$$0000000F)
    Reset_Handler                            0x0001f415   Thumb Code     8  arm_startup_nrf52.o(.text)
    NMI_Handler                              0x0001f41d   Thumb Code     2  arm_startup_nrf52.o(.text)
    HardFault_Handler                        0x0001f41f   Thumb Code     2  arm_startup_nrf52.o(.text)
    MemoryManagement_Handler                 0x0001f421   Thumb Code     2  arm_startup_nrf52.o(.text)
    BusFault_Handler                         0x0001f423   Thumb Code     2  arm_startup_nrf52.o(.text)
    UsageFault_Handler                       0x0001f425   Thumb Code     2  arm_startup_nrf52.o(.text)
    SVC_Handler                              0x0001f427   Thumb Code     2  arm_startup_nrf52.o(.text)
    DebugMon_Handler                         0x0001f429   Thumb Code     2  arm_startup_nrf52.o(.text)
    PendSV_Handler                           0x0001f42b   Thumb Code     2  arm_startup_nrf52.o(.text)
    SysTick_Handler                          0x0001f42d   Thumb Code     2  arm_startup_nrf52.o(.text)
    CCM_AAR_IRQHandler                       0x0001f42f   Thumb Code     0  arm_startup_nrf52.o(.text)
    COMP_LPCOMP_IRQHandler                   0x0001f42f   Thumb Code     0  arm_startup_nrf52.o(.text)
    ECB_IRQHandler                           0x0001f42f   Thumb Code     0  arm_startup_nrf52.o(.text)
    FPU_IRQHandler                           0x0001f42f   Thumb Code     0  arm_startup_nrf52.o(.text)
    I2S_IRQHandler                           0x0001f42f   Thumb Code     0  arm_startup_nrf52.o(.text)
    MWU_IRQHandler                           0x0001f42f   Thumb Code     0  arm_startup_nrf52.o(.text)
    NFCT_IRQHandler                          0x0001f42f   Thumb Code     0  arm_startup_nrf52.o(.text)
    PDM_IRQHandler                           0x0001f42f   Thumb Code     0  arm_startup_nrf52.o(.text)
    PWM0_IRQHandler                          0x0001f42f   Thumb Code     0  arm_startup_nrf52.o(.text)
    PWM1_IRQHandler                          0x0001f42f   Thumb Code     0  arm_startup_nrf52.o(.text)
    PWM2_IRQHandler                          0x0001f42f   Thumb Code     0  arm_startup_nrf52.o(.text)
    QDEC_IRQHandler                          0x0001f42f   Thumb Code     0  arm_startup_nrf52.o(.text)
    RADIO_IRQHandler                         0x0001f42f   Thumb Code     0  arm_startup_nrf52.o(.text)
    RNG_IRQHandler                           0x0001f42f   Thumb Code     0  arm_startup_nrf52.o(.text)
    RTC0_IRQHandler                          0x0001f42f   Thumb Code     0  arm_startup_nrf52.o(.text)
    RTC2_IRQHandler                          0x0001f42f   Thumb Code     0  arm_startup_nrf52.o(.text)
    SAADC_IRQHandler                         0x0001f42f   Thumb Code     0  arm_startup_nrf52.o(.text)
    SPIM0_SPIS0_TWIM0_TWIS0_SPI0_TWI0_IRQHandler 0x0001f42f   Thumb Code     0  arm_startup_nrf52.o(.text)
    SPIM2_SPIS2_SPI2_IRQHandler              0x0001f42f   Thumb Code     0  arm_startup_nrf52.o(.text)
    SWI1_EGU1_IRQHandler                     0x0001f42f   Thumb Code     0  arm_startup_nrf52.o(.text)
    SWI3_EGU3_IRQHandler                     0x0001f42f   Thumb Code     0  arm_startup_nrf52.o(.text)
    SWI4_EGU4_IRQHandler                     0x0001f42f   Thumb Code     0  arm_startup_nrf52.o(.text)
    SWI5_EGU5_IRQHandler                     0x0001f42f   Thumb Code     0  arm_startup_nrf52.o(.text)
    TEMP_IRQHandler                          0x0001f42f   Thumb Code     0  arm_startup_nrf52.o(.text)
    TIMER1_IRQHandler                        0x0001f42f   Thumb Code     0  arm_startup_nrf52.o(.text)
    TIMER2_IRQHandler                        0x0001f42f   Thumb Code     0  arm_startup_nrf52.o(.text)
    TIMER3_IRQHandler                        0x0001f42f   Thumb Code     0  arm_startup_nrf52.o(.text)
    TIMER4_IRQHandler                        0x0001f42f   Thumb Code     0  arm_startup_nrf52.o(.text)
    WDT_IRQHandler                           0x0001f42f   Thumb Code     0  arm_startup_nrf52.o(.text)
    __rt_ctype_table                         0x0001f439   Thumb Code     4  ctype_o.o(.text)
    __aeabi_memcpy                           0x0001f441   Thumb Code    36  memcpya.o(.text)
    __aeabi_memcpy4                          0x0001f441   Thumb Code     0  memcpya.o(.text)
    __aeabi_memcpy8                          0x0001f441   Thumb Code     0  memcpya.o(.text)
    strlen                                   0x0001f465   Thumb Code    14  strlen.o(.text)
    __aeabi_uldivmod                         0x0001f473   Thumb Code    98  uldiv.o(.text)
    __scatterload                            0x0001f4d5   Thumb Code    28  init.o(.text)
    __scatterload_rt2                        0x0001f4d5   Thumb Code     0  init.o(.text)
    __aeabi_llsl                             0x0001f4f9   Thumb Code    30  llshl.o(.text)
    _ll_shift_l                              0x0001f4f9   Thumb Code     0  llshl.o(.text)
    __aeabi_llsr                             0x0001f517   Thumb Code    32  llushr.o(.text)
    _ll_ushift_r                             0x0001f517   Thumb Code     0  llushr.o(.text)
    GPIOTE_IRQHandler                        0x0001f539   Thumb Code   362  nrf_drv_gpiote.o(i.GPIOTE_IRQHandler)
    POWER_CLOCK_IRQHandler                   0x0001f6f1   Thumb Code    84  nrf_drv_clock.o(i.POWER_CLOCK_IRQHandler)
    RTC1_IRQHandler                          0x0001f749   Thumb Code    32  app_timer.o(i.RTC1_IRQHandler)
    SPIM1_SPIS1_TWIM1_TWIS1_SPI1_TWI1_IRQHandler 0x0001f76d   Thumb Code    10  nrf_drv_spis.o(i.SPIM1_SPIS1_TWIM1_TWIS1_SPI1_TWI1_IRQHandler)
    SWI0_EGU0_IRQHandler                     0x0001f77d   Thumb Code     4  app_timer.o(i.SWI0_EGU0_IRQHandler)
    SWI2_EGU2_IRQHandler                     0x0001f781   Thumb Code    32  softdevice_handler.o(i.SWI2_EGU2_IRQHandler)
    SynHandler                               0x0001f7a5   Thumb Code    34  util.o(i.SynHandler)
    SystemInit                               0x0001f7e1   Thumb Code   610  system_nrf52.o(i.SystemInit)
    TIMER0_IRQHandler                        0x0001fa7d   Thumb Code    68  nrf_drv_timer.o(i.TIMER0_IRQHandler)
    UARTE0_UART0_IRQHandler                  0x0001fac9   Thumb Code    20  nrf_drv_uart.o(i.UARTE0_UART0_IRQHandler)
    __0snprintf$8                            0x0001fae5   Thumb Code    44  printf8.o(i.__0snprintf$8)
    __1snprintf$8                            0x0001fae5   Thumb Code     0  printf8.o(i.__0snprintf$8)
    __2snprintf                              0x0001fae5   Thumb Code     0  printf8.o(i.__0snprintf$8)
    __scatterload_copy                       0x0001fb15   Thumb Code    14  handlers.o(i.__scatterload_copy)
    __scatterload_null                       0x0001fb23   Thumb Code     2  handlers.o(i.__scatterload_null)
    __scatterload_zeroinit                   0x0001fb25   Thumb Code    14  handlers.o(i.__scatterload_zeroinit)
    add_fifo                                 0x0001ffad   Thumb Code    42  util.o(i.add_fifo)
    app_error_fault_handler                  0x0001ffdd   Thumb Code    46  app_error_weak.o(i.app_error_fault_handler)
    app_error_handler_bare                   0x0002002d   Thumb Code    22  app_error.o(i.app_error_handler_bare)
    app_util_critical_region_enter           0x00020045   Thumb Code    64  app_util_platform.o(i.app_util_critical_region_enter)
    app_util_critical_region_exit            0x0002008d   Thumb Code    46  app_util_platform.o(i.app_util_critical_region_exit)
    buffer_is_empty                          0x000201f5   Thumb Code    16  nrf_log_frontend.o(i.buffer_is_empty)
    butt_handler                             0x00020209   Thumb Code    34  buttjob.o(i.butt_handler)
    butt_init                                0x00020259   Thumb Code    40  buttjob.o(i.butt_init)
    fifo_init                                0x00020411   Thumb Code    26  util.o(i.fifo_init)
    intern_softdevice_events_execute         0x00020431   Thumb Code   114  softdevice_handler.o(i.intern_softdevice_events_execute)
    main                                     0x00020681   Thumb Code    34  main.o(i.main)
    malloc                                   0x000206a5   Thumb Code    92  malloc.o(i.malloc)
    nrf_drv_clock_on_soc_event               0x00020859   Thumb Code    10  nrf_drv_clock.o(i.nrf_drv_clock_on_soc_event)
    nrf_drv_common_irq_enable                0x00020879   Thumb Code    56  nrf_drv_common.o(i.nrf_drv_common_irq_enable)
    nrf_drv_gpiote_in_event_enable           0x000208b9   Thumb Code   156  nrf_drv_gpiote.o(i.nrf_drv_gpiote_in_event_enable)
    nrf_drv_gpiote_in_init                   0x0002095d   Thumb Code   172  nrf_drv_gpiote.o(i.nrf_drv_gpiote_in_init)
    nrf_drv_gpiote_in_is_set                 0x00020a15   Thumb Code    20  nrf_drv_gpiote.o(i.nrf_drv_gpiote_in_is_set)
    nrf_drv_gpiote_init                      0x00020a29   Thumb Code    84  nrf_drv_gpiote.o(i.nrf_drv_gpiote_init)
    nrf_drv_gpiote_out_clear                 0x00020a85   Thumb Code    14  nrf_drv_gpiote.o(i.nrf_drv_gpiote_out_clear)
    nrf_drv_gpiote_out_init                  0x00020a95   Thumb Code   170  nrf_drv_gpiote.o(i.nrf_drv_gpiote_out_init)
    nrf_drv_gpiote_out_set                   0x00020b4d   Thumb Code    14  nrf_drv_gpiote.o(i.nrf_drv_gpiote_out_set)
    nrf_drv_spis_buffers_set                 0x00020b7d   Thumb Code   110  nrf_drv_spis.o(i.nrf_drv_spis_buffers_set)
    nrf_drv_spis_init                        0x00020bf1   Thumb Code   332  nrf_drv_spis.o(i.nrf_drv_spis_init)
    nrf_drv_timer_compare                    0x00020d41   Thumb Code    34  nrf_drv_timer.o(i.nrf_drv_timer_compare)
    nrf_drv_timer_enable                     0x00020d65   Thumb Code    24  nrf_drv_timer.o(i.nrf_drv_timer_enable)
    nrf_drv_timer_extended_compare           0x00020d81   Thumb Code    42  nrf_drv_timer.o(i.nrf_drv_timer_extended_compare)
    nrf_drv_timer_init                       0x00020dad   Thumb Code   138  nrf_drv_timer.o(i.nrf_drv_timer_init)
    nrf_drv_uart_init                        0x00020e3d   Thumb Code    98  nrf_drv_uart.o(i.nrf_drv_uart_init)
    nrf_drv_uart_tx                          0x00020ea5   Thumb Code   262  nrf_drv_uart.o(i.nrf_drv_uart_tx)
    nrf_drv_uart_tx_in_progress              0x00020fb1   Thumb Code    18  nrf_drv_uart.o(i.nrf_drv_uart_tx_in_progress)
    nrf_drv_uart_uninit                      0x00020fc9   Thumb Code    74  nrf_drv_uart.o(i.nrf_drv_uart_uninit)
    nrf_log_backend_hexdump_handler_get      0x00021131   Thumb Code     4  nrf_log_backend_serial.o(i.nrf_log_backend_hexdump_handler_get)
    nrf_log_backend_init                     0x00021139   Thumb Code   100  nrf_log_backend_serial.o(i.nrf_log_backend_init)
    nrf_log_backend_std_handler_get          0x000213ed   Thumb Code     4  nrf_log_backend_serial.o(i.nrf_log_backend_std_handler_get)
    nrf_log_blocking_backend_set             0x000213f5   Thumb Code     6  nrf_log_frontend.o(i.nrf_log_blocking_backend_set)
    nrf_log_frontend_dequeue                 0x000213fd   Thumb Code   298  nrf_log_frontend.o(i.nrf_log_frontend_dequeue)
    nrf_log_frontend_init                    0x0002152d   Thumb Code    16  nrf_log_frontend.o(i.nrf_log_frontend_init)
    nrf_log_frontend_std_0                   0x00021541   Thumb Code    68  nrf_log_frontend.o(i.nrf_log_frontend_std_0)
    nrf_log_frontend_std_1                   0x0002158d   Thumb Code    80  nrf_log_frontend.o(i.nrf_log_frontend_std_1)
    nrf_log_frontend_std_2                   0x000215e5   Thumb Code    96  nrf_log_frontend.o(i.nrf_log_frontend_std_2)
    nrf_log_handlers_set                     0x0002164d   Thumb Code    10  nrf_log_frontend.o(i.nrf_log_handlers_set)
    nrf_log_init                             0x0002165d   Thumb Code    36  nrf_log_frontend.o(i.nrf_log_init)
    read_fifo                                0x00021779   Thumb Code    58  util.o(i.read_fifo)
    spi_app_init                             0x00021879   Thumb Code   196  util.o(i.spi_app_init)
    spi_handler                              0x00021989   Thumb Code   462  util.o(i.spi_handler)
    spis_event_handler                       0x00021c71   Thumb Code    34  util.o(i.spis_event_handler)
    timer_led_event_handler                  0x00021da5   Thumb Code    18  util.o(i.timer_led_event_handler)
    tx_clear                                 0x00021f5d   Thumb Code    16  util.o(i.tx_clear)
    tx_set                                   0x00021f89   Thumb Code    18  util.o(i.tx_set)
    TIMER                                    0x000221cc   Data           8  util.o(.constdata)
    __ctype_table                            0x00022240   Data         129  ctype_o.o(.constdata)
    Region$$Table$$Base                      0x000222d4   Number         0  anon$$obj.o(Region$$Table)
    Region$$Table$$Limit                     0x000222f4   Number         0  anon$$obj.o(Region$$Table)
    Image$$RW_IRAM1$$Base                    0x20002128   Number         0  anon$$obj.o ABSOLUTE
    syn                                      0x20002128   Data           1  util.o(.data)
    timer_                                   0x20002129   Data           1  util.o(.data)
    command                                  0x2000212a   Data           1  util.o(.data)
    data                                     0x20002133   Data           4  buttjob.o(.data)
    SystemCoreClock                          0x2000217c   Data           4  system_nrf52.o(.data)
    __microlib_freelist                      0x20002180   Data           4  mvars.o(.data)
    __microlib_freelist_initialised          0x20002184   Data           4  mvars.o(.data)
    d_list                                   0x20002188   Data          12  util.o(.bss)
    nrf_nvic_state                           0x20002244   Data          12  app_util_platform.o(.bss)
    __heap_base                              0x20002768   Data           0  arm_startup_nrf52.o(HEAP)
    __heap_limit                             0x20004768   Data           0  arm_startup_nrf52.o(HEAP)
    __initial_sp                             0x20006768   Data           0  arm_startup_nrf52.o(STACK)



==============================================================================

Memory Map of the image

  Image Entry point : 0x0001f401

  Load Region LR_IROM1 (Base: 0x0001f000, Size: 0x00003354, Max: 0x00061000, ABSOLUTE)

    Execution Region ER_IROM1 (Base: 0x0001f000, Size: 0x000032f4, Max: 0x00061000, ABSOLUTE)

    Base Addr    Size         Type   Attr      Idx    E Section Name        Object

    0x0001f000   0x00000400   Data   RO         3388    RESET               arm_startup_nrf52.o
    0x0001f400   0x00000000   Code   RO         3429  * .ARM.Collect$$$$00000000  mc_w.l(entry.o)
    0x0001f400   0x00000004   Code   RO         3759    .ARM.Collect$$$$00000001  mc_w.l(entry2.o)
    0x0001f404   0x00000004   Code   RO         3762    .ARM.Collect$$$$00000004  mc_w.l(entry5.o)
    0x0001f408   0x00000000   Code   RO         3764    .ARM.Collect$$$$00000008  mc_w.l(entry7b.o)
    0x0001f408   0x00000000   Code   RO         3766    .ARM.Collect$$$$0000000A  mc_w.l(entry8b.o)
    0x0001f408   0x00000008   Code   RO         3767    .ARM.Collect$$$$0000000B  mc_w.l(entry9a.o)
    0x0001f410   0x00000000   Code   RO         3769    .ARM.Collect$$$$0000000D  mc_w.l(entry10a.o)
    0x0001f410   0x00000000   Code   RO         3771    .ARM.Collect$$$$0000000F  mc_w.l(entry11a.o)
    0x0001f410   0x00000004   Code   RO         3760    .ARM.Collect$$$$00002712  mc_w.l(entry2.o)
    0x0001f414   0x00000024   Code   RO         3389    .text               arm_startup_nrf52.o
    0x0001f438   0x00000008   Code   RO         3432    .text               mc_w.l(ctype_o.o)
    0x0001f440   0x00000024   Code   RO         3460    .text               mc_w.l(memcpya.o)
    0x0001f464   0x0000000e   Code   RO         3464    .text               mc_w.l(strlen.o)
    0x0001f472   0x00000062   Code   RO         3775    .text               mc_w.l(uldiv.o)
    0x0001f4d4   0x00000024   Code   RO         3790    .text               mc_w.l(init.o)
    0x0001f4f8   0x0000001e   Code   RO         3792    .text               mc_w.l(llshl.o)
    0x0001f516   0x00000020   Code   RO         3794    .text               mc_w.l(llushr.o)
    0x0001f536   0x00000002   PAD
    0x0001f538   0x00000174   Code   RO         1429    i.GPIOTE_IRQHandler  nrf_drv_gpiote.o
    0x0001f6ac   0x00000016   Code   RO         2310    i.NVIC_ClearPendingIRQ  app_timer.o
    0x0001f6c2   0x00000016   Code   RO         2311    i.NVIC_EnableIRQ    app_timer.o
    0x0001f6d8   0x00000016   Code   RO         2312    i.NVIC_SetPendingIRQ  app_timer.o
    0x0001f6ee   0x00000002   PAD
    0x0001f6f0   0x00000058   Code   RO         1215    i.POWER_CLOCK_IRQHandler  nrf_drv_clock.o
    0x0001f748   0x00000024   Code   RO         2314    i.RTC1_IRQHandler   app_timer.o
    0x0001f76c   0x00000010   Code   RO         1904    i.SPIM1_SPIS1_TWIM1_TWIS1_SPI1_TWI1_IRQHandler  nrf_drv_spis.o
    0x0001f77c   0x00000004   Code   RO         2315    i.SWI0_EGU0_IRQHandler  app_timer.o
    0x0001f780   0x00000024   Code   RO         3180    i.SWI2_EGU2_IRQHandler  softdevice_handler.o
    0x0001f7a4   0x0000003c   Code   RO          401    i.SynHandler        util.o
    0x0001f7e0   0x0000029c   Code   RO         3397    i.SystemInit        system_nrf52.o
    0x0001fa7c   0x0000004c   Code   RO         1997    i.TIMER0_IRQHandler  nrf_drv_timer.o
    0x0001fac8   0x0000001c   Code   RO         1672    i.UARTE0_UART0_IRQHandler  nrf_drv_uart.o
    0x0001fae4   0x00000030   Code   RO         3678    i.__0snprintf$8     mc_w.l(printf8.o)
    0x0001fb14   0x0000000e   Code   RO         3802    i.__scatterload_copy  mc_w.l(handlers.o)
    0x0001fb22   0x00000002   Code   RO         3803    i.__scatterload_null  mc_w.l(handlers.o)
    0x0001fb24   0x0000000e   Code   RO         3804    i.__scatterload_zeroinit  mc_w.l(handlers.o)
    0x0001fb32   0x00000002   PAD
    0x0001fb34   0x00000410   Code   RO         3684    i._printf_core      mc_w.l(printf8.o)
    0x0001ff44   0x00000024   Code   RO         3685    i._printf_post_padding  mc_w.l(printf8.o)
    0x0001ff68   0x0000002e   Code   RO         3686    i._printf_pre_padding  mc_w.l(printf8.o)
    0x0001ff96   0x00000016   Code   RO         3687    i._snputc           mc_w.l(printf8.o)
    0x0001ffac   0x00000030   Code   RO          402    i.add_fifo          util.o
    0x0001ffdc   0x00000050   Code   RO         2209    i.app_error_fault_handler  app_error_weak.o
    0x0002002c   0x00000016   Code   RO         2167    i.app_error_handler_bare  app_error.o
    0x00020042   0x00000002   PAD
    0x00020044   0x00000048   Code   RO         2536    i.app_util_critical_region_enter  app_util_platform.o
    0x0002008c   0x00000034   Code   RO         2537    i.app_util_critical_region_exit  app_util_platform.o
    0x000200c0   0x000000b8   Code   RO         1673    i.apply_config      nrf_drv_uart.o
    0x00020178   0x00000012   Code   RO         2796    i.buf_len_update    nrf_log_backend_serial.o
    0x0002018a   0x00000002   PAD
    0x0002018c   0x00000068   Code   RO         2891    i.buf_prealloc      nrf_log_frontend.o
    0x000201f4   0x00000014   Code   RO         2892    i.buffer_is_empty   nrf_log_frontend.o
    0x00020208   0x00000050   Code   RO          516    i.butt_handler      buttjob.o
    0x00020258   0x00000030   Code   RO          517    i.butt_init         buttjob.o
    0x00020288   0x0000001c   Code   RO         1430    i.channel_free      nrf_drv_gpiote.o
    0x000202a4   0x00000048   Code   RO         1431    i.channel_port_alloc  nrf_drv_gpiote.o
    0x000202ec   0x00000010   Code   RO         1432    i.channel_port_get  nrf_drv_gpiote.o
    0x000202fc   0x00000028   Code   RO         1216    i.clock_clk_started_notify  nrf_drv_clock.o
    0x00020324   0x000000ac   Code   RO         2323    i.compare_reg_update  app_timer.o
    0x000203d0   0x00000040   Code   RO         2324    i.elapsed_ticks_acquire  app_timer.o
    0x00020410   0x00000020   Code   RO          403    i.fifo_init         util.o
    0x00020430   0x00000078   Code   RO         3182    i.intern_softdevice_events_execute  softdevice_handler.o
    0x000204a8   0x00000078   Code   RO         1674    i.interrupts_enable  nrf_drv_uart.o
    0x00020520   0x000000a8   Code   RO         2325    i.list_deletions_handler  app_timer.o
    0x000205c8   0x000000b8   Code   RO         2326    i.list_insertions_handler  app_timer.o
    0x00020680   0x00000022   Code   RO            4    i.main              main.o
    0x000206a2   0x00000002   PAD
    0x000206a4   0x0000006c   Code   RO         3732    i.malloc            mc_w.l(malloc.o)
    0x00020710   0x00000010   Code   RO         1433    i.nrf_bitmask_bit_is_set  nrf_drv_gpiote.o
    0x00020720   0x0000000e   Code   RO         1220    i.nrf_clock_event_check  nrf_drv_clock.o
    0x0002072e   0x00000010   Code   RO         1221    i.nrf_clock_event_clear  nrf_drv_clock.o
    0x0002073e   0x00000002   PAD
    0x00020740   0x0000008c   Code   RO          404    i.nrf_delay_us      util.o
    0x000207cc   0x0000008c   Code   RO         2327    i.nrf_delay_us      app_timer.o
    0x00020858   0x0000000a   Code   RO         1236    i.nrf_drv_clock_on_soc_event  nrf_drv_clock.o
    0x00020862   0x00000016   Code   RO         1675    i.nrf_drv_common_irq_disable  nrf_drv_uart.o
    0x00020878   0x00000038   Code   RO         1383    i.nrf_drv_common_irq_enable  nrf_drv_common.o
    0x000208b0   0x00000006   Code   RO         1676    i.nrf_drv_get_IRQn  nrf_drv_uart.o
    0x000208b6   0x00000002   PAD
    0x000208b8   0x000000a4   Code   RO         1438    i.nrf_drv_gpiote_in_event_enable  nrf_drv_gpiote.o
    0x0002095c   0x000000b8   Code   RO         1439    i.nrf_drv_gpiote_in_init  nrf_drv_gpiote.o
    0x00020a14   0x00000014   Code   RO         1440    i.nrf_drv_gpiote_in_is_set  nrf_drv_gpiote.o
    0x00020a28   0x0000005c   Code   RO         1442    i.nrf_drv_gpiote_init  nrf_drv_gpiote.o
    0x00020a84   0x0000000e   Code   RO         1444    i.nrf_drv_gpiote_out_clear  nrf_drv_gpiote.o
    0x00020a92   0x00000002   PAD
    0x00020a94   0x000000b8   Code   RO         1445    i.nrf_drv_gpiote_out_init  nrf_drv_gpiote.o
    0x00020b4c   0x0000000e   Code   RO         1446    i.nrf_drv_gpiote_out_set  nrf_drv_gpiote.o
    0x00020b5a   0x00000010   Code   RO         1677    i.nrf_drv_is_in_RAM  nrf_drv_uart.o
    0x00020b6a   0x00000010   Code   RO         1905    i.nrf_drv_is_in_RAM  nrf_drv_spis.o
    0x00020b7a   0x00000002   PAD
    0x00020b7c   0x00000074   Code   RO         1906    i.nrf_drv_spis_buffers_set  nrf_drv_spis.o
    0x00020bf0   0x00000150   Code   RO         1907    i.nrf_drv_spis_init  nrf_drv_spis.o
    0x00020d40   0x00000022   Code   RO         2000    i.nrf_drv_timer_compare  nrf_drv_timer.o
    0x00020d62   0x00000002   PAD
    0x00020d64   0x0000001c   Code   RO         2004    i.nrf_drv_timer_enable  nrf_drv_timer.o
    0x00020d80   0x0000002a   Code   RO         2005    i.nrf_drv_timer_extended_compare  nrf_drv_timer.o
    0x00020daa   0x00000002   PAD
    0x00020dac   0x00000090   Code   RO         2007    i.nrf_drv_timer_init  nrf_drv_timer.o
    0x00020e3c   0x00000068   Code   RO         1679    i.nrf_drv_uart_init  nrf_drv_uart.o
    0x00020ea4   0x0000010c   Code   RO         1686    i.nrf_drv_uart_tx   nrf_drv_uart.o
    0x00020fb0   0x00000018   Code   RO         1688    i.nrf_drv_uart_tx_in_progress  nrf_drv_uart.o
    0x00020fc8   0x00000054   Code   RO         1689    i.nrf_drv_uart_uninit  nrf_drv_uart.o
    0x0002101c   0x00000024   Code   RO         1457    i.nrf_gpio_cfg      nrf_drv_gpiote.o
    0x00021040   0x00000024   Code   RO         1690    i.nrf_gpio_cfg      nrf_drv_uart.o
    0x00021064   0x00000024   Code   RO         1909    i.nrf_gpio_cfg      nrf_drv_spis.o
    0x00021088   0x00000012   Code   RO         1691    i.nrf_gpio_cfg_default  nrf_drv_uart.o
    0x0002109a   0x00000012   Code   RO         1692    i.nrf_gpio_cfg_input  nrf_drv_uart.o
    0x000210ac   0x00000014   Code   RO         1693    i.nrf_gpio_cfg_output  nrf_drv_uart.o
    0x000210c0   0x00000022   Code   RO         1459    i.nrf_gpio_cfg_sense_set  nrf_drv_gpiote.o
    0x000210e2   0x00000002   PAD
    0x000210e4   0x00000028   Code   RO         1460    i.nrf_gpio_ports_read  nrf_drv_gpiote.o
    0x0002110c   0x00000014   Code   RO         1461    i.nrf_gpiote_event_clear  nrf_drv_gpiote.o
    0x00021120   0x00000010   Code   RO         1462    i.nrf_gpiote_event_is_set  nrf_drv_gpiote.o
    0x00021130   0x00000008   Code   RO         2798    i.nrf_log_backend_hexdump_handler_get  nrf_log_backend_serial.o
    0x00021138   0x00000070   Code   RO         2799    i.nrf_log_backend_init  nrf_log_backend_serial.o
    0x000211a8   0x0000012e   Code   RO         2800    i.nrf_log_backend_serial_hexdump_handler  nrf_log_backend_serial.o
    0x000212d6   0x00000114   Code   RO         2801    i.nrf_log_backend_serial_std_handler  nrf_log_backend_serial.o
    0x000213ea   0x00000002   PAD
    0x000213ec   0x00000008   Code   RO         2802    i.nrf_log_backend_std_handler_get  nrf_log_backend_serial.o
    0x000213f4   0x00000006   Code   RO         2894    i.nrf_log_blocking_backend_set  nrf_log_frontend.o
    0x000213fa   0x00000002   PAD
    0x000213fc   0x00000130   Code   RO         2895    i.nrf_log_frontend_dequeue  nrf_log_frontend.o
    0x0002152c   0x00000014   Code   RO         2897    i.nrf_log_frontend_init  nrf_log_frontend.o
    0x00021540   0x0000004c   Code   RO         2898    i.nrf_log_frontend_std_0  nrf_log_frontend.o
    0x0002158c   0x00000058   Code   RO         2899    i.nrf_log_frontend_std_1  nrf_log_frontend.o
    0x000215e4   0x00000068   Code   RO         2900    i.nrf_log_frontend_std_2  nrf_log_frontend.o
    0x0002164c   0x00000010   Code   RO         2906    i.nrf_log_handlers_set  nrf_log_frontend.o
    0x0002165c   0x00000024   Code   RO         2907    i.nrf_log_init      nrf_log_frontend.o
    0x00021680   0x0000000a   Code   RO         1910    i.nrf_spis_event_check  nrf_drv_spis.o
    0x0002168a   0x0000000c   Code   RO         1911    i.nrf_spis_event_clear  nrf_drv_spis.o
    0x00021696   0x0000000a   Code   RO         1694    i.nrf_uart_event_check  nrf_drv_uart.o
    0x000216a0   0x0000000c   Code   RO         1695    i.nrf_uart_event_clear  nrf_drv_uart.o
    0x000216ac   0x0000000c   Code   RO         1696    i.nrf_uart_int_enable_check  nrf_drv_uart.o
    0x000216b8   0x0000000a   Code   RO         1697    i.nrf_uarte_event_check  nrf_drv_uart.o
    0x000216c2   0x0000000c   Code   RO         1698    i.nrf_uarte_event_clear  nrf_drv_uart.o
    0x000216ce   0x00000002   PAD
    0x000216d0   0x00000018   Code   RO         1463    i.pin_in_use_by_port  nrf_drv_gpiote.o
    0x000216e8   0x00000018   Code   RO         1464    i.pin_in_use_by_te  nrf_drv_gpiote.o
    0x00021700   0x00000078   Code   RO         1699    i.pins_to_default   nrf_drv_uart.o
    0x00021778   0x00000040   Code   RO          405    i.read_fifo         util.o
    0x000217b8   0x0000003c   Code   RO         2328    i.rtc1_stop         app_timer.o
    0x000217f4   0x00000032   Code   RO         1700    i.rx_byte           nrf_drv_uart.o
    0x00021826   0x00000018   Code   RO         1701    i.rx_done_event     nrf_drv_uart.o
    0x0002183e   0x00000002   PAD
    0x00021840   0x0000000c   Code   RO         2803    i.serial_is_busy    nrf_log_backend_serial.o
    0x0002184c   0x0000002c   Code   RO         2804    i.serial_tx         nrf_log_backend_serial.o
    0x00021878   0x00000110   Code   RO          406    i.spi_app_init      util.o
    0x00021988   0x000002e8   Code   RO          407    i.spi_handler       util.o
    0x00021c70   0x00000058   Code   RO          408    i.spis_event_handler  util.o
    0x00021cc8   0x00000078   Code   RO         1912    i.spis_irq_handler  nrf_drv_spis.o
    0x00021d40   0x00000006   Code   RO         1913    i.spis_state_change  nrf_drv_spis.o
    0x00021d46   0x0000005e   Code   RO         1914    i.spis_state_entry_action_execute  nrf_drv_spis.o
    0x00021da4   0x00000018   Code   RO          409    i.timer_led_event_handler  util.o
    0x00021dbc   0x0000008c   Code   RO         2329    i.timer_list_handler  app_timer.o
    0x00021e48   0x0000003c   Code   RO         2330    i.timer_list_insert  app_timer.o
    0x00021e84   0x00000084   Code   RO         2332    i.timer_timeouts_check  app_timer.o
    0x00021f08   0x00000034   Code   RO         2805    i.timestamp_process  nrf_log_backend_serial.o
    0x00021f3c   0x00000020   Code   RO         1703    i.tx_byte           nrf_drv_uart.o
    0x00021f5c   0x00000010   Code   RO          410    i.tx_clear          util.o
    0x00021f6c   0x0000001c   Code   RO         1704    i.tx_done_event     nrf_drv_uart.o
    0x00021f88   0x00000012   Code   RO          411    i.tx_set            util.o
    0x00021f9a   0x00000002   PAD
    0x00021f9c   0x00000010   Code   RO         2806    i.uart_event_handler  nrf_log_backend_serial.o
    0x00021fac   0x0000011e   Code   RO         1705    i.uart_irq_handler  nrf_drv_uart.o
    0x000220ca   0x000000f0   Code   RO         1706    i.uarte_irq_handler  nrf_drv_uart.o
    0x000221ba   0x00000002   PAD
    0x000221bc   0x00000038   Data   RO          413    .constdata          util.o
    0x000221f4   0x00000004   Data   RO          518    .constdata          buttjob.o
    0x000221f8   0x00000004   Data   RO         1466    .constdata          nrf_drv_gpiote.o
    0x000221fc   0x00000020   Data   RO         2809    .constdata          nrf_log_backend_serial.o
    0x0002221c   0x00000024   Data   RO         2910    .constdata          nrf_log_frontend.o
    0x00022240   0x00000081   Data   RO         3433    .constdata          mc_w.l(ctype_o.o)
    0x000222c1   0x00000003   PAD
    0x000222c4   0x00000004   Data   RO         3434    .constdata          mc_w.l(ctype_o.o)
    0x000222c8   0x0000000b   Data   RO         2911    .conststring        nrf_log_frontend.o
    0x000222d3   0x00000001   PAD
    0x000222d4   0x00000020   Data   RO         3800    Region$$Table       anon$$obj.o


    Execution Region RW_IRAM1 (Base: 0x20002128, Size: 0x00004640, Max: 0x0000ded8, ABSOLUTE)

    Base Addr    Size         Type   Attr      Idx    E Section Name        Object

    0x20002128   0x0000000b   Data   RW          414    .data               util.o
    0x20002133   0x00000004   Data   RW          519    .data               buttjob.o
    0x20002137   0x00000001   PAD
    0x20002138   0x00000020   Data   RW         2334    .data               app_timer.o
    0x20002158   0x0000000c   Data   RW         2810    .data               nrf_log_backend_serial.o
    0x20002164   0x00000004   Data   RW         2912    .data               nrf_log_frontend.o
    0x20002168   0x00000014   Data   RW         3198    .data               softdevice_handler.o
    0x2000217c   0x00000004   Data   RW         3398    .data               system_nrf52.o
    0x20002180   0x00000004   Data   RW         3777    .data               mc_w.l(mvars.o)
    0x20002184   0x00000004   Data   RW         3778    .data               mc_w.l(mvars.o)
    0x20002188   0x0000000c   Zero   RW          412    .bss                util.o
    0x20002194   0x00000014   Zero   RW         1238    .bss                nrf_drv_clock.o
    0x200021a8   0x00000058   Zero   RW         1465    .bss                nrf_drv_gpiote.o
    0x20002200   0x00000020   Zero   RW         1707    .bss                nrf_drv_uart.o
    0x20002220   0x00000018   Zero   RW         1915    .bss                nrf_drv_spis.o
    0x20002238   0x0000000c   Zero   RW         2011    .bss                nrf_drv_timer.o
    0x20002244   0x0000000c   Zero   RW         2540    .bss                app_util_platform.o
    0x20002250   0x00000100   Zero   RW         2807    .bss                nrf_log_backend_serial.o
    0x20002350   0x00000418   Zero   RW         2909    .bss                nrf_log_frontend.o
    0x20002768   0x00002000   Zero   RW         3387    HEAP                arm_startup_nrf52.o
    0x20004768   0x00002000   Zero   RW         3386    STACK               arm_startup_nrf52.o


==============================================================================

Image component sizes


      Code (inc. data)   RO Data    RW Data    ZI Data      Debug   Object Name

        22          0          0          0          0       2245   app_error.o
        80         34          0          0          0      27373   app_error_weak.o
      1226         76          0         32          0      42020   app_timer.o
         0          0          0          0          0       5880   app_uart_fifo.o
       124         14          0          0         12       9542   app_util_platform.o
        36          8       1024          0      16384        896   arm_startup_nrf52.o
       128         54          4          4          0       2388   buttjob.o
        34          0          0          0          0      46362   main.o
       168         10          0          0         20       9446   nrf_drv_clock.o
        56          0          0          0          0      27559   nrf_drv_common.o
      1370         92          4          0         88      33397   nrf_drv_gpiote.o
       762         16          0          0         24      22674   nrf_drv_spis.o
       324         18          0          0         12      16715   nrf_drv_timer.o
      1784         60          0          0         32      67575   nrf_drv_uart.o
       848         56         32         12        256      11291   nrf_log_backend_serial.o
       774         56         47          4       1048      12465   nrf_log_frontend.o
       156         10          0         20          0      46798   softdevice_handler.o
       668         58          0          4          0       2655   system_nrf52.o
      1506        470         56         11         12      23124   util.o

    ----------------------------------------------------------------------
     10100       1032       1200         88      17888     410405   Object Totals
         0          0         32          0          0          0   (incl. Generated)
        34          0          1          1          0          0   (incl. Padding)

    ----------------------------------------------------------------------

      Code (inc. data)   RO Data    RW Data    ZI Data      Debug   Library Member Name

         8          4        133          0          0         68   ctype_o.o
         0          0          0          0          0          0   entry.o
         0          0          0          0          0          0   entry10a.o
         0          0          0          0          0          0   entry11a.o
         8          4          0          0          0          0   entry2.o
         4          0          0          0          0          0   entry5.o
         0          0          0          0          0          0   entry7b.o
         0          0          0          0          0          0   entry8b.o
         8          4          0          0          0          0   entry9a.o
        30          0          0          0          0          0   handlers.o
        36          8          0          0          0         68   init.o
        30          0          0          0          0         68   llshl.o
        32          0          0          0          0         68   llushr.o
       108         16          0          0          0         84   malloc.o
        36          0          0          0          0         68   memcpya.o
         0          0          0          8          0          0   mvars.o
      1192         48          0          0          0        420   printf8.o
        14          0          0          0          0         68   strlen.o
        98          0          0          0          0         92   uldiv.o

    ----------------------------------------------------------------------
      1608         84        136          8          0       1004   Library Totals
         4          0          3          0          0          0   (incl. Padding)

    ----------------------------------------------------------------------

      Code (inc. data)   RO Data    RW Data    ZI Data      Debug   Library Name

      1604         84        133          8          0       1004   mc_w.l

    ----------------------------------------------------------------------
      1608         84        136          8          0       1004   Library Totals

    ----------------------------------------------------------------------

==============================================================================


      Code (inc. data)   RO Data    RW Data    ZI Data      Debug   

     11708       1116       1336         96      17888     399697   Grand Totals
     11708       1116       1336         96      17888     399697   ELF Image Totals
     11708       1116       1336         96          0          0   ROM Totals

==============================================================================

    Total RO  Size (Code + RO Data)                13044 (  12.74kB)
    Total RW  Size (RW Data + ZI Data)             17984 (  17.56kB)
    Total ROM Size (Code + RO Data + RW Data)      13140 (  12.83kB)

==============================================================================

