<html>
<body>
<pre>
<h1>µVision Build Log</h1>
<h2>Tool Versions:</h2>
IDE-Version: µVision V5.23.0.0
Copyright (C) 2017 ARM Ltd and ARM Germany GmbH. All rights reserved.
License Information: Are Nikolai Jevne, UiA, LIC=----
 
Tool Versions:
Toolchain:       MDK-Lite  Version: 5.23
Toolchain Path:  C:\Keil_v5\ARM\ARMCC\Bin
C Compiler:      Armcc.exe V5.06 update 4 (build 422)
Assembler:       Armasm.exe V5.06 update 4 (build 422)
Linker/Locator:  ArmLink.exe V5.06 update 4 (build 422)
Library Manager: ArmAr.exe V5.06 update 4 (build 422)
Hex Converter:   FromElf.exe V5.06 update 4 (build 422)
CPU DLL:         
Dialog DLL:      
Target DLL:      Segger\JL2CM3.dll V2.99.23.0
Dialog DLL:      TCM.DLL V1.27.0.0
 
<h2>Project:</h2>
C:\school\Ele217\WeatherStationUiA\BLESide\ble_app_uart\pca10040\s132\arm5_no_packs\ble_app_uart_pca10040_s132.uvprojx
Project File Date:  04/28/2017

<h2>Output:</h2>
*** Using Compiler 'V5.06 update 4 (build 422)', folder: 'C:\Keil_v5\ARM\ARMCC\Bin'
Build target 'nrf52832_xxaa'
compiling boards.c...
compiling bsp_btn_ble.c...
compiling bsp.c...
compiling main.c...
compiling BLEFunctions.c...
BLEFunctions.c(525): warning:  #550-D: variable "err_code"  was set but never used
  	  uint32_t err_code;
BLEFunctions.c(526): warning:  #177-D: variable "erase_bonds"  was declared but never referenced
      bool erase_bonds;
BLEFunctions.c: 2 warnings, 0 errors
compiling buttjob.c...
buttjob.c(24): warning:  #181-D: argument is incompatible with corresponding format string conversion
  	
print("send request data: %s\r\n", (uint32_t)data);
buttjob.c: 1 warning, 0 errors
compiling util.c...
util.c(47): warning:  #181-D: argument is incompatible with corresponding format string conversion
          
print(" Transfer completed. Received: %s\r\n",(uint32_t)m_rx_buf);
util.c(103): warning:  #188-D: enumerated type mixed with another type
  	  in_config.pull = 
PIO_PIN_CNF_PULL_Pullup;
util.c(177): warning:  #767-D: conversion from pointer to smaller integer
  			
print("sending data: %.3s\r\n", (uint8_t)m_tx_buf);
util.c(177): warning:  #181-D: argument is incompatible with corresponding format string conversion
  			
print("sending data: %.3s\r\n", (uint8_t)m_tx_buf);
util.c(192): warning:  #224-D: the format string requires additional arguments
  			
print("transfer done %s\r\n");
util.c: 5 warnings, 0 errors
compiling bsp_nfc.c...
compiling ble_advdata.c...
compiling ble_srv_common.c...
compiling ble_conn_params.c...
compiling ble_advertising.c...
compiling nrf_drv_common.c...
compiling ble_nus.c...
compiling nrf_drv_clock.c...
compiling nrf_drv_spis.c...
compiling nrf_drv_uart.c...
compiling nrf_drv_gpiote.c...
compiling app_button.c...
compiling app_error.c...
compiling nrf_drv_timer.c...
compiling app_error_weak.c...
compiling app_fifo.c...
compiling app_util_platform.c...
compiling fstorage.c...
compiling nrf_assert.c...
compiling hardfault_implementation.c...
compiling sdk_errors.c...
compiling app_timer.c...
compiling app_uart_fifo.c...
compiling nrf_log_backend_serial.c...
compiling nrf_log_frontend.c...
compiling retarget.c...
compiling SEGGER_RTT.c...
compiling softdevice_handler.c...
linking...
Program Size: Code=22084 RO-data=1264 RW-data=240 ZI-data=17352  
FromELF: creating hex file...
".\_build\nrf52832_xxaa.axf" - 0 Error(s), 8 Warning(s).

<h2>Software Packages used:</h2>

Package Vendor: ARM
                http://www.keil.com/pack/ARM.CMSIS.4.5.0.pack
                ARM::CMSIS:CORE:4.3.0
                CMSIS (Cortex Microcontroller Software Interface Standard)
   * Component: CORE Version: 4.3.0

Package Vendor: NordicSemiconductor
                http://developer.nordicsemi.com/nRF5_SDK/pieces/nRF_DeviceFamilyPack/NordicSemiconductor.nRF_DeviceFamilyPack.8.11.1.pack
                NordicSemiconductor::Device:Startup:8.11.1
                Nordic Semiconductor nRF ARM devices Device Family Pack.
   * Component: Startup Version: 8.11.1

<h2>Collection of Component include folders:</h2>
  .\RTE\_nrf52832_xxaa
  C:\Keil_v5\ARM\PACK\ARM\CMSIS\4.5.0\CMSIS\Include
  C:\Keil_v5\ARM\PACK\NordicSemiconductor\nRF_DeviceFamilyPack\8.11.1\Device\Include
  C:\Keil_v5\ARM\PACK\NordicSemiconductor\nRF_DeviceFamilyPack\8.12.0\Device\Include

<h2>Collection of Component Files used:</h2>

   * Component: ARM::CMSIS:CORE:4.3.0

   * Component: NordicSemiconductor::Device:Startup:8.11.1
      Source file:   Device\Source\system_nrf52.c
      Source file:   Device\Source\arm\arm_startup_nrf52.s
      Include file:  Device\Include\system_nrf52.h
Build Time Elapsed:  00:00:12
</pre>
</body>
</html>
