Component: ARM Compiler 5.06 update 3 (build 300) Tool: armlink [4d35c9]

==============================================================================

Section Cross References

    main.o(i.main) refers to nrf_log_frontend.o(i.nrf_log_init) for nrf_log_init
    main.o(i.main) refers to app_error.o(i.app_error_handler_bare) for app_error_handler_bare
    main.o(i.main) refers to util.o(i.spi_app_init) for spi_app_init
    main.o(i.main) refers to util.o(i.fifo_init) for fifo_init
    main.o(i.main) refers to util.o(i.add_fifo) for add_fifo
    main.o(i.main) refers to util.o(i.spi_handler) for spi_handler
    main.o(i.main) refers to util.o(.data) for command
    blefunctions.o(i.advertising_init) refers to memseta.o(.text) for __aeabi_memclr4
    blefunctions.o(i.advertising_init) refers to ble_advertising.o(i.ble_advertising_init) for ble_advertising_init
    blefunctions.o(i.advertising_init) refers to app_error.o(i.app_error_handler_bare) for app_error_handler_bare
    blefunctions.o(i.advertising_init) refers to blefunctions.o(.data) for .data
    blefunctions.o(i.advertising_init) refers to blefunctions.o(i.on_adv_evt) for on_adv_evt
    blefunctions.o(i.assert_nrf_callback) refers to app_error.o(i.app_error_handler) for app_error_handler
    blefunctions.o(i.ble_app_init) refers to app_timer.o(i.app_timer_init) for app_timer_init
    blefunctions.o(i.ble_app_init) refers to app_error.o(i.app_error_handler_bare) for app_error_handler_bare
    blefunctions.o(i.ble_app_init) refers to blefunctions.o(i.uart_init) for uart_init
    blefunctions.o(i.ble_app_init) refers to blefunctions.o(i.buttons_leds_init) for buttons_leds_init
    blefunctions.o(i.ble_app_init) refers to blefunctions.o(i.ble_stack_init) for ble_stack_init
    blefunctions.o(i.ble_app_init) refers to blefunctions.o(i.gap_params_init) for gap_params_init
    blefunctions.o(i.ble_app_init) refers to blefunctions.o(i.services_init) for services_init
    blefunctions.o(i.ble_app_init) refers to blefunctions.o(i.advertising_init) for advertising_init
    blefunctions.o(i.ble_app_init) refers to blefunctions.o(i.conn_params_init) for conn_params_init
    blefunctions.o(i.ble_app_init) refers to printf8.o(i.__0printf$8) for __2printf
    blefunctions.o(i.ble_app_init) refers to ble_advertising.o(i.ble_advertising_start) for ble_advertising_start
    blefunctions.o(i.ble_app_init) refers to blefunctions.o(.bss) for .bss
    blefunctions.o(i.ble_evt_dispatch) refers to ble_conn_params.o(i.ble_conn_params_on_ble_evt) for ble_conn_params_on_ble_evt
    blefunctions.o(i.ble_evt_dispatch) refers to ble_nus.o(i.ble_nus_on_ble_evt) for ble_nus_on_ble_evt
    blefunctions.o(i.ble_evt_dispatch) refers to blefunctions.o(i.on_ble_evt) for on_ble_evt
    blefunctions.o(i.ble_evt_dispatch) refers to ble_advertising.o(i.ble_advertising_on_ble_evt) for ble_advertising_on_ble_evt
    blefunctions.o(i.ble_evt_dispatch) refers to bsp_btn_ble.o(i.bsp_btn_ble_on_ble_evt) for bsp_btn_ble_on_ble_evt
    blefunctions.o(i.ble_evt_dispatch) refers to blefunctions.o(.bss) for .bss
    blefunctions.o(i.ble_stack_init) refers to softdevice_handler.o(i.softdevice_handler_init) for softdevice_handler_init
    blefunctions.o(i.ble_stack_init) refers to app_error.o(i.app_error_handler_bare) for app_error_handler_bare
    blefunctions.o(i.ble_stack_init) refers to softdevice_handler.o(i.softdevice_enable_get_default_config) for softdevice_enable_get_default_config
    blefunctions.o(i.ble_stack_init) refers to softdevice_handler.o(i.softdevice_enable) for softdevice_enable
    blefunctions.o(i.ble_stack_init) refers to softdevice_handler.o(i.softdevice_ble_evt_handler_set) for softdevice_ble_evt_handler_set
    blefunctions.o(i.ble_stack_init) refers to blefunctions.o(.constdata) for .constdata
    blefunctions.o(i.ble_stack_init) refers to blefunctions.o(.bss) for .bss
    blefunctions.o(i.ble_stack_init) refers to blefunctions.o(i.ble_evt_dispatch) for ble_evt_dispatch
    blefunctions.o(i.bsp_event_handler) refers to blefunctions.o(i.sleep_mode_enter) for sleep_mode_enter
    blefunctions.o(i.bsp_event_handler) refers to app_error.o(i.app_error_handler_bare) for app_error_handler_bare
    blefunctions.o(i.bsp_event_handler) refers to ble_advertising.o(i.ble_advertising_restart_without_whitelist) for ble_advertising_restart_without_whitelist
    blefunctions.o(i.bsp_event_handler) refers to blefunctions.o(.data) for .data
    blefunctions.o(i.buttons_leds_init) refers to bsp.o(i.bsp_init) for bsp_init
    blefunctions.o(i.buttons_leds_init) refers to app_error.o(i.app_error_handler_bare) for app_error_handler_bare
    blefunctions.o(i.buttons_leds_init) refers to bsp_btn_ble.o(i.bsp_btn_ble_init) for bsp_btn_ble_init
    blefunctions.o(i.buttons_leds_init) refers to blefunctions.o(i.bsp_event_handler) for bsp_event_handler
    blefunctions.o(i.conn_params_error_handler) refers to app_error.o(i.app_error_handler_bare) for app_error_handler_bare
[...]
    Removing fstorage.o(i.fs_init), (176 bytes).
    Removing fstorage.o(i.fs_queue_is_empty), (20 bytes).
    Removing fstorage.o(i.fs_queue_is_full), (20 bytes).
    Removing fstorage.o(i.fs_queued_op_count_get), (20 bytes).
    Removing fstorage.o(i.fs_store), (128 bytes).
    Removing fstorage.o(i.fs_sys_event_handler), (104 bytes).
    Removing fstorage.o(i.on_operation_success), (84 bytes).
    Removing fstorage.o(i.queue_advance), (44 bytes).
    Removing fstorage.o(i.queue_get_next_free), (56 bytes).
    Removing fstorage.o(i.queue_process), (112 bytes).
    Removing fstorage.o(i.queue_start), (28 bytes).
    Removing fstorage.o(i.send_event), (76 bytes).
    Removing fstorage.o(.bss), (104 bytes).
    Removing fstorage.o(.data), (2 bytes).
    Removing hardfault_implementation.o(.rev16_text), (4 bytes).
    Removing hardfault_implementation.o(.revsh_text), (4 bytes).
    Removing hardfault_implementation.o(.rrx_text), (6 bytes).
    Removing nrf_assert.o(.rev16_text), (4 bytes).
    Removing nrf_assert.o(.revsh_text), (4 bytes).
    Removing nrf_assert.o(.rrx_text), (6 bytes).
    Removing nrf_assert.o(i.assert_nrf_callback), (22 bytes).
    Removing retarget.o(.rev16_text), (4 bytes).
    Removing retarget.o(.revsh_text), (4 bytes).
    Removing retarget.o(.rrx_text), (6 bytes).
    Removing retarget.o(i.fgetc), (18 bytes).
    Removing retarget.o(i.fputc), (14 bytes).
    Removing retarget.o(.data), (4 bytes).
    Removing retarget.o(.data), (4 bytes).
    Removing sdk_errors.o(.conststring), (403 bytes).
    Removing sdk_errors.o(.conststring), (282 bytes).
    Removing sdk_errors.o(.conststring), (88 bytes).
    Removing sdk_errors.o(.data), (72 bytes).
    Removing sdk_errors.o(.data), (36 bytes).
    Removing sdk_errors.o(.data), (12 bytes).
    Removing nrf_log_backend_serial.o(.rev16_text), (4 bytes).
    Removing nrf_log_backend_serial.o(.revsh_text), (4 bytes).
    Removing nrf_log_backend_serial.o(.rrx_text), (6 bytes).
    Removing nrf_log_backend_serial.o(i.nrf_log_backend_getchar), (52 bytes).
    Removing nrf_log_backend_serial.o(.constdata), (5 bytes).
    Removing nrf_log_frontend.o(.rev16_text), (4 bytes).
    Removing nrf_log_frontend.o(.revsh_text), (4 bytes).
    Removing nrf_log_frontend.o(.rrx_text), (6 bytes).
    Removing nrf_log_frontend.o(i.cont_buf_prealloc), (124 bytes).
    Removing nrf_log_frontend.o(i.nrf_log_frontend_hexdump), (144 bytes).
    Removing nrf_log_frontend.o(i.nrf_log_frontend_std_2), (104 bytes).
    Removing nrf_log_frontend.o(i.nrf_log_frontend_std_3), (124 bytes).
    Removing nrf_log_frontend.o(i.nrf_log_frontend_std_4), (136 bytes).
    Removing nrf_log_frontend.o(i.nrf_log_frontend_std_5), (152 bytes).
    Removing nrf_log_frontend.o(i.nrf_log_frontend_std_6), (164 bytes).
    Removing nrf_log_frontend.o(i.nrf_log_getchar), (4 bytes).
    Removing nrf_log_frontend.o(i.nrf_log_push), (96 bytes).
    Removing segger_rtt.o(.rev16_text), (4 bytes).
    Removing segger_rtt.o(.revsh_text), (4 bytes).
    Removing segger_rtt.o(.rrx_text), (6 bytes).
    Removing segger_rtt.o(i.SEGGER_RTT_ConfigDownBuffer), (100 bytes).
    Removing segger_rtt.o(i.SEGGER_RTT_ConfigUpBuffer), (100 bytes).
    Removing segger_rtt.o(i.SEGGER_RTT_GetKey), (28 bytes).
    Removing segger_rtt.o(i.SEGGER_RTT_HasData), (24 bytes).
    Removing segger_rtt.o(i.SEGGER_RTT_HasKey), (32 bytes).
    Removing segger_rtt.o(i.SEGGER_RTT_Init), (20 bytes).
    Removing segger_rtt.o(i.SEGGER_RTT_Read), (46 bytes).
    Removing segger_rtt.o(i.SEGGER_RTT_ReadNoLock), (124 bytes).
    Removing segger_rtt.o(i.SEGGER_RTT_SetNameDownBuffer), (68 bytes).
    Removing segger_rtt.o(i.SEGGER_RTT_SetNameUpBuffer), (68 bytes).
    Removing segger_rtt.o(i.SEGGER_RTT_SetTerminal), (140 bytes).
    Removing segger_rtt.o(i.SEGGER_RTT_TerminalOut), (180 bytes).
    Removing segger_rtt.o(i.SEGGER_RTT_WaitKey), (14 bytes).
    Removing segger_rtt.o(i.SEGGER_RTT_Write), (60 bytes).
    Removing segger_rtt.o(i.SEGGER_RTT_WriteNoLock), (92 bytes).
    Removing segger_rtt.o(i.SEGGER_RTT_WriteSkipNoLock), (116 bytes).
    Removing segger_rtt.o(i.SEGGER_RTT_WriteString), (26 bytes).
    Removing segger_rtt.o(i._DoInit), (104 bytes).
    Removing segger_rtt.o(i._GetAvailWriteSpace), (22 bytes).
    Removing segger_rtt.o(i._PostTerminalSwitch), (32 bytes).
    Removing segger_rtt.o(i._WriteBlocking), (90 bytes).
    Removing segger_rtt.o(i._WriteNoCheck), (62 bytes).
    Removing segger_rtt.o(.bss), (200 bytes).
    Removing segger_rtt.o(.data), (17 bytes).
    Removing softdevice_handler.o(.rev16_text), (4 bytes).
    Removing softdevice_handler.o(.revsh_text), (4 bytes).
    Removing softdevice_handler.o(.rrx_text), (6 bytes).
    Removing softdevice_handler.o(i.NVIC_DisableIRQ), (22 bytes).
    Removing softdevice_handler.o(i.NVIC_EnableIRQ), (22 bytes).
    Removing softdevice_handler.o(i.__sd_nvic_app_accessible_irq), (36 bytes).
    Removing softdevice_handler.o(i.ram_end_address_get), (16 bytes).
    Removing softdevice_handler.o(i.sd_check_ram_start), (164 bytes).
    Removing softdevice_handler.o(i.sd_nvic_EnableIRQ), (112 bytes).
    Removing softdevice_handler.o(i.softdevice_ble_evt_handler_set), (20 bytes).
    Removing softdevice_handler.o(i.softdevice_enable), (160 bytes).
    Removing softdevice_handler.o(i.softdevice_enable_get_default_config), (38 bytes).
    Removing softdevice_handler.o(i.softdevice_fault_handler), (4 bytes).
    Removing softdevice_handler.o(i.softdevice_handler_init), (100 bytes).
    Removing softdevice_handler.o(i.softdevice_handler_is_enabled), (12 bytes).
    Removing softdevice_handler.o(i.softdevice_handler_is_suspended), (12 bytes).
    Removing softdevice_handler.o(i.softdevice_handler_resume), (68 bytes).
    Removing softdevice_handler.o(i.softdevice_handler_sd_disable), (24 bytes).
    Removing softdevice_handler.o(i.softdevice_handler_suspend), (60 bytes).
    Removing softdevice_handler.o(i.softdevice_sys_evt_handler_set), (20 bytes).
    Removing softdevice_handler.o(.conststring), (66 bytes).
    Removing system_nrf52.o(.rev16_text), (4 bytes).
    Removing system_nrf52.o(.revsh_text), (4 bytes).
    Removing system_nrf52.o(.rrx_text), (6 bytes).
    Removing system_nrf52.o(i.SystemCoreClockUpdate), (16 bytes).
    Removing dadd.o(.text), (334 bytes).
    Removing dmul.o(.text), (228 bytes).
    Removing ddiv.o(.text), (222 bytes).
    Removing dfixul.o(.text), (48 bytes).
    Removing cdrcmple.o(.text), (48 bytes).
    Removing depilogue.o(.text), (186 bytes).

418 unused section(s) (total 20748 bytes) removed from the image.

==============================================================================

Image Symbol Table

    Local Symbols

    Symbol Name                              Value     Ov Type        Size  Object(Section)

    ../clib/microlib/ctype/ctype.c           0x00000000   Number         0  ctype_o.o ABSOLUTE
    ../clib/microlib/ctype/ctype.c           0x00000000   Number         0  islower_o.o ABSOLUTE
    ../clib/microlib/ctype/ctype.c           0x00000000   Number         0  isspace_o.o ABSOLUTE
    ../clib/microlib/ctype/ctype.c           0x00000000   Number         0  ispunct_o.o ABSOLUTE
    ../clib/microlib/ctype/ctype.c           0x00000000   Number         0  isprint_o.o ABSOLUTE
    ../clib/microlib/ctype/ctype.c           0x00000000   Number         0  isalnum_o.o ABSOLUTE
    ../clib/microlib/ctype/ctype.c           0x00000000   Number         0  isupper_o.o ABSOLUTE
    ../clib/microlib/ctype/ctype.c           0x00000000   Number         0  isalpha_o.o ABSOLUTE
    ../clib/microlib/ctype/ctype.c           0x00000000   Number         0  isblank_o.o ABSOLUTE
    ../clib/microlib/ctype/ctype.c           0x00000000   Number         0  iscntrl_o.o ABSOLUTE
    ../clib/microlib/ctype/ctype.c           0x00000000   Number         0  isdigit_o.o ABSOLUTE
    ../clib/microlib/ctype/ctype.c           0x00000000   Number         0  isgraph_o.o ABSOLUTE
    ../clib/microlib/ctype/ctype.c           0x00000000   Number         0  isxdigit_o.o ABSOLUTE
    ../clib/microlib/division.c              0x00000000   Number         0  uidiv.o ABSOLUTE
    ../clib/microlib/division.c              0x00000000   Number         0  uldiv.o ABSOLUTE
    ../clib/microlib/init/entry.s            0x00000000   Number         0  entry9b.o ABSOLUTE
    ../clib/microlib/init/entry.s            0x00000000   Number         0  entry7a.o ABSOLUTE
    ../clib/microlib/init/entry.s            0x00000000   Number         0  entry8a.o ABSOLUTE
    ../clib/microlib/init/entry.s            0x00000000   Number         0  entry2.o ABSOLUTE
    ../clib/microlib/init/entry.s            0x00000000   Number         0  entry.o ABSOLUTE
    ../clib/microlib/init/entry.s            0x00000000   Number         0  entry7b.o ABSOLUTE
    ../clib/microlib/init/entry.s            0x00000000   Number         0  entry5.o ABSOLUTE
    ../clib/microlib/init/entry.s            0x00000000   Number         0  entry11b.o ABSOLUTE
    ../clib/microlib/init/entry.s            0x00000000   Number         0  entry11a.o ABSOLUTE
    ../clib/microlib/init/entry.s            0x00000000   Number         0  entry10b.o ABSOLUTE
    ../clib/microlib/init/entry.s            0x00000000   Number         0  entry10a.o ABSOLUTE
    ../clib/microlib/init/entry.s            0x00000000   Number         0  entry9a.o ABSOLUTE
    ../clib/microlib/init/entry.s            0x00000000   Number         0  entry8b.o ABSOLUTE
    ../clib/microlib/longlong.c              0x00000000   Number         0  llshl.o ABSOLUTE
    ../clib/microlib/longlong.c              0x00000000   Number         0  llushr.o ABSOLUTE
    ../clib/microlib/longlong.c              0x00000000   Number         0  llsshr.o ABSOLUTE
    ../clib/microlib/malloc/malloc.c         0x00000000   Number         0  mallocr.o ABSOLUTE
    ../clib/microlib/malloc/malloc.c         0x00000000   Number         0  malloca.o ABSOLUTE
    ../clib/microlib/malloc/malloc.c         0x00000000   Number         0  mallocra.o ABSOLUTE
    ../clib/microlib/malloc/malloc.c         0x00000000   Number         0  malloc.o ABSOLUTE
    ../clib/microlib/malloc/mvars.c          0x00000000   Number         0  mvars.o ABSOLUTE
    ../clib/microlib/printf/printf.c         0x00000000   Number         0  printf3.o ABSOLUTE
    ../clib/microlib/printf/printf.c         0x00000000   Number         0  printf4.o ABSOLUTE
    ../clib/microlib/printf/printf.c         0x00000000   Number         0  printf5.o ABSOLUTE
    ../clib/microlib/printf/printf.c         0x00000000   Number         0  printf0.o ABSOLUTE
    ../clib/microlib/printf/printf.c         0x00000000   Number         0  printfb.o ABSOLUTE
    ../clib/microlib/printf/printf.c         0x00000000   Number         0  printf6.o ABSOLUTE
    ../clib/microlib/printf/printf.c         0x00000000   Number         0  printf7.o ABSOLUTE
    ../clib/microlib/printf/printf.c         0x00000000   Number         0  printf1.o ABSOLUTE
    ../clib/microlib/printf/printf.c         0x00000000   Number         0  printfa.o ABSOLUTE
    ../clib/microlib/printf/printf.c         0x00000000   Number         0  printf2.o ABSOLUTE
    ../clib/microlib/printf/printf.c         0x00000000   Number         0  printf8.o ABSOLUTE
    ../clib/microlib/printf/stubs.s          0x00000000   Number         0  stubs.o ABSOLUTE
    ../clib/microlib/string/memcpy.c         0x00000000   Number         0  memcpya.o ABSOLUTE
    ../clib/microlib/string/memcpy.c         0x00000000   Number         0  memcpyb.o ABSOLUTE
    ../clib/microlib/string/memset.c         0x00000000   Number         0  memseta.o ABSOLUTE
    ../clib/microlib/string/strcpy.c         0x00000000   Number         0  strcpy.o ABSOLUTE
    ../clib/microlib/string/strlen.c         0x00000000   Number         0  strlen.o ABSOLUTE
    ../clib/microlib/stubs.s                 0x00000000   Number         0  iusefp.o ABSOLUTE
    ../fplib/microlib/fpadd.c                0x00000000   Number         0  dadd.o ABSOLUTE
    ../fplib/microlib/fpdiv.c                0x00000000   Number         0  ddiv.o ABSOLUTE
    ../fplib/microlib/fpepilogue.c           0x00000000   Number         0  depilogue.o ABSOLUTE
    ../fplib/microlib/fpfix.c                0x00000000   Number         0  dfixul.o ABSOLUTE
    ../fplib/microlib/fpmul.c                0x00000000   Number         0  dmul.o ABSOLUTE
    ..\..\..\..\..\..\nRF5_SDK_12.2.0\components\ble\ble_advertising\ble_advertising.c 0x00000000   Number         0  ble_advertising.o ABSOLUTE
    ..\..\..\..\..\..\nRF5_SDK_12.2.0\components\ble\ble_services\ble_nus\ble_nus.c 0x00000000   Number         0  ble_nus.o ABSOLUTE
    ..\..\..\..\..\..\nRF5_SDK_12.2.0\components\ble\common\ble_advdata.c 0x00000000   Number         0  ble_advdata.o ABSOLUTE
    ..\..\..\..\..\..\nRF5_SDK_12.2.0\components\ble\common\ble_conn_params.c 0x00000000   Number         0  ble_conn_params.o ABSOLUTE
    ..\..\..\..\..\..\nRF5_SDK_12.2.0\components\ble\common\ble_srv_common.c 0x00000000   Number         0  ble_srv_common.o ABSOLUTE
    ..\..\..\..\..\..\nRF5_SDK_12.2.0\components\boards\boards.c 0x00000000   Number         0  boards.o ABSOLUTE
    ..\..\..\..\..\..\nRF5_SDK_12.2.0\components\drivers_nrf\clock\nrf_drv_clock.c 0x00000000   Number         0  nrf_drv_clock.o ABSOLUTE
    ..\..\..\..\..\..\nRF5_SDK_12.2.0\components\drivers_nrf\common\nrf_drv_common.c 0x00000000   Number         0  nrf_drv_common.o ABSOLUTE
    ..\..\..\..\..\..\nRF5_SDK_12.2.0\components\drivers_nrf\gpiote\nrf_drv_gpiote.c 0x00000000   Number         0  nrf_drv_gpiote.o ABSOLUTE
    ..\..\..\..\..\..\nRF5_SDK_12.2.0\components\drivers_nrf\spi_slave\nrf_drv_spis.c 0x00000000   Number         0  nrf_drv_spis.o ABSOLUTE
    ..\..\..\..\..\..\nRF5_SDK_12.2.0\components\drivers_nrf\timer\nrf_drv_timer.c 0x00000000   Number         0  nrf_drv_timer.o ABSOLUTE
    ..\..\..\..\..\..\nRF5_SDK_12.2.0\components\drivers_nrf\uart\nrf_drv_uart.c 0x00000000   Number         0  nrf_drv_uart.o ABSOLUTE
    ..\..\..\..\..\..\nRF5_SDK_12.2.0\components\libraries\bsp\bsp.c 0x00000000   Number         0  bsp.o ABSOLUTE
    ..\..\..\..\..\..\nRF5_SDK_12.2.0\components\libraries\bsp\bsp_btn_ble.c 0x00000000   Number         0  bsp_btn_ble.o ABSOLUTE
    ..\..\..\..\..\..\nRF5_SDK_12.2.0\components\libraries\bsp\bsp_nfc.c 0x00000000   Number         0  bsp_nfc.o ABSOLUTE
    ..\..\..\..\..\..\nRF5_SDK_12.2.0\components\libraries\button\app_button.c 0x00000000   Number         0  app_button.o ABSOLUTE
    ..\..\..\..\..\..\nRF5_SDK_12.2.0\components\libraries\fifo\app_fifo.c 0x00000000   Number         0  app_fifo.o ABSOLUTE
    ..\..\..\..\..\..\nRF5_SDK_12.2.0\components\libraries\fstorage\fstorage.c 0x00000000   Number         0  fstorage.o ABSOLUTE
    ..\..\..\..\..\..\nRF5_SDK_12.2.0\components\libraries\hardfault\hardfault_implementation.c 0x00000000   Number         0  hardfault_implementation.o ABSOLUTE
    ..\..\..\..\..\..\nRF5_SDK_12.2.0\components\libraries\log\src\nrf_log_backend_serial.c 0x00000000   Number         0  nrf_log_backend_serial.o ABSOLUTE
    ..\..\..\..\..\..\nRF5_SDK_12.2.0\components\libraries\log\src\nrf_log_frontend.c 0x00000000   Number         0  nrf_log_frontend.o ABSOLUTE
    ..\..\..\..\..\..\nRF5_SDK_12.2.0\components\libraries\timer\app_timer.c 0x00000000   Number         0  app_timer.o ABSOLUTE
    ..\..\..\..\..\..\nRF5_SDK_12.2.0\components\libraries\uart\app_uart_fifo.c 0x00000000   Number         0  app_uart_fifo.o ABSOLUTE
    ..\..\..\..\..\..\nRF5_SDK_12.2.0\components\libraries\uart\retarget.c 0x00000000   Number         0  retarget.o ABSOLUTE
    ..\..\..\..\..\..\nRF5_SDK_12.2.0\components\libraries\util\app_error.c 0x00000000   Number         0  app_error.o ABSOLUTE
    ..\..\..\..\..\..\nRF5_SDK_12.2.0\components\libraries\util\app_error_weak.c 0x00000000   Number         0  app_error_weak.o ABSOLUTE
    ..\..\..\..\..\..\nRF5_SDK_12.2.0\components\libraries\util\app_util_platform.c 0x00000000   Number         0  app_util_platform.o ABSOLUTE
    ..\..\..\..\..\..\nRF5_SDK_12.2.0\components\libraries\util\nrf_assert.c 0x00000000   Number         0  nrf_assert.o ABSOLUTE
    ..\..\..\..\..\..\nRF5_SDK_12.2.0\components\libraries\util\sdk_errors.c 0x00000000   Number         0  sdk_errors.o ABSOLUTE
    ..\..\..\..\..\..\nRF5_SDK_12.2.0\components\softdevice\common\softdevice_handler\softdevice_handler.c 0x00000000   Number         0  softdevice_handler.o ABSOLUTE
    ..\..\..\..\..\..\nRF5_SDK_12.2.0\external\segger_rtt\RTT_Syscalls_KEIL.c 0x00000000   Number         0  rtt_syscalls_keil.o ABSOLUTE
    ..\..\..\..\..\..\nRF5_SDK_12.2.0\external\segger_rtt\SEGGER_RTT.c 0x00000000   Number         0  segger_rtt.o ABSOLUTE
    ..\..\..\..\..\..\nRF5_SDK_12.2.0\external\segger_rtt\SEGGER_RTT_printf.c 0x00000000   Number         0  segger_rtt_printf.o ABSOLUTE
    ..\..\..\main.c                          0x00000000   Number         0  main.o ABSOLUTE
    ..\\..\\..\\..\\..\\..\\nRF5_SDK_12.2.0\\components\\ble\\ble_advertising\\ble_advertising.c 0x00000000   Number         0  ble_advertising.o ABSOLUTE
    ..\\..\\..\\..\\..\\..\\nRF5_SDK_12.2.0\\components\\ble\\ble_services\\ble_nus\\ble_nus.c 0x00000000   Number         0  ble_nus.o ABSOLUTE
    ..\\..\\..\\..\\..\\..\\nRF5_SDK_12.2.0\\components\\ble\\common\\ble_advdata.c 0x00000000   Number         0  ble_advdata.o ABSOLUTE
    ..\\..\\..\\..\\..\\..\\nRF5_SDK_12.2.0\\components\\ble\\common\\ble_conn_params.c 0x00000000   Number         0  ble_conn_params.o ABSOLUTE
    ..\\..\\..\\..\\..\\..\\nRF5_SDK_12.2.0\\components\\ble\\common\\ble_srv_common.c 0x00000000   Number         0  ble_srv_common.o ABSOLUTE
    ..\\..\\..\\..\\..\\..\\nRF5_SDK_12.2.0\\components\\boards\\boards.c 0x00000000   Number         0  boards.o ABSOLUTE
    ..\\..\\..\\..\\..\\..\\nRF5_SDK_12.2.0\\components\\drivers_nrf\\clock\\nrf_drv_clock.c 0x00000000   Number         0  nrf_drv_clock.o ABSOLUTE
    ..\\..\\..\\..\\..\\..\\nRF5_SDK_12.2.0\\components\\drivers_nrf\\common\\nrf_drv_common.c 0x00000000   Number         0  nrf_drv_common.o ABSOLUTE
    ..\\..\\..\\..\\..\\..\\nRF5_SDK_12.2.0\\components\\drivers_nrf\\gpiote\\nrf_drv_gpiote.c 0x00000000   Number         0  nrf_drv_gpiote.o ABSOLUTE
    ..\\..\\..\\..\\..\\..\\nRF5_SDK_12.2.0\\components\\drivers_nrf\\spi_slave\\nrf_drv_spis.c 0x00000000   Number         0  nrf_drv_spis.o ABSOLUTE
    ..\\..\\..\\..\\..\\..\\nRF5_SDK_12.2.0\\components\\drivers_nrf\\timer\\nrf_drv_timer.c 0x00000000   Number         0  nrf_drv_timer.o ABSOLUTE
    ..\\..\\..\\..\\..\\..\\nRF5_SDK_12.2.0\\components\\drivers_nrf\\uart\\nrf_drv_uart.c 0x00000000   Number         0  nrf_drv_uart.o ABSOLUTE
    ..\\..\\..\\..\\..\\..\\nRF5_SDK_12.2.0\\components\\libraries\\bsp\\bsp.c 0x00000000   Number         0  bsp.o ABSOLUTE
    ..\\..\\..\\..\\..\\..\\nRF5_SDK_12.2.0\\components\\libraries\\bsp\\bsp_btn_ble.c 0x00000000   Number         0  bsp_btn_ble.o ABSOLUTE
    ..\\..\\..\\..\\..\\..\\nRF5_SDK_12.2.0\\components\\libraries\\bsp\\bsp_nfc.c 0x00000000   Number         0  bsp_nfc.o ABSOLUTE
    ..\\..\\..\\..\\..\\..\\nRF5_SDK_12.2.0\\components\\libraries\\button\\app_button.c 0x00000000   Number         0  app_button.o ABSOLUTE
    ..\\..\\..\\..\\..\\..\\nRF5_SDK_12.2.0\\components\\libraries\\fifo\\app_fifo.c 0x00000000   Number         0  app_fifo.o ABSOLUTE
    ..\\..\\..\\..\\..\\..\\nRF5_SDK_12.2.0\\components\\libraries\\fstorage\\fstorage.c 0x00000000   Number         0  fstorage.o ABSOLUTE
    ..\\..\\..\\..\\..\\..\\nRF5_SDK_12.2.0\\components\\libraries\\hardfault\\hardfault_implementation.c 0x00000000   Number         0  hardfault_implementation.o ABSOLUTE
    ..\\..\\..\\..\\..\\..\\nRF5_SDK_12.2.0\\components\\libraries\\log\\src\\nrf_log_backend_serial.c 0x00000000   Number         0  nrf_log_backend_serial.o ABSOLUTE
    ..\\..\\..\\..\\..\\..\\nRF5_SDK_12.2.0\\components\\libraries\\log\\src\\nrf_log_frontend.c 0x00000000   Number         0  nrf_log_frontend.o ABSOLUTE
    ..\\..\\..\\..\\..\\..\\nRF5_SDK_12.2.0\\components\\libraries\\timer\\app_timer.c 0x00000000   Number         0  app_timer.o ABSOLUTE
    ..\\..\\..\\..\\..\\..\\nRF5_SDK_12.2.0\\components\\libraries\\uart\\app_uart_fifo.c 0x00000000   Number         0  app_uart_fifo.o ABSOLUTE
    ..\\..\\..\\..\\..\\..\\nRF5_SDK_12.2.0\\components\\libraries\\uart\\retarget.c 0x00000000   Number         0  retarget.o ABSOLUTE
    ..\\..\\..\\..\\..\\..\\nRF5_SDK_12.2.0\\components\\libraries\\util\\app_error.c 0x00000000   Number         0  app_error.o ABSOLUTE
    ..\\..\\..\\..\\..\\..\\nRF5_SDK_12.2.0\\components\\libraries\\util\\app_error_weak.c 0x00000000   Number         0  app_error_weak.o ABSOLUTE
    ..\\..\\..\\..\\..\\..\\nRF5_SDK_12.2.0\\components\\libraries\\util\\app_util_platform.c 0x00000000   Number         0  app_util_platform.o ABSOLUTE
    ..\\..\\..\\..\\..\\..\\nRF5_SDK_12.2.0\\components\\libraries\\util\\nrf_assert.c 0x00000000   Number         0  nrf_assert.o ABSOLUTE
    ..\\..\\..\\..\\..\\..\\nRF5_SDK_12.2.0\\components\\softdevice\\common\\softdevice_handler\\softdevice_handler.c 0x00000000   Number         0  softdevice_handler.o ABSOLUTE
    ..\\..\\..\\..\\..\\..\\nRF5_SDK_12.2.0\\external\\segger_rtt\\SEGGER_RTT.c 0x00000000   Number         0  segger_rtt.o ABSOLUTE
    ..\\..\\..\\main.c                       0x00000000   Number         0  main.o ABSOLUTE
    BLEFunctions.c                           0x00000000   Number         0  blefunctions.o ABSOLUTE
    BLEFunctions.c                           0x00000000   Number         0  blefunctions.o ABSOLUTE
    RTE\Device\nRF52832_xxAA\arm_startup_nrf52.s 0x00000000   Number         0  arm_startup_nrf52.o ABSOLUTE
    RTE\Device\nRF52832_xxAA\system_nrf52.c  0x00000000   Number         0  system_nrf52.o ABSOLUTE
    RTE\\Device\\nRF52832_xxAA\\system_nrf52.c 0x00000000   Number         0  system_nrf52.o ABSOLUTE
    cdrcmple.s                               0x00000000   Number         0  cdrcmple.o ABSOLUTE
    dc.s                                     0x00000000   Number         0  dc.o ABSOLUTE
    handlers.s                               0x00000000   Number         0  handlers.o ABSOLUTE
    init.s                                   0x00000000   Number         0  init.o ABSOLUTE
    util.c                                   0x00000000   Number         0  util.o ABSOLUTE
    util.c                                   0x00000000   Number         0  util.o ABSOLUTE
    RESET                                    0x0001f000   Section     1024  arm_startup_nrf52.o(RESET)
    .ARM.Collect$$$$00000000                 0x0001f400   Section        0  entry.o(.ARM.Collect$$$$00000000)
    .ARM.Collect$$$$00000001                 0x0001f400   Section        4  entry2.o(.ARM.Collect$$$$00000001)
    .ARM.Collect$$$$00000004                 0x0001f404   Section        4  entry5.o(.ARM.Collect$$$$00000004)
    .ARM.Collect$$$$00000008                 0x0001f408   Section        0  entry7b.o(.ARM.Collect$$$$00000008)
    .ARM.Collect$$$$0000000A                 0x0001f408   Section        0  entry8b.o(.ARM.Collect$$$$0000000A)
    .ARM.Collect$$$$0000000B                 0x0001f408   Section        8  entry9a.o(.ARM.Collect$$$$0000000B)
    .ARM.Collect$$$$0000000D                 0x0001f410   Section        0  entry10a.o(.ARM.Collect$$$$0000000D)
    .ARM.Collect$$$$0000000F                 0x0001f410   Section        0  entry11a.o(.ARM.Collect$$$$0000000F)
    .ARM.Collect$$$$00002712                 0x0001f410   Section        4  entry2.o(.ARM.Collect$$$$00002712)
    __lit__00000000                          0x0001f410   Data           4  entry2.o(.ARM.Collect$$$$00002712)
    .text                                    0x0001f414   Section       36  arm_startup_nrf52.o(.text)
    $v0                                      0x0001f414   Number         0  arm_startup_nrf52.o(.text)
    .text                                    0x0001f438   Section        0  ctype_o.o(.text)
    .text                                    0x0001f440   Section        0  memcpya.o(.text)
    .text                                    0x0001f464   Section        0  strlen.o(.text)
    .text                                    0x0001f472   Section        0  uldiv.o(.text)
    .text                                    0x0001f4d4   Section       36  init.o(.text)
    .text                                    0x0001f4f8   Section        0  llshl.o(.text)
    .text                                    0x0001f516   Section        0  llushr.o(.text)
    i.GPIOTE_IRQHandler                      0x0001f538   Section        0  nrf_drv_gpiote.o(i.GPIOTE_IRQHandler)
    i.NVIC_ClearPendingIRQ                   0x0001f6ac   Section        0  app_timer.o(i.NVIC_ClearPendingIRQ)
    NVIC_ClearPendingIRQ                     0x0001f6ad   Thumb Code    22  app_timer.o(i.NVIC_ClearPendingIRQ)
    i.NVIC_EnableIRQ                         0x0001f6c2   Section        0  app_timer.o(i.NVIC_EnableIRQ)
    NVIC_EnableIRQ                           0x0001f6c3   Thumb Code    22  app_timer.o(i.NVIC_EnableIRQ)
    i.NVIC_SetPendingIRQ                     0x0001f6d8   Section        0  app_timer.o(i.NVIC_SetPendingIRQ)
    NVIC_SetPendingIRQ                       0x0001f6d9   Thumb Code    22  app_timer.o(i.NVIC_SetPendingIRQ)
    i.POWER_CLOCK_IRQHandler                 0x0001f6f0   Section        0  nrf_drv_clock.o(i.POWER_CLOCK_IRQHandler)
    i.RTC1_IRQHandler                        0x0001f748   Section        0  app_timer.o(i.RTC1_IRQHandler)
    i.SPIM1_SPIS1_TWIM1_TWIS1_SPI1_TWI1_IRQHandler 0x0001f76c   Section        0  nrf_drv_spis.o(i.SPIM1_SPIS1_TWIM1_TWIS1_SPI1_TWI1_IRQHandler)
    i.SWI0_EGU0_IRQHandler                   0x0001f77c   Section        0  app_timer.o(i.SWI0_EGU0_IRQHandler)
    i.SWI2_EGU2_IRQHandler                   0x0001f780   Section        0  softdevice_handler.o(i.SWI2_EGU2_IRQHandler)
    i.SynHandler                             0x0001f7a4   Section        0  util.o(i.SynHandler)
    i.SystemInit                             0x0001f7b4   Section        0  system_nrf52.o(i.SystemInit)
    i.TIMER0_IRQHandler                      0x0001fa50   Section        0  nrf_drv_timer.o(i.TIMER0_IRQHandler)
    i.UARTE0_UART0_IRQHandler                0x0001fa9c   Section        0  nrf_drv_uart.o(i.UARTE0_UART0_IRQHandler)
    i.__0snprintf$8                          0x0001fab8   Section        0  printf8.o(i.__0snprintf$8)
    i.__scatterload_copy                     0x0001fae8   Section       14  handlers.o(i.__scatterload_copy)
    i.__scatterload_null                     0x0001faf6   Section        2  handlers.o(i.__scatterload_null)
    i.__scatterload_zeroinit                 0x0001faf8   Section       14  handlers.o(i.__scatterload_zeroinit)
    i._printf_core                           0x0001fb08   Section        0  printf8.o(i._printf_core)
    _printf_core                             0x0001fb09   Thumb Code   996  printf8.o(i._printf_core)
    i._printf_post_padding                   0x0001ff18   Section        0  printf8.o(i._printf_post_padding)
    _printf_post_padding                     0x0001ff19   Thumb Code    36  printf8.o(i._printf_post_padding)
    i._printf_pre_padding                    0x0001ff3c   Section        0  printf8.o(i._printf_pre_padding)
    _printf_pre_padding                      0x0001ff3d   Thumb Code    46  printf8.o(i._printf_pre_padding)
    i._snputc                                0x0001ff6a   Section        0  printf8.o(i._snputc)
    _snputc                                  0x0001ff6b   Thumb Code    22  printf8.o(i._snputc)
    i.add_fifo                               0x0001ff80   Section        0  util.o(i.add_fifo)
    i.app_error_fault_handler                0x0001ffb0   Section        0  app_error_weak.o(i.app_error_fault_handler)
    i.app_error_handler_bare                 0x00020000   Section        0  app_error.o(i.app_error_handler_bare)
    i.app_util_critical_region_enter         0x00020018   Section        0  app_util_platform.o(i.app_util_critical_region_enter)
    i.app_util_critical_region_exit          0x00020060   Section        0  app_util_platform.o(i.app_util_critical_region_exit)
    i.apply_config                           0x00020094   Section        0  nrf_drv_uart.o(i.apply_config)
    apply_config                             0x00020095   Thumb Code   180  nrf_drv_uart.o(i.apply_config)
    i.buf_len_update                         0x0002014c   Section        0  nrf_log_backend_serial.o(i.buf_len_update)
    buf_len_update                           0x0002014d   Thumb Code    18  nrf_log_backend_serial.o(i.buf_len_update)
    i.buf_prealloc                           0x00020160   Section        0  nrf_log_frontend.o(i.buf_prealloc)
    buf_prealloc                             0x00020161   Thumb Code    92  nrf_log_frontend.o(i.buf_prealloc)
    i.buffer_is_empty                        0x000201c8   Section        0  nrf_log_frontend.o(i.buffer_is_empty)
    i.channel_free                           0x000201dc   Section        0  nrf_drv_gpiote.o(i.channel_free)
    channel_free                             0x000201dd   Thumb Code    22  nrf_drv_gpiote.o(i.channel_free)
    i.channel_port_alloc                     0x000201f8   Section        0  nrf_drv_gpiote.o(i.channel_port_alloc)
    channel_port_alloc                       0x000201f9   Thumb Code    66  nrf_drv_gpiote.o(i.channel_port_alloc)
    i.channel_port_get                       0x00020240   Section        0  nrf_drv_gpiote.o(i.channel_port_get)
    channel_port_get                         0x00020241   Thumb Code    10  nrf_drv_gpiote.o(i.channel_port_get)
    i.clock_clk_started_notify               0x00020250   Section        0  nrf_drv_clock.o(i.clock_clk_started_notify)
    clock_clk_started_notify                 0x00020251   Thumb Code    34  nrf_drv_clock.o(i.clock_clk_started_notify)
    i.compare_reg_update                     0x00020278   Section        0  app_timer.o(i.compare_reg_update)
    compare_reg_update                       0x00020279   Thumb Code   160  app_timer.o(i.compare_reg_update)
    i.elapsed_ticks_acquire                  0x00020324   Section        0  app_timer.o(i.elapsed_ticks_acquire)
    elapsed_ticks_acquire                    0x00020325   Thumb Code    58  app_timer.o(i.elapsed_ticks_acquire)
    i.fifo_init                              0x00020364   Section        0  util.o(i.fifo_init)
    i.intern_softdevice_events_execute       0x00020384   Section        0  softdevice_handler.o(i.intern_softdevice_events_execute)
    i.interrupts_enable                      0x000203fc   Section        0  nrf_drv_uart.o(i.interrupts_enable)
    interrupts_enable                        0x000203fd   Thumb Code   106  nrf_drv_uart.o(i.interrupts_enable)
    i.list_deletions_handler                 0x00020474   Section        0  app_timer.o(i.list_deletions_handler)
    list_deletions_handler                   0x00020475   Thumb Code   158  app_timer.o(i.list_deletions_handler)
    i.list_insertions_handler                0x0002051c   Section        0  app_timer.o(i.list_insertions_handler)
    list_insertions_handler                  0x0002051d   Thumb Code   174  app_timer.o(i.list_insertions_handler)
    i.main                                   0x000205d4   Section        0  main.o(i.main)
    i.malloc                                 0x0002060c   Section        0  malloc.o(i.malloc)
    i.nrf_bitmask_bit_is_set                 0x00020678   Section        0  nrf_drv_gpiote.o(i.nrf_bitmask_bit_is_set)
    nrf_bitmask_bit_is_set                   0x00020679   Thumb Code    16  nrf_drv_gpiote.o(i.nrf_bitmask_bit_is_set)
    i.nrf_clock_event_check                  0x00020688   Section        0  nrf_drv_clock.o(i.nrf_clock_event_check)
    nrf_clock_event_check                    0x00020689   Thumb Code    14  nrf_drv_clock.o(i.nrf_clock_event_check)
    i.nrf_clock_event_clear                  0x00020696   Section        0  nrf_drv_clock.o(i.nrf_clock_event_clear)
    nrf_clock_event_clear                    0x00020697   Thumb Code    16  nrf_drv_clock.o(i.nrf_clock_event_clear)
    i.nrf_delay_us                           0x000206a8   Section        0  util.o(i.nrf_delay_us)
    nrf_delay_us                             0x000206a9   Thumb Code   132  util.o(i.nrf_delay_us)
    i.nrf_delay_us                           0x00020734   Section        0  app_timer.o(i.nrf_delay_us)
    nrf_delay_us                             0x00020735   Thumb Code   132  app_timer.o(i.nrf_delay_us)
    i.nrf_drv_clock_on_soc_event             0x000207c0   Section        0  nrf_drv_clock.o(i.nrf_drv_clock_on_soc_event)
    i.nrf_drv_common_irq_disable             0x000207ca   Section        0  nrf_drv_uart.o(i.nrf_drv_common_irq_disable)
    nrf_drv_common_irq_disable               0x000207cb   Thumb Code    22  nrf_drv_uart.o(i.nrf_drv_common_irq_disable)
    i.nrf_drv_common_irq_enable              0x000207e0   Section        0  nrf_drv_common.o(i.nrf_drv_common_irq_enable)
    i.nrf_drv_get_IRQn                       0x00020818   Section        0  nrf_drv_uart.o(i.nrf_drv_get_IRQn)
    nrf_drv_get_IRQn                         0x00020819   Thumb Code     6  nrf_drv_uart.o(i.nrf_drv_get_IRQn)
    i.nrf_drv_gpiote_in_event_enable         0x00020820   Section        0  nrf_drv_gpiote.o(i.nrf_drv_gpiote_in_event_enable)
    i.nrf_drv_gpiote_in_init                 0x000208c4   Section        0  nrf_drv_gpiote.o(i.nrf_drv_gpiote_in_init)
    i.nrf_drv_gpiote_init                    0x0002097c   Section        0  nrf_drv_gpiote.o(i.nrf_drv_gpiote_init)
    i.nrf_drv_gpiote_out_clear               0x000209d8   Section        0  nrf_drv_gpiote.o(i.nrf_drv_gpiote_out_clear)
    i.nrf_drv_gpiote_out_init                0x000209e8   Section        0  nrf_drv_gpiote.o(i.nrf_drv_gpiote_out_init)
    i.nrf_drv_gpiote_out_set                 0x00020aa0   Section        0  nrf_drv_gpiote.o(i.nrf_drv_gpiote_out_set)
    i.nrf_drv_is_in_RAM                      0x00020aae   Section        0  nrf_drv_uart.o(i.nrf_drv_is_in_RAM)
    nrf_drv_is_in_RAM                        0x00020aaf   Thumb Code    16  nrf_drv_uart.o(i.nrf_drv_is_in_RAM)
    i.nrf_drv_is_in_RAM                      0x00020abe   Section        0  nrf_drv_spis.o(i.nrf_drv_is_in_RAM)
    nrf_drv_is_in_RAM                        0x00020abf   Thumb Code    16  nrf_drv_spis.o(i.nrf_drv_is_in_RAM)
    i.nrf_drv_spis_buffers_set               0x00020ad0   Section        0  nrf_drv_spis.o(i.nrf_drv_spis_buffers_set)
    i.nrf_drv_spis_init                      0x00020b44   Section        0  nrf_drv_spis.o(i.nrf_drv_spis_init)
    i.nrf_drv_timer_compare                  0x00020c94   Section        0  nrf_drv_timer.o(i.nrf_drv_timer_compare)
    i.nrf_drv_timer_enable                   0x00020cb8   Section        0  nrf_drv_timer.o(i.nrf_drv_timer_enable)
    i.nrf_drv_timer_extended_compare         0x00020cd4   Section        0  nrf_drv_timer.o(i.nrf_drv_timer_extended_compare)
    i.nrf_drv_timer_init                     0x00020d00   Section        0  nrf_drv_timer.o(i.nrf_drv_timer_init)
    i.nrf_drv_uart_init                      0x00020d90   Section        0  nrf_drv_uart.o(i.nrf_drv_uart_init)
    i.nrf_drv_uart_tx                        0x00020df8   Section        0  nrf_drv_uart.o(i.nrf_drv_uart_tx)
    i.nrf_drv_uart_tx_in_progress            0x00020f04   Section        0  nrf_drv_uart.o(i.nrf_drv_uart_tx_in_progress)
    i.nrf_drv_uart_uninit                    0x00020f1c   Section        0  nrf_drv_uart.o(i.nrf_drv_uart_uninit)
    i.nrf_gpio_cfg                           0x00020f70   Section        0  nrf_drv_gpiote.o(i.nrf_gpio_cfg)
    nrf_gpio_cfg                             0x00020f71   Thumb Code    36  nrf_drv_gpiote.o(i.nrf_gpio_cfg)
    i.nrf_gpio_cfg                           0x00020f94   Section        0  nrf_drv_uart.o(i.nrf_gpio_cfg)
    nrf_gpio_cfg                             0x00020f95   Thumb Code    36  nrf_drv_uart.o(i.nrf_gpio_cfg)
    i.nrf_gpio_cfg                           0x00020fb8   Section        0  nrf_drv_spis.o(i.nrf_gpio_cfg)
    nrf_gpio_cfg                             0x00020fb9   Thumb Code    36  nrf_drv_spis.o(i.nrf_gpio_cfg)
    i.nrf_gpio_cfg_default                   0x00020fdc   Section        0  nrf_drv_uart.o(i.nrf_gpio_cfg_default)
    nrf_gpio_cfg_default                     0x00020fdd   Thumb Code    18  nrf_drv_uart.o(i.nrf_gpio_cfg_default)
    i.nrf_gpio_cfg_input                     0x00020fee   Section        0  nrf_drv_uart.o(i.nrf_gpio_cfg_input)
    nrf_gpio_cfg_input                       0x00020fef   Thumb Code    18  nrf_drv_uart.o(i.nrf_gpio_cfg_input)
    i.nrf_gpio_cfg_output                    0x00021000   Section        0  nrf_drv_uart.o(i.nrf_gpio_cfg_output)
    nrf_gpio_cfg_output                      0x00021001   Thumb Code    20  nrf_drv_uart.o(i.nrf_gpio_cfg_output)
    i.nrf_gpio_cfg_sense_set                 0x00021014   Section        0  nrf_drv_gpiote.o(i.nrf_gpio_cfg_sense_set)
    nrf_gpio_cfg_sense_set                   0x00021015   Thumb Code    34  nrf_drv_gpiote.o(i.nrf_gpio_cfg_sense_set)
    i.nrf_gpio_ports_read                    0x00021038   Section        0  nrf_drv_gpiote.o(i.nrf_gpio_ports_read)
    nrf_gpio_ports_read                      0x00021039   Thumb Code    34  nrf_drv_gpiote.o(i.nrf_gpio_ports_read)
    i.nrf_gpiote_event_clear                 0x00021060   Section        0  nrf_drv_gpiote.o(i.nrf_gpiote_event_clear)
    nrf_gpiote_event_clear                   0x00021061   Thumb Code    16  nrf_drv_gpiote.o(i.nrf_gpiote_event_clear)
    i.nrf_gpiote_event_is_set                0x00021074   Section        0  nrf_drv_gpiote.o(i.nrf_gpiote_event_is_set)
    nrf_gpiote_event_is_set                  0x00021075   Thumb Code    12  nrf_drv_gpiote.o(i.nrf_gpiote_event_is_set)
    i.nrf_log_backend_hexdump_handler_get    0x00021084   Section        0  nrf_log_backend_serial.o(i.nrf_log_backend_hexdump_handler_get)
    i.nrf_log_backend_init                   0x0002108c   Section        0  nrf_log_backend_serial.o(i.nrf_log_backend_init)
    i.nrf_log_backend_serial_hexdump_handler 0x000210fc   Section        0  nrf_log_backend_serial.o(i.nrf_log_backend_serial_hexdump_handler)
    nrf_log_backend_serial_hexdump_handler   0x000210fd   Thumb Code   302  nrf_log_backend_serial.o(i.nrf_log_backend_serial_hexdump_handler)
    i.nrf_log_backend_serial_std_handler     0x0002122a   Section        0  nrf_log_backend_serial.o(i.nrf_log_backend_serial_std_handler)
    nrf_log_backend_serial_std_handler       0x0002122b   Thumb Code   276  nrf_log_backend_serial.o(i.nrf_log_backend_serial_std_handler)
    i.nrf_log_backend_std_handler_get        0x00021340   Section        0  nrf_log_backend_serial.o(i.nrf_log_backend_std_handler_get)
    i.nrf_log_blocking_backend_set           0x00021348   Section        0  nrf_log_frontend.o(i.nrf_log_blocking_backend_set)
    i.nrf_log_frontend_dequeue               0x00021350   Section        0  nrf_log_frontend.o(i.nrf_log_frontend_dequeue)
    i.nrf_log_frontend_init                  0x00021480   Section        0  nrf_log_frontend.o(i.nrf_log_frontend_init)
    i.nrf_log_frontend_std_0                 0x00021494   Section        0  nrf_log_frontend.o(i.nrf_log_frontend_std_0)
    i.nrf_log_frontend_std_1                 0x000214e0   Section        0  nrf_log_frontend.o(i.nrf_log_frontend_std_1)
    i.nrf_log_handlers_set                   0x00021538   Section        0  nrf_log_frontend.o(i.nrf_log_handlers_set)
    i.nrf_log_init                           0x00021548   Section        0  nrf_log_frontend.o(i.nrf_log_init)
    i.nrf_spis_event_check                   0x0002156c   Section        0  nrf_drv_spis.o(i.nrf_spis_event_check)
    nrf_spis_event_check                     0x0002156d   Thumb Code    10  nrf_drv_spis.o(i.nrf_spis_event_check)
    i.nrf_spis_event_clear                   0x00021576   Section        0  nrf_drv_spis.o(i.nrf_spis_event_clear)
    nrf_spis_event_clear                     0x00021577   Thumb Code    12  nrf_drv_spis.o(i.nrf_spis_event_clear)
    i.nrf_uart_event_check                   0x00021582   Section        0  nrf_drv_uart.o(i.nrf_uart_event_check)
    nrf_uart_event_check                     0x00021583   Thumb Code    10  nrf_drv_uart.o(i.nrf_uart_event_check)
    i.nrf_uart_event_clear                   0x0002158c   Section        0  nrf_drv_uart.o(i.nrf_uart_event_clear)
    nrf_uart_event_clear                     0x0002158d   Thumb Code    12  nrf_drv_uart.o(i.nrf_uart_event_clear)
    i.nrf_uart_int_enable_check              0x00021598   Section        0  nrf_drv_uart.o(i.nrf_uart_int_enable_check)
    nrf_uart_int_enable_check                0x00021599   Thumb Code    12  nrf_drv_uart.o(i.nrf_uart_int_enable_check)
    i.nrf_uarte_event_check                  0x000215a4   Section        0  nrf_drv_uart.o(i.nrf_uarte_event_check)
    nrf_uarte_event_check                    0x000215a5   Thumb Code    10  nrf_drv_uart.o(i.nrf_uarte_event_check)
    i.nrf_uarte_event_clear                  0x000215ae   Section        0  nrf_drv_uart.o(i.nrf_uarte_event_clear)
    nrf_uarte_event_clear                    0x000215af   Thumb Code    12  nrf_drv_uart.o(i.nrf_uarte_event_clear)
    i.pin_in_use_by_port                     0x000215bc   Section        0  nrf_drv_gpiote.o(i.pin_in_use_by_port)
    pin_in_use_by_port                       0x000215bd   Thumb Code    20  nrf_drv_gpiote.o(i.pin_in_use_by_port)
    i.pin_in_use_by_te                       0x000215d4   Section        0  nrf_drv_gpiote.o(i.pin_in_use_by_te)
    pin_in_use_by_te                         0x000215d5   Thumb Code    20  nrf_drv_gpiote.o(i.pin_in_use_by_te)
    i.pins_to_default                        0x000215ec   Section        0  nrf_drv_uart.o(i.pins_to_default)
    pins_to_default                          0x000215ed   Thumb Code   114  nrf_drv_uart.o(i.pins_to_default)
    i.read_fifo                              0x00021664   Section        0  util.o(i.read_fifo)
    i.rtc1_stop                              0x00021698   Section        0  app_timer.o(i.rtc1_stop)
    rtc1_stop                                0x00021699   Thumb Code    52  app_timer.o(i.rtc1_stop)
    i.rx_byte                                0x000216d4   Section        0  nrf_drv_uart.o(i.rx_byte)
    rx_byte                                  0x000216d5   Thumb Code    50  nrf_drv_uart.o(i.rx_byte)
    i.rx_done_event                          0x00021706   Section        0  nrf_drv_uart.o(i.rx_done_event)
    rx_done_event                            0x00021707   Thumb Code    24  nrf_drv_uart.o(i.rx_done_event)
    i.serial_is_busy                         0x00021720   Section        0  nrf_log_backend_serial.o(i.serial_is_busy)
    serial_is_busy                           0x00021721   Thumb Code     6  nrf_log_backend_serial.o(i.serial_is_busy)
    i.serial_tx                              0x0002172c   Section        0  nrf_log_backend_serial.o(i.serial_tx)
    serial_tx                                0x0002172d   Thumb Code    34  nrf_log_backend_serial.o(i.serial_tx)
    i.spi_app_init                           0x00021758   Section        0  util.o(i.spi_app_init)
    i.spi_handler                            0x00021860   Section        0  util.o(i.spi_handler)
    i.spis_event_handler                     0x00021964   Section        0  util.o(i.spis_event_handler)
    i.spis_irq_handler                       0x000219d8   Section        0  nrf_drv_spis.o(i.spis_irq_handler)
    spis_irq_handler                         0x000219d9   Thumb Code   120  nrf_drv_spis.o(i.spis_irq_handler)
    i.spis_state_change                      0x00021a50   Section        0  nrf_drv_spis.o(i.spis_state_change)
    spis_state_change                        0x00021a51   Thumb Code     6  nrf_drv_spis.o(i.spis_state_change)
    i.spis_state_entry_action_execute        0x00021a56   Section        0  nrf_drv_spis.o(i.spis_state_entry_action_execute)
    spis_state_entry_action_execute          0x00021a57   Thumb Code    94  nrf_drv_spis.o(i.spis_state_entry_action_execute)
    i.timer_led_event_handler                0x00021ab4   Section        0  util.o(i.timer_led_event_handler)
    i.timer_list_handler                     0x00021acc   Section        0  app_timer.o(i.timer_list_handler)
    timer_list_handler                       0x00021acd   Thumb Code   134  app_timer.o(i.timer_list_handler)
    i.timer_list_insert                      0x00021b58   Section        0  app_timer.o(i.timer_list_insert)
    timer_list_insert                        0x00021b59   Thumb Code    56  app_timer.o(i.timer_list_insert)
    i.timer_timeouts_check                   0x00021b94   Section        0  app_timer.o(i.timer_timeouts_check)
    timer_timeouts_check                     0x00021b95   Thumb Code   124  app_timer.o(i.timer_timeouts_check)
    i.timestamp_process                      0x00021c18   Section        0  nrf_log_backend_serial.o(i.timestamp_process)
    timestamp_process                        0x00021c19   Thumb Code    44  nrf_log_backend_serial.o(i.timestamp_process)
    i.tx_byte                                0x00021c4c   Section        0  nrf_drv_uart.o(i.tx_byte)
    tx_byte                                  0x00021c4d   Thumb Code    32  nrf_drv_uart.o(i.tx_byte)
    i.tx_clear                               0x00021c6c   Section        0  util.o(i.tx_clear)
    i.tx_done_event                          0x00021c7c   Section        0  nrf_drv_uart.o(i.tx_done_event)
    tx_done_event                            0x00021c7d   Thumb Code    28  nrf_drv_uart.o(i.tx_done_event)
    i.tx_set                                 0x00021c98   Section        0  util.o(i.tx_set)
    i.uart_event_handler                     0x00021cac   Section        0  nrf_log_backend_serial.o(i.uart_event_handler)
    uart_event_handler                       0x00021cad   Thumb Code    12  nrf_log_backend_serial.o(i.uart_event_handler)
    i.uart_irq_handler                       0x00021cbc   Section        0  nrf_drv_uart.o(i.uart_irq_handler)
    uart_irq_handler                         0x00021cbd   Thumb Code   286  nrf_drv_uart.o(i.uart_irq_handler)
    i.uarte_irq_handler                      0x00021dda   Section        0  nrf_drv_uart.o(i.uarte_irq_handler)
    uarte_irq_handler                        0x00021ddb   Thumb Code   240  nrf_drv_uart.o(i.uarte_irq_handler)
    .constdata                               0x00021ecc   Section       56  util.o(.constdata)
    spis                                     0x00021ed4   Data           8  util.o(.constdata)
    .constdata                               0x00021f04   Section        4  nrf_drv_gpiote.o(.constdata)
    .constdata                               0x00021f08   Section       32  nrf_log_backend_serial.o(.constdata)
    .constdata                               0x00021f28   Section       36  nrf_log_frontend.o(.constdata)
    .constdata                               0x00021f4c   Section      129  ctype_o.o(.constdata)
    .constdata                               0x00021fd0   Section        4  ctype_o.o(.constdata)
    table                                    0x00021fd0   Data           4  ctype_o.o(.constdata)
    .conststring                             0x00021fd4   Section       11  nrf_log_frontend.o(.conststring)
    .data                                    0x20002128   Section       13  util.o(.data)
    spis_xfer_done                           0x2000212a   Data           1  util.o(.data)
    m_tx_buf                                 0x2000212c   Data           4  util.o(.data)
    m_rx_buf                                 0x20002130   Data           5  util.o(.data)
    .data                                    0x20002138   Section       32  app_timer.o(.data)
    m_ticks_elapsed_q_read_ind               0x20002138   Data           1  app_timer.o(.data)
    m_ticks_elapsed_q_write_ind              0x20002139   Data           1  app_timer.o(.data)
    m_rtc1_running                           0x2000213a   Data           1  app_timer.o(.data)
    m_rtc1_reset                             0x2000213b   Data           1  app_timer.o(.data)
    mp_timer_id_head                         0x2000213c   Data           4  app_timer.o(.data)
    m_ticks_latest                           0x20002140   Data           4  app_timer.o(.data)
    m_evt_schedule_func                      0x20002144   Data           4  app_timer.o(.data)
    m_op_queue                               0x20002148   Data           8  app_timer.o(.data)
    m_ticks_elapsed                          0x20002150   Data           8  app_timer.o(.data)
    .data                                    0x20002158   Section       12  nrf_log_backend_serial.o(.data)
    m_initialized                            0x20002158   Data           1  nrf_log_backend_serial.o(.data)
    m_blocking_mode                          0x20002159   Data           1  nrf_log_backend_serial.o(.data)
    m_rx_done                                0x2000215a   Data           1  nrf_log_backend_serial.o(.data)
    m_uart                                   0x2000215c   Data           8  nrf_log_backend_serial.o(.data)
    .data                                    0x20002164   Section        4  nrf_log_frontend.o(.data)
    m_overflow_info                          0x20002164   Data           4  nrf_log_frontend.o(.data)
    .data                                    0x20002168   Section       20  softdevice_handler.o(.data)
    m_softdevice_enabled                     0x20002168   Data           1  softdevice_handler.o(.data)
    m_suspended                              0x20002169   Data           1  softdevice_handler.o(.data)
    m_ble_evt_buffer_size                    0x2000216a   Data           2  softdevice_handler.o(.data)
    m_evt_schedule_func                      0x2000216c   Data           4  softdevice_handler.o(.data)
    mp_ble_evt_buffer                        0x20002170   Data           4  softdevice_handler.o(.data)
    m_ble_evt_handler                        0x20002174   Data           4  softdevice_handler.o(.data)
    m_sys_evt_handler                        0x20002178   Data           4  softdevice_handler.o(.data)
    .data                                    0x2000217c   Section        4  system_nrf52.o(.data)
    __tagsym$$used                           0x2000217c   Number         0  system_nrf52.o(.data)
    .data                                    0x20002180   Section        4  mvars.o(.data)
    .data                                    0x20002184   Section        4  mvars.o(.data)
    .bss                                     0x20002188   Section       12  util.o(.bss)
    .bss                                     0x20002194   Section       20  nrf_drv_clock.o(.bss)
    m_clock_cb                               0x20002194   Data          20  nrf_drv_clock.o(.bss)
    .bss                                     0x200021a8   Section       88  nrf_drv_gpiote.o(.bss)
    m_cb                                     0x200021a8   Data          88  nrf_drv_gpiote.o(.bss)
    .bss                                     0x20002200   Section       32  nrf_drv_uart.o(.bss)
    m_cb                                     0x20002200   Data          32  nrf_drv_uart.o(.bss)
    .bss                                     0x20002220   Section       24  nrf_drv_spis.o(.bss)
    m_cb                                     0x20002220   Data          24  nrf_drv_spis.o(.bss)
    .bss                                     0x20002238   Section       12  nrf_drv_timer.o(.bss)
    m_cb                                     0x20002238   Data          12  nrf_drv_timer.o(.bss)
    .bss                                     0x20002244   Section       12  app_util_platform.o(.bss)
    .bss                                     0x20002250   Section      256  nrf_log_backend_serial.o(.bss)
    m_uart_buffer                            0x20002250   Data         256  nrf_log_backend_serial.o(.bss)
    .bss                                     0x20002350   Section     1048  nrf_log_frontend.o(.bss)
    m_log_data                               0x20002350   Data        1048  nrf_log_frontend.o(.bss)
    HEAP                                     0x20002768   Section     8192  arm_startup_nrf52.o(HEAP)
    STACK                                    0x20004768   Section     8192  arm_startup_nrf52.o(STACK)

    Global Symbols

    Symbol Name                              Value     Ov Type        Size  Object(Section)

    BuildAttributes$$THM_ISAv4$E$P$D$K$B$S$7EM$VFPi3$EXTD16$VFPS$VFMA$PE$A:L22UL41UL21$X:L11$S22US41US21$IEEE1$IW$USESV6$~STKCKD$USESV7$~SHL$OSPACE$ROPI$EBA8$MICROLIB$REQ8$PRES8$EABIv2 0x00000000   Number         0  anon$$obj.o ABSOLUTE
    __ARM_use_no_argv                        0x00000000   Number         0  main.o ABSOLUTE
    _printf_a                                0x00000000   Number         0  stubs.o ABSOLUTE
    _printf_c                                0x00000000   Number         0  stubs.o ABSOLUTE
    _printf_charcount                        0x00000000   Number         0  stubs.o ABSOLUTE
    _printf_d                                0x00000000   Number         0  stubs.o ABSOLUTE
    _printf_e                                0x00000000   Number         0  stubs.o ABSOLUTE
    _printf_f                                0x00000000   Number         0  stubs.o ABSOLUTE
    _printf_flags                            0x00000000   Number         0  stubs.o ABSOLUTE
    _printf_fp_dec                           0x00000000   Number         0  stubs.o ABSOLUTE
    _printf_fp_hex                           0x00000000   Number         0  stubs.o ABSOLUTE
    _printf_g                                0x00000000   Number         0  stubs.o ABSOLUTE
    _printf_i                                0x00000000   Number         0  stubs.o ABSOLUTE
    _printf_int_dec                          0x00000000   Number         0  stubs.o ABSOLUTE
    _printf_l                                0x00000000   Number         0  stubs.o ABSOLUTE
    _printf_lc                               0x00000000   Number         0  stubs.o ABSOLUTE
    _printf_ll                               0x00000000   Number         0  stubs.o ABSOLUTE
    _printf_lld                              0x00000000   Number         0  stubs.o ABSOLUTE
    _printf_lli                              0x00000000   Number         0  stubs.o ABSOLUTE
    _printf_llo                              0x00000000   Number         0  stubs.o ABSOLUTE
    _printf_llu                              0x00000000   Number         0  stubs.o ABSOLUTE
    _printf_llx                              0x00000000   Number         0  stubs.o ABSOLUTE
    _printf_longlong_dec                     0x00000000   Number         0  stubs.o ABSOLUTE
    _printf_longlong_hex                     0x00000000   Number         0  stubs.o ABSOLUTE
    _printf_longlong_oct                     0x00000000   Number         0  stubs.o ABSOLUTE
    _printf_ls                               0x00000000   Number         0  stubs.o ABSOLUTE
    _printf_mbtowc                           0x00000000   Number         0  stubs.o ABSOLUTE
    _printf_n                                0x00000000   Number         0  stubs.o ABSOLUTE
    _printf_o                                0x00000000   Number         0  stubs.o ABSOLUTE
    _printf_p                                0x00000000   Number         0  stubs.o ABSOLUTE
    _printf_percent                          0x00000000   Number         0  stubs.o ABSOLUTE
    _printf_pre_padding                      0x00000000   Number         0  stubs.o ABSOLUTE
    _printf_return_value                     0x00000000   Number         0  stubs.o ABSOLUTE
    _printf_s                                0x00000000   Number         0  stubs.o ABSOLUTE
    _printf_sizespec                         0x00000000   Number         0  stubs.o ABSOLUTE
    _printf_str                              0x00000000   Number         0  stubs.o ABSOLUTE
    _printf_truncate_signed                  0x00000000   Number         0  stubs.o ABSOLUTE
    _printf_truncate_unsigned                0x00000000   Number         0  stubs.o ABSOLUTE
    _printf_u                                0x00000000   Number         0  stubs.o ABSOLUTE
    _printf_wc                               0x00000000   Number         0  stubs.o ABSOLUTE
    _printf_wctomb                           0x00000000   Number         0  stubs.o ABSOLUTE
    _printf_widthprec                        0x00000000   Number         0  stubs.o ABSOLUTE
    _printf_x                                0x00000000   Number         0  stubs.o ABSOLUTE
    __cpp_initialize__aeabi_                  - Undefined Weak Reference
    __cxa_finalize                            - Undefined Weak Reference
    __decompress                              - Undefined Weak Reference
    _clock_init                               - Undefined Weak Reference
    _microlib_exit                            - Undefined Weak Reference
    fs_data$$Base                             - Undefined Reference
    fs_data$$Limit                            - Undefined Reference
    __Vectors_Size                           0x00000400   Number         0  arm_startup_nrf52.o ABSOLUTE
    __Vectors                                0x0001f000   Data           4  arm_startup_nrf52.o(RESET)
    __Vectors_End                            0x0001f400   Data           0  arm_startup_nrf52.o(RESET)
    __main                                   0x0001f401   Thumb Code     0  entry.o(.ARM.Collect$$$$00000000)
    _main_stk                                0x0001f401   Thumb Code     0  entry2.o(.ARM.Collect$$$$00000001)
    _main_scatterload                        0x0001f405   Thumb Code     0  entry5.o(.ARM.Collect$$$$00000004)
    __main_after_scatterload                 0x0001f409   Thumb Code     0  entry5.o(.ARM.Collect$$$$00000004)
    _main_clock                              0x0001f409   Thumb Code     0  entry7b.o(.ARM.Collect$$$$00000008)
    _main_cpp_init                           0x0001f409   Thumb Code     0  entry8b.o(.ARM.Collect$$$$0000000A)
    _main_init                               0x0001f409   Thumb Code     0  entry9a.o(.ARM.Collect$$$$0000000B)
    __rt_final_cpp                           0x0001f411   Thumb Code     0  entry10a.o(.ARM.Collect$$$$0000000D)
    __rt_final_exit                          0x0001f411   Thumb Code     0  entry11a.o(.ARM.Collect$$$$0000000F)
    Reset_Handler                            0x0001f415   Thumb Code     8  arm_startup_nrf52.o(.text)
    NMI_Handler                              0x0001f41d   Thumb Code     2  arm_startup_nrf52.o(.text)
    HardFault_Handler                        0x0001f41f   Thumb Code     2  arm_startup_nrf52.o(.text)
    MemoryManagement_Handler                 0x0001f421   Thumb Code     2  arm_startup_nrf52.o(.text)
    BusFault_Handler                         0x0001f423   Thumb Code     2  arm_startup_nrf52.o(.text)
    UsageFault_Handler                       0x0001f425   Thumb Code     2  arm_startup_nrf52.o(.text)
    SVC_Handler                              0x0001f427   Thumb Code     2  arm_startup_nrf52.o(.text)
    DebugMon_Handler                         0x0001f429   Thumb Code     2  arm_startup_nrf52.o(.text)
    PendSV_Handler                           0x0001f42b   Thumb Code     2  arm_startup_nrf52.o(.text)
    SysTick_Handler                          0x0001f42d   Thumb Code     2  arm_startup_nrf52.o(.text)
    CCM_AAR_IRQHandler                       0x0001f42f   Thumb Code     0  arm_startup_nrf52.o(.text)
    COMP_LPCOMP_IRQHandler                   0x0001f42f   Thumb Code     0  arm_startup_nrf52.o(.text)
    ECB_IRQHandler                           0x0001f42f   Thumb Code     0  arm_startup_nrf52.o(.text)
    FPU_IRQHandler                           0x0001f42f   Thumb Code     0  arm_startup_nrf52.o(.text)
    I2S_IRQHandler                           0x0001f42f   Thumb Code     0  arm_startup_nrf52.o(.text)
    MWU_IRQHandler                           0x0001f42f   Thumb Code     0  arm_startup_nrf52.o(.text)
    NFCT_IRQHandler                          0x0001f42f   Thumb Code     0  arm_startup_nrf52.o(.text)
    PDM_IRQHandler                           0x0001f42f   Thumb Code     0  arm_startup_nrf52.o(.text)
    PWM0_IRQHandler                          0x0001f42f   Thumb Code     0  arm_startup_nrf52.o(.text)
    PWM1_IRQHandler                          0x0001f42f   Thumb Code     0  arm_startup_nrf52.o(.text)
    PWM2_IRQHandler                          0x0001f42f   Thumb Code     0  arm_startup_nrf52.o(.text)
    QDEC_IRQHandler                          0x0001f42f   Thumb Code     0  arm_startup_nrf52.o(.text)
    RADIO_IRQHandler                         0x0001f42f   Thumb Code     0  arm_startup_nrf52.o(.text)
    RNG_IRQHandler                           0x0001f42f   Thumb Code     0  arm_startup_nrf52.o(.text)
    RTC0_IRQHandler                          0x0001f42f   Thumb Code     0  arm_startup_nrf52.o(.text)
    RTC2_IRQHandler                          0x0001f42f   Thumb Code     0  arm_startup_nrf52.o(.text)
    SAADC_IRQHandler                         0x0001f42f   Thumb Code     0  arm_startup_nrf52.o(.text)
    SPIM0_SPIS0_TWIM0_TWIS0_SPI0_TWI0_IRQHandler 0x0001f42f   Thumb Code     0  arm_startup_nrf52.o(.text)
    SPIM2_SPIS2_SPI2_IRQHandler              0x0001f42f   Thumb Code     0  arm_startup_nrf52.o(.text)
    SWI1_EGU1_IRQHandler                     0x0001f42f   Thumb Code     0  arm_startup_nrf52.o(.text)
    SWI3_EGU3_IRQHandler                     0x0001f42f   Thumb Code     0  arm_startup_nrf52.o(.text)
    SWI4_EGU4_IRQHandler                     0x0001f42f   Thumb Code     0  arm_startup_nrf52.o(.text)
    SWI5_EGU5_IRQHandler                     0x0001f42f   Thumb Code     0  arm_startup_nrf52.o(.text)
    TEMP_IRQHandler                          0x0001f42f   Thumb Code     0  arm_startup_nrf52.o(.text)
    TIMER1_IRQHandler                        0x0001f42f   Thumb Code     0  arm_startup_nrf52.o(.text)
    TIMER2_IRQHandler                        0x0001f42f   Thumb Code     0  arm_startup_nrf52.o(.text)
    TIMER3_IRQHandler                        0x0001f42f   Thumb Code     0  arm_startup_nrf52.o(.text)
    TIMER4_IRQHandler                        0x0001f42f   Thumb Code     0  arm_startup_nrf52.o(.text)
    WDT_IRQHandler                           0x0001f42f   Thumb Code     0  arm_startup_nrf52.o(.text)
    __rt_ctype_table                         0x0001f439   Thumb Code     4  ctype_o.o(.text)
    __aeabi_memcpy                           0x0001f441   Thumb Code    36  memcpya.o(.text)
    __aeabi_memcpy4                          0x0001f441   Thumb Code     0  memcpya.o(.text)
    __aeabi_memcpy8                          0x0001f441   Thumb Code     0  memcpya.o(.text)
    strlen                                   0x0001f465   Thumb Code    14  strlen.o(.text)
    __aeabi_uldivmod                         0x0001f473   Thumb Code    98  uldiv.o(.text)
    __scatterload                            0x0001f4d5   Thumb Code    28  init.o(.text)
    __scatterload_rt2                        0x0001f4d5   Thumb Code     0  init.o(.text)
    __aeabi_llsl                             0x0001f4f9   Thumb Code    30  llshl.o(.text)
    _ll_shift_l                              0x0001f4f9   Thumb Code     0  llshl.o(.text)
    __aeabi_llsr                             0x0001f517   Thumb Code    32  llushr.o(.text)
    _ll_ushift_r                             0x0001f517   Thumb Code     0  llushr.o(.text)
    GPIOTE_IRQHandler                        0x0001f539   Thumb Code   362  nrf_drv_gpiote.o(i.GPIOTE_IRQHandler)
    POWER_CLOCK_IRQHandler                   0x0001f6f1   Thumb Code    84  nrf_drv_clock.o(i.POWER_CLOCK_IRQHandler)
    RTC1_IRQHandler                          0x0001f749   Thumb Code    32  app_timer.o(i.RTC1_IRQHandler)
    SPIM1_SPIS1_TWIM1_TWIS1_SPI1_TWI1_IRQHandler 0x0001f76d   Thumb Code    10  nrf_drv_spis.o(i.SPIM1_SPIS1_TWIM1_TWIS1_SPI1_TWI1_IRQHandler)
    SWI0_EGU0_IRQHandler                     0x0001f77d   Thumb Code     4  app_timer.o(i.SWI0_EGU0_IRQHandler)
    SWI2_EGU2_IRQHandler                     0x0001f781   Thumb Code    32  softdevice_handler.o(i.SWI2_EGU2_IRQHandler)
    SynHandler                               0x0001f7a5   Thumb Code    12  util.o(i.SynHandler)
    SystemInit                               0x0001f7b5   Thumb Code   610  system_nrf52.o(i.SystemInit)
    TIMER0_IRQHandler                        0x0001fa51   Thumb Code    68  nrf_drv_timer.o(i.TIMER0_IRQHandler)
    UARTE0_UART0_IRQHandler                  0x0001fa9d   Thumb Code    20  nrf_drv_uart.o(i.UARTE0_UART0_IRQHandler)
    __0snprintf$8                            0x0001fab9   Thumb Code    44  printf8.o(i.__0snprintf$8)
    __1snprintf$8                            0x0001fab9   Thumb Code     0  printf8.o(i.__0snprintf$8)
    __2snprintf                              0x0001fab9   Thumb Code     0  printf8.o(i.__0snprintf$8)
    __scatterload_copy                       0x0001fae9   Thumb Code    14  handlers.o(i.__scatterload_copy)
    __scatterload_null                       0x0001faf7   Thumb Code     2  handlers.o(i.__scatterload_null)
    __scatterload_zeroinit                   0x0001faf9   Thumb Code    14  handlers.o(i.__scatterload_zeroinit)
    add_fifo                                 0x0001ff81   Thumb Code    42  util.o(i.add_fifo)
    app_error_fault_handler                  0x0001ffb1   Thumb Code    46  app_error_weak.o(i.app_error_fault_handler)
    app_error_handler_bare                   0x00020001   Thumb Code    22  app_error.o(i.app_error_handler_bare)
    app_util_critical_region_enter           0x00020019   Thumb Code    64  app_util_platform.o(i.app_util_critical_region_enter)
    app_util_critical_region_exit            0x00020061   Thumb Code    46  app_util_platform.o(i.app_util_critical_region_exit)
    buffer_is_empty                          0x000201c9   Thumb Code    16  nrf_log_frontend.o(i.buffer_is_empty)
    fifo_init                                0x00020365   Thumb Code    26  util.o(i.fifo_init)
    intern_softdevice_events_execute         0x00020385   Thumb Code   114  softdevice_handler.o(i.intern_softdevice_events_execute)
    main                                     0x000205d5   Thumb Code    48  main.o(i.main)
    malloc                                   0x0002060d   Thumb Code    92  malloc.o(i.malloc)
    nrf_drv_clock_on_soc_event               0x000207c1   Thumb Code    10  nrf_drv_clock.o(i.nrf_drv_clock_on_soc_event)
    nrf_drv_common_irq_enable                0x000207e1   Thumb Code    56  nrf_drv_common.o(i.nrf_drv_common_irq_enable)
    nrf_drv_gpiote_in_event_enable           0x00020821   Thumb Code   156  nrf_drv_gpiote.o(i.nrf_drv_gpiote_in_event_enable)
    nrf_drv_gpiote_in_init                   0x000208c5   Thumb Code   172  nrf_drv_gpiote.o(i.nrf_drv_gpiote_in_init)
    nrf_drv_gpiote_init                      0x0002097d   Thumb Code    84  nrf_drv_gpiote.o(i.nrf_drv_gpiote_init)
    nrf_drv_gpiote_out_clear                 0x000209d9   Thumb Code    14  nrf_drv_gpiote.o(i.nrf_drv_gpiote_out_clear)
    nrf_drv_gpiote_out_init                  0x000209e9   Thumb Code   170  nrf_drv_gpiote.o(i.nrf_drv_gpiote_out_init)
    nrf_drv_gpiote_out_set                   0x00020aa1   Thumb Code    14  nrf_drv_gpiote.o(i.nrf_drv_gpiote_out_set)
    nrf_drv_spis_buffers_set                 0x00020ad1   Thumb Code   110  nrf_drv_spis.o(i.nrf_drv_spis_buffers_set)
    nrf_drv_spis_init                        0x00020b45   Thumb Code   332  nrf_drv_spis.o(i.nrf_drv_spis_init)
    nrf_drv_timer_compare                    0x00020c95   Thumb Code    34  nrf_drv_timer.o(i.nrf_drv_timer_compare)
    nrf_drv_timer_enable                     0x00020cb9   Thumb Code    24  nrf_drv_timer.o(i.nrf_drv_timer_enable)
    nrf_drv_timer_extended_compare           0x00020cd5   Thumb Code    42  nrf_drv_timer.o(i.nrf_drv_timer_extended_compare)
    nrf_drv_timer_init                       0x00020d01   Thumb Code   138  nrf_drv_timer.o(i.nrf_drv_timer_init)
    nrf_drv_uart_init                        0x00020d91   Thumb Code    98  nrf_drv_uart.o(i.nrf_drv_uart_init)
    nrf_drv_uart_tx                          0x00020df9   Thumb Code   262  nrf_drv_uart.o(i.nrf_drv_uart_tx)
    nrf_drv_uart_tx_in_progress              0x00020f05   Thumb Code    18  nrf_drv_uart.o(i.nrf_drv_uart_tx_in_progress)
    nrf_drv_uart_uninit                      0x00020f1d   Thumb Code    74  nrf_drv_uart.o(i.nrf_drv_uart_uninit)
    nrf_log_backend_hexdump_handler_get      0x00021085   Thumb Code     4  nrf_log_backend_serial.o(i.nrf_log_backend_hexdump_handler_get)
    nrf_log_backend_init                     0x0002108d   Thumb Code   100  nrf_log_backend_serial.o(i.nrf_log_backend_init)
    nrf_log_backend_std_handler_get          0x00021341   Thumb Code     4  nrf_log_backend_serial.o(i.nrf_log_backend_std_handler_get)
    nrf_log_blocking_backend_set             0x00021349   Thumb Code     6  nrf_log_frontend.o(i.nrf_log_blocking_backend_set)
    nrf_log_frontend_dequeue                 0x00021351   Thumb Code   298  nrf_log_frontend.o(i.nrf_log_frontend_dequeue)
    nrf_log_frontend_init                    0x00021481   Thumb Code    16  nrf_log_frontend.o(i.nrf_log_frontend_init)
    nrf_log_frontend_std_0                   0x00021495   Thumb Code    68  nrf_log_frontend.o(i.nrf_log_frontend_std_0)
    nrf_log_frontend_std_1                   0x000214e1   Thumb Code    80  nrf_log_frontend.o(i.nrf_log_frontend_std_1)
    nrf_log_handlers_set                     0x00021539   Thumb Code    10  nrf_log_frontend.o(i.nrf_log_handlers_set)
    nrf_log_init                             0x00021549   Thumb Code    36  nrf_log_frontend.o(i.nrf_log_init)
    read_fifo                                0x00021665   Thumb Code    48  util.o(i.read_fifo)
    spi_app_init                             0x00021759   Thumb Code   188  util.o(i.spi_app_init)
    spi_handler                              0x00021861   Thumb Code   230  util.o(i.spi_handler)
    spis_event_handler                       0x00021965   Thumb Code    40  util.o(i.spis_event_handler)
    timer_led_event_handler                  0x00021ab5   Thumb Code    18  util.o(i.timer_led_event_handler)
    tx_clear                                 0x00021c6d   Thumb Code    16  util.o(i.tx_clear)
    tx_set                                   0x00021c99   Thumb Code    18  util.o(i.tx_set)
    TIMER                                    0x00021edc   Data           8  util.o(.constdata)
    __ctype_table                            0x00021f4c   Data         129  ctype_o.o(.constdata)
    Region$$Table$$Base                      0x00021fe0   Number         0  anon$$obj.o(Region$$Table)
    Region$$Table$$Limit                     0x00022000   Number         0  anon$$obj.o(Region$$Table)
    Image$$RW_IRAM1$$Base                    0x20002128   Number         0  anon$$obj.o ABSOLUTE
    syn                                      0x20002128   Data           1  util.o(.data)
    timer_                                   0x20002129   Data           1  util.o(.data)
    command                                  0x2000212b   Data           1  util.o(.data)
    SystemCoreClock                          0x2000217c   Data           4  system_nrf52.o(.data)
    __microlib_freelist                      0x20002180   Data           4  mvars.o(.data)
    __microlib_freelist_initialised          0x20002184   Data           4  mvars.o(.data)
    d_list                                   0x20002188   Data          12  util.o(.bss)
    nrf_nvic_state                           0x20002244   Data          12  app_util_platform.o(.bss)
    __heap_base                              0x20002768   Data           0  arm_startup_nrf52.o(HEAP)
    __heap_limit                             0x20004768   Data           0  arm_startup_nrf52.o(HEAP)
    __initial_sp                             0x20006768   Data           0  arm_startup_nrf52.o(STACK)



==============================================================================

Memory Map of the image

  Image Entry point : 0x0001f401

  Load Region LR_IROM1 (Base: 0x0001f000, Size: 0x00003060, Max: 0x00061000, ABSOLUTE)

    Execution Region ER_IROM1 (Base: 0x0001f000, Size: 0x00003000, Max: 0x00061000, ABSOLUTE)

    Base Addr    Size         Type   Attr      Idx    E Section Name        Object

    0x0001f000   0x00000400   Data   RO         3345    RESET               arm_startup_nrf52.o
    0x0001f400   0x00000000   Code   RO         3386  * .ARM.Collect$$$$00000000  mc_w.l(entry.o)
    0x0001f400   0x00000004   Code   RO         3716    .ARM.Collect$$$$00000001  mc_w.l(entry2.o)
    0x0001f404   0x00000004   Code   RO         3719    .ARM.Collect$$$$00000004  mc_w.l(entry5.o)
    0x0001f408   0x00000000   Code   RO         3721    .ARM.Collect$$$$00000008  mc_w.l(entry7b.o)
    0x0001f408   0x00000000   Code   RO         3723    .ARM.Collect$$$$0000000A  mc_w.l(entry8b.o)
    0x0001f408   0x00000008   Code   RO         3724    .ARM.Collect$$$$0000000B  mc_w.l(entry9a.o)
    0x0001f410   0x00000000   Code   RO         3726    .ARM.Collect$$$$0000000D  mc_w.l(entry10a.o)
    0x0001f410   0x00000000   Code   RO         3728    .ARM.Collect$$$$0000000F  mc_w.l(entry11a.o)
    0x0001f410   0x00000004   Code   RO         3717    .ARM.Collect$$$$00002712  mc_w.l(entry2.o)
    0x0001f414   0x00000024   Code   RO         3346    .text               arm_startup_nrf52.o
    0x0001f438   0x00000008   Code   RO         3389    .text               mc_w.l(ctype_o.o)
    0x0001f440   0x00000024   Code   RO         3417    .text               mc_w.l(memcpya.o)
    0x0001f464   0x0000000e   Code   RO         3421    .text               mc_w.l(strlen.o)
    0x0001f472   0x00000062   Code   RO         3732    .text               mc_w.l(uldiv.o)
    0x0001f4d4   0x00000024   Code   RO         3747    .text               mc_w.l(init.o)
    0x0001f4f8   0x0000001e   Code   RO         3749    .text               mc_w.l(llshl.o)
    0x0001f516   0x00000020   Code   RO         3751    .text               mc_w.l(llushr.o)
    0x0001f536   0x00000002   PAD
    0x0001f538   0x00000174   Code   RO         1386    i.GPIOTE_IRQHandler  nrf_drv_gpiote.o
    0x0001f6ac   0x00000016   Code   RO         2267    i.NVIC_ClearPendingIRQ  app_timer.o
    0x0001f6c2   0x00000016   Code   RO         2268    i.NVIC_EnableIRQ    app_timer.o
    0x0001f6d8   0x00000016   Code   RO         2269    i.NVIC_SetPendingIRQ  app_timer.o
    0x0001f6ee   0x00000002   PAD
    0x0001f6f0   0x00000058   Code   RO         1172    i.POWER_CLOCK_IRQHandler  nrf_drv_clock.o
    0x0001f748   0x00000024   Code   RO         2271    i.RTC1_IRQHandler   app_timer.o
    0x0001f76c   0x00000010   Code   RO         1861    i.SPIM1_SPIS1_TWIM1_TWIS1_SPI1_TWI1_IRQHandler  nrf_drv_spis.o
    0x0001f77c   0x00000004   Code   RO         2272    i.SWI0_EGU0_IRQHandler  app_timer.o
    0x0001f780   0x00000024   Code   RO         3137    i.SWI2_EGU2_IRQHandler  softdevice_handler.o
    0x0001f7a4   0x00000010   Code   RO          402    i.SynHandler        util.o
    0x0001f7b4   0x0000029c   Code   RO         3354    i.SystemInit        system_nrf52.o
    0x0001fa50   0x0000004c   Code   RO         1954    i.TIMER0_IRQHandler  nrf_drv_timer.o
    0x0001fa9c   0x0000001c   Code   RO         1629    i.UARTE0_UART0_IRQHandler  nrf_drv_uart.o
    0x0001fab8   0x00000030   Code   RO         3635    i.__0snprintf$8     mc_w.l(printf8.o)
    0x0001fae8   0x0000000e   Code   RO         3759    i.__scatterload_copy  mc_w.l(handlers.o)
    0x0001faf6   0x00000002   Code   RO         3760    i.__scatterload_null  mc_w.l(handlers.o)
    0x0001faf8   0x0000000e   Code   RO         3761    i.__scatterload_zeroinit  mc_w.l(handlers.o)
    0x0001fb06   0x00000002   PAD
    0x0001fb08   0x00000410   Code   RO         3641    i._printf_core      mc_w.l(printf8.o)
    0x0001ff18   0x00000024   Code   RO         3642    i._printf_post_padding  mc_w.l(printf8.o)
    0x0001ff3c   0x0000002e   Code   RO         3643    i._printf_pre_padding  mc_w.l(printf8.o)
    0x0001ff6a   0x00000016   Code   RO         3644    i._snputc           mc_w.l(printf8.o)
    0x0001ff80   0x00000030   Code   RO          403    i.add_fifo          util.o
    0x0001ffb0   0x00000050   Code   RO         2166    i.app_error_fault_handler  app_error_weak.o
    0x00020000   0x00000016   Code   RO         2124    i.app_error_handler_bare  app_error.o
    0x00020016   0x00000002   PAD
    0x00020018   0x00000048   Code   RO         2493    i.app_util_critical_region_enter  app_util_platform.o
    0x00020060   0x00000034   Code   RO         2494    i.app_util_critical_region_exit  app_util_platform.o
    0x00020094   0x000000b8   Code   RO         1630    i.apply_config      nrf_drv_uart.o
    0x0002014c   0x00000012   Code   RO         2753    i.buf_len_update    nrf_log_backend_serial.o
    0x0002015e   0x00000002   PAD
    0x00020160   0x00000068   Code   RO         2848    i.buf_prealloc      nrf_log_frontend.o
    0x000201c8   0x00000014   Code   RO         2849    i.buffer_is_empty   nrf_log_frontend.o
    0x000201dc   0x0000001c   Code   RO         1387    i.channel_free      nrf_drv_gpiote.o
    0x000201f8   0x00000048   Code   RO         1388    i.channel_port_alloc  nrf_drv_gpiote.o
    0x00020240   0x00000010   Code   RO         1389    i.channel_port_get  nrf_drv_gpiote.o
    0x00020250   0x00000028   Code   RO         1173    i.clock_clk_started_notify  nrf_drv_clock.o
    0x00020278   0x000000ac   Code   RO         2280    i.compare_reg_update  app_timer.o
    0x00020324   0x00000040   Code   RO         2281    i.elapsed_ticks_acquire  app_timer.o
    0x00020364   0x00000020   Code   RO          404    i.fifo_init         util.o
    0x00020384   0x00000078   Code   RO         3139    i.intern_softdevice_events_execute  softdevice_handler.o
    0x000203fc   0x00000078   Code   RO         1631    i.interrupts_enable  nrf_drv_uart.o
    0x00020474   0x000000a8   Code   RO         2282    i.list_deletions_handler  app_timer.o
    0x0002051c   0x000000b8   Code   RO         2283    i.list_insertions_handler  app_timer.o
    0x000205d4   0x00000038   Code   RO            4    i.main              main.o
    0x0002060c   0x0000006c   Code   RO         3689    i.malloc            mc_w.l(malloc.o)
    0x00020678   0x00000010   Code   RO         1390    i.nrf_bitmask_bit_is_set  nrf_drv_gpiote.o
    0x00020688   0x0000000e   Code   RO         1177    i.nrf_clock_event_check  nrf_drv_clock.o
    0x00020696   0x00000010   Code   RO         1178    i.nrf_clock_event_clear  nrf_drv_clock.o
    0x000206a6   0x00000002   PAD
    0x000206a8   0x0000008c   Code   RO          405    i.nrf_delay_us      util.o
    0x00020734   0x0000008c   Code   RO         2284    i.nrf_delay_us      app_timer.o
    0x000207c0   0x0000000a   Code   RO         1193    i.nrf_drv_clock_on_soc_event  nrf_drv_clock.o
    0x000207ca   0x00000016   Code   RO         1632    i.nrf_drv_common_irq_disable  nrf_drv_uart.o
    0x000207e0   0x00000038   Code   RO         1340    i.nrf_drv_common_irq_enable  nrf_drv_common.o
    0x00020818   0x00000006   Code   RO         1633    i.nrf_drv_get_IRQn  nrf_drv_uart.o
    0x0002081e   0x00000002   PAD
    0x00020820   0x000000a4   Code   RO         1395    i.nrf_drv_gpiote_in_event_enable  nrf_drv_gpiote.o
    0x000208c4   0x000000b8   Code   RO         1396    i.nrf_drv_gpiote_in_init  nrf_drv_gpiote.o
    0x0002097c   0x0000005c   Code   RO         1399    i.nrf_drv_gpiote_init  nrf_drv_gpiote.o
    0x000209d8   0x0000000e   Code   RO         1401    i.nrf_drv_gpiote_out_clear  nrf_drv_gpiote.o
    0x000209e6   0x00000002   PAD
    0x000209e8   0x000000b8   Code   RO         1402    i.nrf_drv_gpiote_out_init  nrf_drv_gpiote.o
    0x00020aa0   0x0000000e   Code   RO         1403    i.nrf_drv_gpiote_out_set  nrf_drv_gpiote.o
    0x00020aae   0x00000010   Code   RO         1634    i.nrf_drv_is_in_RAM  nrf_drv_uart.o
    0x00020abe   0x00000010   Code   RO         1862    i.nrf_drv_is_in_RAM  nrf_drv_spis.o
    0x00020ace   0x00000002   PAD
    0x00020ad0   0x00000074   Code   RO         1863    i.nrf_drv_spis_buffers_set  nrf_drv_spis.o
    0x00020b44   0x00000150   Code   RO         1864    i.nrf_drv_spis_init  nrf_drv_spis.o
    0x00020c94   0x00000022   Code   RO         1957    i.nrf_drv_timer_compare  nrf_drv_timer.o
    0x00020cb6   0x00000002   PAD
    0x00020cb8   0x0000001c   Code   RO         1961    i.nrf_drv_timer_enable  nrf_drv_timer.o
    0x00020cd4   0x0000002a   Code   RO         1962    i.nrf_drv_timer_extended_compare  nrf_drv_timer.o
    0x00020cfe   0x00000002   PAD
    0x00020d00   0x00000090   Code   RO         1964    i.nrf_drv_timer_init  nrf_drv_timer.o
    0x00020d90   0x00000068   Code   RO         1636    i.nrf_drv_uart_init  nrf_drv_uart.o
    0x00020df8   0x0000010c   Code   RO         1643    i.nrf_drv_uart_tx   nrf_drv_uart.o
    0x00020f04   0x00000018   Code   RO         1645    i.nrf_drv_uart_tx_in_progress  nrf_drv_uart.o
    0x00020f1c   0x00000054   Code   RO         1646    i.nrf_drv_uart_uninit  nrf_drv_uart.o
    0x00020f70   0x00000024   Code   RO         1414    i.nrf_gpio_cfg      nrf_drv_gpiote.o
    0x00020f94   0x00000024   Code   RO         1647    i.nrf_gpio_cfg      nrf_drv_uart.o
    0x00020fb8   0x00000024   Code   RO         1866    i.nrf_gpio_cfg      nrf_drv_spis.o
    0x00020fdc   0x00000012   Code   RO         1648    i.nrf_gpio_cfg_default  nrf_drv_uart.o
    0x00020fee   0x00000012   Code   RO         1649    i.nrf_gpio_cfg_input  nrf_drv_uart.o
    0x00021000   0x00000014   Code   RO         1650    i.nrf_gpio_cfg_output  nrf_drv_uart.o
    0x00021014   0x00000022   Code   RO         1416    i.nrf_gpio_cfg_sense_set  nrf_drv_gpiote.o
    0x00021036   0x00000002   PAD
    0x00021038   0x00000028   Code   RO         1417    i.nrf_gpio_ports_read  nrf_drv_gpiote.o
    0x00021060   0x00000014   Code   RO         1418    i.nrf_gpiote_event_clear  nrf_drv_gpiote.o
    0x00021074   0x00000010   Code   RO         1419    i.nrf_gpiote_event_is_set  nrf_drv_gpiote.o
    0x00021084   0x00000008   Code   RO         2755    i.nrf_log_backend_hexdump_handler_get  nrf_log_backend_serial.o
    0x0002108c   0x00000070   Code   RO         2756    i.nrf_log_backend_init  nrf_log_backend_serial.o
    0x000210fc   0x0000012e   Code   RO         2757    i.nrf_log_backend_serial_hexdump_handler  nrf_log_backend_serial.o
    0x0002122a   0x00000114   Code   RO         2758    i.nrf_log_backend_serial_std_handler  nrf_log_backend_serial.o
    0x0002133e   0x00000002   PAD
    0x00021340   0x00000008   Code   RO         2759    i.nrf_log_backend_std_handler_get  nrf_log_backend_serial.o
    0x00021348   0x00000006   Code   RO         2851    i.nrf_log_blocking_backend_set  nrf_log_frontend.o
    0x0002134e   0x00000002   PAD
    0x00021350   0x00000130   Code   RO         2852    i.nrf_log_frontend_dequeue  nrf_log_frontend.o
    0x00021480   0x00000014   Code   RO         2854    i.nrf_log_frontend_init  nrf_log_frontend.o
    0x00021494   0x0000004c   Code   RO         2855    i.nrf_log_frontend_std_0  nrf_log_frontend.o
    0x000214e0   0x00000058   Code   RO         2856    i.nrf_log_frontend_std_1  nrf_log_frontend.o
    0x00021538   0x00000010   Code   RO         2863    i.nrf_log_handlers_set  nrf_log_frontend.o
    0x00021548   0x00000024   Code   RO         2864    i.nrf_log_init      nrf_log_frontend.o
    0x0002156c   0x0000000a   Code   RO         1867    i.nrf_spis_event_check  nrf_drv_spis.o
    0x00021576   0x0000000c   Code   RO         1868    i.nrf_spis_event_clear  nrf_drv_spis.o
    0x00021582   0x0000000a   Code   RO         1651    i.nrf_uart_event_check  nrf_drv_uart.o
    0x0002158c   0x0000000c   Code   RO         1652    i.nrf_uart_event_clear  nrf_drv_uart.o
    0x00021598   0x0000000c   Code   RO         1653    i.nrf_uart_int_enable_check  nrf_drv_uart.o
    0x000215a4   0x0000000a   Code   RO         1654    i.nrf_uarte_event_check  nrf_drv_uart.o
    0x000215ae   0x0000000c   Code   RO         1655    i.nrf_uarte_event_clear  nrf_drv_uart.o
    0x000215ba   0x00000002   PAD
    0x000215bc   0x00000018   Code   RO         1420    i.pin_in_use_by_port  nrf_drv_gpiote.o
    0x000215d4   0x00000018   Code   RO         1421    i.pin_in_use_by_te  nrf_drv_gpiote.o
    0x000215ec   0x00000078   Code   RO         1656    i.pins_to_default   nrf_drv_uart.o
    0x00021664   0x00000034   Code   RO          406    i.read_fifo         util.o
    0x00021698   0x0000003c   Code   RO         2285    i.rtc1_stop         app_timer.o
    0x000216d4   0x00000032   Code   RO         1657    i.rx_byte           nrf_drv_uart.o
    0x00021706   0x00000018   Code   RO         1658    i.rx_done_event     nrf_drv_uart.o
    0x0002171e   0x00000002   PAD
    0x00021720   0x0000000c   Code   RO         2760    i.serial_is_busy    nrf_log_backend_serial.o
    0x0002172c   0x0000002c   Code   RO         2761    i.serial_tx         nrf_log_backend_serial.o
    0x00021758   0x00000108   Code   RO          407    i.spi_app_init      util.o
    0x00021860   0x00000104   Code   RO          408    i.spi_handler       util.o
    0x00021964   0x00000074   Code   RO          409    i.spis_event_handler  util.o
    0x000219d8   0x00000078   Code   RO         1869    i.spis_irq_handler  nrf_drv_spis.o
    0x00021a50   0x00000006   Code   RO         1870    i.spis_state_change  nrf_drv_spis.o
    0x00021a56   0x0000005e   Code   RO         1871    i.spis_state_entry_action_execute  nrf_drv_spis.o
    0x00021ab4   0x00000018   Code   RO          410    i.timer_led_event_handler  util.o
    0x00021acc   0x0000008c   Code   RO         2286    i.timer_list_handler  app_timer.o
    0x00021b58   0x0000003c   Code   RO         2287    i.timer_list_insert  app_timer.o
    0x00021b94   0x00000084   Code   RO         2289    i.timer_timeouts_check  app_timer.o
    0x00021c18   0x00000034   Code   RO         2762    i.timestamp_process  nrf_log_backend_serial.o
    0x00021c4c   0x00000020   Code   RO         1660    i.tx_byte           nrf_drv_uart.o
    0x00021c6c   0x00000010   Code   RO          411    i.tx_clear          util.o
    0x00021c7c   0x0000001c   Code   RO         1661    i.tx_done_event     nrf_drv_uart.o
    0x00021c98   0x00000012   Code   RO          412    i.tx_set            util.o
    0x00021caa   0x00000002   PAD
    0x00021cac   0x00000010   Code   RO         2763    i.uart_event_handler  nrf_log_backend_serial.o
    0x00021cbc   0x0000011e   Code   RO         1662    i.uart_irq_handler  nrf_drv_uart.o
    0x00021dda   0x000000f0   Code   RO         1663    i.uarte_irq_handler  nrf_drv_uart.o
    0x00021eca   0x00000002   PAD
    0x00021ecc   0x00000038   Data   RO          414    .constdata          util.o
    0x00021f04   0x00000004   Data   RO         1423    .constdata          nrf_drv_gpiote.o
    0x00021f08   0x00000020   Data   RO         2766    .constdata          nrf_log_backend_serial.o
    0x00021f28   0x00000024   Data   RO         2867    .constdata          nrf_log_frontend.o
    0x00021f4c   0x00000081   Data   RO         3390    .constdata          mc_w.l(ctype_o.o)
    0x00021fcd   0x00000003   PAD
    0x00021fd0   0x00000004   Data   RO         3391    .constdata          mc_w.l(ctype_o.o)
    0x00021fd4   0x0000000b   Data   RO         2868    .conststring        nrf_log_frontend.o
    0x00021fdf   0x00000001   PAD
    0x00021fe0   0x00000020   Data   RO         3757    Region$$Table       anon$$obj.o


    Execution Region RW_IRAM1 (Base: 0x20002128, Size: 0x00004640, Max: 0x0000ded8, ABSOLUTE)

    Base Addr    Size         Type   Attr      Idx    E Section Name        Object

    0x20002128   0x0000000d   Data   RW          415    .data               util.o
    0x20002135   0x00000003   PAD
    0x20002138   0x00000020   Data   RW         2291    .data               app_timer.o
    0x20002158   0x0000000c   Data   RW         2767    .data               nrf_log_backend_serial.o
    0x20002164   0x00000004   Data   RW         2869    .data               nrf_log_frontend.o
    0x20002168   0x00000014   Data   RW         3155    .data               softdevice_handler.o
    0x2000217c   0x00000004   Data   RW         3355    .data               system_nrf52.o
    0x20002180   0x00000004   Data   RW         3734    .data               mc_w.l(mvars.o)
    0x20002184   0x00000004   Data   RW         3735    .data               mc_w.l(mvars.o)
    0x20002188   0x0000000c   Zero   RW          413    .bss                util.o
    0x20002194   0x00000014   Zero   RW         1195    .bss                nrf_drv_clock.o
    0x200021a8   0x00000058   Zero   RW         1422    .bss                nrf_drv_gpiote.o
    0x20002200   0x00000020   Zero   RW         1664    .bss                nrf_drv_uart.o
    0x20002220   0x00000018   Zero   RW         1872    .bss                nrf_drv_spis.o
    0x20002238   0x0000000c   Zero   RW         1968    .bss                nrf_drv_timer.o
    0x20002244   0x0000000c   Zero   RW         2497    .bss                app_util_platform.o
    0x20002250   0x00000100   Zero   RW         2764    .bss                nrf_log_backend_serial.o
    0x20002350   0x00000418   Zero   RW         2866    .bss                nrf_log_frontend.o
    0x20002768   0x00002000   Zero   RW         3344    HEAP                arm_startup_nrf52.o
    0x20004768   0x00002000   Zero   RW         3343    STACK               arm_startup_nrf52.o


==============================================================================

Image component sizes


      Code (inc. data)   RO Data    RW Data    ZI Data      Debug   Object Name

        22          0          0          0          0       2345   app_error.o
        80         34          0          0          0      27425   app_error_weak.o
      1226         76          0         32          0      42824   app_timer.o
         0          0          0          0          0       5980   app_uart_fifo.o
       124         14          0          0         12       9794   app_util_platform.o
        36          8       1024          0      16384        948   arm_startup_nrf52.o
        56          8          0          0          0      46800   main.o
       168         10          0          0         20       9890   nrf_drv_clock.o
        56          0          0          0          0      27607   nrf_drv_common.o
      1350         92          4          0         88      33702   nrf_drv_gpiote.o
       762         16          0          0         24      23486   nrf_drv_spis.o
       324         18          0          0         12      17223   nrf_drv_timer.o
      1784         60          0          0         32      69211   nrf_drv_uart.o
       848         56         32         12        256      11895   nrf_log_backend_serial.o
       670         48         47          4       1048      11960   nrf_log_frontend.o
       156         10          0         20          0      47502   softdevice_handler.o
       668         58          0          4          0       2811   system_nrf52.o
       986        216         56         13         12      23884   util.o

    ----------------------------------------------------------------------
      9348        724       1196         88      17888     415287   Object Totals
         0          0         32          0          0          0   (incl. Generated)
        32          0          1          3          0          0   (incl. Padding)

    ----------------------------------------------------------------------

      Code (inc. data)   RO Data    RW Data    ZI Data      Debug   Library Member Name

         8          4        133          0          0         68   ctype_o.o
         0          0          0          0          0          0   entry.o
         0          0          0          0          0          0   entry10a.o
         0          0          0          0          0          0   entry11a.o
         8          4          0          0          0          0   entry2.o
         4          0          0          0          0          0   entry5.o
         0          0          0          0          0          0   entry7b.o
         0          0          0          0          0          0   entry8b.o
         8          4          0          0          0          0   entry9a.o
        30          0          0          0          0          0   handlers.o
        36          8          0          0          0         68   init.o
        30          0          0          0          0         68   llshl.o
        32          0          0          0          0         68   llushr.o
       108         16          0          0          0         84   malloc.o
        36          0          0          0          0         68   memcpya.o
         0          0          0          8          0          0   mvars.o
      1192         48          0          0          0        420   printf8.o
        14          0          0          0          0         68   strlen.o
        98          0          0          0          0         92   uldiv.o

    ----------------------------------------------------------------------
      1608         84        136          8          0       1004   Library Totals
         4          0          3          0          0          0   (incl. Padding)

    ----------------------------------------------------------------------

      Code (inc. data)   RO Data    RW Data    ZI Data      Debug   Library Name

      1604         84        133          8          0       1004   mc_w.l

    ----------------------------------------------------------------------
      1608         84        136          8          0       1004   Library Totals

    ----------------------------------------------------------------------

==============================================================================


      Code (inc. data)   RO Data    RW Data    ZI Data      Debug   

     10956        808       1332         96      17888     404979   Grand Totals
     10956        808       1332         96      17888     404979   ELF Image Totals
     10956        808       1332         96          0          0   ROM Totals

==============================================================================

    Total RO  Size (Code + RO Data)                12288 (  12.00kB)
    Total RW  Size (RW Data + ZI Data)             17984 (  17.56kB)
    Total ROM Size (Code + RO Data + RW Data)      12384 (  12.09kB)

==============================================================================

