<html>
<body>
<pre>
<h1>µVision Build Log</h1>
<h2>Tool Versions:</h2>
IDE-Version: µVision V5.21.1.0
Copyright (C) 2016 ARM Ltd and ARM Germany GmbH. All rights reserved.
License Information: Amar Duranovic, UiA, LIC=----
 
Tool Versions:
Toolchain:       MDK-Lite  Version: 5.21a
Toolchain Path:  C:\Keil_v5\ARM\ARMCC\Bin
C Compiler:      Armcc.exe V5.06 update 3 (build 300)
Assembler:       Armasm.exe V5.06 update 3 (build 300)
Linker/Locator:  ArmLink.exe V5.06 update 3 (build 300)
Library Manager: ArmAr.exe V5.06 update 3 (build 300)
Hex Converter:   FromElf.exe V5.06 update 3 (build 300)
CPU DLL:         
Dialog DLL:      
Target DLL:      Segger\JL2CM3.dll V2.99.23.0
Dialog DLL:      TCM.DLL V1.14.14.0
 
<h2>Project:</h2>
C:\Users\Christer\Desktop\Schoolwork\ELE-217-G\Project Spring 2017\WeatherStationUiA\BLESide\ble_app_uart\pca10040\s132\arm5_no_packs\ble_app_uart_pca10040_s132.uvprojx
Project File Date:  01/31/2017

<h2>Output:</h2>
*** Using Compiler 'V5.06 update 3 (build 300)', folder: 'C:\Keil_v5\ARM\ARMCC\Bin'
Build target 'nrf52832_xxaa'
compiling main.c...
..\..\..\main.c(37): warning:  #223-D: function "uart_init" declared implicitly
      uart_init();
..\..\..\main.c(39): warning:  #223-D: function "buttons_leds_init" declared implicitly
      buttons_leds_init(&erase_bonds);
..\..\..\main.c(40): warning:  #223-D: function "ble_stack_init" declared implicitly
      ble_stack_init();
..\..\..\main.c(41): warning:  #223-D: function "gap_params_init" declared implicitly
      gap_params_init();
..\..\..\main.c(42): warning:  #223-D: function "services_init" declared implicitly
      services_init();
..\..\..\main.c(43): warning:  #223-D: function "advertising_init" declared implicitly
      advertising_init();
..\..\..\main.c(44): warning:  #223-D: function "conn_params_init" declared implicitly
      conn_params_init();
..\..\..\main.c(72): warning:  #223-D: function "power_manage" declared implicitly
  				power_manage();
..\..\..\main.c: 8 warnings, 0 errors
linking...
Program Size: Code=14208 RO-data=1200 RW-data=184 ZI-data=9648  
FromELF: creating hex file...
".\_build\nrf52832_xxaa.axf" - 0 Error(s), 8 Warning(s).

<h2>Software Packages used:</h2>

Package Vendor: ARM
                http://www.keil.com/pack/ARM.CMSIS.4.5.0.pack
                ARM::CMSIS:CORE:4.3.0
                CMSIS (Cortex Microcontroller Software Interface Standard)
   * Component: CORE Version: 4.3.0

Package Vendor: NordicSemiconductor
                http://developer.nordicsemi.com/nRF5_SDK/pieces/nRF_DeviceFamilyPack/NordicSemiconductor.nRF_DeviceFamilyPack.8.11.1.pack
                NordicSemiconductor::Device:Startup:8.11.1
                Nordic Semiconductor nRF ARM devices Device Family Pack.
   * Component: Startup Version: 8.11.1

<h2>Collection of Component include folders:</h2>
  C:\Users\Christer\Desktop\Schoolwork\ELE-217-G\Project Spring 2017\WeatherStationUiA\BLESide\ble_app_uart\pca10040\s132\arm5_no_packs\RTE
  C:\Keil_v5\ARM\PACK\ARM\CMSIS\4.5.0\CMSIS\Include
  C:\Keil_v5\ARM\PACK\NordicSemiconductor\nRF_DeviceFamilyPack\8.11.1\Device\Include

<h2>Collection of Component Files used:</h2>

   * Component: ARM::CMSIS:CORE:4.3.0

   * Component: NordicSemiconductor::Device:Startup:8.11.1
      Source file:   Device\Source\system_nrf52.c
      Source file:   Device\Source\arm\arm_startup_nrf52.s
      Include file:  Device\Include\system_nrf52.h
Build Time Elapsed:  00:00:02
</pre>
</body>
</html>
