Component: ARM Compiler 5.06 update 4 (build 422) Tool: armlink [4d35d2]

==============================================================================

Section Cross References

    main.o(i.main) refers to blefunctions.o(i.ble_app_init) for ble_app_init
    main.o(i.main) refers to main.o(i.spi_app_init) for spi_app_init
    main.o(i.main) refers to nrf_drv_spis.o(i.nrf_drv_spis_buffers_set) for nrf_drv_spis_buffers_set
    main.o(i.main) refers to app_error.o(i.app_error_handler_bare) for app_error_handler_bare
    main.o(i.main) refers to boards.o(i.bsp_board_led_invert) for bsp_board_led_invert
    main.o(i.main) refers to main.o(.data) for .data
    main.o(i.main) refers to main.o(.constdata) for .constdata
    main.o(i.spi_app_init) refers to memcpya.o(.text) for __aeabi_memcpy4
    main.o(i.spi_app_init) refers to nrf_drv_spis.o(i.nrf_drv_spis_init) for nrf_drv_spis_init
    main.o(i.spi_app_init) refers to app_error.o(i.app_error_handler_bare) for app_error_handler_bare
    main.o(i.spi_app_init) refers to main.o(.constdata) for .constdata
    main.o(i.spi_app_init) refers to main.o(i.spis_event_handler) for spis_event_handler
    main.o(i.spis_event_handler) refers to main.o(.data) for .data
    blefunctions.o(i.advertising_init) refers to memseta.o(.text) for __aeabi_memclr4
    blefunctions.o(i.advertising_init) refers to ble_advertising.o(i.ble_advertising_init) for ble_advertising_init
    blefunctions.o(i.advertising_init) refers to app_error.o(i.app_error_handler_bare) for app_error_handler_bare
    blefunctions.o(i.advertising_init) refers to blefunctions.o(.data) for .data
    blefunctions.o(i.advertising_init) refers to blefunctions.o(i.on_adv_evt) for on_adv_evt
    blefunctions.o(i.assert_nrf_callback) refers to app_error.o(i.app_error_handler) for app_error_handler
    blefunctions.o(i.ble_app_init) refers to app_timer.o(i.app_timer_init) for app_timer_init
    blefunctions.o(i.ble_app_init) refers to app_error.o(i.app_error_handler_bare) for app_error_handler_bare
    blefunctions.o(i.ble_app_init) refers to blefunctions.o(i.uart_init) for uart_init
    blefunctions.o(i.ble_app_init) refers to blefunctions.o(i.buttons_leds_init) for buttons_leds_init
    blefunctions.o(i.ble_app_init) refers to blefunctions.o(i.ble_stack_init) for ble_stack_init
    blefunctions.o(i.ble_app_init) refers to blefunctions.o(i.gap_params_init) for gap_params_init
    blefunctions.o(i.ble_app_init) refers to blefunctions.o(i.services_init) for services_init
    blefunctions.o(i.ble_app_init) refers to blefunctions.o(i.advertising_init) for advertising_init
    blefunctions.o(i.ble_app_init) refers to blefunctions.o(i.conn_params_init) for conn_params_init
    blefunctions.o(i.ble_app_init) refers to printfb.o(i.__0printf$bare) for __2printf
    blefunctions.o(i.ble_app_init) refers to ble_advertising.o(i.ble_advertising_start) for ble_advertising_start
    blefunctions.o(i.ble_app_init) refers to blefunctions.o(.bss) for .bss
    blefunctions.o(i.ble_evt_dispatch) refers to ble_conn_params.o(i.ble_conn_params_on_ble_evt) for ble_conn_params_on_ble_evt
    blefunctions.o(i.ble_evt_dispatch) refers to ble_nus.o(i.ble_nus_on_ble_evt) for ble_nus_on_ble_evt
    blefunctions.o(i.ble_evt_dispatch) refers to blefunctions.o(i.on_ble_evt) for on_ble_evt
    blefunctions.o(i.ble_evt_dispatch) refers to ble_advertising.o(i.ble_advertising_on_ble_evt) for ble_advertising_on_ble_evt
    blefunctions.o(i.ble_evt_dispatch) refers to bsp_btn_ble.o(i.bsp_btn_ble_on_ble_evt) for bsp_btn_ble_on_ble_evt
    blefunctions.o(i.ble_evt_dispatch) refers to blefunctions.o(.bss) for .bss
    blefunctions.o(i.ble_stack_init) refers to softdevice_handler.o(i.softdevice_handler_init) for softdevice_handler_init
    blefunctions.o(i.ble_stack_init) refers to app_error.o(i.app_error_handler_bare) for app_error_handler_bare
    blefunctions.o(i.ble_stack_init) refers to softdevice_handler.o(i.softdevice_enable_get_default_config) for softdevice_enable_get_default_config
    blefunctions.o(i.ble_stack_init) refers to softdevice_handler.o(i.softdevice_enable) for softdevice_enable
    blefunctions.o(i.ble_stack_init) refers to softdevice_handler.o(i.softdevice_ble_evt_handler_set) for softdevice_ble_evt_handler_set
    blefunctions.o(i.ble_stack_init) refers to blefunctions.o(.constdata) for .constdata
    blefunctions.o(i.ble_stack_init) refers to blefunctions.o(.bss) for .bss
    blefunctions.o(i.ble_stack_init) refers to blefunctions.o(i.ble_evt_dispatch) for ble_evt_dispatch
    blefunctions.o(i.bsp_event_handler) refers to blefunctions.o(i.sleep_mode_enter) for sleep_mode_enter
    blefunctions.o(i.bsp_event_handler) refers to app_error.o(i.app_error_handler_bare) for app_error_handler_bare
    blefunctions.o(i.bsp_event_handler) refers to ble_advertising.o(i.ble_advertising_restart_without_whitelist) for ble_advertising_restart_without_whitelist
    blefunctions.o(i.bsp_event_handler) refers to blefunctions.o(.data) for .data
[...]
    i.NVIC_ClearPendingIRQ                   0x0001f618   Section        0  app_timer.o(i.NVIC_ClearPendingIRQ)
    NVIC_ClearPendingIRQ                     0x0001f619   Thumb Code    22  app_timer.o(i.NVIC_ClearPendingIRQ)
    i.NVIC_DisableIRQ                        0x0001f62e   Section        0  softdevice_handler.o(i.NVIC_DisableIRQ)
    NVIC_DisableIRQ                          0x0001f62f   Thumb Code    22  softdevice_handler.o(i.NVIC_DisableIRQ)
    i.NVIC_EnableIRQ                         0x0001f644   Section        0  app_timer.o(i.NVIC_EnableIRQ)
    NVIC_EnableIRQ                           0x0001f645   Thumb Code    22  app_timer.o(i.NVIC_EnableIRQ)
    i.NVIC_EnableIRQ                         0x0001f65a   Section        0  softdevice_handler.o(i.NVIC_EnableIRQ)
    NVIC_EnableIRQ                           0x0001f65b   Thumb Code    22  softdevice_handler.o(i.NVIC_EnableIRQ)
    i.NVIC_SetPendingIRQ                     0x0001f670   Section        0  app_timer.o(i.NVIC_SetPendingIRQ)
    NVIC_SetPendingIRQ                       0x0001f671   Thumb Code    22  app_timer.o(i.NVIC_SetPendingIRQ)
    i.NVIC_SetPriority                       0x0001f686   Section        0  app_timer.o(i.NVIC_SetPriority)
    NVIC_SetPriority                         0x0001f687   Thumb Code    32  app_timer.o(i.NVIC_SetPriority)
    i.POWER_CLOCK_IRQHandler                 0x0001f6a8   Section        0  nrf_drv_clock.o(i.POWER_CLOCK_IRQHandler)
    i.RTC1_IRQHandler                        0x0001f700   Section        0  app_timer.o(i.RTC1_IRQHandler)
    i.SPIM1_SPIS1_TWIM1_TWIS1_SPI1_TWI1_IRQHandler 0x0001f724   Section        0  nrf_drv_spis.o(i.SPIM1_SPIS1_TWIM1_TWIS1_SPI1_TWI1_IRQHandler)
    i.SWI0_EGU0_IRQHandler                   0x0001f734   Section        0  app_timer.o(i.SWI0_EGU0_IRQHandler)
    i.SWI2_EGU2_IRQHandler                   0x0001f738   Section        0  softdevice_handler.o(i.SWI2_EGU2_IRQHandler)
    i.SystemInit                             0x0001f75c   Section        0  system_nrf52.o(i.SystemInit)
    i.UARTE0_UART0_IRQHandler                0x0001f9f8   Section        0  nrf_drv_uart.o(i.UARTE0_UART0_IRQHandler)
    i.__0printf$bare                         0x0001fa14   Section        0  printfb.o(i.__0printf$bare)
    i.__scatterload_copy                     0x0001fa24   Section       14  handlers.o(i.__scatterload_copy)
    i.__scatterload_null                     0x0001fa32   Section        2  handlers.o(i.__scatterload_null)
    i.__scatterload_zeroinit                 0x0001fa34   Section       14  handlers.o(i.__scatterload_zeroinit)
    i.__sd_nvic_app_accessible_irq           0x0001fa44   Section        0  softdevice_handler.o(i.__sd_nvic_app_accessible_irq)
    __sd_nvic_app_accessible_irq             0x0001fa45   Thumb Code    32  softdevice_handler.o(i.__sd_nvic_app_accessible_irq)
    i._printf_core                           0x0001fa68   Section        0  printfb.o(i._printf_core)
    _printf_core                             0x0001fa69   Thumb Code    34  printfb.o(i._printf_core)
    i.adv_data_encode                        0x0001fa8a   Section        0  ble_advdata.o(i.adv_data_encode)
    i.adv_mode_next_avail_get                0x0001fc0c   Section        0  ble_advertising.o(i.adv_mode_next_avail_get)
    adv_mode_next_avail_get                  0x0001fc0d   Thumb Code    80  ble_advertising.o(i.adv_mode_next_avail_get)
    i.advertising_buttons_configure          0x0001fc64   Section        0  bsp_btn_ble.o(i.advertising_buttons_configure)
    advertising_buttons_configure            0x0001fc65   Thumb Code    54  bsp_btn_ble.o(i.advertising_buttons_configure)
    i.advertising_init                       0x0001fc9c   Section        0  blefunctions.o(i.advertising_init)
    i.alert_timer_handler                    0x0001fd04   Section        0  bsp.o(i.alert_timer_handler)
    alert_timer_handler                      0x0001fd05   Thumb Code     6  bsp.o(i.alert_timer_handler)
    i.app_button_enable                      0x0001fd0c   Section        0  app_button.o(i.app_button_enable)
    i.app_button_init                        0x0001fd30   Section        0  app_button.o(i.app_button_init)
    i.app_error_fault_handler                0x0001fda0   Section        0  app_error_weak.o(i.app_error_fault_handler)
    i.app_error_handler_bare                 0x0001fdc4   Section        0  app_error.o(i.app_error_handler_bare)
    i.app_fifo_get                           0x0001fdda   Section        0  app_fifo.o(i.app_fifo_get)
    i.app_fifo_init                          0x0001fdf0   Section        0  app_fifo.o(i.app_fifo_init)
    i.app_fifo_put                           0x0001fe10   Section        0  app_fifo.o(i.app_fifo_put)
    i.app_timer_create                       0x0001fe2c   Section        0  app_timer.o(i.app_timer_create)
    i.app_timer_init                         0x0001fe50   Section        0  app_timer.o(i.app_timer_init)
    i.app_timer_start                        0x0001fec0   Section        0  app_timer.o(i.app_timer_start)
    i.app_timer_stop                         0x0001ff48   Section        0  app_timer.o(i.app_timer_stop)
    i.app_uart_get                           0x0001ff68   Section        0  app_uart_fifo.o(i.app_uart_get)
    i.app_uart_init                          0x0001ff9c   Section        0  app_uart_fifo.o(i.app_uart_init)
    i.app_uart_put                           0x00020050   Section        0  app_uart_fifo.o(i.app_uart_put)
    i.app_util_critical_region_enter         0x0002008c   Section        0  app_util_platform.o(i.app_util_critical_region_enter)
    i.app_util_critical_region_exit          0x000200d4   Section        0  app_util_platform.o(i.app_util_critical_region_exit)
    i.apply_config                           0x00020108   Section        0  nrf_drv_uart.o(i.apply_config)
    apply_config                             0x00020109   Thumb Code   180  nrf_drv_uart.o(i.apply_config)
    i.ble_advdata_set                        0x000201c0   Section        0  ble_advdata.o(i.ble_advdata_set)
    i.ble_advertising_init                   0x00020228   Section        0  ble_advertising.o(i.ble_advertising_init)
    i.ble_advertising_on_ble_evt             0x00020348   Section        0  ble_advertising.o(i.ble_advertising_on_ble_evt)
    i.ble_advertising_restart_without_whitelist 0x000203a4   Section        0  ble_advertising.o(i.ble_advertising_restart_without_whitelist)
    i.ble_advertising_start                  0x000203e0   Section        0  ble_advertising.o(i.ble_advertising_start)
    i.ble_app_init                           0x000204e4   Section        0  blefunctions.o(i.ble_app_init)
    i.ble_conn_params_init                   0x00020540   Section        0  ble_conn_params.o(i.ble_conn_params_init)
    i.ble_conn_params_on_ble_evt             0x00020598   Section        0  ble_conn_params.o(i.ble_conn_params_on_ble_evt)
    i.ble_device_addr_encode                 0x0002061c   Section        0  ble_advdata.o(i.ble_device_addr_encode)
    ble_device_addr_encode                   0x0002061d   Thumb Code    96  ble_advdata.o(i.ble_device_addr_encode)
    i.ble_evt_dispatch                       0x0002067c   Section        0  blefunctions.o(i.ble_evt_dispatch)
    i.ble_nus_init                           0x000206a8   Section        0  ble_nus.o(i.ble_nus_init)
    i.ble_nus_on_ble_evt                     0x0002070c   Section        0  ble_nus.o(i.ble_nus_on_ble_evt)
    i.ble_nus_string_send                    0x00020768   Section        0  ble_nus.o(i.ble_nus_string_send)
    i.ble_srv_is_notification_enabled        0x000207b6   Section        0  ble_srv_common.o(i.ble_srv_is_notification_enabled)
    i.ble_stack_init                         0x000207c0   Section        0  blefunctions.o(i.ble_stack_init)
    i.bsp_board_button_idx_to_pin            0x0002081c   Section        0  boards.o(i.bsp_board_button_idx_to_pin)
    i.bsp_board_button_state_get             0x00020828   Section        0  boards.o(i.bsp_board_button_state_get)
    i.bsp_board_led_invert                   0x00020848   Section        0  boards.o(i.bsp_board_led_invert)
    i.bsp_board_led_off                      0x0002086c   Section        0  boards.o(i.bsp_board_led_off)
    i.bsp_board_led_on                       0x0002087c   Section        0  boards.o(i.bsp_board_led_on)
    i.bsp_board_led_state_get                0x0002088c   Section        0  boards.o(i.bsp_board_led_state_get)
    i.bsp_board_leds_init                    0x000208ac   Section        0  boards.o(i.bsp_board_leds_init)
    i.bsp_board_leds_off                     0x000208d8   Section        0  boards.o(i.bsp_board_leds_off)
    i.bsp_board_leds_on                      0x000208ea   Section        0  boards.o(i.bsp_board_leds_on)
    i.bsp_board_pin_to_button_idx            0x000208fc   Section        0  boards.o(i.bsp_board_pin_to_button_idx)
    i.bsp_btn_ble_init                       0x00020920   Section        0  bsp_btn_ble.o(i.bsp_btn_ble_init)
    i.bsp_btn_ble_on_ble_evt                 0x00020958   Section        0  bsp_btn_ble.o(i.bsp_btn_ble_on_ble_evt)
    i.bsp_btn_ble_sleep_mode_prepare         0x000209c8   Section        0  bsp_btn_ble.o(i.bsp_btn_ble_sleep_mode_prepare)
    i.bsp_button_event_handler               0x000209e8   Section        0  bsp.o(i.bsp_button_event_handler)
    bsp_button_event_handler                 0x000209e9   Thumb Code   136  bsp.o(i.bsp_button_event_handler)
    i.bsp_button_is_pressed                  0x00020a7c   Section        0  bsp.o(i.bsp_button_is_pressed)
    i.bsp_event_handler                      0x00020a80   Section        0  blefunctions.o(i.bsp_event_handler)
    i.bsp_event_to_button_action_assign      0x00020ac4   Section        0  bsp.o(i.bsp_event_to_button_action_assign)
    i.bsp_indication_set                     0x00020b08   Section        0  bsp.o(i.bsp_indication_set)
    i.bsp_init                               0x00020b20   Section        0  bsp.o(i.bsp_init)
    i.bsp_led_indication                     0x00020bb8   Section        0  bsp.o(i.bsp_led_indication)
    bsp_led_indication                       0x00020bb9   Thumb Code   362  bsp.o(i.bsp_led_indication)
    i.bsp_wakeup_button_enable               0x00020d2c   Section        0  bsp.o(i.bsp_wakeup_button_enable)
    i.button_timer_handler                   0x00020d3c   Section        0  bsp.o(i.button_timer_handler)
    button_timer_handler                     0x00020d3d   Thumb Code     8  bsp.o(i.button_timer_handler)
    i.buttons_leds_init                      0x00020d44   Section        0  blefunctions.o(i.buttons_leds_init)
    i.channel_free                           0x00020d80   Section        0  nrf_drv_gpiote.o(i.channel_free)
    channel_free                             0x00020d81   Thumb Code    22  nrf_drv_gpiote.o(i.channel_free)
    i.channel_port_alloc                     0x00020d9c   Section        0  nrf_drv_gpiote.o(i.channel_port_alloc)
    channel_port_alloc                       0x00020d9d   Thumb Code    66  nrf_drv_gpiote.o(i.channel_port_alloc)
    i.channel_port_get                       0x00020de4   Section        0  nrf_drv_gpiote.o(i.channel_port_get)
    channel_port_get                         0x00020de5   Thumb Code    10  nrf_drv_gpiote.o(i.channel_port_get)
    i.clock_clk_started_notify               0x00020df4   Section        0  nrf_drv_clock.o(i.clock_clk_started_notify)
    clock_clk_started_notify                 0x00020df5   Thumb Code    34  nrf_drv_clock.o(i.clock_clk_started_notify)
    i.compare_reg_update                     0x00020e1c   Section        0  app_timer.o(i.compare_reg_update)
    compare_reg_update                       0x00020e1d   Thumb Code   160  app_timer.o(i.compare_reg_update)
    i.conn_int_encode                        0x00020ec8   Section        0  ble_advdata.o(i.conn_int_encode)
    conn_int_encode                          0x00020ec9   Thumb Code   136  ble_advdata.o(i.conn_int_encode)
    i.conn_params_error_handler              0x00020f50   Section        0  blefunctions.o(i.conn_params_error_handler)
    i.conn_params_init                       0x00020f54   Section        0  blefunctions.o(i.conn_params_init)
    i.conn_params_negotiation                0x00020fa0   Section        0  ble_conn_params.o(i.conn_params_negotiation)
    conn_params_negotiation                  0x00020fa1   Thumb Code    78  ble_conn_params.o(i.conn_params_negotiation)
    i.detection_delay_timeout_handler        0x00020ffc   Section        0  app_button.o(i.detection_delay_timeout_handler)
    detection_delay_timeout_handler          0x00020ffd   Thumb Code    92  app_button.o(i.detection_delay_timeout_handler)
    i.elapsed_ticks_acquire                  0x0002105c   Section        0  app_timer.o(i.elapsed_ticks_acquire)
    elapsed_ticks_acquire                    0x0002105d   Thumb Code    58  app_timer.o(i.elapsed_ticks_acquire)
    i.fifo_get                               0x0002109c   Section        0  app_fifo.o(i.fifo_get)
    fifo_get                                 0x0002109d   Thumb Code    20  app_fifo.o(i.fifo_get)
    i.fifo_put                               0x000210b0   Section        0  app_fifo.o(i.fifo_put)
    fifo_put                                 0x000210b1   Thumb Code    18  app_fifo.o(i.fifo_put)
    i.fputc                                  0x000210c2   Section        0  retarget.o(i.fputc)
    i.fs_queued_op_count_get                 0x000210d0   Section        0  fstorage.o(i.fs_queued_op_count_get)
    i.gap_params_init                        0x000210e4   Section        0  blefunctions.o(i.gap_params_init)
    i.gpiote_event_handler                   0x0002113c   Section        0  app_button.o(i.gpiote_event_handler)
    gpiote_event_handler                     0x0002113d   Thumb Code    78  app_button.o(i.gpiote_event_handler)
    i.intern_softdevice_events_execute       0x00021194   Section        0  softdevice_handler.o(i.intern_softdevice_events_execute)
    i.interrupts_enable                      0x0002120c   Section        0  nrf_drv_uart.o(i.interrupts_enable)
    interrupts_enable                        0x0002120d   Thumb Code   106  nrf_drv_uart.o(i.interrupts_enable)
    i.is_conn_params_ok                      0x00021284   Section        0  ble_conn_params.o(i.is_conn_params_ok)
    is_conn_params_ok                        0x00021285   Thumb Code    24  ble_conn_params.o(i.is_conn_params_ok)
    i.leds_timer_handler                     0x000212a0   Section        0  bsp.o(i.leds_timer_handler)
    leds_timer_handler                       0x000212a1   Thumb Code    16  bsp.o(i.leds_timer_handler)
    i.list_deletions_handler                 0x000212b4   Section        0  app_timer.o(i.list_deletions_handler)
    list_deletions_handler                   0x000212b5   Thumb Code   158  app_timer.o(i.list_deletions_handler)
    i.list_insertions_handler                0x0002135c   Section        0  app_timer.o(i.list_insertions_handler)
    list_insertions_handler                  0x0002135d   Thumb Code   174  app_timer.o(i.list_insertions_handler)
    i.main                                   0x00021414   Section        0  main.o(i.main)
    i.manuf_specific_data_encode             0x0002145c   Section        0  ble_advdata.o(i.manuf_specific_data_encode)
    manuf_specific_data_encode               0x0002145d   Thumb Code   100  ble_advdata.o(i.manuf_specific_data_encode)
    i.name_encode                            0x000214c0   Section        0  ble_advdata.o(i.name_encode)
    name_encode                              0x000214c1   Thumb Code   156  ble_advdata.o(i.name_encode)
    i.nrf_bitmask_bit_is_set                 0x0002155c   Section        0  nrf_drv_gpiote.o(i.nrf_bitmask_bit_is_set)
    nrf_bitmask_bit_is_set                   0x0002155d   Thumb Code    16  nrf_drv_gpiote.o(i.nrf_bitmask_bit_is_set)
    i.nrf_clock_event_check                  0x0002156c   Section        0  nrf_drv_clock.o(i.nrf_clock_event_check)
    nrf_clock_event_check                    0x0002156d   Thumb Code    14  nrf_drv_clock.o(i.nrf_clock_event_check)
    i.nrf_clock_event_clear                  0x0002157a   Section        0  nrf_drv_clock.o(i.nrf_clock_event_clear)
    nrf_clock_event_clear                    0x0002157b   Thumb Code    16  nrf_drv_clock.o(i.nrf_clock_event_clear)
    i.nrf_delay_us                           0x0002158c   Section        0  app_timer.o(i.nrf_delay_us)
    nrf_delay_us                             0x0002158d   Thumb Code   132  app_timer.o(i.nrf_delay_us)
    i.nrf_drv_clock_init                     0x00021618   Section        0  nrf_drv_clock.o(i.nrf_drv_clock_init)
    i.nrf_drv_clock_on_sd_enable             0x00021660   Section        0  nrf_drv_clock.o(i.nrf_drv_clock_on_sd_enable)
    i.nrf_drv_clock_on_soc_event             0x00021690   Section        0  nrf_drv_clock.o(i.nrf_drv_clock_on_soc_event)
    i.nrf_drv_common_irq_enable              0x0002169a   Section        0  nrf_drv_common.o(i.nrf_drv_common_irq_enable)
    i.nrf_drv_get_IRQn                       0x000216d2   Section        0  nrf_drv_uart.o(i.nrf_drv_get_IRQn)
    nrf_drv_get_IRQn                         0x000216d3   Thumb Code     6  nrf_drv_uart.o(i.nrf_drv_get_IRQn)
    i.nrf_drv_gpiote_in_event_enable         0x000216d8   Section        0  nrf_drv_gpiote.o(i.nrf_drv_gpiote_in_event_enable)
    i.nrf_drv_gpiote_in_init                 0x0002177c   Section        0  nrf_drv_gpiote.o(i.nrf_drv_gpiote_in_init)
    i.nrf_drv_gpiote_in_is_set               0x00021834   Section        0  nrf_drv_gpiote.o(i.nrf_drv_gpiote_in_is_set)
    i.nrf_drv_gpiote_init                    0x00021848   Section        0  nrf_drv_gpiote.o(i.nrf_drv_gpiote_init)
    i.nrf_drv_gpiote_is_init                 0x000218a4   Section        0  nrf_drv_gpiote.o(i.nrf_drv_gpiote_is_init)
    i.nrf_drv_is_in_RAM                      0x000218b8   Section        0  nrf_drv_uart.o(i.nrf_drv_is_in_RAM)
    nrf_drv_is_in_RAM                        0x000218b9   Thumb Code    16  nrf_drv_uart.o(i.nrf_drv_is_in_RAM)
    i.nrf_drv_is_in_RAM                      0x000218c8   Section        0  nrf_drv_spis.o(i.nrf_drv_is_in_RAM)
    nrf_drv_is_in_RAM                        0x000218c9   Thumb Code    16  nrf_drv_spis.o(i.nrf_drv_is_in_RAM)
    i.nrf_drv_spis_buffers_set               0x000218d8   Section        0  nrf_drv_spis.o(i.nrf_drv_spis_buffers_set)
    i.nrf_drv_spis_init                      0x0002194c   Section        0  nrf_drv_spis.o(i.nrf_drv_spis_init)
    i.nrf_drv_uart_init                      0x00021a9c   Section        0  nrf_drv_uart.o(i.nrf_drv_uart_init)
    i.nrf_drv_uart_rx                        0x00021b04   Section        0  nrf_drv_uart.o(i.nrf_drv_uart_rx)
    i.nrf_drv_uart_rx_enable                 0x00021bb4   Section        0  nrf_drv_uart.o(i.nrf_drv_uart_rx_enable)
    i.nrf_drv_uart_rx_for_uart               0x00021be4   Section        0  nrf_drv_uart.o(i.nrf_drv_uart_rx_for_uart)
    nrf_drv_uart_rx_for_uart                 0x00021be5   Thumb Code   162  nrf_drv_uart.o(i.nrf_drv_uart_rx_for_uart)
    i.nrf_drv_uart_rx_for_uarte              0x00021c8c   Section        0  nrf_drv_uart.o(i.nrf_drv_uart_rx_for_uarte)
    nrf_drv_uart_rx_for_uarte                0x00021c8d   Thumb Code   172  nrf_drv_uart.o(i.nrf_drv_uart_rx_for_uarte)
    i.nrf_drv_uart_tx                        0x00021d3c   Section        0  nrf_drv_uart.o(i.nrf_drv_uart_tx)
    i.nrf_drv_uart_tx_in_progress            0x00021e48   Section        0  nrf_drv_uart.o(i.nrf_drv_uart_tx_in_progress)
    i.nrf_gpio_cfg                           0x00021e60   Section        0  boards.o(i.nrf_gpio_cfg)
    nrf_gpio_cfg                             0x00021e61   Thumb Code    36  boards.o(i.nrf_gpio_cfg)
    i.nrf_gpio_cfg                           0x00021e84   Section        0  nrf_drv_gpiote.o(i.nrf_gpio_cfg)
    nrf_gpio_cfg                             0x00021e85   Thumb Code    36  nrf_drv_gpiote.o(i.nrf_gpio_cfg)
    i.nrf_gpio_cfg                           0x00021ea8   Section        0  nrf_drv_uart.o(i.nrf_gpio_cfg)
    nrf_gpio_cfg                             0x00021ea9   Thumb Code    36  nrf_drv_uart.o(i.nrf_gpio_cfg)
    i.nrf_gpio_cfg                           0x00021ecc   Section        0  nrf_drv_spis.o(i.nrf_gpio_cfg)
    nrf_gpio_cfg                             0x00021ecd   Thumb Code    36  nrf_drv_spis.o(i.nrf_gpio_cfg)
    i.nrf_gpio_cfg_input                     0x00021ef0   Section        0  nrf_drv_uart.o(i.nrf_gpio_cfg_input)
    nrf_gpio_cfg_input                       0x00021ef1   Thumb Code    18  nrf_drv_uart.o(i.nrf_gpio_cfg_input)
    i.nrf_gpio_cfg_output                    0x00021f02   Section        0  nrf_drv_uart.o(i.nrf_gpio_cfg_output)
    nrf_gpio_cfg_output                      0x00021f03   Thumb Code    20  nrf_drv_uart.o(i.nrf_gpio_cfg_output)
    i.nrf_gpio_cfg_sense_set                 0x00021f16   Section        0  bsp.o(i.nrf_gpio_cfg_sense_set)
    nrf_gpio_cfg_sense_set                   0x00021f17   Thumb Code    34  bsp.o(i.nrf_gpio_cfg_sense_set)
    i.nrf_gpio_cfg_sense_set                 0x00021f38   Section        0  nrf_drv_gpiote.o(i.nrf_gpio_cfg_sense_set)
    nrf_gpio_cfg_sense_set                   0x00021f39   Thumb Code    34  nrf_drv_gpiote.o(i.nrf_gpio_cfg_sense_set)
    i.nrf_gpio_pin_write                     0x00021f5a   Section        0  boards.o(i.nrf_gpio_pin_write)
    nrf_gpio_pin_write                       0x00021f5b   Thumb Code    22  boards.o(i.nrf_gpio_pin_write)
    i.nrf_gpio_ports_read                    0x00021f70   Section        0  nrf_drv_gpiote.o(i.nrf_gpio_ports_read)
    nrf_gpio_ports_read                      0x00021f71   Thumb Code    34  nrf_drv_gpiote.o(i.nrf_gpio_ports_read)
    i.nrf_gpiote_event_clear                 0x00021f98   Section        0  nrf_drv_gpiote.o(i.nrf_gpiote_event_clear)
    nrf_gpiote_event_clear                   0x00021f99   Thumb Code    16  nrf_drv_gpiote.o(i.nrf_gpiote_event_clear)
    i.nrf_gpiote_event_is_set                0x00021fac   Section        0  nrf_drv_gpiote.o(i.nrf_gpiote_event_is_set)
    nrf_gpiote_event_is_set                  0x00021fad   Thumb Code    12  nrf_drv_gpiote.o(i.nrf_gpiote_event_is_set)
    i.nrf_spis_event_check                   0x00021fbc   Section        0  nrf_drv_spis.o(i.nrf_spis_event_check)
    nrf_spis_event_check                     0x00021fbd   Thumb Code    10  nrf_drv_spis.o(i.nrf_spis_event_check)
    i.nrf_spis_event_clear                   0x00021fc6   Section        0  nrf_drv_spis.o(i.nrf_spis_event_clear)
    nrf_spis_event_clear                     0x00021fc7   Thumb Code    12  nrf_drv_spis.o(i.nrf_spis_event_clear)
    i.nrf_uart_event_check                   0x00021fd2   Section        0  nrf_drv_uart.o(i.nrf_uart_event_check)
    nrf_uart_event_check                     0x00021fd3   Thumb Code    10  nrf_drv_uart.o(i.nrf_uart_event_check)
    i.nrf_uart_event_clear                   0x00021fdc   Section        0  nrf_drv_uart.o(i.nrf_uart_event_clear)
    nrf_uart_event_clear                     0x00021fdd   Thumb Code    12  nrf_drv_uart.o(i.nrf_uart_event_clear)
    i.nrf_uart_int_enable_check              0x00021fe8   Section        0  nrf_drv_uart.o(i.nrf_uart_int_enable_check)
    nrf_uart_int_enable_check                0x00021fe9   Thumb Code    12  nrf_drv_uart.o(i.nrf_uart_int_enable_check)
    i.nrf_uarte_event_check                  0x00021ff4   Section        0  nrf_drv_uart.o(i.nrf_uarte_event_check)
    nrf_uarte_event_check                    0x00021ff5   Thumb Code    10  nrf_drv_uart.o(i.nrf_uarte_event_check)
    i.nrf_uarte_event_clear                  0x00021ffe   Section        0  nrf_drv_uart.o(i.nrf_uarte_event_clear)
    nrf_uarte_event_clear                    0x00021fff   Thumb Code    12  nrf_drv_uart.o(i.nrf_uarte_event_clear)
    i.nus_data_handler                       0x0002200a   Section        0  blefunctions.o(i.nus_data_handler)
    i.on_adv_evt                             0x0002203a   Section        0  blefunctions.o(i.on_adv_evt)
    i.on_ble_evt                             0x00022060   Section        0  blefunctions.o(i.on_ble_evt)
    i.on_conn_params_evt                     0x00022148   Section        0  blefunctions.o(i.on_conn_params_evt)
    i.pin_in_use_by_port                     0x00022164   Section        0  nrf_drv_gpiote.o(i.pin_in_use_by_port)
    pin_in_use_by_port                       0x00022165   Thumb Code    20  nrf_drv_gpiote.o(i.pin_in_use_by_port)
    i.pin_in_use_by_te                       0x0002217c   Section        0  nrf_drv_gpiote.o(i.pin_in_use_by_te)
    pin_in_use_by_te                         0x0002217d   Thumb Code    20  nrf_drv_gpiote.o(i.pin_in_use_by_te)
    i.rtc1_stop                              0x00022194   Section        0  app_timer.o(i.rtc1_stop)
    rtc1_stop                                0x00022195   Thumb Code    52  app_timer.o(i.rtc1_stop)
    i.rx_byte                                0x000221d0   Section        0  nrf_drv_uart.o(i.rx_byte)
    rx_byte                                  0x000221d1   Thumb Code    50  nrf_drv_uart.o(i.rx_byte)
    i.rx_char_add                            0x00022202   Section        0  ble_nus.o(i.rx_char_add)
    rx_char_add                              0x00022203   Thumb Code   220  ble_nus.o(i.rx_char_add)
    i.rx_done_event                          0x000222de   Section        0  nrf_drv_uart.o(i.rx_done_event)
    rx_done_event                            0x000222df   Thumb Code    24  nrf_drv_uart.o(i.rx_done_event)
    i.rx_enable                              0x000222f6   Section        0  nrf_drv_uart.o(i.rx_enable)
    rx_enable                                0x000222f7   Thumb Code    32  nrf_drv_uart.o(i.rx_enable)
    i.sd_nvic_EnableIRQ                      0x00022318   Section        0  softdevice_handler.o(i.sd_nvic_EnableIRQ)
    sd_nvic_EnableIRQ                        0x00022319   Thumb Code   106  softdevice_handler.o(i.sd_nvic_EnableIRQ)
    i.service_data_encode                    0x00022388   Section        0  ble_advdata.o(i.service_data_encode)
    service_data_encode                      0x00022389   Thumb Code   136  ble_advdata.o(i.service_data_encode)
    i.services_init                          0x00022410   Section        0  blefunctions.o(i.services_init)
    i.set_adv_mode_fast                      0x00022430   Section        0  ble_advertising.o(i.set_adv_mode_fast)
    set_adv_mode_fast                        0x00022431   Thumb Code    64  ble_advertising.o(i.set_adv_mode_fast)
    i.set_adv_mode_slow                      0x00022478   Section        0  ble_advertising.o(i.set_adv_mode_slow)
    set_adv_mode_slow                        0x00022479   Thumb Code    60  ble_advertising.o(i.set_adv_mode_slow)
    i.sleep_mode_enter                       0x000224bc   Section        0  blefunctions.o(i.sleep_mode_enter)
    i.softdevice_ble_evt_handler_set         0x000224e4   Section        0  softdevice_handler.o(i.softdevice_ble_evt_handler_set)
    i.softdevice_enable                      0x000224f8   Section        0  softdevice_handler.o(i.softdevice_enable)
    i.softdevice_enable_get_default_config   0x0002250c   Section        0  softdevice_handler.o(i.softdevice_enable_get_default_config)
    i.softdevice_fault_handler               0x00022532   Section        0  softdevice_handler.o(i.softdevice_fault_handler)
    i.softdevice_handler_init                0x00022538   Section        0  softdevice_handler.o(i.softdevice_handler_init)
    i.softdevice_handler_is_enabled          0x0002259c   Section        0  softdevice_handler.o(i.softdevice_handler_is_enabled)
    i.spi_app_init                           0x000225a8   Section        0  main.o(i.spi_app_init)
    i.spis_event_handler                     0x000225e8   Section        0  main.o(i.spis_event_handler)
    i.spis_irq_handler                       0x000225f8   Section        0  nrf_drv_spis.o(i.spis_irq_handler)
    spis_irq_handler                         0x000225f9   Thumb Code   120  nrf_drv_spis.o(i.spis_irq_handler)
    i.spis_state_change                      0x00022670   Section        0  nrf_drv_spis.o(i.spis_state_change)
    spis_state_change                        0x00022671   Thumb Code     6  nrf_drv_spis.o(i.spis_state_change)
    i.spis_state_entry_action_execute        0x00022676   Section        0  nrf_drv_spis.o(i.spis_state_entry_action_execute)
    spis_state_entry_action_execute          0x00022677   Thumb Code    94  nrf_drv_spis.o(i.spis_state_entry_action_execute)
    i.timer_list_handler                     0x000226d4   Section        0  app_timer.o(i.timer_list_handler)
    timer_list_handler                       0x000226d5   Thumb Code   134  app_timer.o(i.timer_list_handler)
    i.timer_list_insert                      0x00022760   Section        0  app_timer.o(i.timer_list_insert)
    timer_list_insert                        0x00022761   Thumb Code    56  app_timer.o(i.timer_list_insert)
    i.timer_stop_op_schedule                 0x0002279c   Section        0  app_timer.o(i.timer_stop_op_schedule)
    timer_stop_op_schedule                   0x0002279d   Thumb Code    68  app_timer.o(i.timer_stop_op_schedule)
    i.timer_timeouts_check                   0x000227e4   Section        0  app_timer.o(i.timer_timeouts_check)
    timer_timeouts_check                     0x000227e5   Thumb Code   124  app_timer.o(i.timer_timeouts_check)
    i.tx_byte                                0x00022868   Section        0  nrf_drv_uart.o(i.tx_byte)
    tx_byte                                  0x00022869   Thumb Code    32  nrf_drv_uart.o(i.tx_byte)
    i.tx_char_add                            0x00022888   Section        0  ble_nus.o(i.tx_char_add)
    tx_char_add                              0x00022889   Thumb Code   160  ble_nus.o(i.tx_char_add)
    i.tx_done_event                          0x00022928   Section        0  nrf_drv_uart.o(i.tx_done_event)
    tx_done_event                            0x00022929   Thumb Code    28  nrf_drv_uart.o(i.tx_done_event)
    i.uart_event_handle                      0x00022944   Section        0  blefunctions.o(i.uart_event_handle)
    i.uart_event_handler                     0x000229a0   Section        0  app_uart_fifo.o(i.uart_event_handler)
    uart_event_handler                       0x000229a1   Thumb Code   152  app_uart_fifo.o(i.uart_event_handler)
    i.uart_init                              0x00022a40   Section        0  blefunctions.o(i.uart_init)
    i.uart_irq_handler                       0x00022a88   Section        0  nrf_drv_uart.o(i.uart_irq_handler)
    uart_irq_handler                         0x00022a89   Thumb Code   286  nrf_drv_uart.o(i.uart_irq_handler)
    i.uarte_irq_handler                      0x00022ba6   Section        0  nrf_drv_uart.o(i.uarte_irq_handler)
    uarte_irq_handler                        0x00022ba7   Thumb Code   240  nrf_drv_uart.o(i.uarte_irq_handler)
    i.uint16_encode                          0x00022c96   Section        0  ble_advdata.o(i.uint16_encode)
    uint16_encode                            0x00022c97   Thumb Code    10  ble_advdata.o(i.uint16_encode)
    i.update_timeout_handler                 0x00022ca0   Section        0  ble_conn_params.o(i.update_timeout_handler)
    update_timeout_handler                   0x00022ca1   Thumb Code    88  ble_conn_params.o(i.update_timeout_handler)
    i.user_op_alloc                          0x00022d00   Section        0  app_timer.o(i.user_op_alloc)
    user_op_alloc                            0x00022d01   Thumb Code    42  app_timer.o(i.user_op_alloc)
    i.uuid_list_encode                       0x00022d30   Section        0  ble_advdata.o(i.uuid_list_encode)
    uuid_list_encode                         0x00022d31   Thumb Code    48  ble_advdata.o(i.uuid_list_encode)
    i.uuid_list_sized_encode                 0x00022d60   Section        0  ble_advdata.o(i.uuid_list_sized_encode)
    uuid_list_sized_encode                   0x00022d61   Thumb Code   158  ble_advdata.o(i.uuid_list_sized_encode)
    .constdata                               0x00022e00   Section       32  main.o(.constdata)
    spis                                     0x00022e00   Data           8  main.o(.constdata)
    .constdata                               0x00022e20   Section       28  blefunctions.o(.constdata)
    .constdata                               0x00022e3c   Section        8  boards.o(.constdata)
    m_board_led_list                         0x00022e3c   Data           4  boards.o(.constdata)
    m_board_btn_list                         0x00022e40   Data           4  boards.o(.constdata)
    .constdata                               0x00022e44   Section       44  bsp.o(.constdata)
    m_leds_timer_id                          0x00022e44   Data           4  bsp.o(.constdata)
    m_alert_timer_id                         0x00022e48   Data           4  bsp.o(.constdata)
    m_button_timer_id                        0x00022e4c   Data           4  bsp.o(.constdata)
    app_buttons                              0x00022e50   Data          32  bsp.o(.constdata)
    .constdata                               0x00022e70   Section        4  ble_conn_params.o(.constdata)
    m_conn_params_timer_id                   0x00022e70   Data           4  ble_conn_params.o(.constdata)
    .constdata                               0x00022e74   Section       16  ble_nus.o(.constdata)
    .constdata                               0x00022e84   Section        4  nrf_drv_gpiote.o(.constdata)
    .constdata                               0x00022e88   Section        8  app_button.o(.constdata)
    m_detection_delay_timer_id               0x00022e88   Data           4  app_button.o(.constdata)
    .constdata                               0x00022e90   Section       32  app_uart_fifo.o(.constdata)
    .data                                    0x20002128   Section        8  main.o(.data)
    spis_xfer_done                           0x20002128   Data           1  main.o(.data)
    m_tx_buf                                 0x20002129   Data           3  main.o(.data)
    m_rx_buf                                 0x2000212c   Data           4  main.o(.data)
    .data                                    0x20002130   Section        8  blefunctions.o(.data)
    index                                    0x20002130   Data           1  blefunctions.o(.data)
    m_conn_handle                            0x20002132   Data           2  blefunctions.o(.data)
    m_adv_uuids                              0x20002134   Data           4  blefunctions.o(.data)
    .data                                    0x20002138   Section       20  bsp.o(.data)
    m_stable_state                           0x20002138   Data           1  bsp.o(.data)
    m_leds_clear                             0x20002139   Data           1  bsp.o(.data)
    current_long_push_pin_no                 0x2000213a   Data           1  bsp.o(.data)
    m_app_ticks_per_100ms                    0x2000213c   Data           4  bsp.o(.data)
    m_indication_type                        0x20002140   Data           4  bsp.o(.data)
    m_registered_callback                    0x20002144   Data           4  bsp.o(.data)
    release_event_at_push                    0x20002148   Data           4  bsp.o(.data)
    .data                                    0x2000214c   Section        8  bsp_btn_ble.o(.data)
    m_error_handler                          0x2000214c   Data           4  bsp_btn_ble.o(.data)
    m_num_connections                        0x20002150   Data           4  bsp_btn_ble.o(.data)
    .data                                    0x20002154   Section       20  ble_conn_params.o(.data)
    m_change_param                           0x20002154   Data           1  ble_conn_params.o(.data)
    m_update_count                           0x20002155   Data           1  ble_conn_params.o(.data)
    m_conn_handle                            0x20002156   Data           2  ble_conn_params.o(.data)
    m_preferred_conn_params                  0x20002158   Data           8  ble_conn_params.o(.data)
    m_current_conn_params                    0x20002160   Data           8  ble_conn_params.o(.data)
    .data                                    0x20002168   Section       31  ble_advertising.o(.data)
    m_initialized                            0x20002168   Data           1  ble_advertising.o(.data)
    m_advertising_start_pending              0x20002169   Data           1  ble_advertising.o(.data)
    m_adv_evt                                0x2000216a   Data           1  ble_advertising.o(.data)
    m_adv_mode_current                       0x2000216b   Data           1  ble_advertising.o(.data)
    m_peer_addr_reply_expected               0x2000216c   Data           1  ble_advertising.o(.data)
    m_whitelist_temporarily_disabled         0x2000216d   Data           1  ble_advertising.o(.data)
    m_whitelist_reply_expected               0x2000216e   Data           1  ble_advertising.o(.data)
    m_whitelist_in_use                       0x2000216f   Data           1  ble_advertising.o(.data)
    m_current_slave_link_conn_handle         0x20002170   Data           2  ble_advertising.o(.data)
    m_slave_conn_int                         0x20002172   Data           4  ble_advertising.o(.data)
    m_evt_handler                            0x20002178   Data           4  ble_advertising.o(.data)
    m_error_handler                          0x2000217c   Data           4  ble_advertising.o(.data)
    m_peer_address                           0x20002180   Data           7  ble_advertising.o(.data)
    .data                                    0x20002188   Section       20  app_button.o(.data)
    m_button_count                           0x20002188   Data           1  app_button.o(.data)
    mp_buttons                               0x2000218c   Data           4  app_button.o(.data)
    m_detection_delay                        0x20002190   Data           4  app_button.o(.data)
    m_pin_state                              0x20002194   Data           4  app_button.o(.data)
    m_pin_transition                         0x20002198   Data           4  app_button.o(.data)
    .data                                    0x2000219c   Section       32  app_timer.o(.data)
    m_ticks_elapsed_q_read_ind               0x2000219c   Data           1  app_timer.o(.data)
    m_ticks_elapsed_q_write_ind              0x2000219d   Data           1  app_timer.o(.data)
    m_rtc1_running                           0x2000219e   Data           1  app_timer.o(.data)
    m_rtc1_reset                             0x2000219f   Data           1  app_timer.o(.data)
    mp_timer_id_head                         0x200021a0   Data           4  app_timer.o(.data)
    m_ticks_latest                           0x200021a4   Data           4  app_timer.o(.data)
    m_evt_schedule_func                      0x200021a8   Data           4  app_timer.o(.data)
    m_op_queue                               0x200021ac   Data           8  app_timer.o(.data)
    m_ticks_elapsed                          0x200021b4   Data           8  app_timer.o(.data)
    .data                                    0x200021bc   Section       16  app_uart_fifo.o(.data)
    tx_buffer                                0x200021bc   Data           1  app_uart_fifo.o(.data)
    rx_buffer                                0x200021bd   Data           1  app_uart_fifo.o(.data)
    m_rx_ovf                                 0x200021be   Data           1  app_uart_fifo.o(.data)
    m_event_handler                          0x200021c0   Data           4  app_uart_fifo.o(.data)
    app_uart_inst                            0x200021c4   Data           8  app_uart_fifo.o(.data)
    .data                                    0x200021cc   Section        4  retarget.o(.data)
    .data                                    0x200021d0   Section       20  softdevice_handler.o(.data)
    m_softdevice_enabled                     0x200021d0   Data           1  softdevice_handler.o(.data)
    m_suspended                              0x200021d1   Data           1  softdevice_handler.o(.data)
    m_ble_evt_buffer_size                    0x200021d2   Data           2  softdevice_handler.o(.data)
    m_evt_schedule_func                      0x200021d4   Data           4  softdevice_handler.o(.data)
    mp_ble_evt_buffer                        0x200021d8   Data           4  softdevice_handler.o(.data)
    m_ble_evt_handler                        0x200021dc   Data           4  softdevice_handler.o(.data)
    m_sys_evt_handler                        0x200021e0   Data           4  softdevice_handler.o(.data)
    .data                                    0x200021e4   Section        4  system_nrf52.o(.data)
    __tagsym$$used                           0x200021e4   Number         0  system_nrf52.o(.data)
    .bss                                     0x200021e8   Section      760  blefunctions.o(.bss)
    BLE_EVT_BUFFER                           0x200021e8   Data          80  blefunctions.o(.bss)
    data_array                               0x20002238   Data          20  blefunctions.o(.bss)
    rx_buf                                   0x2000224c   Data         256  blefunctions.o(.bss)
    tx_buf                                   0x2000234c   Data         256  blefunctions.o(.bss)
    APP_TIMER_BUF                            0x2000244c   Data         120  blefunctions.o(.bss)
    m_nus                                    0x200024c4   Data          28  blefunctions.o(.bss)
    .bss                                     0x200024e0   Section       32  bsp.o(.bss)
    m_leds_timer_id_data                     0x200024e0   Data          32  bsp.o(.bss)
    .bss                                     0x20002500   Section       32  bsp.o(.bss)
    m_alert_timer_id_data                    0x20002500   Data          32  bsp.o(.bss)
    .bss                                     0x20002520   Section       12  bsp.o(.bss)
    m_events_list                            0x20002520   Data          12  bsp.o(.bss)
    .bss                                     0x2000252c   Section       32  bsp.o(.bss)
    m_button_timer_id_data                   0x2000252c   Data          32  bsp.o(.bss)
    .bss                                     0x2000254c   Section       32  ble_conn_params.o(.bss)
    m_conn_params_timer_id_data              0x2000254c   Data          32  ble_conn_params.o(.bss)
    .bss                                     0x2000256c   Section       28  ble_conn_params.o(.bss)
    m_conn_params_config                     0x2000256c   Data          28  ble_conn_params.o(.bss)
    .bss                                     0x20002588   Section      179  ble_advertising.o(.bss)
    m_adv_modes_config                       0x20002588   Data          32  ble_advertising.o(.bss)
    m_advdata                                0x200025a8   Data          60  ble_advertising.o(.bss)
    m_manuf_specific_data                    0x200025e4   Data          12  ble_advertising.o(.bss)
    m_manuf_data_array                       0x200025f0   Data          31  ble_advertising.o(.bss)
    m_service_data                           0x20002610   Data          12  ble_advertising.o(.bss)
    m_service_data_array                     0x2000261c   Data          31  ble_advertising.o(.bss)
    .bss                                     0x2000263c   Section       20  nrf_drv_clock.o(.bss)
    m_clock_cb                               0x2000263c   Data          20  nrf_drv_clock.o(.bss)
    .bss                                     0x20002650   Section       88  nrf_drv_gpiote.o(.bss)
    m_cb                                     0x20002650   Data          88  nrf_drv_gpiote.o(.bss)
    .bss                                     0x200026a8   Section       32  nrf_drv_uart.o(.bss)
    m_cb                                     0x200026a8   Data          32  nrf_drv_uart.o(.bss)
    .bss                                     0x200026c8   Section       24  nrf_drv_spis.o(.bss)
    m_cb                                     0x200026c8   Data          24  nrf_drv_spis.o(.bss)
    .bss                                     0x200026e0   Section       32  app_button.o(.bss)
    m_detection_delay_timer_id_data          0x200026e0   Data          32  app_button.o(.bss)
    .bss                                     0x20002700   Section       32  app_uart_fifo.o(.bss)
    m_rx_fifo                                0x20002700   Data          16  app_uart_fifo.o(.bss)
    m_tx_fifo                                0x20002710   Data          16  app_uart_fifo.o(.bss)
    .bss                                     0x20002720   Section       12  app_util_platform.o(.bss)
    .bss                                     0x2000272c   Section      104  fstorage.o(.bss)
    m_queue                                  0x2000272c   Data         104  fstorage.o(.bss)
    STACK                                    0x20002798   Section     8192  arm_startup_nrf52.o(STACK)

    Global Symbols

    Symbol Name                              Value     Ov Type        Size  Object(Section)

    BuildAttributes$$THM_ISAv4$E$P$D$K$B$S$7EM$VFPi3$EXTD16$VFPS$VFMA$PE$A:L22UL41UL21$X:L11$S22US41US21$IEEE1$IW$USESV6$~STKCKD$USESV7$~SHL$OSPACE$ROPI$EBA8$MICROLIB$REQ8$PRES8$EABIv2 0x00000000   Number         0  anon$$obj.o ABSOLUTE
    __ARM_use_no_argv                        0x00000000   Number         0  main.o ABSOLUTE
    __cpp_initialize__aeabi_                  - Undefined Weak Reference
    __cxa_finalize                            - Undefined Weak Reference
    __decompress                              - Undefined Weak Reference
    _clock_init                               - Undefined Weak Reference
    _microlib_exit                            - Undefined Weak Reference
    fs_data$$Base                             - Undefined Reference
    fs_data$$Limit                            - Undefined Reference
    __Vectors_Size                           0x00000400   Number         0  arm_startup_nrf52.o ABSOLUTE
    __Vectors                                0x0001f000   Data           4  arm_startup_nrf52.o(RESET)
    __Vectors_End                            0x0001f400   Data           0  arm_startup_nrf52.o(RESET)
    __main                                   0x0001f401   Thumb Code     0  entry.o(.ARM.Collect$$$$00000000)
    _main_stk                                0x0001f401   Thumb Code     0  entry2.o(.ARM.Collect$$$$00000001)
    _main_scatterload                        0x0001f405   Thumb Code     0  entry5.o(.ARM.Collect$$$$00000004)
    __main_after_scatterload                 0x0001f409   Thumb Code     0  entry5.o(.ARM.Collect$$$$00000004)
    _main_clock                              0x0001f409   Thumb Code     0  entry7b.o(.ARM.Collect$$$$00000008)
    _main_cpp_init                           0x0001f409   Thumb Code     0  entry8b.o(.ARM.Collect$$$$0000000A)
    _main_init                               0x0001f409   Thumb Code     0  entry9a.o(.ARM.Collect$$$$0000000B)
    __rt_final_cpp                           0x0001f411   Thumb Code     0  entry10a.o(.ARM.Collect$$$$0000000D)
    __rt_final_exit                          0x0001f411   Thumb Code     0  entry11a.o(.ARM.Collect$$$$0000000F)
    Reset_Handler                            0x0001f415   Thumb Code     8  arm_startup_nrf52.o(.text)
    NMI_Handler                              0x0001f41d   Thumb Code     2  arm_startup_nrf52.o(.text)
    HardFault_Handler                        0x0001f41f   Thumb Code     2  arm_startup_nrf52.o(.text)
    MemoryManagement_Handler                 0x0001f421   Thumb Code     2  arm_startup_nrf52.o(.text)
    BusFault_Handler                         0x0001f423   Thumb Code     2  arm_startup_nrf52.o(.text)
    UsageFault_Handler                       0x0001f425   Thumb Code     2  arm_startup_nrf52.o(.text)
    SVC_Handler                              0x0001f427   Thumb Code     2  arm_startup_nrf52.o(.text)
    DebugMon_Handler                         0x0001f429   Thumb Code     2  arm_startup_nrf52.o(.text)
    PendSV_Handler                           0x0001f42b   Thumb Code     2  arm_startup_nrf52.o(.text)
    SysTick_Handler                          0x0001f42d   Thumb Code     2  arm_startup_nrf52.o(.text)
    CCM_AAR_IRQHandler                       0x0001f42f   Thumb Code     0  arm_startup_nrf52.o(.text)
    COMP_LPCOMP_IRQHandler                   0x0001f42f   Thumb Code     0  arm_startup_nrf52.o(.text)
    ECB_IRQHandler                           0x0001f42f   Thumb Code     0  arm_startup_nrf52.o(.text)
    FPU_IRQHandler                           0x0001f42f   Thumb Code     0  arm_startup_nrf52.o(.text)
    I2S_IRQHandler                           0x0001f42f   Thumb Code     0  arm_startup_nrf52.o(.text)
    MWU_IRQHandler                           0x0001f42f   Thumb Code     0  arm_startup_nrf52.o(.text)
    NFCT_IRQHandler                          0x0001f42f   Thumb Code     0  arm_startup_nrf52.o(.text)
    PDM_IRQHandler                           0x0001f42f   Thumb Code     0  arm_startup_nrf52.o(.text)
    PWM0_IRQHandler                          0x0001f42f   Thumb Code     0  arm_startup_nrf52.o(.text)
    PWM1_IRQHandler                          0x0001f42f   Thumb Code     0  arm_startup_nrf52.o(.text)
    PWM2_IRQHandler                          0x0001f42f   Thumb Code     0  arm_startup_nrf52.o(.text)
    QDEC_IRQHandler                          0x0001f42f   Thumb Code     0  arm_startup_nrf52.o(.text)
    RADIO_IRQHandler                         0x0001f42f   Thumb Code     0  arm_startup_nrf52.o(.text)
    RNG_IRQHandler                           0x0001f42f   Thumb Code     0  arm_startup_nrf52.o(.text)
    RTC0_IRQHandler                          0x0001f42f   Thumb Code     0  arm_startup_nrf52.o(.text)
    RTC2_IRQHandler                          0x0001f42f   Thumb Code     0  arm_startup_nrf52.o(.text)
    SAADC_IRQHandler                         0x0001f42f   Thumb Code     0  arm_startup_nrf52.o(.text)
    SPIM0_SPIS0_TWIM0_TWIS0_SPI0_TWI0_IRQHandler 0x0001f42f   Thumb Code     0  arm_startup_nrf52.o(.text)
    SPIM2_SPIS2_SPI2_IRQHandler              0x0001f42f   Thumb Code     0  arm_startup_nrf52.o(.text)
    SWI1_EGU1_IRQHandler                     0x0001f42f   Thumb Code     0  arm_startup_nrf52.o(.text)
    SWI3_EGU3_IRQHandler                     0x0001f42f   Thumb Code     0  arm_startup_nrf52.o(.text)
    SWI4_EGU4_IRQHandler                     0x0001f42f   Thumb Code     0  arm_startup_nrf52.o(.text)
    SWI5_EGU5_IRQHandler                     0x0001f42f   Thumb Code     0  arm_startup_nrf52.o(.text)
    TEMP_IRQHandler                          0x0001f42f   Thumb Code     0  arm_startup_nrf52.o(.text)
    TIMER0_IRQHandler                        0x0001f42f   Thumb Code     0  arm_startup_nrf52.o(.text)
    TIMER1_IRQHandler                        0x0001f42f   Thumb Code     0  arm_startup_nrf52.o(.text)
    TIMER2_IRQHandler                        0x0001f42f   Thumb Code     0  arm_startup_nrf52.o(.text)
    TIMER3_IRQHandler                        0x0001f42f   Thumb Code     0  arm_startup_nrf52.o(.text)
    TIMER4_IRQHandler                        0x0001f42f   Thumb Code     0  arm_startup_nrf52.o(.text)
    WDT_IRQHandler                           0x0001f42f   Thumb Code     0  arm_startup_nrf52.o(.text)
    __aeabi_memcpy                           0x0001f439   Thumb Code    36  memcpya.o(.text)
    __aeabi_memcpy4                          0x0001f439   Thumb Code     0  memcpya.o(.text)
    __aeabi_memcpy8                          0x0001f439   Thumb Code     0  memcpya.o(.text)
    __aeabi_memset                           0x0001f45d   Thumb Code    14  memseta.o(.text)
    __aeabi_memset4                          0x0001f45d   Thumb Code     0  memseta.o(.text)
    __aeabi_memset8                          0x0001f45d   Thumb Code     0  memseta.o(.text)
    __aeabi_memclr                           0x0001f46b   Thumb Code     4  memseta.o(.text)
    __aeabi_memclr4                          0x0001f46b   Thumb Code     0  memseta.o(.text)
    __aeabi_memclr8                          0x0001f46b   Thumb Code     0  memseta.o(.text)
    _memset$wrapper                          0x0001f46f   Thumb Code    18  memseta.o(.text)
    __scatterload                            0x0001f481   Thumb Code    28  init.o(.text)
    __scatterload_rt2                        0x0001f481   Thumb Code     0  init.o(.text)
    GPIOTE_IRQHandler                        0x0001f4a5   Thumb Code   362  nrf_drv_gpiote.o(i.GPIOTE_IRQHandler)
    POWER_CLOCK_IRQHandler                   0x0001f6a9   Thumb Code    84  nrf_drv_clock.o(i.POWER_CLOCK_IRQHandler)
    RTC1_IRQHandler                          0x0001f701   Thumb Code    32  app_timer.o(i.RTC1_IRQHandler)
    SPIM1_SPIS1_TWIM1_TWIS1_SPI1_TWI1_IRQHandler 0x0001f725   Thumb Code    10  nrf_drv_spis.o(i.SPIM1_SPIS1_TWIM1_TWIS1_SPI1_TWI1_IRQHandler)
    SWI0_EGU0_IRQHandler                     0x0001f735   Thumb Code     4  app_timer.o(i.SWI0_EGU0_IRQHandler)
    SWI2_EGU2_IRQHandler                     0x0001f739   Thumb Code    32  softdevice_handler.o(i.SWI2_EGU2_IRQHandler)
    SystemInit                               0x0001f75d   Thumb Code   610  system_nrf52.o(i.SystemInit)
    UARTE0_UART0_IRQHandler                  0x0001f9f9   Thumb Code    20  nrf_drv_uart.o(i.UARTE0_UART0_IRQHandler)
    __0printf$bare                           0x0001fa15   Thumb Code     8  printfb.o(i.__0printf$bare)
    __1printf$bare                           0x0001fa15   Thumb Code     0  printfb.o(i.__0printf$bare)
    __2printf                                0x0001fa15   Thumb Code     0  printfb.o(i.__0printf$bare)
    __scatterload_copy                       0x0001fa25   Thumb Code    14  handlers.o(i.__scatterload_copy)
    __scatterload_null                       0x0001fa33   Thumb Code     2  handlers.o(i.__scatterload_null)
    __scatterload_zeroinit                   0x0001fa35   Thumb Code    14  handlers.o(i.__scatterload_zeroinit)
    adv_data_encode                          0x0001fa8b   Thumb Code   386  ble_advdata.o(i.adv_data_encode)
    advertising_init                         0x0001fc9d   Thumb Code    94  blefunctions.o(i.advertising_init)
    app_button_enable                        0x0001fd0d   Thumb Code    32  app_button.o(i.app_button_enable)
    app_button_init                          0x0001fd31   Thumb Code    96  app_button.o(i.app_button_init)
    app_error_fault_handler                  0x0001fda1   Thumb Code    26  app_error_weak.o(i.app_error_fault_handler)
    app_error_handler_bare                   0x0001fdc5   Thumb Code    22  app_error.o(i.app_error_handler_bare)
    app_fifo_get                             0x0001fddb   Thumb Code    22  app_fifo.o(i.app_fifo_get)
    app_fifo_init                            0x0001fdf1   Thumb Code    32  app_fifo.o(i.app_fifo_init)
    app_fifo_put                             0x0001fe11   Thumb Code    26  app_fifo.o(i.app_fifo_put)
    app_timer_create                         0x0001fe2d   Thumb Code    32  app_timer.o(i.app_timer_create)
    app_timer_init                           0x0001fe51   Thumb Code   102  app_timer.o(i.app_timer_init)
    app_timer_start                          0x0001fec1   Thumb Code   128  app_timer.o(i.app_timer_start)
    app_timer_stop                           0x0001ff49   Thumb Code    26  app_timer.o(i.app_timer_stop)
    app_uart_get                             0x0001ff69   Thumb Code    42  app_uart_fifo.o(i.app_uart_get)
    app_uart_init                            0x0001ff9d   Thumb Code   164  app_uart_fifo.o(i.app_uart_init)
    app_uart_put                             0x00020051   Thumb Code    52  app_uart_fifo.o(i.app_uart_put)
    app_util_critical_region_enter           0x0002008d   Thumb Code    64  app_util_platform.o(i.app_util_critical_region_enter)
    app_util_critical_region_exit            0x000200d5   Thumb Code    46  app_util_platform.o(i.app_util_critical_region_exit)
    ble_advdata_set                          0x000201c1   Thumb Code   104  ble_advdata.o(i.ble_advdata_set)
    ble_advertising_init                     0x00020229   Thumb Code   278  ble_advertising.o(i.ble_advertising_init)
    ble_advertising_on_ble_evt               0x00020349   Thumb Code    88  ble_advertising.o(i.ble_advertising_on_ble_evt)
    ble_advertising_restart_without_whitelist 0x000203a5   Thumb Code    50  ble_advertising.o(i.ble_advertising_restart_without_whitelist)
    ble_advertising_start                    0x000203e1   Thumb Code   250  ble_advertising.o(i.ble_advertising_start)
    ble_app_init                             0x000204e5   Thumb Code    72  blefunctions.o(i.ble_app_init)
    ble_conn_params_init                     0x00020541   Thumb Code    72  ble_conn_params.o(i.ble_conn_params_init)
    ble_conn_params_on_ble_evt               0x00020599   Thumb Code   120  ble_conn_params.o(i.ble_conn_params_on_ble_evt)
    ble_evt_dispatch                         0x0002067d   Thumb Code    38  blefunctions.o(i.ble_evt_dispatch)
    ble_nus_init                             0x000206a9   Thumb Code    94  ble_nus.o(i.ble_nus_init)
    ble_nus_on_ble_evt                       0x0002070d   Thumb Code    92  ble_nus.o(i.ble_nus_on_ble_evt)
    ble_nus_string_send                      0x00020769   Thumb Code    78  ble_nus.o(i.ble_nus_string_send)
    ble_srv_is_notification_enabled          0x000207b7   Thumb Code     8  ble_srv_common.o(i.ble_srv_is_notification_enabled)
    ble_stack_init                           0x000207c1   Thumb Code    80  blefunctions.o(i.ble_stack_init)
    bsp_board_button_idx_to_pin              0x0002081d   Thumb Code     6  boards.o(i.bsp_board_button_idx_to_pin)
    bsp_board_button_state_get               0x00020829   Thumb Code    28  boards.o(i.bsp_board_button_state_get)
    bsp_board_led_invert                     0x00020849   Thumb Code    32  boards.o(i.bsp_board_led_invert)
    bsp_board_led_off                        0x0002086d   Thumb Code    10  boards.o(i.bsp_board_led_off)
    bsp_board_led_on                         0x0002087d   Thumb Code    10  boards.o(i.bsp_board_led_on)
    bsp_board_led_state_get                  0x0002088d   Thumb Code    28  boards.o(i.bsp_board_led_state_get)
    bsp_board_leds_init                      0x000208ad   Thumb Code    38  boards.o(i.bsp_board_leds_init)
    bsp_board_leds_off                       0x000208d9   Thumb Code    18  boards.o(i.bsp_board_leds_off)
    bsp_board_leds_on                        0x000208eb   Thumb Code    18  boards.o(i.bsp_board_leds_on)
    bsp_board_pin_to_button_idx              0x000208fd   Thumb Code    30  boards.o(i.bsp_board_pin_to_button_idx)
    bsp_btn_ble_init                         0x00020921   Thumb Code    52  bsp_btn_ble.o(i.bsp_btn_ble_init)
    bsp_btn_ble_on_ble_evt                   0x00020959   Thumb Code   106  bsp_btn_ble.o(i.bsp_btn_ble_on_ble_evt)
    bsp_btn_ble_sleep_mode_prepare           0x000209c9   Thumb Code    30  bsp_btn_ble.o(i.bsp_btn_ble_sleep_mode_prepare)
    bsp_button_is_pressed                    0x00020a7d   Thumb Code     4  bsp.o(i.bsp_button_is_pressed)
    bsp_event_handler                        0x00020a81   Thumb Code    64  blefunctions.o(i.bsp_event_handler)
    bsp_event_to_button_action_assign        0x00020ac5   Thumb Code    64  bsp.o(i.bsp_event_to_button_action_assign)
    bsp_indication_set                       0x00020b09   Thumb Code    20  bsp.o(i.bsp_indication_set)
    bsp_init                                 0x00020b21   Thumb Code   132  bsp.o(i.bsp_init)
    bsp_wakeup_button_enable                 0x00020d2d   Thumb Code    16  bsp.o(i.bsp_wakeup_button_enable)
    buttons_leds_init                        0x00020d45   Thumb Code    54  blefunctions.o(i.buttons_leds_init)
    conn_params_error_handler                0x00020f51   Thumb Code     4  blefunctions.o(i.conn_params_error_handler)
    conn_params_init                         0x00020f55   Thumb Code    68  blefunctions.o(i.conn_params_init)
    fputc                                    0x000210c3   Thumb Code    14  retarget.o(i.fputc)
    fs_queued_op_count_get                   0x000210d1   Thumb Code    16  fstorage.o(i.fs_queued_op_count_get)
    gap_params_init                          0x000210e5   Thumb Code    80  blefunctions.o(i.gap_params_init)
    intern_softdevice_events_execute         0x00021195   Thumb Code   114  softdevice_handler.o(i.intern_softdevice_events_execute)
    main                                     0x00021415   Thumb Code    62  main.o(i.main)
    nrf_drv_clock_init                       0x00021619   Thumb Code    64  nrf_drv_clock.o(i.nrf_drv_clock_init)
    nrf_drv_clock_on_sd_enable               0x00021661   Thumb Code    44  nrf_drv_clock.o(i.nrf_drv_clock_on_sd_enable)
    nrf_drv_clock_on_soc_event               0x00021691   Thumb Code    10  nrf_drv_clock.o(i.nrf_drv_clock_on_soc_event)
    nrf_drv_common_irq_enable                0x0002169b   Thumb Code    56  nrf_drv_common.o(i.nrf_drv_common_irq_enable)
    nrf_drv_gpiote_in_event_enable           0x000216d9   Thumb Code   156  nrf_drv_gpiote.o(i.nrf_drv_gpiote_in_event_enable)
    nrf_drv_gpiote_in_init                   0x0002177d   Thumb Code   172  nrf_drv_gpiote.o(i.nrf_drv_gpiote_in_init)
    nrf_drv_gpiote_in_is_set                 0x00021835   Thumb Code    20  nrf_drv_gpiote.o(i.nrf_drv_gpiote_in_is_set)
    nrf_drv_gpiote_init                      0x00021849   Thumb Code    84  nrf_drv_gpiote.o(i.nrf_drv_gpiote_init)
    nrf_drv_gpiote_is_init                   0x000218a5   Thumb Code    14  nrf_drv_gpiote.o(i.nrf_drv_gpiote_is_init)
    nrf_drv_spis_buffers_set                 0x000218d9   Thumb Code   110  nrf_drv_spis.o(i.nrf_drv_spis_buffers_set)
    nrf_drv_spis_init                        0x0002194d   Thumb Code   332  nrf_drv_spis.o(i.nrf_drv_spis_init)
    nrf_drv_uart_init                        0x00021a9d   Thumb Code    98  nrf_drv_uart.o(i.nrf_drv_uart_init)
    nrf_drv_uart_rx                          0x00021b05   Thumb Code   170  nrf_drv_uart.o(i.nrf_drv_uart_rx)
    nrf_drv_uart_rx_enable                   0x00021bb5   Thumb Code    42  nrf_drv_uart.o(i.nrf_drv_uart_rx_enable)
    nrf_drv_uart_tx                          0x00021d3d   Thumb Code   262  nrf_drv_uart.o(i.nrf_drv_uart_tx)
    nrf_drv_uart_tx_in_progress              0x00021e49   Thumb Code    18  nrf_drv_uart.o(i.nrf_drv_uart_tx_in_progress)
    nus_data_handler                         0x0002200b   Thumb Code    48  blefunctions.o(i.nus_data_handler)
    on_adv_evt                               0x0002203b   Thumb Code    36  blefunctions.o(i.on_adv_evt)
    on_ble_evt                               0x00022061   Thumb Code   228  blefunctions.o(i.on_ble_evt)
    on_conn_params_evt                       0x00022149   Thumb Code    24  blefunctions.o(i.on_conn_params_evt)
    services_init                            0x00022411   Thumb Code    24  blefunctions.o(i.services_init)
    sleep_mode_enter                         0x000224bd   Thumb Code    40  blefunctions.o(i.sleep_mode_enter)
    softdevice_ble_evt_handler_set           0x000224e5   Thumb Code    14  softdevice_handler.o(i.softdevice_ble_evt_handler_set)
    softdevice_enable                        0x000224f9   Thumb Code    14  softdevice_handler.o(i.softdevice_enable)
    softdevice_enable_get_default_config     0x0002250d   Thumb Code    38  softdevice_handler.o(i.softdevice_enable_get_default_config)
    softdevice_fault_handler                 0x00022533   Thumb Code     4  softdevice_handler.o(i.softdevice_fault_handler)
    softdevice_handler_init                  0x00022539   Thumb Code    92  softdevice_handler.o(i.softdevice_handler_init)
    softdevice_handler_is_enabled            0x0002259d   Thumb Code     6  softdevice_handler.o(i.softdevice_handler_is_enabled)
    spi_app_init                             0x000225a9   Thumb Code    54  main.o(i.spi_app_init)
    spis_event_handler                       0x000225e9   Thumb Code    12  main.o(i.spis_event_handler)
    uart_event_handle                        0x00022945   Thumb Code    84  blefunctions.o(i.uart_event_handle)
    uart_init                                0x00022a41   Thumb Code    54  blefunctions.o(i.uart_init)
    Region$$Table$$Base                      0x00022eb0   Number         0  anon$$obj.o(Region$$Table)
    Region$$Table$$Limit                     0x00022ed0   Number         0  anon$$obj.o(Region$$Table)
    Image$$RW_IRAM1$$Base                    0x20002128   Number         0  anon$$obj.o ABSOLUTE
    __stdout                                 0x200021cc   Data           4  retarget.o(.data)
    SystemCoreClock                          0x200021e4   Data           4  system_nrf52.o(.data)
    nrf_nvic_state                           0x20002720   Data          12  app_util_platform.o(.bss)
    __initial_sp                             0x20004798   Data           0  arm_startup_nrf52.o(STACK)



==============================================================================

Memory Map of the image

  Image Entry point : 0x0001f401

  Load Region LR_IROM1 (Base: 0x0001f000, Size: 0x00003f90, Max: 0x00061000, ABSOLUTE)

    Execution Region ER_IROM1 (Base: 0x0001f000, Size: 0x00003ed0, Max: 0x00061000, ABSOLUTE)

    Base Addr    Size         Type   Attr      Idx    E Section Name        Object

    0x0001f000   0x00000400   Data   RO         2879    RESET               arm_startup_nrf52.o
    0x0001f400   0x00000000   Code   RO         2920  * .ARM.Collect$$$$00000000  mc_w.l(entry.o)
    0x0001f400   0x00000004   Code   RO         3193    .ARM.Collect$$$$00000001  mc_w.l(entry2.o)
    0x0001f404   0x00000004   Code   RO         3196    .ARM.Collect$$$$00000004  mc_w.l(entry5.o)
    0x0001f408   0x00000000   Code   RO         3198    .ARM.Collect$$$$00000008  mc_w.l(entry7b.o)
    0x0001f408   0x00000000   Code   RO         3200    .ARM.Collect$$$$0000000A  mc_w.l(entry8b.o)
    0x0001f408   0x00000008   Code   RO         3201    .ARM.Collect$$$$0000000B  mc_w.l(entry9a.o)
    0x0001f410   0x00000000   Code   RO         3203    .ARM.Collect$$$$0000000D  mc_w.l(entry10a.o)
    0x0001f410   0x00000000   Code   RO         3205    .ARM.Collect$$$$0000000F  mc_w.l(entry11a.o)
    0x0001f410   0x00000004   Code   RO         3194    .ARM.Collect$$$$00002712  mc_w.l(entry2.o)
    0x0001f414   0x00000024   Code   RO         2880    .text               arm_startup_nrf52.o
    0x0001f438   0x00000024   Code   RO         2923    .text               mc_w.l(memcpya.o)
    0x0001f45c   0x00000024   Code   RO         2925    .text               mc_w.l(memseta.o)
    0x0001f480   0x00000024   Code   RO         3222    .text               mc_w.l(init.o)
    0x0001f4a4   0x00000174   Code   RO         1287    i.GPIOTE_IRQHandler  nrf_drv_gpiote.o
    0x0001f618   0x00000016   Code   RO         2061    i.NVIC_ClearPendingIRQ  app_timer.o
    0x0001f62e   0x00000016   Code   RO         2732    i.NVIC_DisableIRQ   softdevice_handler.o
    0x0001f644   0x00000016   Code   RO         2062    i.NVIC_EnableIRQ    app_timer.o
    0x0001f65a   0x00000016   Code   RO         2733    i.NVIC_EnableIRQ    softdevice_handler.o
    0x0001f670   0x00000016   Code   RO         2063    i.NVIC_SetPendingIRQ  app_timer.o
    0x0001f686   0x00000020   Code   RO         2064    i.NVIC_SetPriority  app_timer.o
    0x0001f6a6   0x00000002   PAD
    0x0001f6a8   0x00000058   Code   RO         1067    i.POWER_CLOCK_IRQHandler  nrf_drv_clock.o
    0x0001f700   0x00000024   Code   RO         2065    i.RTC1_IRQHandler   app_timer.o
    0x0001f724   0x00000010   Code   RO         1762    i.SPIM1_SPIS1_TWIM1_TWIS1_SPI1_TWI1_IRQHandler  nrf_drv_spis.o
    0x0001f734   0x00000004   Code   RO         2066    i.SWI0_EGU0_IRQHandler  app_timer.o
    0x0001f738   0x00000024   Code   RO         2734    i.SWI2_EGU2_IRQHandler  softdevice_handler.o
    0x0001f75c   0x0000029c   Code   RO         2888    i.SystemInit        system_nrf52.o
    0x0001f9f8   0x0000001c   Code   RO         1530    i.UARTE0_UART0_IRQHandler  nrf_drv_uart.o
    0x0001fa14   0x00000010   Code   RO         2934    i.__0printf$bare    mc_w.l(printfb.o)
    0x0001fa24   0x0000000e   Code   RO         3234    i.__scatterload_copy  mc_w.l(handlers.o)
    0x0001fa32   0x00000002   Code   RO         3235    i.__scatterload_null  mc_w.l(handlers.o)
    0x0001fa34   0x0000000e   Code   RO         3236    i.__scatterload_zeroinit  mc_w.l(handlers.o)
    0x0001fa42   0x00000002   PAD
    0x0001fa44   0x00000024   Code   RO         2735    i.__sd_nvic_app_accessible_irq  softdevice_handler.o
    0x0001fa68   0x00000022   Code   RO         2941    i._printf_core      mc_w.l(printfb.o)
    0x0001fa8a   0x00000182   Code   RO          725    i.adv_data_encode   ble_advdata.o
    0x0001fc0c   0x00000058   Code   RO          933    i.adv_mode_next_avail_get  ble_advertising.o
    0x0001fc64   0x00000036   Code   RO          643    i.advertising_buttons_configure  bsp_btn_ble.o
    0x0001fc9a   0x00000002   PAD
    0x0001fc9c   0x00000068   Code   RO          270    i.advertising_init  blefunctions.o
    0x0001fd04   0x00000006   Code   RO          528    i.alert_timer_handler  bsp.o
    0x0001fd0a   0x00000002   PAD
    0x0001fd0c   0x00000024   Code   RO         1856    i.app_button_enable  app_button.o
    0x0001fd30   0x00000070   Code   RO         1857    i.app_button_init   app_button.o
    0x0001fda0   0x00000024   Code   RO         1960    i.app_error_fault_handler  app_error_weak.o
    0x0001fdc4   0x00000016   Code   RO         1918    i.app_error_handler_bare  app_error.o
    0x0001fdda   0x00000016   Code   RO         1989    i.app_fifo_get      app_fifo.o
    0x0001fdf0   0x00000020   Code   RO         1990    i.app_fifo_init     app_fifo.o
    0x0001fe10   0x0000001a   Code   RO         1992    i.app_fifo_put      app_fifo.o
    0x0001fe2a   0x00000002   PAD
    0x0001fe2c   0x00000024   Code   RO         2069    i.app_timer_create  app_timer.o
    0x0001fe50   0x00000070   Code   RO         2070    i.app_timer_init    app_timer.o
    0x0001fec0   0x00000088   Code   RO         2071    i.app_timer_start   app_timer.o
    0x0001ff48   0x00000020   Code   RO         2072    i.app_timer_stop    app_timer.o
    0x0001ff68   0x00000034   Code   RO         2223    i.app_uart_get      app_uart_fifo.o
    0x0001ff9c   0x000000b4   Code   RO         2224    i.app_uart_init     app_uart_fifo.o
    0x00020050   0x0000003c   Code   RO         2225    i.app_uart_put      app_uart_fifo.o
    0x0002008c   0x00000048   Code   RO         2287    i.app_util_critical_region_enter  app_util_platform.o
    0x000200d4   0x00000034   Code   RO         2288    i.app_util_critical_region_exit  app_util_platform.o
    0x00020108   0x000000b8   Code   RO         1531    i.apply_config      nrf_drv_uart.o
    0x000201c0   0x00000068   Code   RO          726    i.ble_advdata_set   ble_advdata.o
    0x00020228   0x00000120   Code   RO          934    i.ble_advertising_init  ble_advertising.o
    0x00020348   0x0000005c   Code   RO          935    i.ble_advertising_on_ble_evt  ble_advertising.o
    0x000203a4   0x0000003c   Code   RO          938    i.ble_advertising_restart_without_whitelist  ble_advertising.o
    0x000203e0   0x00000104   Code   RO          939    i.ble_advertising_start  ble_advertising.o
    0x000204e4   0x0000005c   Code   RO          272    i.ble_app_init      blefunctions.o
    0x00020540   0x00000058   Code   RO          806    i.ble_conn_params_init  ble_conn_params.o
    0x00020598   0x00000084   Code   RO          807    i.ble_conn_params_on_ble_evt  ble_conn_params.o
    0x0002061c   0x00000060   Code   RO          727    i.ble_device_addr_encode  ble_advdata.o
    0x0002067c   0x0000002c   Code   RO          273    i.ble_evt_dispatch  blefunctions.o
    0x000206a8   0x00000064   Code   RO         1020    i.ble_nus_init      ble_nus.o
    0x0002070c   0x0000005c   Code   RO         1021    i.ble_nus_on_ble_evt  ble_nus.o
    0x00020768   0x0000004e   Code   RO         1022    i.ble_nus_string_send  ble_nus.o
    0x000207b6   0x00000008   Code   RO          876    i.ble_srv_is_notification_enabled  ble_srv_common.o
    0x000207be   0x00000002   PAD
    0x000207c0   0x0000005c   Code   RO          274    i.ble_stack_init    blefunctions.o
    0x0002081c   0x0000000c   Code   RO          412    i.bsp_board_button_idx_to_pin  boards.o
    0x00020828   0x00000020   Code   RO          413    i.bsp_board_button_state_get  boards.o
    0x00020848   0x00000024   Code   RO          416    i.bsp_board_led_invert  boards.o
    0x0002086c   0x00000010   Code   RO          417    i.bsp_board_led_off  boards.o
    0x0002087c   0x00000010   Code   RO          418    i.bsp_board_led_on  boards.o
    0x0002088c   0x00000020   Code   RO          419    i.bsp_board_led_state_get  boards.o
    0x000208ac   0x0000002c   Code   RO          420    i.bsp_board_leds_init  boards.o
    0x000208d8   0x00000012   Code   RO          421    i.bsp_board_leds_off  boards.o
    0x000208ea   0x00000012   Code   RO          422    i.bsp_board_leds_on  boards.o
    0x000208fc   0x00000024   Code   RO          423    i.bsp_board_pin_to_button_idx  boards.o
    0x00020920   0x00000038   Code   RO          644    i.bsp_btn_ble_init  bsp_btn_ble.o
    0x00020958   0x00000070   Code   RO          645    i.bsp_btn_ble_on_ble_evt  bsp_btn_ble.o
    0x000209c8   0x0000001e   Code   RO          646    i.bsp_btn_ble_sleep_mode_prepare  bsp_btn_ble.o
    0x000209e6   0x00000002   PAD
    0x000209e8   0x00000094   Code   RO          529    i.bsp_button_event_handler  bsp.o
    0x00020a7c   0x00000004   Code   RO          530    i.bsp_button_is_pressed  bsp.o
    0x00020a80   0x00000044   Code   RO          275    i.bsp_event_handler  blefunctions.o
    0x00020ac4   0x00000044   Code   RO          533    i.bsp_event_to_button_action_assign  bsp.o
    0x00020b08   0x00000018   Code   RO          534    i.bsp_indication_set  bsp.o
    0x00020b20   0x00000098   Code   RO          535    i.bsp_init          bsp.o
    0x00020bb8   0x00000174   Code   RO          536    i.bsp_led_indication  bsp.o
    0x00020d2c   0x00000010   Code   RO          538    i.bsp_wakeup_button_enable  bsp.o
    0x00020d3c   0x00000008   Code   RO          539    i.button_timer_handler  bsp.o
    0x00020d44   0x0000003c   Code   RO          276    i.buttons_leds_init  blefunctions.o
    0x00020d80   0x0000001c   Code   RO         1288    i.channel_free      nrf_drv_gpiote.o
    0x00020d9c   0x00000048   Code   RO         1289    i.channel_port_alloc  nrf_drv_gpiote.o
    0x00020de4   0x00000010   Code   RO         1290    i.channel_port_get  nrf_drv_gpiote.o
    0x00020df4   0x00000028   Code   RO         1068    i.clock_clk_started_notify  nrf_drv_clock.o
    0x00020e1c   0x000000ac   Code   RO         2074    i.compare_reg_update  app_timer.o
    0x00020ec8   0x00000088   Code   RO          728    i.conn_int_encode   ble_advdata.o
    0x00020f50   0x00000004   Code   RO          277    i.conn_params_error_handler  blefunctions.o
    0x00020f54   0x0000004c   Code   RO          278    i.conn_params_init  blefunctions.o
    0x00020fa0   0x0000005c   Code   RO          809    i.conn_params_negotiation  ble_conn_params.o
    0x00020ffc   0x00000060   Code   RO         1859    i.detection_delay_timeout_handler  app_button.o
    0x0002105c   0x00000040   Code   RO         2075    i.elapsed_ticks_acquire  app_timer.o
    0x0002109c   0x00000014   Code   RO         1995    i.fifo_get          app_fifo.o
    0x000210b0   0x00000012   Code   RO         1996    i.fifo_put          app_fifo.o
    0x000210c2   0x0000000e   Code   RO         2493    i.fputc             retarget.o
    0x000210d0   0x00000014   Code   RO         2345    i.fs_queued_op_count_get  fstorage.o
    0x000210e4   0x00000058   Code   RO          279    i.gap_params_init   blefunctions.o
    0x0002113c   0x00000058   Code   RO         1860    i.gpiote_event_handler  app_button.o
    0x00021194   0x00000078   Code   RO         2736    i.intern_softdevice_events_execute  softdevice_handler.o
    0x0002120c   0x00000078   Code   RO         1532    i.interrupts_enable  nrf_drv_uart.o
    0x00021284   0x0000001c   Code   RO          810    i.is_conn_params_ok  ble_conn_params.o
    0x000212a0   0x00000014   Code   RO          540    i.leds_timer_handler  bsp.o
    0x000212b4   0x000000a8   Code   RO         2076    i.list_deletions_handler  app_timer.o
    0x0002135c   0x000000b8   Code   RO         2077    i.list_insertions_handler  app_timer.o
    0x00021414   0x00000048   Code   RO            4    i.main              main.o
    0x0002145c   0x00000064   Code   RO          729    i.manuf_specific_data_encode  ble_advdata.o
    0x000214c0   0x0000009c   Code   RO          730    i.name_encode       ble_advdata.o
    0x0002155c   0x00000010   Code   RO         1291    i.nrf_bitmask_bit_is_set  nrf_drv_gpiote.o
    0x0002156c   0x0000000e   Code   RO         1072    i.nrf_clock_event_check  nrf_drv_clock.o
    0x0002157a   0x00000010   Code   RO         1073    i.nrf_clock_event_clear  nrf_drv_clock.o
    0x0002158a   0x00000002   PAD
    0x0002158c   0x0000008c   Code   RO         2078    i.nrf_delay_us      app_timer.o
    0x00021618   0x00000048   Code   RO         1080    i.nrf_drv_clock_init  nrf_drv_clock.o
    0x00021660   0x00000030   Code   RO         1087    i.nrf_drv_clock_on_sd_enable  nrf_drv_clock.o
    0x00021690   0x0000000a   Code   RO         1088    i.nrf_drv_clock_on_soc_event  nrf_drv_clock.o
    0x0002169a   0x00000038   Code   RO         1241    i.nrf_drv_common_irq_enable  nrf_drv_common.o
    0x000216d2   0x00000006   Code   RO         1534    i.nrf_drv_get_IRQn  nrf_drv_uart.o
    0x000216d8   0x000000a4   Code   RO         1296    i.nrf_drv_gpiote_in_event_enable  nrf_drv_gpiote.o
    0x0002177c   0x000000b8   Code   RO         1297    i.nrf_drv_gpiote_in_init  nrf_drv_gpiote.o
    0x00021834   0x00000014   Code   RO         1298    i.nrf_drv_gpiote_in_is_set  nrf_drv_gpiote.o
    0x00021848   0x0000005c   Code   RO         1300    i.nrf_drv_gpiote_init  nrf_drv_gpiote.o
    0x000218a4   0x00000014   Code   RO         1301    i.nrf_drv_gpiote_is_init  nrf_drv_gpiote.o
    0x000218b8   0x00000010   Code   RO         1535    i.nrf_drv_is_in_RAM  nrf_drv_uart.o
    0x000218c8   0x00000010   Code   RO         1763    i.nrf_drv_is_in_RAM  nrf_drv_spis.o
    0x000218d8   0x00000074   Code   RO         1764    i.nrf_drv_spis_buffers_set  nrf_drv_spis.o
    0x0002194c   0x00000150   Code   RO         1765    i.nrf_drv_spis_init  nrf_drv_spis.o
    0x00021a9c   0x00000068   Code   RO         1537    i.nrf_drv_uart_init  nrf_drv_uart.o
    0x00021b04   0x000000b0   Code   RO         1538    i.nrf_drv_uart_rx   nrf_drv_uart.o
    0x00021bb4   0x00000030   Code   RO         1541    i.nrf_drv_uart_rx_enable  nrf_drv_uart.o
    0x00021be4   0x000000a8   Code   RO         1542    i.nrf_drv_uart_rx_for_uart  nrf_drv_uart.o
    0x00021c8c   0x000000b0   Code   RO         1543    i.nrf_drv_uart_rx_for_uarte  nrf_drv_uart.o
    0x00021d3c   0x0000010c   Code   RO         1544    i.nrf_drv_uart_tx   nrf_drv_uart.o
    0x00021e48   0x00000018   Code   RO         1546    i.nrf_drv_uart_tx_in_progress  nrf_drv_uart.o
    0x00021e60   0x00000024   Code   RO          425    i.nrf_gpio_cfg      boards.o
    0x00021e84   0x00000024   Code   RO         1315    i.nrf_gpio_cfg      nrf_drv_gpiote.o
    0x00021ea8   0x00000024   Code   RO         1548    i.nrf_gpio_cfg      nrf_drv_uart.o
    0x00021ecc   0x00000024   Code   RO         1767    i.nrf_gpio_cfg      nrf_drv_spis.o
    0x00021ef0   0x00000012   Code   RO         1550    i.nrf_gpio_cfg_input  nrf_drv_uart.o
    0x00021f02   0x00000014   Code   RO         1551    i.nrf_gpio_cfg_output  nrf_drv_uart.o
    0x00021f16   0x00000022   Code   RO          541    i.nrf_gpio_cfg_sense_set  bsp.o
    0x00021f38   0x00000022   Code   RO         1317    i.nrf_gpio_cfg_sense_set  nrf_drv_gpiote.o
    0x00021f5a   0x00000016   Code   RO          426    i.nrf_gpio_pin_write  boards.o
    0x00021f70   0x00000028   Code   RO         1318    i.nrf_gpio_ports_read  nrf_drv_gpiote.o
    0x00021f98   0x00000014   Code   RO         1319    i.nrf_gpiote_event_clear  nrf_drv_gpiote.o
    0x00021fac   0x00000010   Code   RO         1320    i.nrf_gpiote_event_is_set  nrf_drv_gpiote.o
    0x00021fbc   0x0000000a   Code   RO         1768    i.nrf_spis_event_check  nrf_drv_spis.o
    0x00021fc6   0x0000000c   Code   RO         1769    i.nrf_spis_event_clear  nrf_drv_spis.o
    0x00021fd2   0x0000000a   Code   RO         1552    i.nrf_uart_event_check  nrf_drv_uart.o
    0x00021fdc   0x0000000c   Code   RO         1553    i.nrf_uart_event_clear  nrf_drv_uart.o
    0x00021fe8   0x0000000c   Code   RO         1554    i.nrf_uart_int_enable_check  nrf_drv_uart.o
    0x00021ff4   0x0000000a   Code   RO         1555    i.nrf_uarte_event_check  nrf_drv_uart.o
    0x00021ffe   0x0000000c   Code   RO         1556    i.nrf_uarte_event_clear  nrf_drv_uart.o
    0x0002200a   0x00000030   Code   RO          280    i.nus_data_handler  blefunctions.o
    0x0002203a   0x00000024   Code   RO          281    i.on_adv_evt        blefunctions.o
    0x0002205e   0x00000002   PAD
    0x00022060   0x000000e8   Code   RO          282    i.on_ble_evt        blefunctions.o
    0x00022148   0x0000001c   Code   RO          283    i.on_conn_params_evt  blefunctions.o
    0x00022164   0x00000018   Code   RO         1321    i.pin_in_use_by_port  nrf_drv_gpiote.o
    0x0002217c   0x00000018   Code   RO         1322    i.pin_in_use_by_te  nrf_drv_gpiote.o
    0x00022194   0x0000003c   Code   RO         2079    i.rtc1_stop         app_timer.o
    0x000221d0   0x00000032   Code   RO         1558    i.rx_byte           nrf_drv_uart.o
    0x00022202   0x000000dc   Code   RO         1023    i.rx_char_add       ble_nus.o
    0x000222de   0x00000018   Code   RO         1559    i.rx_done_event     nrf_drv_uart.o
    0x000222f6   0x00000020   Code   RO         1560    i.rx_enable         nrf_drv_uart.o
    0x00022316   0x00000002   PAD
    0x00022318   0x00000070   Code   RO         2738    i.sd_nvic_EnableIRQ  softdevice_handler.o
    0x00022388   0x00000088   Code   RO          731    i.service_data_encode  ble_advdata.o
    0x00022410   0x00000020   Code   RO          285    i.services_init     blefunctions.o
    0x00022430   0x00000048   Code   RO          941    i.set_adv_mode_fast  ble_advertising.o
    0x00022478   0x00000044   Code   RO          942    i.set_adv_mode_slow  ble_advertising.o
    0x000224bc   0x00000028   Code   RO          286    i.sleep_mode_enter  blefunctions.o
    0x000224e4   0x00000014   Code   RO         2739    i.softdevice_ble_evt_handler_set  softdevice_handler.o
    0x000224f8   0x00000014   Code   RO         2740    i.softdevice_enable  softdevice_handler.o
    0x0002250c   0x00000026   Code   RO         2741    i.softdevice_enable_get_default_config  softdevice_handler.o
    0x00022532   0x00000004   Code   RO         2742    i.softdevice_fault_handler  softdevice_handler.o
    0x00022536   0x00000002   PAD
    0x00022538   0x00000064   Code   RO         2743    i.softdevice_handler_init  softdevice_handler.o
    0x0002259c   0x0000000c   Code   RO         2744    i.softdevice_handler_is_enabled  softdevice_handler.o
    0x000225a8   0x00000040   Code   RO            5    i.spi_app_init      main.o
    0x000225e8   0x00000010   Code   RO            6    i.spis_event_handler  main.o
    0x000225f8   0x00000078   Code   RO         1770    i.spis_irq_handler  nrf_drv_spis.o
    0x00022670   0x00000006   Code   RO         1771    i.spis_state_change  nrf_drv_spis.o
    0x00022676   0x0000005e   Code   RO         1772    i.spis_state_entry_action_execute  nrf_drv_spis.o
    0x000226d4   0x0000008c   Code   RO         2080    i.timer_list_handler  app_timer.o
    0x00022760   0x0000003c   Code   RO         2081    i.timer_list_insert  app_timer.o
    0x0002279c   0x00000048   Code   RO         2082    i.timer_stop_op_schedule  app_timer.o
    0x000227e4   0x00000084   Code   RO         2083    i.timer_timeouts_check  app_timer.o
    0x00022868   0x00000020   Code   RO         1561    i.tx_byte           nrf_drv_uart.o
    0x00022888   0x000000a0   Code   RO         1024    i.tx_char_add       ble_nus.o
    0x00022928   0x0000001c   Code   RO         1562    i.tx_done_event     nrf_drv_uart.o
    0x00022944   0x0000005c   Code   RO          287    i.uart_event_handle  blefunctions.o
    0x000229a0   0x000000a0   Code   RO         2226    i.uart_event_handler  app_uart_fifo.o
    0x00022a40   0x00000048   Code   RO          288    i.uart_init         blefunctions.o
    0x00022a88   0x0000011e   Code   RO         1563    i.uart_irq_handler  nrf_drv_uart.o
    0x00022ba6   0x000000f0   Code   RO         1564    i.uarte_irq_handler  nrf_drv_uart.o
    0x00022c96   0x0000000a   Code   RO          732    i.uint16_encode     ble_advdata.o
    0x00022ca0   0x00000060   Code   RO          811    i.update_timeout_handler  ble_conn_params.o
    0x00022d00   0x00000030   Code   RO         2084    i.user_op_alloc     app_timer.o
    0x00022d30   0x00000030   Code   RO          733    i.uuid_list_encode  ble_advdata.o
    0x00022d60   0x0000009e   Code   RO          734    i.uuid_list_sized_encode  ble_advdata.o
    0x00022dfe   0x00000002   PAD
    0x00022e00   0x00000020   Data   RO            7    .constdata          main.o
    0x00022e20   0x0000001c   Data   RO          290    .constdata          blefunctions.o
    0x00022e3c   0x00000008   Data   RO          427    .constdata          boards.o
    0x00022e44   0x0000002c   Data   RO          546    .constdata          bsp.o
    0x00022e70   0x00000004   Data   RO          814    .constdata          ble_conn_params.o
    0x00022e74   0x00000010   Data   RO         1025    .constdata          ble_nus.o
    0x00022e84   0x00000004   Data   RO         1324    .constdata          nrf_drv_gpiote.o
    0x00022e88   0x00000008   Data   RO         1862    .constdata          app_button.o
    0x00022e90   0x00000020   Data   RO         2228    .constdata          app_uart_fifo.o
    0x00022eb0   0x00000020   Data   RO         3232    Region$$Table       anon$$obj.o


    Execution Region RW_IRAM1 (Base: 0x20002128, Size: 0x00002670, Max: 0x0000ded8, ABSOLUTE)

    Base Addr    Size         Type   Attr      Idx    E Section Name        Object

    0x20002128   0x00000008   Data   RW            8    .data               main.o
    0x20002130   0x00000008   Data   RW          291    .data               blefunctions.o
    0x20002138   0x00000014   Data   RW          547    .data               bsp.o
    0x2000214c   0x00000008   Data   RW          647    .data               bsp_btn_ble.o
    0x20002154   0x00000014   Data   RW          815    .data               ble_conn_params.o
    0x20002168   0x0000001f   Data   RW          944    .data               ble_advertising.o
    0x20002187   0x00000001   PAD
    0x20002188   0x00000014   Data   RW         1863    .data               app_button.o
    0x2000219c   0x00000020   Data   RW         2085    .data               app_timer.o
    0x200021bc   0x00000010   Data   RW         2229    .data               app_uart_fifo.o
    0x200021cc   0x00000004   Data   RW         2494    .data               retarget.o
    0x200021d0   0x00000014   Data   RW         2750    .data               softdevice_handler.o
    0x200021e4   0x00000004   Data   RW         2889    .data               system_nrf52.o
    0x200021e8   0x000002f8   Zero   RW          289    .bss                blefunctions.o
    0x200024e0   0x00000020   Zero   RW          542    .bss                bsp.o
    0x20002500   0x00000020   Zero   RW          543    .bss                bsp.o
    0x20002520   0x0000000c   Zero   RW          544    .bss                bsp.o
    0x2000252c   0x00000020   Zero   RW          545    .bss                bsp.o
    0x2000254c   0x00000020   Zero   RW          812    .bss                ble_conn_params.o
    0x2000256c   0x0000001c   Zero   RW          813    .bss                ble_conn_params.o
    0x20002588   0x000000b3   Zero   RW          943    .bss                ble_advertising.o
    0x2000263b   0x00000001   PAD
    0x2000263c   0x00000014   Zero   RW         1090    .bss                nrf_drv_clock.o
    0x20002650   0x00000058   Zero   RW         1323    .bss                nrf_drv_gpiote.o
    0x200026a8   0x00000020   Zero   RW         1565    .bss                nrf_drv_uart.o
    0x200026c8   0x00000018   Zero   RW         1773    .bss                nrf_drv_spis.o
    0x200026e0   0x00000020   Zero   RW         1861    .bss                app_button.o
    0x20002700   0x00000020   Zero   RW         2227    .bss                app_uart_fifo.o
    0x20002720   0x0000000c   Zero   RW         2291    .bss                app_util_platform.o
    0x2000272c   0x00000068   Zero   RW         2354    .bss                fstorage.o
    0x20002794   0x00000004   PAD
    0x20002798   0x00002000   Zero   RW         2877    STACK               arm_startup_nrf52.o


==============================================================================

Image component sizes


      Code (inc. data)   RO Data    RW Data    ZI Data      Debug   Object Name

       332         34          8         20         32      10286   app_button.o
        22          0          0          0          0       2265   app_error.o
        36         10          0          0          0      27397   app_error_weak.o
       118          0          0          0          0       5058   app_fifo.o
      1694        114          0         32          0      64671   app_timer.o
       452         42         32         16         32      10970   app_uart_fifo.o
       124         14          0          0         12       9602   app_util_platform.o
        36          8       1024          0       8192        896   arm_startup_nrf52.o
      1330          0          0          0          0      30924   ble_advdata.o
       928         64          0         31        179      10720   ble_advertising.o
       436         54          4         20         60       5924   ble_conn_params.o
       650          6         16          0          0       5902   ble_nus.o
         8          0          0          0          0       1518   ble_srv_common.o
      1208        116         28          8        760      13132   blefunctions.o
       318         42          8          0          0      13508   boards.o
       852         78         44         20        108      15003   bsp.o
       252         10          0          8          0       5009   bsp_btn_ble.o
        20          4          0          0        104       3860   fstorage.o
       152         24         32          8          0     123251   main.o
       288         22          0          0         20      13052   nrf_drv_clock.o
        56          0          0          0          0      27603   nrf_drv_common.o
      1178         84          4          0         88      30724   nrf_drv_gpiote.o
       762         16          0          0         24      22782   nrf_drv_spis.o
      2140         66          0          0         32      42873   nrf_drv_uart.o
        14          0          0          4          0       2946   retarget.o
       542         46          0         20          0      43359   softdevice_handler.o
       668         58          0          4          0       2691   system_nrf52.o

    ----------------------------------------------------------------------
     14638        912       1232        192       9648     545926   Object Totals
         0          0         32          0          0          0   (incl. Generated)
        22          0          0          1          5          0   (incl. Padding)

    ----------------------------------------------------------------------

      Code (inc. data)   RO Data    RW Data    ZI Data      Debug   Library Member Name

         0          0          0          0          0          0   entry.o
         0          0          0          0          0          0   entry10a.o
         0          0          0          0          0          0   entry11a.o
         8          4          0          0          0          0   entry2.o
         4          0          0          0          0          0   entry5.o
         0          0          0          0          0          0   entry7b.o
         0          0          0          0          0          0   entry8b.o
         8          4          0          0          0          0   entry9a.o
        30          0          0          0          0          0   handlers.o
        36          8          0          0          0         68   init.o
        36          0          0          0          0         68   memcpya.o
        36          0          0          0          0        108   memseta.o
        50          8          0          0          0        152   printfb.o

    ----------------------------------------------------------------------
       210         24          0          0          0        396   Library Totals
         2          0          0          0          0          0   (incl. Padding)

    ----------------------------------------------------------------------

      Code (inc. data)   RO Data    RW Data    ZI Data      Debug   Library Name

       208         24          0          0          0        396   mc_w.l

    ----------------------------------------------------------------------
       210         24          0          0          0        396   Library Totals

    ----------------------------------------------------------------------

==============================================================================


      Code (inc. data)   RO Data    RW Data    ZI Data      Debug   

     14848        936       1232        192       9648     527922   Grand Totals
     14848        936       1232        192       9648     527922   ELF Image Totals
     14848        936       1232        192          0          0   ROM Totals

==============================================================================

    Total RO  Size (Code + RO Data)                16080 (  15.70kB)
    Total RW  Size (RW Data + ZI Data)              9840 (   9.61kB)
    Total ROM Size (Code + RO Data + RW Data)      16272 (  15.89kB)

==============================================================================

