Component: ARM Compiler 5.06 update 4 (build 422) Tool: armlink [4d35d2]

==============================================================================

Section Cross References

    main.o(i.main) refers to rt_cmsis.o(i.osKernelInitialize) for osKernelInitialize
    main.o(i.main) refers to rt_cmsis.o(i.osKernelStart) for osKernelStart
    svc_table.o(SVC_TABLE) refers to data_transfer.o(i.__SVC_1) for __SVC_1
    data_transfer.o(i.Pcal_Handler) refers to rt_cmsis.o(i.osMailCreate) for osMailCreate
    data_transfer.o(i.Pcal_Handler) refers to rt_cmsis.o(i.osMailGet) for osMailGet
    data_transfer.o(i.Pcal_Handler) refers to drv_pcal.o(i.pcal_drv_read) for pcal_drv_read
    data_transfer.o(i.Pcal_Handler) refers to data_transfer.o(.constdata) for os_mailQ_def_PcalQ
    data_transfer.o(i.Pcal_Handler) refers to data_transfer.o(.data) for PcalQ_Id
    data_transfer.o(i.SPI_controller) refers to rt_cmsis.o(i.osMessageGet) for osMessageGet
    data_transfer.o(i.SPI_controller) refers to aeabi_memset.o(.text) for __aeabi_memset
    data_transfer.o(i.SPI_controller) refers to nrf_drv_spi.o(i.nrf_drv_spi_transfer) for nrf_drv_spi_transfer
    data_transfer.o(i.SPI_controller) refers to data_transfer.o(.data) for switch_butt_q
    data_transfer.o(i.SPI_controller) refers to data_transfer.o(.constdata) for spi
    data_transfer.o(i.SPI_init) refers to nrf_drv_spi.o(i.nrf_drv_spi_init) for nrf_drv_spi_init
    data_transfer.o(i.SPI_init) refers to data_transfer.o(.constdata) for .constdata
    data_transfer.o(i.SPI_init) refers to data_transfer.o(i.spi_event_handler) for spi_event_handler
    data_transfer.o(i.buttEncoder) refers to data_transfer.o(.data) for butt_Changes
    data_transfer.o(i.recieveMail) refers to rt_cmsis.o(i.osMailPut) for osMailPut
    data_transfer.o(i.recieveMail) refers to data_transfer.o(.data) for PcalQ_Id
    data_transfer.o(i.sendMail) refers to rt_cmsis.o(i.osMailAlloc) for osMailAlloc
    data_transfer.o(i.sendMail) refers to rt_cmsis.o(i.osMailPut) for osMailPut
    data_transfer.o(i.sendMail) refers to data_transfer.o(.data) for PcalQ_Id
    data_transfer.o(i.spi_event_handler) refers to data_transfer.o(.data) for spi_xfer_done
    data_transfer.o(.constdata) refers to data_transfer.o(.bss) for os_mutex_cb_mut_twi
    data_transfer.o(.constdata) refers to data_transfer.o(.data) for os_mailQ_p_PcalQ
    data_transfer.o(.data) refers to data_transfer.o(.bss) for os_mailQ_q_PcalQ
    nrf_drv_gpiote.o(i.GPIOTE_IRQHandler) refers to nrf_drv_gpiote.o(i.nrf_gpiote_event_is_set) for nrf_gpiote_event_is_set
    nrf_drv_gpiote.o(i.GPIOTE_IRQHandler) refers to nrf_drv_gpiote.o(i.nrf_gpiote_event_clear) for nrf_gpiote_event_clear
    nrf_drv_gpiote.o(i.GPIOTE_IRQHandler) refers to nrf_drv_gpiote.o(i.nrf_gpio_ports_read) for nrf_gpio_ports_read
    nrf_drv_gpiote.o(i.GPIOTE_IRQHandler) refers to nrf_drv_gpiote.o(i.channel_handler_get) for channel_handler_get
    nrf_drv_gpiote.o(i.GPIOTE_IRQHandler) refers to nrf_drv_gpiote.o(i.nrf_bitmask_bit_is_set) for nrf_bitmask_bit_is_set
    nrf_drv_gpiote.o(i.GPIOTE_IRQHandler) refers to nrf_drv_gpiote.o(i.channel_port_get) for channel_port_get
    nrf_drv_gpiote.o(i.GPIOTE_IRQHandler) refers to nrf_drv_gpiote.o(i.nrf_gpio_cfg_sense_set) for nrf_gpio_cfg_sense_set
    nrf_drv_gpiote.o(i.GPIOTE_IRQHandler) refers to nrf_drv_gpiote.o(.bss) for m_cb
    nrf_drv_gpiote.o(i.channel_free) refers to nrf_drv_gpiote.o(.bss) for m_cb
    nrf_drv_gpiote.o(i.channel_handler_get) refers to nrf_drv_gpiote.o(.bss) for m_cb
    nrf_drv_gpiote.o(i.channel_port_alloc) refers to nrf_drv_gpiote.o(.bss) for m_cb
    nrf_drv_gpiote.o(i.channel_port_get) refers to nrf_drv_gpiote.o(.bss) for m_cb
    nrf_drv_gpiote.o(i.nrf_drv_gpiote_clr_task_addr_get) refers to nrf_drv_gpiote.o(i.channel_port_get) for channel_port_get
    nrf_drv_gpiote.o(i.nrf_drv_gpiote_clr_task_addr_get) refers to nrf_drv_gpiote.o(i.nrf_gpiote_task_addr_get) for nrf_gpiote_task_addr_get
    nrf_drv_gpiote.o(i.nrf_drv_gpiote_clr_task_trigger) refers to nrf_drv_gpiote.o(i.channel_port_get) for channel_port_get
    nrf_drv_gpiote.o(i.nrf_drv_gpiote_in_event_addr_get) refers to nrf_drv_gpiote.o(i.pin_in_use_by_te) for pin_in_use_by_te
    nrf_drv_gpiote.o(i.nrf_drv_gpiote_in_event_addr_get) refers to nrf_drv_gpiote.o(i.channel_port_get) for channel_port_get
    nrf_drv_gpiote.o(i.nrf_drv_gpiote_in_event_addr_get) refers to nrf_drv_gpiote.o(i.nrf_gpiote_event_addr_get) for nrf_gpiote_event_addr_get
    nrf_drv_gpiote.o(i.nrf_drv_gpiote_in_event_disable) refers to nrf_drv_gpiote.o(i.pin_in_use_by_port) for pin_in_use_by_port
    nrf_drv_gpiote.o(i.nrf_drv_gpiote_in_event_disable) refers to nrf_drv_gpiote.o(i.nrf_gpio_cfg_sense_set) for nrf_gpio_cfg_sense_set
    nrf_drv_gpiote.o(i.nrf_drv_gpiote_in_event_disable) refers to nrf_drv_gpiote.o(i.pin_in_use_by_te) for pin_in_use_by_te
    nrf_drv_gpiote.o(i.nrf_drv_gpiote_in_event_disable) refers to nrf_drv_gpiote.o(i.channel_port_get) for channel_port_get
[...]
    Removing rt_cmsis.o(i.osSignalClear), (24 bytes).
    Removing rt_cmsis.o(i.osSignalSet), (24 bytes).
    Removing rt_cmsis.o(i.osSignalWait), (24 bytes).
    Removing rt_cmsis.o(i.osThreadGetId), (24 bytes).
    Removing rt_cmsis.o(i.osThreadGetPriority), (24 bytes).
    Removing rt_cmsis.o(i.osThreadSetPriority), (24 bytes).
    Removing rt_cmsis.o(i.osThreadTerminate), (24 bytes).
    Removing rt_cmsis.o(i.osThreadYield), (24 bytes).
    Removing rt_cmsis.o(i.osTimerCreate), (44 bytes).
    Removing rt_cmsis.o(i.osTimerDelete), (24 bytes).
    Removing rt_cmsis.o(i.osTimerStart), (24 bytes).
    Removing rt_cmsis.o(i.osTimerStop), (24 bytes).
    Removing rt_cmsis.o(i.osWait), (4 bytes).
    Removing rt_cmsis.o(i.os_resume), (12 bytes).
    Removing rt_cmsis.o(i.os_suspend), (12 bytes).
    Removing rt_cmsis.o(i.rt_clr_box), (24 bytes).
    Removing rt_cmsis.o(i.rt_timer_remove), (60 bytes).
    Removing rt_cmsis.o(i.svcDelay), (18 bytes).
    Removing rt_cmsis.o(i.svcKernelRunning), (12 bytes).
    Removing rt_cmsis.o(i.svcKernelSysTick), (56 bytes).
    Removing rt_cmsis.o(i.svcMailCreate), (66 bytes).
    Removing rt_cmsis.o(i.svcMessagePut), (54 bytes).
    Removing rt_cmsis.o(i.svcMutexCreate), (28 bytes).
    Removing rt_cmsis.o(i.svcMutexDelete), (26 bytes).
    Removing rt_cmsis.o(i.svcMutexRelease), (34 bytes).
    Removing rt_cmsis.o(i.svcMutexWait), (58 bytes).
    Removing rt_cmsis.o(i.svcPoolCreate), (40 bytes).
    Removing rt_cmsis.o(i.svcSemaphoreCreate), (36 bytes).
    Removing rt_cmsis.o(i.svcSemaphoreDelete), (26 bytes).
    Removing rt_cmsis.o(i.svcSemaphoreRelease), (40 bytes).
    Removing rt_cmsis.o(i.svcSemaphoreWait), (50 bytes).
    Removing rt_cmsis.o(i.svcSignalClear), (36 bytes).
    Removing rt_cmsis.o(i.svcSignalSet), (36 bytes).
    Removing rt_cmsis.o(i.svcSignalWait), (84 bytes).
    Removing rt_cmsis.o(i.svcThreadGetPriority), (18 bytes).
    Removing rt_cmsis.o(i.svcThreadSetPriority), (46 bytes).
    Removing rt_cmsis.o(i.svcThreadYield), (10 bytes).
    Removing rt_cmsis.o(i.svcTimerCreate), (56 bytes).
    Removing rt_cmsis.o(i.svcTimerDelete), (40 bytes).
    Removing rt_cmsis.o(i.svcTimerStart), (100 bytes).
    Removing rt_cmsis.o(i.svcTimerStop), (36 bytes).
    Removing rt_cmsis.o(i.sysMailAlloc), (88 bytes).
    Removing rt_cmsis.o(i.sysMailFree), (96 bytes).
    Removing rt_cmsis.o(i.sysPoolAlloc), (10 bytes).
    Removing rt_cmsis.o(i.sysPoolFree), (20 bytes).
    Removing rt_cmsis.o(i.sysUserTimerUpdate), (48 bytes).
    Removing rt_cmsis.o(i.sysUserTimerWakeupTime), (20 bytes).
    Removing rt_task.o(i.rt_tsk_pass), (48 bytes).
    Removing rt_mutex.o(i.rt_mut_delete), (176 bytes).
    Removing rt_mutex.o(i.rt_mut_init), (16 bytes).
    Removing rt_system.o(.emb_text), (0 bytes).
    Removing rt_system.o(i.os_tick_ovf), (16 bytes).
    Removing rt_system.o(i.os_tick_val), (20 bytes).
    Removing rt_system.o(i.rt_resume), (136 bytes).
    Removing rt_system.o(i.rt_suspend), (36 bytes).
    Removing rt_system.o(i.rt_tsk_lock), (80 bytes).
    Removing rt_system.o(i.rt_tsk_unlock), (80 bytes).
    Removing rt_event.o(i.isr_evt_set), (40 bytes).
    Removing rt_event.o(i.rt_evt_clr), (28 bytes).
    Removing rt_event.o(i.rt_evt_get), (12 bytes).
    Removing rt_event.o(i.rt_evt_set), (92 bytes).
    Removing rt_event.o(i.rt_evt_wait), (60 bytes).
    Removing rt_list.o(i.rt_get_same_rdy_prio), (36 bytes).
    Removing rt_mailbox.o(i.rt_mbx_send), (152 bytes).
    Removing rt_semaphore.o(i.isr_sem_send), (16 bytes).
    Removing rt_semaphore.o(i.rt_sem_delete), (92 bytes).
    Removing rt_semaphore.o(i.rt_sem_init), (12 bytes).
    Removing rt_semaphore.o(i.rt_sem_send), (42 bytes).
    Removing rt_semaphore.o(i.rt_sem_wait), (64 bytes).
    Removing rt_time.o(i.rt_dly_wait), (6 bytes).
    Removing rt_time.o(i.rt_itv_set), (24 bytes).
    Removing rt_time.o(i.rt_itv_wait), (40 bytes).
    Removing rt_time.o(i.rt_time_get), (12 bytes).
    Removing rt_membox.o(i._calloc_box), (30 bytes).

216 unused section(s) (total 9985 bytes) removed from the image.

==============================================================================

Image Symbol Table

    Local Symbols

    Symbol Name                              Value     Ov Type        Size  Object(Section)

    RESET                                    0x00000000   Section     1024  arm_startup_nrf52.o(RESET)
    ../clib/angel/boardlib.s                 0x00000000   Number         0  boardinit1.o ABSOLUTE
    ../clib/angel/boardlib.s                 0x00000000   Number         0  boardinit2.o ABSOLUTE
    ../clib/angel/boardlib.s                 0x00000000   Number         0  boardshut.o ABSOLUTE
    ../clib/angel/handlers.s                 0x00000000   Number         0  __scatter_copy.o ABSOLUTE
    ../clib/angel/handlers.s                 0x00000000   Number         0  __scatter_zi.o ABSOLUTE
    ../clib/angel/kernel.s                   0x00000000   Number         0  __rtentry4.o ABSOLUTE
    ../clib/angel/kernel.s                   0x00000000   Number         0  __rtentry.o ABSOLUTE
    ../clib/angel/kernel.s                   0x00000000   Number         0  rtexit.o ABSOLUTE
    ../clib/angel/kernel.s                   0x00000000   Number         0  __rtentry2.o ABSOLUTE
    ../clib/angel/kernel.s                   0x00000000   Number         0  rtexit2.o ABSOLUTE
    ../clib/angel/rt.s                       0x00000000   Number         0  aeabi_ldiv0.o ABSOLUTE
    ../clib/angel/rt.s                       0x00000000   Number         0  aeabi_ldiv0_sigfpe.o ABSOLUTE
    ../clib/angel/rt.s                       0x00000000   Number         0  rt_div0.o ABSOLUTE
    ../clib/angel/rt.s                       0x00000000   Number         0  rt_raise.o ABSOLUTE
    ../clib/angel/scatter.s                  0x00000000   Number         0  __scatter.o ABSOLUTE
    ../clib/angel/startup.s                  0x00000000   Number         0  __main.o ABSOLUTE
    ../clib/angel/sys.s                      0x00000000   Number         0  sys_stackheap_outer.o ABSOLUTE
    ../clib/angel/sys.s                      0x00000000   Number         0  indicate_semi.o ABSOLUTE
    ../clib/angel/sys.s                      0x00000000   Number         0  use_no_semi.o ABSOLUTE
    ../clib/angel/sys.s                      0x00000000   Number         0  libspace.o ABSOLUTE
    ../clib/angel/sysapp.c                   0x00000000   Number         0  sys_wrch.o ABSOLUTE
    ../clib/angel/sysapp.c                   0x00000000   Number         0  sys_command.o ABSOLUTE
    ../clib/angel/sysapp.c                   0x00000000   Number         0  sys_exit.o ABSOLUTE
    ../clib/armsys.c                         0x00000000   Number         0  argv_veneer.o ABSOLUTE
    ../clib/armsys.c                         0x00000000   Number         0  argv_veneer.o ABSOLUTE
    ../clib/armsys.c                         0x00000000   Number         0  _get_argv_nomalloc.o ABSOLUTE
    ../clib/armsys.c                         0x00000000   Number         0  no_argv.o ABSOLUTE
    ../clib/heapalloc.c                      0x00000000   Number         0  hrguard.o ABSOLUTE
    ../clib/heapaux.c                        0x00000000   Number         0  heapauxi.o ABSOLUTE
    ../clib/libinit.s                        0x00000000   Number         0  libinit.o ABSOLUTE
    ../clib/libinit.s                        0x00000000   Number         0  libshutdown.o ABSOLUTE
    ../clib/libinit.s                        0x00000000   Number         0  libinit2.o ABSOLUTE
    ../clib/libinit.s                        0x00000000   Number         0  libshutdown2.o ABSOLUTE
    ../clib/longlong.s                       0x00000000   Number         0  lludivv7m.o ABSOLUTE
    ../clib/memcpset.s                       0x00000000   Number         0  rt_memclr_w.o ABSOLUTE
    ../clib/memcpset.s                       0x00000000   Number         0  aeabi_memset.o ABSOLUTE
    ../clib/memcpset.s                       0x00000000   Number         0  rt_memclr.o ABSOLUTE
    ../clib/signal.c                         0x00000000   Number         0  defsig_cppl_inner.o ABSOLUTE
    ../clib/signal.c                         0x00000000   Number         0  defsig_other.o ABSOLUTE
    ../clib/signal.c                         0x00000000   Number         0  defsig_fpe_formal.o ABSOLUTE
    ../clib/signal.c                         0x00000000   Number         0  defsig_abrt_inner.o ABSOLUTE
    ../clib/signal.c                         0x00000000   Number         0  defsig_segv_inner.o ABSOLUTE
    ../clib/signal.c                         0x00000000   Number         0  defsig_exit.o ABSOLUTE
    ../clib/signal.c                         0x00000000   Number         0  defsig_fpe_outer.o ABSOLUTE
    ../clib/signal.c                         0x00000000   Number         0  defsig_fpe_inner.o ABSOLUTE
    ../clib/signal.c                         0x00000000   Number         0  defsig_rtred_inner.o ABSOLUTE
    ../clib/signal.c                         0x00000000   Number         0  defsig_pvfn_inner.o ABSOLUTE
    ../clib/signal.c                         0x00000000   Number         0  defsig_stak_inner.o ABSOLUTE
    ../clib/signal.c                         0x00000000   Number         0  defsig_rtmem_formal.o ABSOLUTE
    ../clib/signal.c                         0x00000000   Number         0  __raise.o ABSOLUTE
    ../clib/signal.c                         0x00000000   Number         0  defsig_general.o ABSOLUTE
    ../clib/signal.c                         0x00000000   Number         0  defsig_rtmem_outer.o ABSOLUTE
    ../clib/signal.c                         0x00000000   Number         0  defsig_rtmem_inner.o ABSOLUTE
    ../clib/signal.s                         0x00000000   Number         0  defsig.o ABSOLUTE
    ../clib/stdlib.c                         0x00000000   Number         0  exit.o ABSOLUTE
    ../fplib/fpinit.s                        0x00000000   Number         0  fpinit.o ABSOLUTE
    ..\..\nRF5_SDK_12.2.0\components\drivers_nrf\common\nrf_drv_common.c 0x00000000   Number         0  nrf_drv_common.o ABSOLUTE
    ..\..\nRF5_SDK_12.2.0\components\drivers_nrf\gpiote\nrf_drv_gpiote.c 0x00000000   Number         0  nrf_drv_gpiote.o ABSOLUTE
    ..\..\nRF5_SDK_12.2.0\components\drivers_nrf\spi_master\nrf_drv_spi.c 0x00000000   Number         0  nrf_drv_spi.o ABSOLUTE
    ..\..\nRF5_SDK_12.2.0\components\drivers_nrf\twi_master\nrf_drv_twi.c 0x00000000   Number         0  nrf_drv_twi.o ABSOLUTE
    ..\HAL_CM.c                              0x00000000   Number         0  hal_cm.o ABSOLUTE
    ..\\..\\nRF5_SDK_12.2.0\\components\\drivers_nrf\\common\\nrf_drv_common.c 0x00000000   Number         0  nrf_drv_common.o ABSOLUTE
    ..\\..\\nRF5_SDK_12.2.0\\components\\drivers_nrf\\gpiote\\nrf_drv_gpiote.c 0x00000000   Number         0  nrf_drv_gpiote.o ABSOLUTE
    ..\\..\\nRF5_SDK_12.2.0\\components\\drivers_nrf\\spi_master\\nrf_drv_spi.c 0x00000000   Number         0  nrf_drv_spi.o ABSOLUTE
    ..\\..\\nRF5_SDK_12.2.0\\components\\drivers_nrf\\twi_master\\nrf_drv_twi.c 0x00000000   Number         0  nrf_drv_twi.o ABSOLUTE
    ..\\rt_CMSIS.c                           0x00000000   Number         0  rt_cmsis.o ABSOLUTE
    ..\\rt_System.c                          0x00000000   Number         0  rt_system.o ABSOLUTE
    ..\rt_CMSIS.c                            0x00000000   Number         0  rt_cmsis.o ABSOLUTE
    ..\rt_Event.c                            0x00000000   Number         0  rt_event.o ABSOLUTE
    ..\rt_List.c                             0x00000000   Number         0  rt_list.o ABSOLUTE
    ..\rt_Mailbox.c                          0x00000000   Number         0  rt_mailbox.o ABSOLUTE
    ..\rt_MemBox.c                           0x00000000   Number         0  rt_membox.o ABSOLUTE
    ..\rt_Memory.c                           0x00000000   Number         0  rt_memory.o ABSOLUTE
    ..\rt_Mutex.c                            0x00000000   Number         0  rt_mutex.o ABSOLUTE
    ..\rt_Robin.c                            0x00000000   Number         0  rt_robin.o ABSOLUTE
    ..\rt_Semaphore.c                        0x00000000   Number         0  rt_semaphore.o ABSOLUTE
    ..\rt_System.c                           0x00000000   Number         0  rt_system.o ABSOLUTE
    ..\rt_Task.c                             0x00000000   Number         0  rt_task.o ABSOLUTE
    ..\rt_Time.c                             0x00000000   Number         0  rt_time.o ABSOLUTE
    Drivers\\pcal\\drv_pcal.c                0x00000000   Number         0  drv_pcal.o ABSOLUTE
    Drivers\pcal\drv_pcal.c                  0x00000000   Number         0  drv_pcal.o ABSOLUTE
    HAL_CM4.c                                0x00000000   Number         0  hal_cm4.o ABSOLUTE
    HAL_CM4.c                                0x00000000   Number         0  hal_cm4.o ABSOLUTE
    RTE\CMSIS\RTX_Conf_CM.c                  0x00000000   Number         0  rtx_conf_cm.o ABSOLUTE
    RTE\Device\nRF52832_xxAA\arm_startup_nrf52.s 0x00000000   Number         0  arm_startup_nrf52.o ABSOLUTE
    RTE\Device\nRF52832_xxAA\system_nrf52.c  0x00000000   Number         0  system_nrf52.o ABSOLUTE
    RTE\\CMSIS\\RTX_Conf_CM.c                0x00000000   Number         0  rtx_conf_cm.o ABSOLUTE
    RTE\\Device\\nRF52832_xxAA\\system_nrf52.c 0x00000000   Number         0  system_nrf52.o ABSOLUTE
    Resources\\data_Transfer.c               0x00000000   Number         0  data_transfer.o ABSOLUTE
    Resources\data_Transfer.c                0x00000000   Number         0  data_transfer.o ABSOLUTE
    SVC_Table.s                              0x00000000   Number         0  svc_table.o ABSOLUTE
    comHub.c                                 0x00000000   Number         0  comhub.o ABSOLUTE
    dc.s                                     0x00000000   Number         0  dc.o ABSOLUTE
    main.c                                   0x00000000   Number         0  main.o ABSOLUTE
    !!!main                                  0x00000400   Section        8  __main.o(!!!main)
    !!!scatter                               0x00000408   Section       52  __scatter.o(!!!scatter)
    !!handler_copy                           0x0000043c   Section       26  __scatter_copy.o(!!handler_copy)
    !!handler_zi                             0x00000458   Section       28  __scatter_zi.o(!!handler_zi)
    .ARM.Collect$$libinit$$00000000          0x00000474   Section        2  libinit.o(.ARM.Collect$$libinit$$00000000)
    .ARM.Collect$$libinit$$00000001          0x00000476   Section        4  libinit2.o(.ARM.Collect$$libinit$$00000001)
    .ARM.Collect$$libinit$$00000004          0x0000047a   Section        0  libinit2.o(.ARM.Collect$$libinit$$00000004)
    .ARM.Collect$$libinit$$0000000A          0x0000047a   Section        0  libinit2.o(.ARM.Collect$$libinit$$0000000A)
    .ARM.Collect$$libinit$$0000000C          0x0000047a   Section        0  libinit2.o(.ARM.Collect$$libinit$$0000000C)
    .ARM.Collect$$libinit$$0000000E          0x0000047a   Section        0  libinit2.o(.ARM.Collect$$libinit$$0000000E)
    .ARM.Collect$$libinit$$00000011          0x0000047a   Section        0  libinit2.o(.ARM.Collect$$libinit$$00000011)
    .ARM.Collect$$libinit$$00000013          0x0000047a   Section        0  libinit2.o(.ARM.Collect$$libinit$$00000013)
    .ARM.Collect$$libinit$$00000015          0x0000047a   Section        0  libinit2.o(.ARM.Collect$$libinit$$00000015)
    .ARM.Collect$$libinit$$00000017          0x0000047a   Section        0  libinit2.o(.ARM.Collect$$libinit$$00000017)
    .ARM.Collect$$libinit$$00000019          0x0000047a   Section        0  libinit2.o(.ARM.Collect$$libinit$$00000019)
    .ARM.Collect$$libinit$$0000001B          0x0000047a   Section        0  libinit2.o(.ARM.Collect$$libinit$$0000001B)
    .ARM.Collect$$libinit$$0000001D          0x0000047a   Section        0  libinit2.o(.ARM.Collect$$libinit$$0000001D)
    .ARM.Collect$$libinit$$0000001F          0x0000047a   Section        0  libinit2.o(.ARM.Collect$$libinit$$0000001F)
    .ARM.Collect$$libinit$$00000021          0x0000047a   Section        0  libinit2.o(.ARM.Collect$$libinit$$00000021)
    .ARM.Collect$$libinit$$00000023          0x0000047a   Section        0  libinit2.o(.ARM.Collect$$libinit$$00000023)
    .ARM.Collect$$libinit$$00000025          0x0000047a   Section        0  libinit2.o(.ARM.Collect$$libinit$$00000025)
    .ARM.Collect$$libinit$$0000002C          0x0000047a   Section        0  libinit2.o(.ARM.Collect$$libinit$$0000002C)
    .ARM.Collect$$libinit$$0000002E          0x0000047a   Section        0  libinit2.o(.ARM.Collect$$libinit$$0000002E)
    .ARM.Collect$$libinit$$00000030          0x0000047a   Section        0  libinit2.o(.ARM.Collect$$libinit$$00000030)
    .ARM.Collect$$libinit$$00000032          0x0000047a   Section        0  libinit2.o(.ARM.Collect$$libinit$$00000032)
    .ARM.Collect$$libinit$$00000033          0x0000047a   Section        2  libinit2.o(.ARM.Collect$$libinit$$00000033)
    .ARM.Collect$$libshutdown$$00000000      0x0000047c   Section        2  libshutdown.o(.ARM.Collect$$libshutdown$$00000000)
    .ARM.Collect$$libshutdown$$00000002      0x0000047e   Section        0  libshutdown2.o(.ARM.Collect$$libshutdown$$00000002)
    .ARM.Collect$$libshutdown$$00000004      0x0000047e   Section        0  libshutdown2.o(.ARM.Collect$$libshutdown$$00000004)
    .ARM.Collect$$libshutdown$$00000007      0x0000047e   Section        0  libshutdown2.o(.ARM.Collect$$libshutdown$$00000007)
    .ARM.Collect$$libshutdown$$0000000A      0x0000047e   Section        0  libshutdown2.o(.ARM.Collect$$libshutdown$$0000000A)
    .ARM.Collect$$libshutdown$$0000000C      0x0000047e   Section        0  libshutdown2.o(.ARM.Collect$$libshutdown$$0000000C)
    .ARM.Collect$$libshutdown$$0000000F      0x0000047e   Section        0  libshutdown2.o(.ARM.Collect$$libshutdown$$0000000F)
    .ARM.Collect$$libshutdown$$00000010      0x0000047e   Section        2  libshutdown2.o(.ARM.Collect$$libshutdown$$00000010)
    .ARM.Collect$$rtentry$$00000000          0x00000480   Section        0  __rtentry.o(.ARM.Collect$$rtentry$$00000000)
    .ARM.Collect$$rtentry$$00000002          0x00000480   Section        0  __rtentry2.o(.ARM.Collect$$rtentry$$00000002)
    .ARM.Collect$$rtentry$$00000004          0x00000480   Section        6  __rtentry4.o(.ARM.Collect$$rtentry$$00000004)
    .ARM.Collect$$rtentry$$00000009          0x00000486   Section        0  __rtentry2.o(.ARM.Collect$$rtentry$$00000009)
    .ARM.Collect$$rtentry$$0000000A          0x00000486   Section        4  __rtentry2.o(.ARM.Collect$$rtentry$$0000000A)
    .ARM.Collect$$rtentry$$0000000B          0x0000048a   Section        8  __rtentry2.o(.ARM.Collect$$rtentry$$0000000B)
    .ARM.Collect$$rtentry$$0000000D          0x00000492   Section        8  __rtentry2.o(.ARM.Collect$$rtentry$$0000000D)
    .ARM.Collect$$rtexit$$00000000           0x0000049a   Section        2  rtexit.o(.ARM.Collect$$rtexit$$00000000)
    .ARM.Collect$$rtexit$$00000002           0x0000049c   Section        0  rtexit2.o(.ARM.Collect$$rtexit$$00000002)
    .ARM.Collect$$rtexit$$00000003           0x0000049c   Section        4  rtexit2.o(.ARM.Collect$$rtexit$$00000003)
    .ARM.Collect$$rtexit$$00000004           0x000004a0   Section        6  rtexit2.o(.ARM.Collect$$rtexit$$00000004)
    .emb_text                                0x000004a8   Section       28  rtx_conf_cm.o(.emb_text)
    $v0                                      0x000004a8   Number         0  rtx_conf_cm.o(.emb_text)
    .emb_text                                0x000004c4   Section      408  hal_cm4.o(.emb_text)
    $v0                                      0x000004c4   Number         0  hal_cm4.o(.emb_text)
    .text                                    0x0000065c   Section       64  arm_startup_nrf52.o(.text)
    $v0                                      0x0000065c   Number         0  arm_startup_nrf52.o(.text)
    .text                                    0x0000069c   Section        8  libspace.o(.text)
    .text                                    0x000006a4   Section        0  exit.o(.text)
    .text                                    0x000006b6   Section        0  heapauxi.o(.text)
    .text                                    0x000006bc   Section        0  sys_exit.o(.text)
    .text                                    0x000006c8   Section       74  sys_stackheap_outer.o(.text)
    .text                                    0x00000712   Section        2  use_no_semi.o(.text)
    .text                                    0x00000714   Section        0  indicate_semi.o(.text)
    SVC_TABLE                                0x00000714   Section        8  svc_table.o(SVC_TABLE)
    i.GPIOTE_IRQHandler                      0x0000071c   Section        0  nrf_drv_gpiote.o(i.GPIOTE_IRQHandler)
    i.SPIM0_SPIS0_TWIM0_TWIS0_SPI0_TWI0_IRQHandler 0x00000954   Section        0  nrf_drv_twi.o(i.SPIM0_SPIS0_TWIM0_TWIS0_SPI0_TWI0_IRQHandler)
    i.SPIM1_SPIS1_TWIM1_TWIS1_SPI1_TWI1_IRQHandler 0x00000968   Section        0  nrf_drv_spi.o(i.SPIM1_SPIS1_TWIM1_TWIS1_SPI1_TWI1_IRQHandler)
    i.SystemCoreClockUpdate                  0x0000097c   Section        0  system_nrf52.o(i.SystemCoreClockUpdate)
    i.SystemInit                             0x0000098c   Section        0  system_nrf52.o(i.SystemInit)
    i.__SVC_1                                0x00000bc0   Section        0  data_transfer.o(i.__SVC_1)
    i._init_box                              0x00000bc2   Section        0  rt_membox.o(i._init_box)
    i._mutex_acquire                         0x00000c08   Section        0  rtx_conf_cm.o(i._mutex_acquire)
    __tagsym$$used                           0x00000c09   Number         0  rtx_conf_cm.o(i._mutex_acquire)
    i._mutex_release                         0x00000c28   Section        0  rtx_conf_cm.o(i._mutex_release)
    __tagsym$$used                           0x00000c29   Number         0  rtx_conf_cm.o(i._mutex_release)
    i.channel_handler_get                    0x00000c44   Section        0  nrf_drv_gpiote.o(i.channel_handler_get)
    channel_handler_get                      0x00000c45   Thumb Code    10  nrf_drv_gpiote.o(i.channel_handler_get)
    i.channel_port_get                       0x00000c54   Section        0  nrf_drv_gpiote.o(i.channel_port_get)
    channel_port_get                         0x00000c55   Thumb Code     8  nrf_drv_gpiote.o(i.channel_port_get)
    i.dbg_init                               0x00000c60   Section        0  hal_cm.o(i.dbg_init)
    i.dbg_task_notify                        0x00000c90   Section        0  hal_cm.o(i.dbg_task_notify)
    i.dbg_task_switch                        0x00000cb0   Section        0  hal_cm.o(i.dbg_task_switch)
    i.errata_16                              0x00000cc0   Section        0  system_nrf52.o(i.errata_16)
    errata_16                                0x00000cc1   Thumb Code    42  system_nrf52.o(i.errata_16)
    i.errata_31                              0x00000cf0   Section        0  system_nrf52.o(i.errata_31)
    errata_31                                0x00000cf1   Thumb Code    78  system_nrf52.o(i.errata_31)
    i.errata_32                              0x00000d44   Section        0  system_nrf52.o(i.errata_32)
    errata_32                                0x00000d45   Thumb Code    42  system_nrf52.o(i.errata_32)
    i.errata_36                              0x00000d74   Section        0  system_nrf52.o(i.errata_36)
    errata_36                                0x00000d75   Thumb Code    78  system_nrf52.o(i.errata_36)
    i.errata_37                              0x00000dc8   Section        0  system_nrf52.o(i.errata_37)
    errata_37                                0x00000dc9   Thumb Code    42  system_nrf52.o(i.errata_37)
    i.errata_57                              0x00000df8   Section        0  system_nrf52.o(i.errata_57)
    errata_57                                0x00000df9   Thumb Code    42  system_nrf52.o(i.errata_57)
    i.errata_66                              0x00000e28   Section        0  system_nrf52.o(i.errata_66)
    errata_66                                0x00000e29   Thumb Code    42  system_nrf52.o(i.errata_66)
    i.finish_transfer                        0x00000e58   Section        0  nrf_drv_spi.o(i.finish_transfer)
    finish_transfer                          0x00000e59   Thumb Code    30  nrf_drv_spi.o(i.finish_transfer)
    i.irq_handler_spim                       0x00000e76   Section        0  nrf_drv_spi.o(i.irq_handler_spim)
    irq_handler_spim                         0x00000e77   Thumb Code    36  nrf_drv_spi.o(i.irq_handler_spim)
    i.irq_handler_twim                       0x00000e9a   Section        0  nrf_drv_twi.o(i.irq_handler_twim)
    irq_handler_twim                         0x00000e9b   Thumb Code   400  nrf_drv_twi.o(i.irq_handler_twim)
    i.isrMessageGet                          0x0000102a   Section        0  rt_cmsis.o(i.isrMessageGet)
    i.isrMessagePut                          0x00001054   Section        0  rt_cmsis.o(i.isrMessagePut)
    i.isr_mbx_receive                        0x00001080   Section        0  rt_mailbox.o(i.isr_mbx_receive)
    i.isr_mbx_send                           0x000010d6   Section        0  rt_mailbox.o(i.isr_mbx_send)
    i.main                                   0x000010e4   Section        0  main.o(i.main)
    i.nrf_bitmask_bit_is_set                 0x000010f2   Section        0  nrf_drv_gpiote.o(i.nrf_bitmask_bit_is_set)
    nrf_bitmask_bit_is_set                   0x000010f3   Thumb Code    22  nrf_drv_gpiote.o(i.nrf_bitmask_bit_is_set)
    i.nrf_gpio_cfg_sense_set                 0x00001108   Section        0  nrf_drv_gpiote.o(i.nrf_gpio_cfg_sense_set)
    nrf_gpio_cfg_sense_set                   0x00001109   Thumb Code    50  nrf_drv_gpiote.o(i.nrf_gpio_cfg_sense_set)
    i.nrf_gpio_pin_set                       0x0000113a   Section        0  nrf_drv_spi.o(i.nrf_gpio_pin_set)
    nrf_gpio_pin_set                         0x0000113b   Thumb Code    22  nrf_drv_spi.o(i.nrf_gpio_pin_set)
    i.nrf_gpio_ports_read                    0x00001150   Section        0  nrf_drv_gpiote.o(i.nrf_gpio_ports_read)
    nrf_gpio_ports_read                      0x00001151   Thumb Code    36  nrf_drv_gpiote.o(i.nrf_gpio_ports_read)
    i.nrf_gpiote_event_addr_get              0x00001178   Section        0  nrf_drv_gpiote.o(i.nrf_gpiote_event_addr_get)
    nrf_gpiote_event_addr_get                0x00001179   Thumb Code     8  nrf_drv_gpiote.o(i.nrf_gpiote_event_addr_get)
    i.nrf_gpiote_event_clear                 0x00001184   Section        0  nrf_drv_gpiote.o(i.nrf_gpiote_event_clear)
    nrf_gpiote_event_clear                   0x00001185   Thumb Code    28  nrf_drv_gpiote.o(i.nrf_gpiote_event_clear)
    i.nrf_gpiote_event_is_set                0x000011a0   Section        0  nrf_drv_gpiote.o(i.nrf_gpiote_event_is_set)
    nrf_gpiote_event_is_set                  0x000011a1   Thumb Code    22  nrf_drv_gpiote.o(i.nrf_gpiote_event_is_set)
    i.nrf_spim_event_check                   0x000011b6   Section        0  nrf_drv_spi.o(i.nrf_spim_event_check)
    nrf_spim_event_check                     0x000011b7   Thumb Code    14  nrf_drv_spi.o(i.nrf_spim_event_check)
    i.nrf_spim_event_clear                   0x000011c4   Section        0  nrf_drv_spi.o(i.nrf_spim_event_clear)
    nrf_spim_event_clear                     0x000011c5   Thumb Code    14  nrf_drv_spi.o(i.nrf_spim_event_clear)
    i.nrf_twim_errorsrc_get_and_clear        0x000011d2   Section        0  nrf_drv_twi.o(i.nrf_twim_errorsrc_get_and_clear)
    nrf_twim_errorsrc_get_and_clear          0x000011d3   Thumb Code    12  nrf_drv_twi.o(i.nrf_twim_errorsrc_get_and_clear)
    i.nrf_twim_event_check                   0x000011de   Section        0  nrf_drv_twi.o(i.nrf_twim_event_check)
    nrf_twim_event_check                     0x000011df   Thumb Code    14  nrf_drv_twi.o(i.nrf_twim_event_check)
    i.nrf_twim_event_clear                   0x000011ec   Section        0  nrf_drv_twi.o(i.nrf_twim_event_clear)
    nrf_twim_event_clear                     0x000011ed   Thumb Code    14  nrf_drv_twi.o(i.nrf_twim_event_clear)
    i.nrf_twim_int_disable                   0x000011fa   Section        0  nrf_drv_twi.o(i.nrf_twim_int_disable)
    nrf_twim_int_disable                     0x000011fb   Thumb Code     6  nrf_drv_twi.o(i.nrf_twim_int_disable)
    i.nrf_twim_int_enable                    0x00001200   Section        0  nrf_drv_twi.o(i.nrf_twim_int_enable)
    nrf_twim_int_enable                      0x00001201   Thumb Code     6  nrf_drv_twi.o(i.nrf_twim_int_enable)
    i.nrf_twim_rxd_amount_get                0x00001206   Section        0  nrf_drv_twi.o(i.nrf_twim_rxd_amount_get)
    nrf_twim_rxd_amount_get                  0x00001207   Thumb Code    10  nrf_drv_twi.o(i.nrf_twim_rxd_amount_get)
    i.nrf_twim_shorts_set                    0x00001210   Section        0  nrf_drv_twi.o(i.nrf_twim_shorts_set)
    nrf_twim_shorts_set                      0x00001211   Thumb Code     6  nrf_drv_twi.o(i.nrf_twim_shorts_set)
    i.nrf_twim_task_trigger                  0x00001216   Section        0  nrf_drv_twi.o(i.nrf_twim_task_trigger)
    nrf_twim_task_trigger                    0x00001217   Thumb Code     6  nrf_drv_twi.o(i.nrf_twim_task_trigger)
    i.nrf_twim_txd_amount_get                0x0000121c   Section        0  nrf_drv_twi.o(i.nrf_twim_txd_amount_get)
    nrf_twim_txd_amount_get                  0x0000121d   Thumb Code    10  nrf_drv_twi.o(i.nrf_twim_txd_amount_get)
    i.osKernelInitialize                     0x00001228   Section        0  rt_cmsis.o(i.osKernelInitialize)
    i.osKernelStart                          0x0000124c   Section        0  rt_cmsis.o(i.osKernelStart)
    i.osMessageGet                           0x000012b8   Section        0  rt_cmsis.o(i.osMessageGet)
    i.osThreadCreate                         0x000012d0   Section        0  rt_cmsis.o(i.osThreadCreate)
    i.osThreadExit                           0x000012fc   Section        0  rt_cmsis.o(i.osThreadExit)
    i.osTimerCall                            0x00001314   Section        0  rt_cmsis.o(i.osTimerCall)
    i.osTimerThread                          0x00001320   Section        0  rt_cmsis.o(i.osTimerThread)
    i.os_error                               0x0000134c   Section        0  rtx_conf_cm.o(i.os_error)
    i.os_idle_demon                          0x0000136e   Section        0  rtx_conf_cm.o(i.os_idle_demon)
    i.os_tick_init                           0x00001374   Section        0  rt_system.o(i.os_tick_init)
    i.os_tick_irqack                         0x0000139c   Section        0  rt_system.o(i.os_tick_irqack)
    i.rt_alloc_box                           0x0000139e   Section        0  rt_membox.o(i.rt_alloc_box)
    i.rt_alloc_mem                           0x000013b8   Section        0  rt_memory.o(i.rt_alloc_mem)
    i.rt_block                               0x000013f8   Section        0  rt_task.o(i.rt_block)
    i.rt_chk_robin                           0x00001430   Section        0  rt_robin.o(i.rt_chk_robin)
    i.rt_dec_dly                             0x00001478   Section        0  rt_list.o(i.rt_dec_dly)
    i.rt_dispatch                            0x000014e8   Section        0  rt_task.o(i.rt_dispatch)
    i.rt_evt_psh                             0x0000152c   Section        0  rt_event.o(i.rt_evt_psh)
    i.rt_free_box                            0x0000157c   Section        0  rt_membox.o(i.rt_free_box)
    i.rt_free_mem                            0x000015a8   Section        0  rt_memory.o(i.rt_free_mem)
    i.rt_get_first                           0x000015d0   Section        0  rt_list.o(i.rt_get_first)
    i.rt_id2obj                              0x000015f8   Section        0  rt_cmsis.o(i.rt_id2obj)
    rt_id2obj                                0x000015f9   Thumb Code     8  rt_cmsis.o(i.rt_id2obj)
    i.rt_init_context                        0x00001600   Section        0  rt_task.o(i.rt_init_context)
    rt_init_context                          0x00001601   Thumb Code    66  rt_task.o(i.rt_init_context)
    i.rt_init_mem                            0x00001648   Section        0  rt_memory.o(i.rt_init_mem)
    i.rt_init_robin                          0x00001664   Section        0  rt_robin.o(i.rt_init_robin)
    i.rt_init_stack                          0x0000167c   Section        0  hal_cm.o(i.rt_init_stack)
    i.rt_mbx_check                           0x000016fc   Section        0  rt_mailbox.o(i.rt_mbx_check)
    i.rt_mbx_init                            0x00001704   Section        0  rt_mailbox.o(i.rt_mbx_init)
    i.rt_mbx_psh                             0x00001720   Section        0  rt_mailbox.o(i.rt_mbx_psh)
    i.rt_mbx_wait                            0x00001810   Section        0  rt_mailbox.o(i.rt_mbx_wait)
    i.rt_ms2tick                             0x000018c4   Section        0  rt_cmsis.o(i.rt_ms2tick)
    rt_ms2tick                               0x000018c5   Thumb Code    58  rt_cmsis.o(i.rt_ms2tick)
    i.rt_mut_release                         0x00001908   Section        0  rt_mutex.o(i.rt_mut_release)
    i.rt_mut_wait                            0x000019e0   Section        0  rt_mutex.o(i.rt_mut_wait)
    i.rt_pop_req                             0x00001a58   Section        0  rt_system.o(i.rt_pop_req)
    i.rt_psh_req                             0x00001ad4   Section        0  rt_system.o(i.rt_psh_req)
    i.rt_psq_enq                             0x00001af4   Section        0  rt_list.o(i.rt_psq_enq)
    i.rt_put_dly                             0x00001b50   Section        0  rt_list.o(i.rt_put_dly)
    i.rt_put_prio                            0x00001b98   Section        0  rt_list.o(i.rt_put_prio)
    i.rt_put_rdy_first                       0x00001bd0   Section        0  rt_list.o(i.rt_put_rdy_first)
    i.rt_resort_prio                         0x00001be4   Section        0  rt_list.o(i.rt_resort_prio)
    i.rt_ret_regs                            0x00001c18   Section        0  hal_cm.o(i.rt_ret_regs)
    rt_ret_regs                              0x00001c19   Thumb Code    16  hal_cm.o(i.rt_ret_regs)
    i.rt_ret_val                             0x00001c28   Section        0  hal_cm.o(i.rt_ret_val)
    i.rt_ret_val2                            0x00001c34   Section        0  hal_cm.o(i.rt_ret_val2)
    i.rt_rmv_dly                             0x00001c44   Section        0  rt_list.o(i.rt_rmv_dly)
    i.rt_rmv_list                            0x00001c6c   Section        0  rt_list.o(i.rt_rmv_list)
    i.rt_sem_psh                             0x00001c9c   Section        0  rt_semaphore.o(i.rt_sem_psh)
    i.rt_stk_check                           0x00001cd0   Section        0  rt_system.o(i.rt_stk_check)
    i.rt_switch_req                          0x00001cf4   Section        0  rt_task.o(i.rt_switch_req)
    i.rt_sys_init                            0x00001d1c   Section        0  rt_task.o(i.rt_sys_init)
    i.rt_sys_start                           0x00001de8   Section        0  rt_task.o(i.rt_sys_start)
    i.rt_systick                             0x00001e60   Section        0  rt_system.o(i.rt_systick)
    i.rt_tid2ptcb                            0x00001ea0   Section        0  rt_cmsis.o(i.rt_tid2ptcb)
    rt_tid2ptcb                              0x00001ea1   Thumb Code    18  rt_cmsis.o(i.rt_tid2ptcb)
    i.rt_timer_insert                        0x00001eb4   Section        0  rt_cmsis.o(i.rt_timer_insert)
    rt_timer_insert                          0x00001eb5   Thumb Code    48  rt_cmsis.o(i.rt_timer_insert)
    i.rt_tsk_create                          0x00001ee8   Section        0  rt_task.o(i.rt_tsk_create)
    i.rt_tsk_delete                          0x00001f70   Section        0  rt_task.o(i.rt_tsk_delete)
    i.rt_tsk_prio                            0x000020ec   Section        0  rt_task.o(i.rt_tsk_prio)
    i.rt_tsk_self                            0x00002168   Section        0  rt_task.o(i.rt_tsk_self)
    i.svcKernelInitialize                    0x00002178   Section        0  rt_cmsis.o(i.svcKernelInitialize)
    i.svcKernelStart                         0x000021e8   Section        0  rt_cmsis.o(i.svcKernelStart)
    i.svcMessageCreate                       0x00002230   Section        0  rt_cmsis.o(i.svcMessageCreate)
    i.svcMessageGet                          0x00002254   Section        0  rt_cmsis.o(i.svcMessageGet)
    i.svcThreadCreate                        0x00002290   Section        0  rt_cmsis.o(i.svcThreadCreate)
    i.svcThreadGetId                         0x000022fc   Section        0  rt_cmsis.o(i.svcThreadGetId)
    i.svcThreadTerminate                     0x00002318   Section        0  rt_cmsis.o(i.svcThreadTerminate)
    i.svcTimerCall                           0x00002350   Section        0  rt_cmsis.o(i.svcTimerCall)
    i.sysTimerTick                           0x00002368   Section        0  rt_cmsis.o(i.sysTimerTick)
    x$fpl$fpinit                             0x000023c4   Section       10  fpinit.o(x$fpl$fpinit)
    $v0                                      0x000023c4   Number         0  fpinit.o(x$fpl$fpinit)
    .constdata                               0x000023d0   Section       71  nrf_drv_gpiote.o(.constdata)
    __func__                                 0x000023d4   Data          20  nrf_drv_gpiote.o(.constdata)
    __func__                                 0x000023e8   Data          24  nrf_drv_gpiote.o(.constdata)
    __func__                                 0x00002400   Data          23  nrf_drv_gpiote.o(.constdata)
    .constdata                               0x00002418   Section      104  rtx_conf_cm.o(.constdata)
    __tagsym$$used                           0x00002434   Number         0  rtx_conf_cm.o(.constdata)
    __tagsym$$used                           0x00002438   Number         0  rtx_conf_cm.o(.constdata)
    __tagsym$$used                           0x0000243c   Number         0  rtx_conf_cm.o(.constdata)
    __tagsym$$used                           0x00002440   Number         0  rtx_conf_cm.o(.constdata)
    .data                                    0x20000000   Section       20  rtx_conf_cm.o(.data)
    nr_mutex                                 0x20000010   Data           4  rtx_conf_cm.o(.data)
    .data                                    0x20000014   Section        4  system_nrf52.o(.data)
    __tagsym$$used                           0x20000014   Number         0  system_nrf52.o(.data)
    .data                                    0x20000018   Section        8  rt_cmsis.o(.data)
    .data                                    0x20000020   Section        8  rt_task.o(.data)
    .data                                    0x20000028   Section        8  rt_system.o(.data)
    os_lock                                  0x20000028   Data           1  rt_system.o(.data)
    os_psh_flag                              0x20000029   Data           1  rt_system.o(.data)
    pend_flags                               0x2000002a   Data           1  rt_system.o(.data)
    .data                                    0x20000030   Section        4  rt_time.o(.data)
    .data                                    0x20000034   Section        8  rt_robin.o(.data)
    .data                                    0x2000003c   Section        1  hal_cm.o(.data)
    .bss                                     0x20000040   Section       72  nrf_drv_gpiote.o(.bss)
    m_cb                                     0x20000040   Data          72  nrf_drv_gpiote.o(.bss)
    .bss                                     0x20000088   Section       32  nrf_drv_spi.o(.bss)
    m_cb                                     0x20000088   Data          32  nrf_drv_spi.o(.bss)
    .bss                                     0x200000a8   Section       40  nrf_drv_twi.o(.bss)
    m_cb                                     0x200000a8   Data          40  nrf_drv_twi.o(.bss)
    .bss                                     0x200000d0   Section     3720  rtx_conf_cm.o(.bss)
    std_libspace                             0x20000b78   Data         864  rtx_conf_cm.o(.bss)
    std_libmutex                             0x20000ed8   Data         128  rtx_conf_cm.o(.bss)
    .bss                                     0x20000f58   Section       52  rt_task.o(.bss)
    .bss                                     0x20000f8c   Section       48  rt_list.o(.bss)
    .bss                                     0x20000fbc   Section       96  libspace.o(.bss)
    HEAP                                     0x20001020   Section     8192  arm_startup_nrf52.o(HEAP)
    Heap_Mem                                 0x20001020   Data        8192  arm_startup_nrf52.o(HEAP)
    STACK                                    0x20003020   Section     8192  arm_startup_nrf52.o(STACK)
    Stack_Mem                                0x20003020   Data        8192  arm_startup_nrf52.o(STACK)
    __initial_sp                             0x20005020   Data           0  arm_startup_nrf52.o(STACK)

    Global Symbols

    Symbol Name                              Value     Ov Type        Size  Object(Section)

    BuildAttributes$$THM_ISAv4$E$P$D$K$B$S$7EM$VFPi3$EXTD16$VFPS$VFMA$PE$A:L22UL41UL21$X:L11$S22US41US21$IEEE1$IW$USESV6$~STKCKD$USESV7$~SHL$OSPACE$ROPI$EBA8$UX$STANDARDLIB$REQ8$PRES8$EABIv2 0x00000000   Number         0  anon$$obj.o ABSOLUTE
    __ARM_use_no_argv                        0x00000000   Number         0  main.o ABSOLUTE
    __Vectors                                0x00000000   Data           4  arm_startup_nrf52.o(RESET)
    __ARM_exceptions_init                     - Undefined Weak Reference
    __alloca_initialize                       - Undefined Weak Reference
    __arm_preinit_                            - Undefined Weak Reference
    __cpp_initialize__aeabi_                  - Undefined Weak Reference
    __cxa_finalize                            - Undefined Weak Reference
    __rt_locale                               - Undefined Weak Reference
    __sigvec_lookup                           - Undefined Weak Reference
    _atexit_init                              - Undefined Weak Reference
    _call_atexit_fns                          - Undefined Weak Reference
    _clock_init                               - Undefined Weak Reference
    _fp_trap_init                             - Undefined Weak Reference
    _fp_trap_shutdown                         - Undefined Weak Reference
    _get_lc_collate                           - Undefined Weak Reference
    _get_lc_ctype                             - Undefined Weak Reference
    _get_lc_monetary                          - Undefined Weak Reference
    _get_lc_numeric                           - Undefined Weak Reference
    _get_lc_time                              - Undefined Weak Reference
    _getenv_init                              - Undefined Weak Reference
    _handle_redirection                       - Undefined Weak Reference
    _init_alloc                               - Undefined Weak Reference
    _init_user_alloc                          - Undefined Weak Reference
    _initio                                   - Undefined Weak Reference
    _rand_init                                - Undefined Weak Reference
    _signal_finish                            - Undefined Weak Reference
    _signal_init                              - Undefined Weak Reference
    _terminate_alloc                          - Undefined Weak Reference
    _terminate_user_alloc                     - Undefined Weak Reference
    _terminateio                              - Undefined Weak Reference
    __Vectors_End                            0x00000400   Data           0  arm_startup_nrf52.o(RESET)
    __Vectors_Size                           0x00000400   Number         0  arm_startup_nrf52.o ABSOLUTE
    __main                                   0x00000401   Thumb Code     8  __main.o(!!!main)
    __scatterload                            0x00000409   Thumb Code     0  __scatter.o(!!!scatter)
    __scatterload_rt2                        0x00000409   Thumb Code    44  __scatter.o(!!!scatter)
    __scatterload_rt2_thumb_only             0x00000409   Thumb Code     0  __scatter.o(!!!scatter)
    __scatterload_null                       0x00000417   Thumb Code     0  __scatter.o(!!!scatter)
    __scatterload_copy                       0x0000043d   Thumb Code    26  __scatter_copy.o(!!handler_copy)
    __scatterload_zeroinit                   0x00000459   Thumb Code    28  __scatter_zi.o(!!handler_zi)
    __rt_lib_init                            0x00000475   Thumb Code     0  libinit.o(.ARM.Collect$$libinit$$00000000)
    __rt_lib_init_fp_1                       0x00000477   Thumb Code     0  libinit2.o(.ARM.Collect$$libinit$$00000001)
    __rt_lib_init_alloca_1                   0x0000047b   Thumb Code     0  libinit2.o(.ARM.Collect$$libinit$$0000002E)
    __rt_lib_init_argv_1                     0x0000047b   Thumb Code     0  libinit2.o(.ARM.Collect$$libinit$$0000002C)
    __rt_lib_init_atexit_1                   0x0000047b   Thumb Code     0  libinit2.o(.ARM.Collect$$libinit$$0000001B)
    __rt_lib_init_clock_1                    0x0000047b   Thumb Code     0  libinit2.o(.ARM.Collect$$libinit$$00000021)
    __rt_lib_init_cpp_1                      0x0000047b   Thumb Code     0  libinit2.o(.ARM.Collect$$libinit$$00000032)
    __rt_lib_init_exceptions_1               0x0000047b   Thumb Code     0  libinit2.o(.ARM.Collect$$libinit$$00000030)
    __rt_lib_init_fp_trap_1                  0x0000047b   Thumb Code     0  libinit2.o(.ARM.Collect$$libinit$$0000001F)
    __rt_lib_init_getenv_1                   0x0000047b   Thumb Code     0  libinit2.o(.ARM.Collect$$libinit$$00000023)
    __rt_lib_init_heap_1                     0x0000047b   Thumb Code     0  libinit2.o(.ARM.Collect$$libinit$$0000000A)
    __rt_lib_init_lc_collate_1               0x0000047b   Thumb Code     0  libinit2.o(.ARM.Collect$$libinit$$00000011)
    __rt_lib_init_lc_ctype_1                 0x0000047b   Thumb Code     0  libinit2.o(.ARM.Collect$$libinit$$00000013)
    __rt_lib_init_lc_monetary_1              0x0000047b   Thumb Code     0  libinit2.o(.ARM.Collect$$libinit$$00000015)
    __rt_lib_init_lc_numeric_1               0x0000047b   Thumb Code     0  libinit2.o(.ARM.Collect$$libinit$$00000017)
    __rt_lib_init_lc_time_1                  0x0000047b   Thumb Code     0  libinit2.o(.ARM.Collect$$libinit$$00000019)
    __rt_lib_init_preinit_1                  0x0000047b   Thumb Code     0  libinit2.o(.ARM.Collect$$libinit$$00000004)
    __rt_lib_init_rand_1                     0x0000047b   Thumb Code     0  libinit2.o(.ARM.Collect$$libinit$$0000000E)
    __rt_lib_init_return                     0x0000047b   Thumb Code     0  libinit2.o(.ARM.Collect$$libinit$$00000033)
    __rt_lib_init_signal_1                   0x0000047b   Thumb Code     0  libinit2.o(.ARM.Collect$$libinit$$0000001D)
    __rt_lib_init_stdio_1                    0x0000047b   Thumb Code     0  libinit2.o(.ARM.Collect$$libinit$$00000025)
    __rt_lib_init_user_alloc_1               0x0000047b   Thumb Code     0  libinit2.o(.ARM.Collect$$libinit$$0000000C)
    __rt_lib_shutdown                        0x0000047d   Thumb Code     0  libshutdown.o(.ARM.Collect$$libshutdown$$00000000)
    __rt_lib_shutdown_cpp_1                  0x0000047f   Thumb Code     0  libshutdown2.o(.ARM.Collect$$libshutdown$$00000002)
    __rt_lib_shutdown_fp_trap_1              0x0000047f   Thumb Code     0  libshutdown2.o(.ARM.Collect$$libshutdown$$00000007)
    __rt_lib_shutdown_heap_1                 0x0000047f   Thumb Code     0  libshutdown2.o(.ARM.Collect$$libshutdown$$0000000F)
    __rt_lib_shutdown_return                 0x0000047f   Thumb Code     0  libshutdown2.o(.ARM.Collect$$libshutdown$$00000010)
    __rt_lib_shutdown_signal_1               0x0000047f   Thumb Code     0  libshutdown2.o(.ARM.Collect$$libshutdown$$0000000A)
    __rt_lib_shutdown_stdio_1                0x0000047f   Thumb Code     0  libshutdown2.o(.ARM.Collect$$libshutdown$$00000004)
    __rt_lib_shutdown_user_alloc_1           0x0000047f   Thumb Code     0  libshutdown2.o(.ARM.Collect$$libshutdown$$0000000C)
    __rt_entry                               0x00000481   Thumb Code     0  __rtentry.o(.ARM.Collect$$rtentry$$00000000)
    __rt_entry_presh_1                       0x00000481   Thumb Code     0  __rtentry2.o(.ARM.Collect$$rtentry$$00000002)
    __rt_entry_sh                            0x00000481   Thumb Code     0  __rtentry4.o(.ARM.Collect$$rtentry$$00000004)
    __RL_RTX_VER                             0x00000482   Number         0  rt_system.o ABSOLUTE
    __rt_entry_li                            0x00000487   Thumb Code     0  __rtentry2.o(.ARM.Collect$$rtentry$$0000000A)
    __rt_entry_postsh_1                      0x00000487   Thumb Code     0  __rtentry2.o(.ARM.Collect$$rtentry$$00000009)
    __rt_entry_postli_1                      0x0000048b   Thumb Code     0  __rtentry2.o(.ARM.Collect$$rtentry$$0000000B)
    __rt_entry_main                          0x00000493   Thumb Code     0  __rtentry2.o(.ARM.Collect$$rtentry$$0000000D)
    __rt_exit                                0x0000049b   Thumb Code     0  rtexit.o(.ARM.Collect$$rtexit$$00000000)
    __rt_exit_ls                             0x0000049d   Thumb Code     0  rtexit2.o(.ARM.Collect$$rtexit$$00000003)
    __rt_exit_prels_1                        0x0000049d   Thumb Code     0  rtexit2.o(.ARM.Collect$$rtexit$$00000002)
    __rt_exit_exit                           0x000004a1   Thumb Code     0  rtexit2.o(.ARM.Collect$$rtexit$$00000004)
    _platform_post_lib_init                  0x000004a9   Thumb Code    24  rtx_conf_cm.o(.emb_text)
    rt_set_PSP                               0x000004c5   Thumb Code     6  hal_cm4.o(.emb_text)
    rt_get_PSP                               0x000004cb   Thumb Code     6  hal_cm4.o(.emb_text)
    os_set_env                               0x000004d1   Thumb Code    24  hal_cm4.o(.emb_text)
    _alloc_box                               0x000004ed   Thumb Code    28  hal_cm4.o(.emb_text)
    _free_box                                0x0000050d   Thumb Code    28  hal_cm4.o(.emb_text)
    SVC_Handler                              0x0000052d   Thumb Code   168  hal_cm4.o(.emb_text)
    PendSV_Handler                           0x000005e5   Thumb Code    96  hal_cm4.o(.emb_text)
    SysTick_Handler                          0x00000649   Thumb Code     8  hal_cm4.o(.emb_text)
    OS_Tick_Handler                          0x00000651   Thumb Code    12  hal_cm4.o(.emb_text)
    Reset_Handler                            0x0000065d   Thumb Code     8  arm_startup_nrf52.o(.text)
    NMI_Handler                              0x00000665   Thumb Code     2  arm_startup_nrf52.o(.text)
    HardFault_Handler                        0x00000667   Thumb Code     2  arm_startup_nrf52.o(.text)
    MemoryManagement_Handler                 0x00000669   Thumb Code     2  arm_startup_nrf52.o(.text)
    BusFault_Handler                         0x0000066b   Thumb Code     2  arm_startup_nrf52.o(.text)
    UsageFault_Handler                       0x0000066d   Thumb Code     2  arm_startup_nrf52.o(.text)
    DebugMon_Handler                         0x00000671   Thumb Code     2  arm_startup_nrf52.o(.text)
    CCM_AAR_IRQHandler                       0x00000677   Thumb Code     0  arm_startup_nrf52.o(.text)
    COMP_LPCOMP_IRQHandler                   0x00000677   Thumb Code     0  arm_startup_nrf52.o(.text)
    ECB_IRQHandler                           0x00000677   Thumb Code     0  arm_startup_nrf52.o(.text)
    FPU_IRQHandler                           0x00000677   Thumb Code     0  arm_startup_nrf52.o(.text)
    I2S_IRQHandler                           0x00000677   Thumb Code     0  arm_startup_nrf52.o(.text)
    MWU_IRQHandler                           0x00000677   Thumb Code     0  arm_startup_nrf52.o(.text)
    NFCT_IRQHandler                          0x00000677   Thumb Code     0  arm_startup_nrf52.o(.text)
    PDM_IRQHandler                           0x00000677   Thumb Code     0  arm_startup_nrf52.o(.text)
    POWER_CLOCK_IRQHandler                   0x00000677   Thumb Code     0  arm_startup_nrf52.o(.text)
    PWM0_IRQHandler                          0x00000677   Thumb Code     0  arm_startup_nrf52.o(.text)
    PWM1_IRQHandler                          0x00000677   Thumb Code     0  arm_startup_nrf52.o(.text)
    PWM2_IRQHandler                          0x00000677   Thumb Code     0  arm_startup_nrf52.o(.text)
    QDEC_IRQHandler                          0x00000677   Thumb Code     0  arm_startup_nrf52.o(.text)
    RADIO_IRQHandler                         0x00000677   Thumb Code     0  arm_startup_nrf52.o(.text)
    RNG_IRQHandler                           0x00000677   Thumb Code     0  arm_startup_nrf52.o(.text)
    RTC0_IRQHandler                          0x00000677   Thumb Code     0  arm_startup_nrf52.o(.text)
    RTC1_IRQHandler                          0x00000677   Thumb Code     0  arm_startup_nrf52.o(.text)
    RTC2_IRQHandler                          0x00000677   Thumb Code     0  arm_startup_nrf52.o(.text)
    SAADC_IRQHandler                         0x00000677   Thumb Code     0  arm_startup_nrf52.o(.text)
    SPIM2_SPIS2_SPI2_IRQHandler              0x00000677   Thumb Code     0  arm_startup_nrf52.o(.text)
    SWI0_EGU0_IRQHandler                     0x00000677   Thumb Code     0  arm_startup_nrf52.o(.text)
    SWI1_EGU1_IRQHandler                     0x00000677   Thumb Code     0  arm_startup_nrf52.o(.text)
    SWI2_EGU2_IRQHandler                     0x00000677   Thumb Code     0  arm_startup_nrf52.o(.text)
    SWI3_EGU3_IRQHandler                     0x00000677   Thumb Code     0  arm_startup_nrf52.o(.text)
    SWI4_EGU4_IRQHandler                     0x00000677   Thumb Code     0  arm_startup_nrf52.o(.text)
    SWI5_EGU5_IRQHandler                     0x00000677   Thumb Code     0  arm_startup_nrf52.o(.text)
    TEMP_IRQHandler                          0x00000677   Thumb Code     0  arm_startup_nrf52.o(.text)
    TIMER0_IRQHandler                        0x00000677   Thumb Code     0  arm_startup_nrf52.o(.text)
    TIMER1_IRQHandler                        0x00000677   Thumb Code     0  arm_startup_nrf52.o(.text)
    TIMER2_IRQHandler                        0x00000677   Thumb Code     0  arm_startup_nrf52.o(.text)
    TIMER3_IRQHandler                        0x00000677   Thumb Code     0  arm_startup_nrf52.o(.text)
    TIMER4_IRQHandler                        0x00000677   Thumb Code     0  arm_startup_nrf52.o(.text)
    UARTE0_UART0_IRQHandler                  0x00000677   Thumb Code     0  arm_startup_nrf52.o(.text)
    WDT_IRQHandler                           0x00000677   Thumb Code     0  arm_startup_nrf52.o(.text)
    __user_initial_stackheap                 0x00000679   Thumb Code    10  arm_startup_nrf52.o(.text)
    __user_libspace                          0x0000069d   Thumb Code     8  libspace.o(.text)
    __user_perproc_libspace                  0x0000069d   Thumb Code     0  libspace.o(.text)
    exit                                     0x000006a5   Thumb Code    18  exit.o(.text)
    __use_two_region_memory                  0x000006b7   Thumb Code     2  heapauxi.o(.text)
    __rt_heap_escrow$2region                 0x000006b9   Thumb Code     2  heapauxi.o(.text)
    __rt_heap_expand$2region                 0x000006bb   Thumb Code     2  heapauxi.o(.text)
    _sys_exit                                0x000006bd   Thumb Code     8  sys_exit.o(.text)
    __user_setup_stackheap                   0x000006c9   Thumb Code    74  sys_stackheap_outer.o(.text)
    __I$use$semihosting                      0x00000713   Thumb Code     0  use_no_semi.o(.text)
    __use_no_semihosting_swi                 0x00000713   Thumb Code     2  use_no_semi.o(.text)
    SVC_Count                                0x00000714   Data           4  svc_table.o(SVC_TABLE)
    __semihosting_library_function           0x00000715   Thumb Code     0  indicate_semi.o(.text)
    SVC_Table                                0x00000718   Data           0  svc_table.o(SVC_TABLE)
    GPIOTE_IRQHandler                        0x0000071d   Thumb Code   554  nrf_drv_gpiote.o(i.GPIOTE_IRQHandler)
    SPIM0_SPIS0_TWIM0_TWIS0_SPI0_TWI0_IRQHandler 0x00000955   Thumb Code    12  nrf_drv_twi.o(i.SPIM0_SPIS0_TWIM0_TWIS0_SPI0_TWI0_IRQHandler)
    SPIM1_SPIS1_TWIM1_TWIS1_SPI1_TWI1_IRQHandler 0x00000969   Thumb Code    16  nrf_drv_spi.o(i.SPIM1_SPIS1_TWIM1_TWIS1_SPI1_TWI1_IRQHandler)
    SystemCoreClockUpdate                    0x0000097d   Thumb Code     8  system_nrf52.o(i.SystemCoreClockUpdate)
    SystemInit                               0x0000098d   Thumb Code   512  system_nrf52.o(i.SystemInit)
    __SVC_1                                  0x00000bc1   Thumb Code     2  data_transfer.o(i.__SVC_1)
    _init_box                                0x00000bc3   Thumb Code    70  rt_membox.o(i._init_box)
    _mutex_acquire                           0x00000c09   Thumb Code    22  rtx_conf_cm.o(i._mutex_acquire)
    _mutex_release                           0x00000c29   Thumb Code    18  rtx_conf_cm.o(i._mutex_release)
    dbg_init                                 0x00000c61   Thumb Code    34  hal_cm.o(i.dbg_init)
    dbg_task_notify                          0x00000c91   Thumb Code    32  hal_cm.o(i.dbg_task_notify)
    dbg_task_switch                          0x00000cb1   Thumb Code    16  hal_cm.o(i.dbg_task_switch)
    isrMessageGet                            0x0000102b   Thumb Code    42  rt_cmsis.o(i.isrMessageGet)
    isrMessagePut                            0x00001055   Thumb Code    44  rt_cmsis.o(i.isrMessagePut)
    isr_mbx_receive                          0x00001081   Thumb Code    86  rt_mailbox.o(i.isr_mbx_receive)
    isr_mbx_send                             0x000010d7   Thumb Code    14  rt_mailbox.o(i.isr_mbx_send)
    main                                     0x000010e5   Thumb Code    14  main.o(i.main)
    osKernelInitialize                       0x00001229   Thumb Code    30  rt_cmsis.o(i.osKernelInitialize)
    osKernelStart                            0x0000124d   Thumb Code    98  rt_cmsis.o(i.osKernelStart)
    osMessageGet                             0x000012b9   Thumb Code    18  rt_cmsis.o(i.osMessageGet)
    osThreadCreate                           0x000012d1   Thumb Code    36  rt_cmsis.o(i.osThreadCreate)
    osThreadExit                             0x000012fd   Thumb Code    14  rt_cmsis.o(i.osThreadExit)
    osTimerCall                              0x00001315   Thumb Code     8  rt_cmsis.o(i.osTimerCall)
    osTimerThread                            0x00001321   Thumb Code    38  rt_cmsis.o(i.osTimerThread)
    os_error                                 0x0000134d   Thumb Code    34  rtx_conf_cm.o(i.os_error)
    os_idle_demon                            0x0000136f   Thumb Code     4  rtx_conf_cm.o(i.os_idle_demon)
    os_tick_init                             0x00001375   Thumb Code    32  rt_system.o(i.os_tick_init)
    os_tick_irqack                           0x0000139d   Thumb Code     2  rt_system.o(i.os_tick_irqack)
    rt_alloc_box                             0x0000139f   Thumb Code    26  rt_membox.o(i.rt_alloc_box)
    rt_alloc_mem                             0x000013b9   Thumb Code    62  rt_memory.o(i.rt_alloc_mem)
    rt_block                                 0x000013f9   Thumb Code    48  rt_task.o(i.rt_block)
    rt_chk_robin                             0x00001431   Thumb Code    60  rt_robin.o(i.rt_chk_robin)
    rt_dec_dly                               0x00001479   Thumb Code   102  rt_list.o(i.rt_dec_dly)
    rt_dispatch                              0x000014e9   Thumb Code    60  rt_task.o(i.rt_dispatch)
    rt_evt_psh                               0x0000152d   Thumb Code    76  rt_event.o(i.rt_evt_psh)
    rt_free_box                              0x0000157d   Thumb Code    44  rt_membox.o(i.rt_free_box)
    rt_free_mem                              0x000015a9   Thumb Code    40  rt_memory.o(i.rt_free_mem)
    rt_get_first                             0x000015d1   Thumb Code    40  rt_list.o(i.rt_get_first)
    rt_init_mem                              0x00001649   Thumb Code    26  rt_memory.o(i.rt_init_mem)
    rt_init_robin                            0x00001665   Thumb Code    14  rt_robin.o(i.rt_init_robin)
    rt_init_stack                            0x0000167d   Thumb Code   118  hal_cm.o(i.rt_init_stack)
    rt_mbx_check                             0x000016fd   Thumb Code     8  rt_mailbox.o(i.rt_mbx_check)
    rt_mbx_init                              0x00001705   Thumb Code    26  rt_mailbox.o(i.rt_mbx_init)
    rt_mbx_psh                               0x00001721   Thumb Code   236  rt_mailbox.o(i.rt_mbx_psh)
    rt_mbx_wait                              0x00001811   Thumb Code   174  rt_mailbox.o(i.rt_mbx_wait)
    rt_mut_release                           0x00001909   Thumb Code   208  rt_mutex.o(i.rt_mut_release)
    rt_mut_wait                              0x000019e1   Thumb Code   114  rt_mutex.o(i.rt_mut_wait)
    rt_pop_req                               0x00001a59   Thumb Code   112  rt_system.o(i.rt_pop_req)
    rt_psh_req                               0x00001ad5   Thumb Code    22  rt_system.o(i.rt_psh_req)
    rt_psq_enq                               0x00001af5   Thumb Code    88  rt_list.o(i.rt_psq_enq)
    rt_put_dly                               0x00001b51   Thumb Code    68  rt_list.o(i.rt_put_dly)
    rt_put_prio                              0x00001b99   Thumb Code    54  rt_list.o(i.rt_put_prio)
    rt_put_rdy_first                         0x00001bd1   Thumb Code    14  rt_list.o(i.rt_put_rdy_first)
    rt_resort_prio                           0x00001be5   Thumb Code    46  rt_list.o(i.rt_resort_prio)
    rt_ret_val                               0x00001c29   Thumb Code    12  hal_cm.o(i.rt_ret_val)
    rt_ret_val2                              0x00001c35   Thumb Code    16  hal_cm.o(i.rt_ret_val2)
    rt_rmv_dly                               0x00001c45   Thumb Code    40  rt_list.o(i.rt_rmv_dly)
    rt_rmv_list                              0x00001c6d   Thumb Code    44  rt_list.o(i.rt_rmv_list)
    rt_sem_psh                               0x00001c9d   Thumb Code    48  rt_semaphore.o(i.rt_sem_psh)
    rt_stk_check                             0x00001cd1   Thumb Code    28  rt_system.o(i.rt_stk_check)
    rt_switch_req                            0x00001cf5   Thumb Code    30  rt_task.o(i.rt_switch_req)
    rt_sys_init                              0x00001d1d   Thumb Code   138  rt_task.o(i.rt_sys_init)
    rt_sys_start                             0x00001de9   Thumb Code   110  rt_task.o(i.rt_sys_start)
    rt_systick                               0x00001e61   Thumb Code    50  rt_system.o(i.rt_systick)
    rt_tsk_create                            0x00001ee9   Thumb Code   118  rt_task.o(i.rt_tsk_create)
    rt_tsk_delete                            0x00001f71   Thumb Code   352  rt_task.o(i.rt_tsk_delete)
    rt_tsk_prio                              0x000020ed   Thumb Code   108  rt_task.o(i.rt_tsk_prio)
    rt_tsk_self                              0x00002169   Thumb Code    12  rt_task.o(i.rt_tsk_self)
    svcKernelInitialize                      0x00002179   Thumb Code    80  rt_cmsis.o(i.svcKernelInitialize)
    svcKernelStart                           0x000021e9   Thumb Code    62  rt_cmsis.o(i.svcKernelStart)
    svcMessageCreate                         0x00002231   Thumb Code    36  rt_cmsis.o(i.svcMessageCreate)
    svcMessageGet                            0x00002255   Thumb Code    58  rt_cmsis.o(i.svcMessageGet)
    svcThreadCreate                          0x00002291   Thumb Code    96  rt_cmsis.o(i.svcThreadCreate)
    svcThreadGetId                           0x000022fd   Thumb Code    22  rt_cmsis.o(i.svcThreadGetId)
    svcThreadTerminate                       0x00002319   Thumb Code    50  rt_cmsis.o(i.svcThreadTerminate)
    svcTimerCall                             0x00002351   Thumb Code    24  rt_cmsis.o(i.svcTimerCall)
    sysTimerTick                             0x00002369   Thumb Code    84  rt_cmsis.o(i.sysTimerTick)
    _fp_init                                 0x000023c5   Thumb Code    10  fpinit.o(x$fpl$fpinit)
    __fplib_config_fpu_vfp                   0x000023cd   Thumb Code     0  fpinit.o(x$fpl$fpinit)
    __fplib_config_pureend_doubles           0x000023cd   Thumb Code     0  fpinit.o(x$fpl$fpinit)
    os_maxtaskrun                            0x00002418   Data           2  rtx_conf_cm.o(.constdata)
    os_stackinfo                             0x0000241c   Data           4  rtx_conf_cm.o(.constdata)
    os_rrobin                                0x00002420   Data           4  rtx_conf_cm.o(.constdata)
    os_tickfreq                              0x00002424   Data           4  rtx_conf_cm.o(.constdata)
    os_tickus_i                              0x00002428   Data           2  rtx_conf_cm.o(.constdata)
    os_tickus_f                              0x0000242a   Data           2  rtx_conf_cm.o(.constdata)
    os_trv                                   0x0000242c   Data           4  rtx_conf_cm.o(.constdata)
    os_flags                                 0x00002430   Data           1  rtx_conf_cm.o(.constdata)
    CMSIS_RTOS_API_Version                   0x00002434   Data           4  rtx_conf_cm.o(.constdata)
    CMSIS_RTOS_RTX_Version                   0x00002438   Data           4  rtx_conf_cm.o(.constdata)
    os_clockrate                             0x0000243c   Data           4  rtx_conf_cm.o(.constdata)
    os_timernum                              0x00002440   Data           4  rtx_conf_cm.o(.constdata)
    mp_tcb_size                              0x00002444   Data           2  rtx_conf_cm.o(.constdata)
    mp_stk_size                              0x00002448   Data           4  rtx_conf_cm.o(.constdata)
    os_stack_sz                              0x0000244c   Data           4  rtx_conf_cm.o(.constdata)
    os_fifo_size                             0x00002450   Data           1  rtx_conf_cm.o(.constdata)
    os_thread_def_osTimerThread              0x00002454   Data          16  rtx_conf_cm.o(.constdata)
    os_messageQ_def_osTimerMessageQ          0x00002464   Data           8  rtx_conf_cm.o(.constdata)
    mp_tmr_size                              0x0000246c   Data           2  rtx_conf_cm.o(.constdata)
    os_thread_def_main                       0x00002470   Data          16  rtx_conf_cm.o(.constdata)
    Region$$Table$$Base                      0x00002480   Number         0  anon$$obj.o(Region$$Table)
    Region$$Table$$Limit                     0x000024a0   Number         0  anon$$obj.o(Region$$Table)
    osThreadId_osTimerThread                 0x20000000   Data           4  rtx_conf_cm.o(.data)
    osMessageQId_osTimerMessageQ             0x20000004   Data           4  rtx_conf_cm.o(.data)
    os_tmr                                   0x20000008   Data           4  rtx_conf_cm.o(.data)
    m_tmr                                    0x2000000c   Data           4  rtx_conf_cm.o(.data)
    SystemCoreClock                          0x20000014   Data           4  system_nrf52.o(.data)
    os_initialized                           0x20000018   Data           1  rt_cmsis.o(.data)
    os_running                               0x20000019   Data           1  rt_cmsis.o(.data)
    os_timer_head                            0x2000001c   Data           4  rt_cmsis.o(.data)
    os_tsk                                   0x20000020   Data           8  rt_task.o(.data)
    os_tick_irqn                             0x2000002c   Data           4  rt_system.o(.data)
    os_time                                  0x20000030   Data           4  rt_time.o(.data)
    os_robin                                 0x20000034   Data           8  rt_robin.o(.data)
    dbg_msg                                  0x2000003c   Data           1  hal_cm.o(.data)
    mp_tcb                                   0x200000d0   Data         480  rtx_conf_cm.o(.bss)
    mp_stk                                   0x200002b0   Data        1616  rtx_conf_cm.o(.bss)
    os_stack_mem                             0x20000900   Data         432  rtx_conf_cm.o(.bss)
    os_fifo                                  0x20000ab0   Data         132  rtx_conf_cm.o(.bss)
    os_active_TCB                            0x20000b34   Data          36  rtx_conf_cm.o(.bss)
    os_messageQ_q_osTimerMessageQ            0x20000b58   Data          32  rtx_conf_cm.o(.bss)
    os_idle_TCB                              0x20000f58   Data          52  rt_task.o(.bss)
    os_rdy                                   0x20000f8c   Data          24  rt_list.o(.bss)
    os_dly                                   0x20000fa4   Data          24  rt_list.o(.bss)
    __libspace_start                         0x20000fbc   Data          96  libspace.o(.bss)
    __temporary_stack_top$libspace           0x2000101c   Data           0  libspace.o(.bss)



==============================================================================

Memory Map of the image

  Image Entry point : 0x00000401

  Load Region LR_IROM1 (Base: 0x00000000, Size: 0x000024e0, Max: 0x00080000, ABSOLUTE)

    Execution Region ER_IROM1 (Base: 0x00000000, Size: 0x000024a0, Max: 0x00080000, ABSOLUTE)

    Base Addr    Size         Type   Attr      Idx    E Section Name        Object

    0x00000000   0x00000400   Data   RO         1033    RESET               arm_startup_nrf52.o
    0x00000400   0x00000008   Code   RO         2336  * !!!main             c_w.l(__main.o)
    0x00000408   0x00000034   Code   RO         2501    !!!scatter          c_w.l(__scatter.o)
    0x0000043c   0x0000001a   Code   RO         2503    !!handler_copy      c_w.l(__scatter_copy.o)
    0x00000456   0x00000002   PAD
    0x00000458   0x0000001c   Code   RO         2505    !!handler_zi        c_w.l(__scatter_zi.o)
    0x00000474   0x00000002   Code   RO         2387    .ARM.Collect$$libinit$$00000000  c_w.l(libinit.o)
    0x00000476   0x00000004   Code   RO         2398    .ARM.Collect$$libinit$$00000001  c_w.l(libinit2.o)
    0x0000047a   0x00000000   Code   RO         2401    .ARM.Collect$$libinit$$00000004  c_w.l(libinit2.o)
    0x0000047a   0x00000000   Code   RO         2404    .ARM.Collect$$libinit$$0000000A  c_w.l(libinit2.o)
    0x0000047a   0x00000000   Code   RO         2406    .ARM.Collect$$libinit$$0000000C  c_w.l(libinit2.o)
    0x0000047a   0x00000000   Code   RO         2408    .ARM.Collect$$libinit$$0000000E  c_w.l(libinit2.o)
    0x0000047a   0x00000000   Code   RO         2411    .ARM.Collect$$libinit$$00000011  c_w.l(libinit2.o)
    0x0000047a   0x00000000   Code   RO         2413    .ARM.Collect$$libinit$$00000013  c_w.l(libinit2.o)
    0x0000047a   0x00000000   Code   RO         2415    .ARM.Collect$$libinit$$00000015  c_w.l(libinit2.o)
    0x0000047a   0x00000000   Code   RO         2417    .ARM.Collect$$libinit$$00000017  c_w.l(libinit2.o)
    0x0000047a   0x00000000   Code   RO         2419    .ARM.Collect$$libinit$$00000019  c_w.l(libinit2.o)
    0x0000047a   0x00000000   Code   RO         2421    .ARM.Collect$$libinit$$0000001B  c_w.l(libinit2.o)
    0x0000047a   0x00000000   Code   RO         2423    .ARM.Collect$$libinit$$0000001D  c_w.l(libinit2.o)
    0x0000047a   0x00000000   Code   RO         2425    .ARM.Collect$$libinit$$0000001F  c_w.l(libinit2.o)
    0x0000047a   0x00000000   Code   RO         2427    .ARM.Collect$$libinit$$00000021  c_w.l(libinit2.o)
    0x0000047a   0x00000000   Code   RO         2429    .ARM.Collect$$libinit$$00000023  c_w.l(libinit2.o)
    0x0000047a   0x00000000   Code   RO         2431    .ARM.Collect$$libinit$$00000025  c_w.l(libinit2.o)
    0x0000047a   0x00000000   Code   RO         2435    .ARM.Collect$$libinit$$0000002C  c_w.l(libinit2.o)
    0x0000047a   0x00000000   Code   RO         2437    .ARM.Collect$$libinit$$0000002E  c_w.l(libinit2.o)
    0x0000047a   0x00000000   Code   RO         2439    .ARM.Collect$$libinit$$00000030  c_w.l(libinit2.o)
    0x0000047a   0x00000000   Code   RO         2441    .ARM.Collect$$libinit$$00000032  c_w.l(libinit2.o)
    0x0000047a   0x00000002   Code   RO         2442    .ARM.Collect$$libinit$$00000033  c_w.l(libinit2.o)
    0x0000047c   0x00000002   Code   RO         2388    .ARM.Collect$$libshutdown$$00000000  c_w.l(libshutdown.o)
    0x0000047e   0x00000000   Code   RO         2444    .ARM.Collect$$libshutdown$$00000002  c_w.l(libshutdown2.o)
    0x0000047e   0x00000000   Code   RO         2446    .ARM.Collect$$libshutdown$$00000004  c_w.l(libshutdown2.o)
    0x0000047e   0x00000000   Code   RO         2449    .ARM.Collect$$libshutdown$$00000007  c_w.l(libshutdown2.o)
    0x0000047e   0x00000000   Code   RO         2452    .ARM.Collect$$libshutdown$$0000000A  c_w.l(libshutdown2.o)
    0x0000047e   0x00000000   Code   RO         2454    .ARM.Collect$$libshutdown$$0000000C  c_w.l(libshutdown2.o)
    0x0000047e   0x00000000   Code   RO         2457    .ARM.Collect$$libshutdown$$0000000F  c_w.l(libshutdown2.o)
    0x0000047e   0x00000002   Code   RO         2458    .ARM.Collect$$libshutdown$$00000010  c_w.l(libshutdown2.o)
    0x00000480   0x00000000   Code   RO         2338    .ARM.Collect$$rtentry$$00000000  c_w.l(__rtentry.o)
    0x00000480   0x00000000   Code   RO         2348    .ARM.Collect$$rtentry$$00000002  c_w.l(__rtentry2.o)
    0x00000480   0x00000006   Code   RO         2360    .ARM.Collect$$rtentry$$00000004  c_w.l(__rtentry4.o)
    0x00000486   0x00000000   Code   RO         2350    .ARM.Collect$$rtentry$$00000009  c_w.l(__rtentry2.o)
    0x00000486   0x00000004   Code   RO         2351    .ARM.Collect$$rtentry$$0000000A  c_w.l(__rtentry2.o)
    0x0000048a   0x00000008   Code   RO         2352    .ARM.Collect$$rtentry$$0000000B  c_w.l(__rtentry2.o)
    0x00000492   0x00000008   Code   RO         2354    .ARM.Collect$$rtentry$$0000000D  c_w.l(__rtentry2.o)
    0x0000049a   0x00000002   Code   RO         2339    .ARM.Collect$$rtexit$$00000000  c_w.l(rtexit.o)
    0x0000049c   0x00000000   Code   RO         2363    .ARM.Collect$$rtexit$$00000002  c_w.l(rtexit2.o)
    0x0000049c   0x00000004   Code   RO         2364    .ARM.Collect$$rtexit$$00000003  c_w.l(rtexit2.o)
    0x000004a0   0x00000006   Code   RO         2365    .ARM.Collect$$rtexit$$00000004  c_w.l(rtexit2.o)
    0x000004a6   0x00000002   PAD
    0x000004a8   0x0000001c   Code   RO          973    .emb_text           rtx_conf_cm.o
    0x000004c4   0x00000198   Code   RO         2313    .emb_text           RTX_CM4.lib(hal_cm4.o)
    0x0000065c   0x00000040   Code   RO         1034    .text               arm_startup_nrf52.o
    0x0000069c   0x00000008   Code   RO         2325    .text               c_w.l(libspace.o)
    0x000006a4   0x00000012   Code   RO         2330    .text               c_w.l(exit.o)
    0x000006b6   0x00000006   Code   RO         2334    .text               c_w.l(heapauxi.o)
    0x000006bc   0x0000000c   Code   RO         2373    .text               c_w.l(sys_exit.o)
    0x000006c8   0x0000004a   Code   RO         2375    .text               c_w.l(sys_stackheap_outer.o)
    0x00000712   0x00000002   Code   RO         2389    .text               c_w.l(use_no_semi.o)
    0x00000714   0x00000000   Code   RO         2391    .text               c_w.l(indicate_semi.o)
    0x00000714   0x00000008   Code   RO           34    SVC_TABLE           svc_table.o
    0x0000071c   0x00000238   Code   RO          235    i.GPIOTE_IRQHandler  nrf_drv_gpiote.o
    0x00000954   0x00000014   Code   RO          719    i.SPIM0_SPIS0_TWIM0_TWIS0_SPI0_TWI0_IRQHandler  nrf_drv_twi.o
    0x00000968   0x00000014   Code   RO          578    i.SPIM1_SPIS1_TWIM1_TWIS1_SPI1_TWI1_IRQHandler  nrf_drv_spi.o
    0x0000097c   0x00000010   Code   RO         1041    i.SystemCoreClockUpdate  system_nrf52.o
    0x0000098c   0x00000234   Code   RO         1042    i.SystemInit        system_nrf52.o
    0x00000bc0   0x00000002   Code   RO           44    i.__SVC_1           data_transfer.o
    0x00000bc2   0x00000046   Code   RO         2207    i._init_box         RTX_CM4.lib(rt_membox.o)
    0x00000c08   0x00000020   Code   RO          975    i._mutex_acquire    rtx_conf_cm.o
    0x00000c28   0x0000001c   Code   RO          977    i._mutex_release    rtx_conf_cm.o
    0x00000c44   0x00000010   Code   RO          237    i.channel_handler_get  nrf_drv_gpiote.o
    0x00000c54   0x0000000c   Code   RO          239    i.channel_port_get  nrf_drv_gpiote.o
    0x00000c60   0x00000030   Code   RO         2260    i.dbg_init          RTX_CM4.lib(hal_cm.o)
    0x00000c90   0x00000020   Code   RO         2261    i.dbg_task_notify   RTX_CM4.lib(hal_cm.o)
    0x00000cb0   0x00000010   Code   RO         2262    i.dbg_task_switch   RTX_CM4.lib(hal_cm.o)
    0x00000cc0   0x00000030   Code   RO         1043    i.errata_16         system_nrf52.o
    0x00000cf0   0x00000054   Code   RO         1044    i.errata_31         system_nrf52.o
    0x00000d44   0x00000030   Code   RO         1045    i.errata_32         system_nrf52.o
    0x00000d74   0x00000054   Code   RO         1046    i.errata_36         system_nrf52.o
    0x00000dc8   0x00000030   Code   RO         1047    i.errata_37         system_nrf52.o
    0x00000df8   0x00000030   Code   RO         1048    i.errata_57         system_nrf52.o
    0x00000e28   0x00000030   Code   RO         1049    i.errata_66         system_nrf52.o
    0x00000e58   0x0000001e   Code   RO          579    i.finish_transfer   nrf_drv_spi.o
    0x00000e76   0x00000024   Code   RO          580    i.irq_handler_spim  nrf_drv_spi.o
    0x00000e9a   0x00000190   Code   RO          720    i.irq_handler_twim  nrf_drv_twi.o
    0x0000102a   0x0000002a   Code   RO         1116    i.isrMessageGet     RTX_CM4.lib(rt_cmsis.o)
    0x00001054   0x0000002c   Code   RO         1117    i.isrMessagePut     RTX_CM4.lib(rt_cmsis.o)
    0x00001080   0x00000056   Code   RO         2062    i.isr_mbx_receive   RTX_CM4.lib(rt_mailbox.o)
    0x000010d6   0x0000000e   Code   RO         2063    i.isr_mbx_send      RTX_CM4.lib(rt_mailbox.o)
    0x000010e4   0x0000000e   Code   RO            1    i.main              main.o
    0x000010f2   0x00000016   Code   RO          240    i.nrf_bitmask_bit_is_set  nrf_drv_gpiote.o
    0x00001108   0x00000032   Code   RO          266    i.nrf_gpio_cfg_sense_set  nrf_drv_gpiote.o
    0x0000113a   0x00000016   Code   RO          591    i.nrf_gpio_pin_set  nrf_drv_spi.o
    0x00001150   0x00000028   Code   RO          270    i.nrf_gpio_ports_read  nrf_drv_gpiote.o
    0x00001178   0x0000000c   Code   RO          271    i.nrf_gpiote_event_addr_get  nrf_drv_gpiote.o
    0x00001184   0x0000001c   Code   RO          272    i.nrf_gpiote_event_clear  nrf_drv_gpiote.o
    0x000011a0   0x00000016   Code   RO          273    i.nrf_gpiote_event_is_set  nrf_drv_gpiote.o
    0x000011b6   0x0000000e   Code   RO          592    i.nrf_spim_event_check  nrf_drv_spi.o
    0x000011c4   0x0000000e   Code   RO          593    i.nrf_spim_event_clear  nrf_drv_spi.o
    0x000011d2   0x0000000c   Code   RO          736    i.nrf_twim_errorsrc_get_and_clear  nrf_drv_twi.o
    0x000011de   0x0000000e   Code   RO          737    i.nrf_twim_event_check  nrf_drv_twi.o
    0x000011ec   0x0000000e   Code   RO          738    i.nrf_twim_event_clear  nrf_drv_twi.o
    0x000011fa   0x00000006   Code   RO          739    i.nrf_twim_int_disable  nrf_drv_twi.o
    0x00001200   0x00000006   Code   RO          740    i.nrf_twim_int_enable  nrf_drv_twi.o
    0x00001206   0x0000000a   Code   RO          742    i.nrf_twim_rxd_amount_get  nrf_drv_twi.o
    0x00001210   0x00000006   Code   RO          743    i.nrf_twim_shorts_set  nrf_drv_twi.o
    0x00001216   0x00000006   Code   RO          744    i.nrf_twim_task_trigger  nrf_drv_twi.o
    0x0000121c   0x0000000a   Code   RO          746    i.nrf_twim_txd_amount_get  nrf_drv_twi.o
    0x00001226   0x00000002   PAD
    0x00001228   0x00000024   Code   RO         1121    i.osKernelInitialize  RTX_CM4.lib(rt_cmsis.o)
    0x0000124c   0x0000006c   Code   RO         1123    i.osKernelStart     RTX_CM4.lib(rt_cmsis.o)
    0x000012b8   0x00000018   Code   RO         1132    i.osMessageGet      RTX_CM4.lib(rt_cmsis.o)
    0x000012d0   0x0000002c   Code   RO         1149    i.osThreadCreate    RTX_CM4.lib(rt_cmsis.o)
    0x000012fc   0x00000018   Code   RO         1150    i.osThreadExit      RTX_CM4.lib(rt_cmsis.o)
    0x00001314   0x0000000c   Code   RO         1156    i.osTimerCall       RTX_CM4.lib(rt_cmsis.o)
    0x00001320   0x0000002c   Code   RO         1161    i.osTimerThread     RTX_CM4.lib(rt_cmsis.o)
    0x0000134c   0x00000022   Code   RO          978    i.os_error          rtx_conf_cm.o
    0x0000136e   0x00000004   Code   RO          979    i.os_idle_demon     rtx_conf_cm.o
    0x00001372   0x00000002   PAD
    0x00001374   0x00000028   Code   RO         1854    i.os_tick_init      RTX_CM4.lib(rt_system.o)
    0x0000139c   0x00000002   Code   RO         1855    i.os_tick_irqack    RTX_CM4.lib(rt_system.o)
    0x0000139e   0x0000001a   Code   RO         2208    i.rt_alloc_box      RTX_CM4.lib(rt_membox.o)
    0x000013b8   0x0000003e   Code   RO         2236    i.rt_alloc_mem      RTX_CM4.lib(rt_memory.o)
    0x000013f6   0x00000002   PAD
    0x000013f8   0x00000038   Code   RO         1735    i.rt_block          RTX_CM4.lib(rt_task.o)
    0x00001430   0x00000048   Code   RO         2185    i.rt_chk_robin      RTX_CM4.lib(rt_robin.o)
    0x00001478   0x00000070   Code   RO         1986    i.rt_dec_dly        RTX_CM4.lib(rt_list.o)
    0x000014e8   0x00000044   Code   RO         1736    i.rt_dispatch       RTX_CM4.lib(rt_task.o)
    0x0000152c   0x00000050   Code   RO         1947    i.rt_evt_psh        RTX_CM4.lib(rt_event.o)
    0x0000157c   0x0000002c   Code   RO         2209    i.rt_free_box       RTX_CM4.lib(rt_membox.o)
    0x000015a8   0x00000028   Code   RO         2237    i.rt_free_mem       RTX_CM4.lib(rt_memory.o)
    0x000015d0   0x00000028   Code   RO         1987    i.rt_get_first      RTX_CM4.lib(rt_list.o)
    0x000015f8   0x00000008   Code   RO         1166    i.rt_id2obj         RTX_CM4.lib(rt_cmsis.o)
    0x00001600   0x00000048   Code   RO         1737    i.rt_init_context   RTX_CM4.lib(rt_task.o)
    0x00001648   0x0000001a   Code   RO         2238    i.rt_init_mem       RTX_CM4.lib(rt_memory.o)
    0x00001662   0x00000002   PAD
    0x00001664   0x00000018   Code   RO         2186    i.rt_init_robin     RTX_CM4.lib(rt_robin.o)
    0x0000167c   0x00000080   Code   RO         2263    i.rt_init_stack     RTX_CM4.lib(hal_cm.o)
    0x000016fc   0x00000008   Code   RO         2064    i.rt_mbx_check      RTX_CM4.lib(rt_mailbox.o)
    0x00001704   0x0000001a   Code   RO         2065    i.rt_mbx_init       RTX_CM4.lib(rt_mailbox.o)
    0x0000171e   0x00000002   PAD
    0x00001720   0x000000f0   Code   RO         2066    i.rt_mbx_psh        RTX_CM4.lib(rt_mailbox.o)
    0x00001810   0x000000b4   Code   RO         2068    i.rt_mbx_wait       RTX_CM4.lib(rt_mailbox.o)
    0x000018c4   0x00000044   Code   RO         1167    i.rt_ms2tick        RTX_CM4.lib(rt_cmsis.o)
    0x00001908   0x000000d8   Code   RO         1821    i.rt_mut_release    RTX_CM4.lib(rt_mutex.o)
    0x000019e0   0x00000078   Code   RO         1822    i.rt_mut_wait       RTX_CM4.lib(rt_mutex.o)
    0x00001a58   0x0000007c   Code   RO         1858    i.rt_pop_req        RTX_CM4.lib(rt_system.o)
    0x00001ad4   0x00000020   Code   RO         1859    i.rt_psh_req        RTX_CM4.lib(rt_system.o)
    0x00001af4   0x0000005c   Code   RO         1989    i.rt_psq_enq        RTX_CM4.lib(rt_list.o)
    0x00001b50   0x00000048   Code   RO         1990    i.rt_put_dly        RTX_CM4.lib(rt_list.o)
    0x00001b98   0x00000036   Code   RO         1991    i.rt_put_prio       RTX_CM4.lib(rt_list.o)
    0x00001bce   0x00000002   PAD
    0x00001bd0   0x00000014   Code   RO         1992    i.rt_put_rdy_first  RTX_CM4.lib(rt_list.o)
    0x00001be4   0x00000034   Code   RO         1993    i.rt_resort_prio    RTX_CM4.lib(rt_list.o)
    0x00001c18   0x00000010   Code   RO         2264    i.rt_ret_regs       RTX_CM4.lib(hal_cm.o)
    0x00001c28   0x0000000c   Code   RO         2265    i.rt_ret_val        RTX_CM4.lib(hal_cm.o)
    0x00001c34   0x00000010   Code   RO         2266    i.rt_ret_val2       RTX_CM4.lib(hal_cm.o)
    0x00001c44   0x00000028   Code   RO         1994    i.rt_rmv_dly        RTX_CM4.lib(rt_list.o)
    0x00001c6c   0x00000030   Code   RO         1995    i.rt_rmv_list       RTX_CM4.lib(rt_list.o)
    0x00001c9c   0x00000034   Code   RO         2113    i.rt_sem_psh        RTX_CM4.lib(rt_semaphore.o)
    0x00001cd0   0x00000024   Code   RO         1861    i.rt_stk_check      RTX_CM4.lib(rt_system.o)
    0x00001cf4   0x00000028   Code   RO         1738    i.rt_switch_req     RTX_CM4.lib(rt_task.o)
    0x00001d1c   0x000000cc   Code   RO         1739    i.rt_sys_init       RTX_CM4.lib(rt_task.o)
    0x00001de8   0x00000078   Code   RO         1740    i.rt_sys_start      RTX_CM4.lib(rt_task.o)
    0x00001e60   0x00000040   Code   RO         1863    i.rt_systick        RTX_CM4.lib(rt_system.o)
    0x00001ea0   0x00000012   Code   RO         1168    i.rt_tid2ptcb       RTX_CM4.lib(rt_cmsis.o)
    0x00001eb2   0x00000002   PAD
    0x00001eb4   0x00000034   Code   RO         1169    i.rt_timer_insert   RTX_CM4.lib(rt_cmsis.o)
    0x00001ee8   0x00000088   Code   RO         1741    i.rt_tsk_create     RTX_CM4.lib(rt_task.o)
    0x00001f70   0x0000017c   Code   RO         1742    i.rt_tsk_delete     RTX_CM4.lib(rt_task.o)
    0x000020ec   0x0000007c   Code   RO         1744    i.rt_tsk_prio       RTX_CM4.lib(rt_task.o)
    0x00002168   0x00000010   Code   RO         1745    i.rt_tsk_self       RTX_CM4.lib(rt_task.o)
    0x00002178   0x00000070   Code   RO         1172    i.svcKernelInitialize  RTX_CM4.lib(rt_cmsis.o)
    0x000021e8   0x00000048   Code   RO         1174    i.svcKernelStart    RTX_CM4.lib(rt_cmsis.o)
    0x00002230   0x00000024   Code   RO         1177    i.svcMessageCreate  RTX_CM4.lib(rt_cmsis.o)
    0x00002254   0x0000003a   Code   RO         1178    i.svcMessageGet     RTX_CM4.lib(rt_cmsis.o)
    0x0000228e   0x00000002   PAD
    0x00002290   0x0000006c   Code   RO         1192    i.svcThreadCreate   RTX_CM4.lib(rt_cmsis.o)
    0x000022fc   0x0000001c   Code   RO         1193    i.svcThreadGetId    RTX_CM4.lib(rt_cmsis.o)
    0x00002318   0x00000038   Code   RO         1196    i.svcThreadTerminate  RTX_CM4.lib(rt_cmsis.o)
    0x00002350   0x00000018   Code   RO         1198    i.svcTimerCall      RTX_CM4.lib(rt_cmsis.o)
    0x00002368   0x0000005c   Code   RO         1207    i.sysTimerTick      RTX_CM4.lib(rt_cmsis.o)
    0x000023c4   0x0000000a   Code   RO         2465    x$fpl$fpinit        fz_wm.l(fpinit.o)
    0x000023ce   0x00000002   PAD
    0x000023d0   0x00000047   Data   RO          282    .constdata          nrf_drv_gpiote.o
    0x00002417   0x00000001   PAD
    0x00002418   0x00000068   Data   RO          981    .constdata          rtx_conf_cm.o
    0x00002480   0x00000020   Data   RO         2499    Region$$Table       anon$$obj.o


    Execution Region RW_IRAM1 (Base: 0x20000000, Size: 0x00005020, Max: 0x00010000, ABSOLUTE)

    Base Addr    Size         Type   Attr      Idx    E Section Name        Object

    0x20000000   0x00000014   Data   RW          982    .data               rtx_conf_cm.o
    0x20000014   0x00000004   Data   RW         1050    .data               system_nrf52.o
    0x20000018   0x00000008   Data   RW         1210    .data               RTX_CM4.lib(rt_cmsis.o)
    0x20000020   0x00000008   Data   RW         1747    .data               RTX_CM4.lib(rt_task.o)
    0x20000028   0x00000008   Data   RW         1866    .data               RTX_CM4.lib(rt_system.o)
    0x20000030   0x00000004   Data   RW         2156    .data               RTX_CM4.lib(rt_time.o)
    0x20000034   0x00000008   Data   RW         2187    .data               RTX_CM4.lib(rt_robin.o)
    0x2000003c   0x00000001   Data   RW         2267    .data               RTX_CM4.lib(hal_cm.o)
    0x2000003d   0x00000003   PAD
    0x20000040   0x00000048   Zero   RW          281    .bss                nrf_drv_gpiote.o
    0x20000088   0x00000020   Zero   RW          598    .bss                nrf_drv_spi.o
    0x200000a8   0x00000028   Zero   RW          750    .bss                nrf_drv_twi.o
    0x200000d0   0x00000e88   Zero   RW          980    .bss                rtx_conf_cm.o
    0x20000f58   0x00000034   Zero   RW         1746    .bss                RTX_CM4.lib(rt_task.o)
    0x20000f8c   0x00000030   Zero   RW         1996    .bss                RTX_CM4.lib(rt_list.o)
    0x20000fbc   0x00000060   Zero   RW         2326    .bss                c_w.l(libspace.o)
    0x2000101c   0x00000004   PAD
    0x20001020   0x00002000   Zero   RW         1032    HEAP                arm_startup_nrf52.o
    0x20003020   0x00002000   Zero   RW         1031    STACK               arm_startup_nrf52.o


==============================================================================

Image component sizes


      Code (inc. data)   RO Data    RW Data    ZI Data      Debug   Object Name

        64         26       1024          0      16384        912   arm_startup_nrf52.o
         2          0          0          0          0      37781   data_transfer.o
        14          0          0          0          0       4983   main.o
       770         32         71          0         72      24485   nrf_drv_gpiote.o
       136          4          0          0         32      13379   nrf_drv_spi.o
       504          8          0          0         40      17463   nrf_drv_twi.o
       126         26        104         20       3720       9391   rtx_conf_cm.o
         8          8          0          0          0        216   svc_table.o
       988        102          0          4          0      35014   system_nrf52.o

    ----------------------------------------------------------------------
      2616        206       1232         24      20248     143624   Object Totals
         0          0         32          0          0          0   (incl. Generated)
         4          0          1          0          0          0   (incl. Padding)

    ----------------------------------------------------------------------

      Code (inc. data)   RO Data    RW Data    ZI Data      Debug   Library Member Name

       268         24          0          1          0       4524   hal_cm.o
       408         34          0          0          0        824   hal_cm4.o
      1110        138          0          8          0      34453   rt_cmsis.o
        80          4          0          0          0        709   rt_event.o
       530         34          0          0         48       8685   rt_list.o
       554         10          0          0          0       4237   rt_mailbox.o
       140          0          0          0          0       2069   rt_membox.o
       128          0          0          0          0       2451   rt_memory.o
       336         14          0          0          0       1739   rt_mutex.o
        96         22          0          8          0       1254   rt_robin.o
        52          4          0          0          0        621   rt_semaphore.o
       298         52          0          8          0       6511   rt_system.o
      1216        174          0          8         52      10129   rt_task.o
         0          0          0          4          0        214   rt_time.o
         8          0          0          0          0         68   __main.o
         0          0          0          0          0          0   __rtentry.o
        20          0          0          0          0          0   __rtentry2.o
         6          0          0          0          0          0   __rtentry4.o
        52          8          0          0          0          0   __scatter.o
        26          0          0          0          0          0   __scatter_copy.o
        28          0          0          0          0          0   __scatter_zi.o
        18          0          0          0          0         80   exit.o
         6          0          0          0          0        152   heapauxi.o
         0          0          0          0          0          0   indicate_semi.o
         2          0          0          0          0          0   libinit.o
         6          0          0          0          0          0   libinit2.o
         2          0          0          0          0          0   libshutdown.o
         2          0          0          0          0          0   libshutdown2.o
         8          4          0          0         96         68   libspace.o
         2          0          0          0          0          0   rtexit.o
        10          0          0          0          0          0   rtexit2.o
        12          4          0          0          0         68   sys_exit.o
        74          0          0          0          0         80   sys_stackheap_outer.o
         2          0          0          0          0         68   use_no_semi.o
        10          0          0          0          0        116   fpinit.o

    ----------------------------------------------------------------------
      5528        526          0         40        200      79120   Library Totals
        18          0          0          3          4          0   (incl. Padding)

    ----------------------------------------------------------------------

      Code (inc. data)   RO Data    RW Data    ZI Data      Debug   Library Name

      5216        510          0         37        100      78420   RTX_CM4.lib
       284         16          0          0         96        584   c_w.l
        10          0          0          0          0        116   fz_wm.l

    ----------------------------------------------------------------------
      5528        526          0         40        200      79120   Library Totals

    ----------------------------------------------------------------------

==============================================================================


      Code (inc. data)   RO Data    RW Data    ZI Data      Debug   

      8144        732       1232         64      20448     211988   Grand Totals
      8144        732       1232         64      20448     211988   ELF Image Totals
      8144        732       1232         64          0          0   ROM Totals

==============================================================================

    Total RO  Size (Code + RO Data)                 9376 (   9.16kB)
    Total RW  Size (RW Data + ZI Data)             20512 (  20.03kB)
    Total ROM Size (Code + RO Data + RW Data)       9440 (   9.22kB)

==============================================================================

