Component: ARM Compiler 5.06 update 4 (build 422) Tool: armlink [4d35d2]

==============================================================================

Section Cross References

    main.o(i.main) refers to rt_cmsis.o(i.osKernelInitialize) for osKernelInitialize
    main.o(i.main) refers to nrf_log_frontend.o(i.nrf_log_init) for nrf_log_init
    main.o(i.main) refers to app_error.o(i.app_error_handler_bare) for app_error_handler_bare
    main.o(i.main) refers to nrf_log_frontend.o(i.nrf_log_frontend_std_0) for nrf_log_frontend_std_0
    main.o(i.main) refers to data_transfer.o(i.SPI_init) for SPI_init
    main.o(i.main) refers to comhub.o(i.comhub_init) for comhub_init
    main.o(i.main) refers to nrf_log_frontend.o(i.nrf_log_frontend_dequeue) for nrf_log_frontend_dequeue
    main.o(i.main) refers to rt_cmsis.o(i.osThreadCreate) for osThreadCreate
    main.o(i.main) refers to rt_cmsis.o(i.osKernelStart) for osKernelStart
    main.o(i.main) refers to rt_cmsis.o(i.osDelay) for osDelay
    main.o(i.main) refers to main.o(.constdata) for os_thread_def_comhub
    main.o(i.main) refers to main.o(.data) for tid_comhub
    main.o(.constdata) refers to data_transfer.o(i.SPI_controller) for SPI_controller
    main.o(.constdata) refers to comhub.o(i.comhub) for comhub
    data_transfer.o(i.SPI_controller) refers to nrf_log_frontend.o(i.nrf_log_frontend_std_0) for nrf_log_frontend_std_0
    data_transfer.o(i.SPI_controller) refers to rt_cmsis.o(i.osSignalWait) for osSignalWait
    data_transfer.o(i.SPI_controller) refers to nrf_drv_gpiote.o(i.nrf_drv_gpiote_out_set) for nrf_drv_gpiote_out_set
    data_transfer.o(i.SPI_controller) refers to data_transfer.o(i.tx_clr) for tx_clr
    data_transfer.o(i.SPI_controller) refers to nrf_drv_spi.o(i.nrf_drv_spi_transfer) for nrf_drv_spi_transfer
    data_transfer.o(i.SPI_controller) refers to rt_cmsis.o(i.osDelay) for osDelay
    data_transfer.o(i.SPI_controller) refers to nrf_log_frontend.o(i.nrf_log_frontend_std_1) for nrf_log_frontend_std_1
    data_transfer.o(i.SPI_controller) refers to nrf_drv_gpiote.o(i.nrf_drv_gpiote_out_clear) for nrf_drv_gpiote_out_clear
    data_transfer.o(i.SPI_controller) refers to rt_cmsis.o(i.osMailGet) for osMailGet
    data_transfer.o(i.SPI_controller) refers to data_transfer.o(i.tx_set) for tx_set
    data_transfer.o(i.SPI_controller) refers to data_transfer.o(.data) for m_tx_buf
    data_transfer.o(i.SPI_controller) refers to data_transfer.o(.constdata) for spi
    data_transfer.o(i.SPI_controller) refers to comhub.o(.bss) for mail_q_id
    data_transfer.o(i.SPI_init) refers to nrf_log_frontend.o(i.nrf_log_frontend_std_0) for nrf_log_frontend_std_0
    data_transfer.o(i.SPI_init) refers to nrf_drv_spi.o(i.nrf_drv_spi_init) for nrf_drv_spi_init
    data_transfer.o(i.SPI_init) refers to nrf_drv_gpiote.o(i.nrf_drv_gpiote_init) for nrf_drv_gpiote_init
    data_transfer.o(i.SPI_init) refers to nrf_drv_gpiote.o(i.nrf_drv_gpiote_in_init) for nrf_drv_gpiote_in_init
    data_transfer.o(i.SPI_init) refers to nrf_drv_gpiote.o(i.nrf_drv_gpiote_in_event_enable) for nrf_drv_gpiote_in_event_enable
    data_transfer.o(i.SPI_init) refers to nrf_drv_gpiote.o(i.nrf_drv_gpiote_out_clear) for nrf_drv_gpiote_out_clear
    data_transfer.o(i.SPI_init) refers to nrf_drv_gpiote.o(i.nrf_drv_gpiote_out_init) for nrf_drv_gpiote_out_init
    data_transfer.o(i.SPI_init) refers to data_transfer.o(.constdata) for .constdata
    data_transfer.o(i.SPI_init) refers to data_transfer.o(i.spi_event_handler) for spi_event_handler
    data_transfer.o(i.SPI_init) refers to data_transfer.o(i.SynHandler) for SynHandler
    data_transfer.o(i.SynHandler) refers to nrf_log_frontend.o(i.nrf_log_frontend_std_0) for nrf_log_frontend_std_0
    data_transfer.o(i.SynHandler) refers to rt_cmsis.o(i.osSignalSet) for osSignalSet
    data_transfer.o(i.SynHandler) refers to data_transfer.o(.data) for syn_state
    data_transfer.o(i.SynHandler) refers to main.o(.data) for tid_SPI
    data_transfer.o(i.spi_event_handler) refers to data_transfer.o(.data) for spi_xfer_done
    data_transfer.o(.constdata) refers to data_transfer.o(.bss) for os_mutex_cb_mut_log
    comhub.o(i.comhub) refers to rt_cmsis.o(i.osMailGet) for osMailGet
    comhub.o(i.comhub) refers to nrf_log_frontend.o(i.nrf_log_frontend_std_3) for nrf_log_frontend_std_3
    comhub.o(i.comhub) refers to rt_cmsis.o(i.osMailPut) for osMailPut
    comhub.o(i.comhub) refers to nrf_log_frontend.o(i.nrf_log_frontend_std_0) for nrf_log_frontend_std_0
    comhub.o(i.comhub) refers to nrf_log_frontend.o(i.nrf_log_frontend_std_1) for nrf_log_frontend_std_1
    comhub.o(i.comhub) refers to comhub.o(.bss) for mail_q_id
    comhub.o(i.comhub_init) refers to nrf_log_frontend.o(i.nrf_log_frontend_std_0) for nrf_log_frontend_std_0
    comhub.o(i.comhub_init) refers to rt_cmsis.o(i.osMailCreate) for osMailCreate
    comhub.o(i.comhub_init) refers to main.o(.data) for tid_comhub
[...]
    .data                                    0x20000000   Section        8  main.o(.data)
    .data                                    0x20000008   Section       21  data_transfer.o(.data)
    spi_xfer_done                            0x20000008   Data           1  data_transfer.o(.data)
    m_tx_buf                                 0x20000010   Data           3  data_transfer.o(.data)
    m_rx_buf                                 0x20000013   Data           4  data_transfer.o(.data)
    syn_state                                0x2000001c   Data           1  data_transfer.o(.data)
    .data                                    0x20000020   Section       16  comhub.o(.data)
    .data                                    0x20000030   Section       11  nrf_log_backend_serial.o(.data)
    m_uart                                   0x20000030   Data           8  nrf_log_backend_serial.o(.data)
    m_initialized                            0x20000038   Data           1  nrf_log_backend_serial.o(.data)
    m_blocking_mode                          0x20000039   Data           1  nrf_log_backend_serial.o(.data)
    m_rx_done                                0x2000003a   Data           1  nrf_log_backend_serial.o(.data)
    .data                                    0x2000003c   Section        4  nrf_log_frontend.o(.data)
    m_overflow_info                          0x2000003c   Data           4  nrf_log_frontend.o(.data)
    .data                                    0x20000040   Section        4  app_util_platform.o(.data)
    m_in_critical_region                     0x20000040   Data           4  app_util_platform.o(.data)
    .data                                    0x20000044   Section       20  rtx_conf_cm.o(.data)
    nr_mutex                                 0x20000054   Data           4  rtx_conf_cm.o(.data)
    .data                                    0x20000058   Section        4  system_nrf52.o(.data)
    __tagsym$$used                           0x20000058   Number         0  system_nrf52.o(.data)
    .data                                    0x2000005c   Section        8  rt_cmsis.o(.data)
    .data                                    0x20000064   Section        8  rt_task.o(.data)
    .data                                    0x2000006c   Section        8  rt_system.o(.data)
    os_lock                                  0x2000006c   Data           1  rt_system.o(.data)
    os_psh_flag                              0x2000006d   Data           1  rt_system.o(.data)
    pend_flags                               0x2000006e   Data           1  rt_system.o(.data)
    .data                                    0x20000074   Section        4  rt_time.o(.data)
    .data                                    0x20000078   Section        8  rt_robin.o(.data)
    .data                                    0x20000080   Section        1  hal_cm.o(.data)
    .bss                                     0x20000084   Section       16  data_transfer.o(.bss)
    .bss                                     0x20000094   Section      316  comhub.o(.bss)
    .bss                                     0x200001d0   Section       72  nrf_drv_gpiote.o(.bss)
    m_cb                                     0x200001d0   Data          72  nrf_drv_gpiote.o(.bss)
    .bss                                     0x20000218   Section       32  nrf_drv_spi.o(.bss)
    m_cb                                     0x20000218   Data          32  nrf_drv_spi.o(.bss)
    .bss                                     0x20000238   Section       40  nrf_drv_twi.o(.bss)
    m_cb                                     0x20000238   Data          40  nrf_drv_twi.o(.bss)
    .bss                                     0x20000260   Section       32  nrf_drv_uart.o(.bss)
    m_cb                                     0x20000260   Data          32  nrf_drv_uart.o(.bss)
    .bss                                     0x20000280   Section      256  nrf_log_backend_serial.o(.bss)
    m_uart_buffer                            0x20000280   Data         256  nrf_log_backend_serial.o(.bss)
    .bss                                     0x20000380   Section     1048  nrf_log_frontend.o(.bss)
    m_log_data                               0x20000380   Data        1048  nrf_log_frontend.o(.bss)
    .bss                                     0x20000798   Section     3720  rtx_conf_cm.o(.bss)
    std_libspace                             0x20001240   Data         864  rtx_conf_cm.o(.bss)
    std_libmutex                             0x200015a0   Data         128  rtx_conf_cm.o(.bss)
    .bss                                     0x20001620   Section       52  rt_task.o(.bss)
    .bss                                     0x20001654   Section       48  rt_list.o(.bss)
    .bss                                     0x20001684   Section       96  libspace.o(.bss)
    HEAP                                     0x200016e8   Section     8192  arm_startup_nrf52.o(HEAP)
    Heap_Mem                                 0x200016e8   Data        8192  arm_startup_nrf52.o(HEAP)
    STACK                                    0x200036e8   Section     8192  arm_startup_nrf52.o(STACK)
    Stack_Mem                                0x200036e8   Data        8192  arm_startup_nrf52.o(STACK)
    __initial_sp                             0x200056e8   Data           0  arm_startup_nrf52.o(STACK)

    Global Symbols

    Symbol Name                              Value     Ov Type        Size  Object(Section)

    BuildAttributes$$THM_ISAv4$E$P$D$K$B$S$7EM$VFPi3$EXTD16$VFPS$VFMA$PE$A:L22UL41UL21$X:L11$S22US41US21$IEEE1$IW$USESV6$~STKCKD$USESV7$~SHL$OSPACE$ROPI$EBA8$UX$STANDARDLIB$REQ8$PRES8$EABIv2 0x00000000   Number         0  anon$$obj.o ABSOLUTE
    __ARM_use_no_argv                        0x00000000   Number         0  main.o ABSOLUTE
    __Vectors                                0x00000000   Data           4  arm_startup_nrf52.o(RESET)
    _printf_flags                            0x00000000   Number         0  printf_stubs.o ABSOLUTE
    _printf_return_value                     0x00000000   Number         0  printf_stubs.o ABSOLUTE
    _printf_sizespec                         0x00000000   Number         0  printf_stubs.o ABSOLUTE
    _printf_widthprec                        0x00000000   Number         0  printf_stubs.o ABSOLUTE
    __ARM_exceptions_init                     - Undefined Weak Reference
    __alloca_initialize                       - Undefined Weak Reference
    __arm_preinit_                            - Undefined Weak Reference
    __cpp_initialize__aeabi_                  - Undefined Weak Reference
    __cxa_finalize                            - Undefined Weak Reference
    __sigvec_lookup                           - Undefined Weak Reference
    _atexit_init                              - Undefined Weak Reference
    _call_atexit_fns                          - Undefined Weak Reference
    _clock_init                               - Undefined Weak Reference
    _fp_trap_init                             - Undefined Weak Reference
    _fp_trap_shutdown                         - Undefined Weak Reference
    _get_lc_collate                           - Undefined Weak Reference
    _get_lc_monetary                          - Undefined Weak Reference
    _get_lc_numeric                           - Undefined Weak Reference
    _get_lc_time                              - Undefined Weak Reference
    _getenv_init                              - Undefined Weak Reference
    _handle_redirection                       - Undefined Weak Reference
    _init_alloc                               - Undefined Weak Reference
    _init_user_alloc                          - Undefined Weak Reference
    _initio                                   - Undefined Weak Reference
    _printf_mbtowc                            - Undefined Weak Reference
    _printf_wc                                - Undefined Weak Reference
    _rand_init                                - Undefined Weak Reference
    _signal_finish                            - Undefined Weak Reference
    _signal_init                              - Undefined Weak Reference
    _terminate_alloc                          - Undefined Weak Reference
    _terminate_user_alloc                     - Undefined Weak Reference
    _terminateio                              - Undefined Weak Reference
    __Vectors_End                            0x00000400   Data           0  arm_startup_nrf52.o(RESET)
    __Vectors_Size                           0x00000400   Number         0  arm_startup_nrf52.o ABSOLUTE
    __main                                   0x00000401   Thumb Code     8  __main.o(!!!main)
    __scatterload                            0x00000409   Thumb Code     0  __scatter.o(!!!scatter)
    __scatterload_rt2                        0x00000409   Thumb Code    44  __scatter.o(!!!scatter)
    __scatterload_rt2_thumb_only             0x00000409   Thumb Code     0  __scatter.o(!!!scatter)
    __scatterload_null                       0x00000417   Thumb Code     0  __scatter.o(!!!scatter)
    __scatterload_copy                       0x0000043d   Thumb Code    26  __scatter_copy.o(!!handler_copy)
    __scatterload_zeroinit                   0x00000459   Thumb Code    28  __scatter_zi.o(!!handler_zi)
    _printf_i                                0x00000475   Thumb Code     0  _printf_i.o(.ARM.Collect$$_printf_percent$$00000008)
    _printf_percent                          0x00000475   Thumb Code     0  _printf_percent.o(.ARM.Collect$$_printf_percent$$00000000)
    _printf_d                                0x0000047b   Thumb Code     0  _printf_d.o(.ARM.Collect$$_printf_percent$$00000009)
    _printf_u                                0x00000481   Thumb Code     0  _printf_u.o(.ARM.Collect$$_printf_percent$$0000000A)
    __RL_RTX_VER                             0x00000482   Number         0  rt_system.o ABSOLUTE
    _printf_o                                0x00000487   Thumb Code     0  _printf_o.o(.ARM.Collect$$_printf_percent$$0000000B)
    _printf_x                                0x0000048d   Thumb Code     0  _printf_x.o(.ARM.Collect$$_printf_percent$$0000000C)
    _printf_l                                0x00000493   Thumb Code     0  _printf_l.o(.ARM.Collect$$_printf_percent$$00000012)
    _printf_c                                0x0000049d   Thumb Code     0  _printf_c.o(.ARM.Collect$$_printf_percent$$00000013)
    _printf_lc                               0x000004a3   Thumb Code     0  _printf_lc.o(.ARM.Collect$$_printf_percent$$00000015)
    _printf_percent_end                      0x000004a9   Thumb Code     0  _printf_percent_end.o(.ARM.Collect$$_printf_percent$$00000017)
    __rt_lib_init                            0x000004ad   Thumb Code     0  libinit.o(.ARM.Collect$$libinit$$00000000)
    __rt_lib_init_fp_1                       0x000004af   Thumb Code     0  libinit2.o(.ARM.Collect$$libinit$$00000001)
    __rt_lib_init_heap_1                     0x000004b3   Thumb Code     0  libinit2.o(.ARM.Collect$$libinit$$0000000A)
    __rt_lib_init_lc_common                  0x000004b3   Thumb Code     0  libinit2.o(.ARM.Collect$$libinit$$0000000F)
    __rt_lib_init_preinit_1                  0x000004b3   Thumb Code     0  libinit2.o(.ARM.Collect$$libinit$$00000004)
    __rt_lib_init_rand_1                     0x000004b3   Thumb Code     0  libinit2.o(.ARM.Collect$$libinit$$0000000E)
    __rt_lib_init_user_alloc_1               0x000004b3   Thumb Code     0  libinit2.o(.ARM.Collect$$libinit$$0000000C)
    __rt_lib_init_lc_collate_1               0x000004b9   Thumb Code     0  libinit2.o(.ARM.Collect$$libinit$$00000011)
    __rt_lib_init_lc_ctype_2                 0x000004b9   Thumb Code     0  libinit2.o(.ARM.Collect$$libinit$$00000012)
    __rt_lib_init_alloca_1                   0x000004c5   Thumb Code     0  libinit2.o(.ARM.Collect$$libinit$$0000002E)
    __rt_lib_init_argv_1                     0x000004c5   Thumb Code     0  libinit2.o(.ARM.Collect$$libinit$$0000002C)
    __rt_lib_init_atexit_1                   0x000004c5   Thumb Code     0  libinit2.o(.ARM.Collect$$libinit$$0000001B)
    __rt_lib_init_clock_1                    0x000004c5   Thumb Code     0  libinit2.o(.ARM.Collect$$libinit$$00000021)
    __rt_lib_init_cpp_1                      0x000004c5   Thumb Code     0  libinit2.o(.ARM.Collect$$libinit$$00000032)
    __rt_lib_init_exceptions_1               0x000004c5   Thumb Code     0  libinit2.o(.ARM.Collect$$libinit$$00000030)
    __rt_lib_init_fp_trap_1                  0x000004c5   Thumb Code     0  libinit2.o(.ARM.Collect$$libinit$$0000001F)
    __rt_lib_init_getenv_1                   0x000004c5   Thumb Code     0  libinit2.o(.ARM.Collect$$libinit$$00000023)
    __rt_lib_init_lc_ctype_1                 0x000004c5   Thumb Code     0  libinit2.o(.ARM.Collect$$libinit$$00000013)
    __rt_lib_init_lc_monetary_1              0x000004c5   Thumb Code     0  libinit2.o(.ARM.Collect$$libinit$$00000015)
    __rt_lib_init_lc_numeric_1               0x000004c5   Thumb Code     0  libinit2.o(.ARM.Collect$$libinit$$00000017)
    __rt_lib_init_lc_time_1                  0x000004c5   Thumb Code     0  libinit2.o(.ARM.Collect$$libinit$$00000019)
    __rt_lib_init_return                     0x000004c5   Thumb Code     0  libinit2.o(.ARM.Collect$$libinit$$00000033)
    __rt_lib_init_signal_1                   0x000004c5   Thumb Code     0  libinit2.o(.ARM.Collect$$libinit$$0000001D)
    __rt_lib_init_stdio_1                    0x000004c5   Thumb Code     0  libinit2.o(.ARM.Collect$$libinit$$00000025)
    __rt_lib_shutdown                        0x000004c7   Thumb Code     0  libshutdown.o(.ARM.Collect$$libshutdown$$00000000)
    __rt_lib_shutdown_cpp_1                  0x000004c9   Thumb Code     0  libshutdown2.o(.ARM.Collect$$libshutdown$$00000002)
    __rt_lib_shutdown_fp_trap_1              0x000004c9   Thumb Code     0  libshutdown2.o(.ARM.Collect$$libshutdown$$00000007)
    __rt_lib_shutdown_heap_1                 0x000004c9   Thumb Code     0  libshutdown2.o(.ARM.Collect$$libshutdown$$0000000F)
    __rt_lib_shutdown_return                 0x000004c9   Thumb Code     0  libshutdown2.o(.ARM.Collect$$libshutdown$$00000010)
    __rt_lib_shutdown_signal_1               0x000004c9   Thumb Code     0  libshutdown2.o(.ARM.Collect$$libshutdown$$0000000A)
    __rt_lib_shutdown_stdio_1                0x000004c9   Thumb Code     0  libshutdown2.o(.ARM.Collect$$libshutdown$$00000004)
    __rt_lib_shutdown_user_alloc_1           0x000004c9   Thumb Code     0  libshutdown2.o(.ARM.Collect$$libshutdown$$0000000C)
    __rt_entry                               0x000004cb   Thumb Code     0  __rtentry.o(.ARM.Collect$$rtentry$$00000000)
    __rt_entry_presh_1                       0x000004cb   Thumb Code     0  __rtentry2.o(.ARM.Collect$$rtentry$$00000002)
    __rt_entry_sh                            0x000004cb   Thumb Code     0  __rtentry4.o(.ARM.Collect$$rtentry$$00000004)
    __rt_entry_li                            0x000004d1   Thumb Code     0  __rtentry2.o(.ARM.Collect$$rtentry$$0000000A)
    __rt_entry_postsh_1                      0x000004d1   Thumb Code     0  __rtentry2.o(.ARM.Collect$$rtentry$$00000009)
    __rt_entry_postli_1                      0x000004d5   Thumb Code     0  __rtentry2.o(.ARM.Collect$$rtentry$$0000000B)
    __rt_entry_main                          0x000004dd   Thumb Code     0  __rtentry2.o(.ARM.Collect$$rtentry$$0000000D)
    __rt_exit                                0x000004e5   Thumb Code     0  rtexit.o(.ARM.Collect$$rtexit$$00000000)
    __rt_exit_ls                             0x000004e7   Thumb Code     0  rtexit2.o(.ARM.Collect$$rtexit$$00000003)
    __rt_exit_prels_1                        0x000004e7   Thumb Code     0  rtexit2.o(.ARM.Collect$$rtexit$$00000002)
    __rt_exit_exit                           0x000004eb   Thumb Code     0  rtexit2.o(.ARM.Collect$$rtexit$$00000004)
    _platform_post_lib_init                  0x000004f1   Thumb Code    24  rtx_conf_cm.o(.emb_text)
    rt_set_PSP                               0x0000050d   Thumb Code     6  hal_cm4.o(.emb_text)
    rt_get_PSP                               0x00000513   Thumb Code     6  hal_cm4.o(.emb_text)
    os_set_env                               0x00000519   Thumb Code    24  hal_cm4.o(.emb_text)
    _alloc_box                               0x00000535   Thumb Code    28  hal_cm4.o(.emb_text)
    _free_box                                0x00000555   Thumb Code    28  hal_cm4.o(.emb_text)
    SVC_Handler                              0x00000575   Thumb Code   168  hal_cm4.o(.emb_text)
    PendSV_Handler                           0x0000062d   Thumb Code    96  hal_cm4.o(.emb_text)
    SysTick_Handler                          0x00000691   Thumb Code     8  hal_cm4.o(.emb_text)
    OS_Tick_Handler                          0x00000699   Thumb Code    12  hal_cm4.o(.emb_text)
    Reset_Handler                            0x000006a5   Thumb Code     8  arm_startup_nrf52.o(.text)
    NMI_Handler                              0x000006ad   Thumb Code     2  arm_startup_nrf52.o(.text)
    HardFault_Handler                        0x000006af   Thumb Code     2  arm_startup_nrf52.o(.text)
    MemoryManagement_Handler                 0x000006b1   Thumb Code     2  arm_startup_nrf52.o(.text)
    BusFault_Handler                         0x000006b3   Thumb Code     2  arm_startup_nrf52.o(.text)
    UsageFault_Handler                       0x000006b5   Thumb Code     2  arm_startup_nrf52.o(.text)
    DebugMon_Handler                         0x000006b9   Thumb Code     2  arm_startup_nrf52.o(.text)
    CCM_AAR_IRQHandler                       0x000006bf   Thumb Code     0  arm_startup_nrf52.o(.text)
    COMP_LPCOMP_IRQHandler                   0x000006bf   Thumb Code     0  arm_startup_nrf52.o(.text)
    ECB_IRQHandler                           0x000006bf   Thumb Code     0  arm_startup_nrf52.o(.text)
    FPU_IRQHandler                           0x000006bf   Thumb Code     0  arm_startup_nrf52.o(.text)
    I2S_IRQHandler                           0x000006bf   Thumb Code     0  arm_startup_nrf52.o(.text)
    MWU_IRQHandler                           0x000006bf   Thumb Code     0  arm_startup_nrf52.o(.text)
    NFCT_IRQHandler                          0x000006bf   Thumb Code     0  arm_startup_nrf52.o(.text)
    PDM_IRQHandler                           0x000006bf   Thumb Code     0  arm_startup_nrf52.o(.text)
    POWER_CLOCK_IRQHandler                   0x000006bf   Thumb Code     0  arm_startup_nrf52.o(.text)
    PWM0_IRQHandler                          0x000006bf   Thumb Code     0  arm_startup_nrf52.o(.text)
    PWM1_IRQHandler                          0x000006bf   Thumb Code     0  arm_startup_nrf52.o(.text)
    PWM2_IRQHandler                          0x000006bf   Thumb Code     0  arm_startup_nrf52.o(.text)
    QDEC_IRQHandler                          0x000006bf   Thumb Code     0  arm_startup_nrf52.o(.text)
    RADIO_IRQHandler                         0x000006bf   Thumb Code     0  arm_startup_nrf52.o(.text)
    RNG_IRQHandler                           0x000006bf   Thumb Code     0  arm_startup_nrf52.o(.text)
    RTC0_IRQHandler                          0x000006bf   Thumb Code     0  arm_startup_nrf52.o(.text)
    RTC1_IRQHandler                          0x000006bf   Thumb Code     0  arm_startup_nrf52.o(.text)
    RTC2_IRQHandler                          0x000006bf   Thumb Code     0  arm_startup_nrf52.o(.text)
    SAADC_IRQHandler                         0x000006bf   Thumb Code     0  arm_startup_nrf52.o(.text)
    SPIM2_SPIS2_SPI2_IRQHandler              0x000006bf   Thumb Code     0  arm_startup_nrf52.o(.text)
    SWI0_EGU0_IRQHandler                     0x000006bf   Thumb Code     0  arm_startup_nrf52.o(.text)
    SWI1_EGU1_IRQHandler                     0x000006bf   Thumb Code     0  arm_startup_nrf52.o(.text)
    SWI2_EGU2_IRQHandler                     0x000006bf   Thumb Code     0  arm_startup_nrf52.o(.text)
    SWI3_EGU3_IRQHandler                     0x000006bf   Thumb Code     0  arm_startup_nrf52.o(.text)
    SWI4_EGU4_IRQHandler                     0x000006bf   Thumb Code     0  arm_startup_nrf52.o(.text)
    SWI5_EGU5_IRQHandler                     0x000006bf   Thumb Code     0  arm_startup_nrf52.o(.text)
    TEMP_IRQHandler                          0x000006bf   Thumb Code     0  arm_startup_nrf52.o(.text)
    TIMER0_IRQHandler                        0x000006bf   Thumb Code     0  arm_startup_nrf52.o(.text)
    TIMER1_IRQHandler                        0x000006bf   Thumb Code     0  arm_startup_nrf52.o(.text)
    TIMER2_IRQHandler                        0x000006bf   Thumb Code     0  arm_startup_nrf52.o(.text)
    TIMER3_IRQHandler                        0x000006bf   Thumb Code     0  arm_startup_nrf52.o(.text)
    TIMER4_IRQHandler                        0x000006bf   Thumb Code     0  arm_startup_nrf52.o(.text)
    WDT_IRQHandler                           0x000006bf   Thumb Code     0  arm_startup_nrf52.o(.text)
    __user_initial_stackheap                 0x000006c1   Thumb Code    10  arm_startup_nrf52.o(.text)
    __user_libspace                          0x000006e5   Thumb Code     8  libspace.o(.text)
    __user_perproc_libspace                  0x000006e5   Thumb Code     0  libspace.o(.text)
    __rt_ctype_table                         0x000006ed   Thumb Code    16  rt_ctype_table.o(.text)
    __2snprintf                              0x000006fd   Thumb Code    50  __2snprintf.o(.text)
    _printf_pre_padding                      0x00000735   Thumb Code    44  _printf_pad.o(.text)
    _printf_post_padding                     0x00000761   Thumb Code    34  _printf_pad.o(.text)
    _printf_truncate_signed                  0x00000783   Thumb Code    18  _printf_truncate.o(.text)
    _printf_truncate_unsigned                0x00000795   Thumb Code    18  _printf_truncate.o(.text)
    _printf_str                              0x000007a7   Thumb Code    82  _printf_str.o(.text)
    _printf_int_dec                          0x000007f9   Thumb Code   104  _printf_dec.o(.text)
    _printf_wctomb                           0x00000871   Thumb Code   182  _printf_wctomb.o(.text)
    _printf_int_oct                          0x0000092d   Thumb Code    72  _printf_oct_int.o(.text)
    _printf_longlong_oct                     0x0000092d   Thumb Code     0  _printf_oct_int.o(.text)
    _printf_int_hex                          0x0000097d   Thumb Code    84  _printf_hex_int.o(.text)
    _printf_longlong_hex                     0x0000097d   Thumb Code     0  _printf_hex_int.o(.text)
    __printf                                 0x000009d5   Thumb Code   388  __printf_flags_ss_wp.o(.text)
    exit                                     0x00000b5d   Thumb Code    18  exit.o(.text)
    strlen                                   0x00000b6f   Thumb Code    62  strlen.o(.text)
    __aeabi_memcpy                           0x00000bad   Thumb Code     0  rt_memcpy_v6.o(.text)
    __rt_memcpy                              0x00000bad   Thumb Code   138  rt_memcpy_v6.o(.text)
    _memcpy_lastbytes                        0x00000c13   Thumb Code     0  rt_memcpy_v6.o(.text)
    __aeabi_memcpy4                          0x00000c37   Thumb Code     0  rt_memcpy_w.o(.text)
    __aeabi_memcpy8                          0x00000c37   Thumb Code     0  rt_memcpy_w.o(.text)
    __rt_memcpy_w                            0x00000c37   Thumb Code   100  rt_memcpy_w.o(.text)
    _memcpy_lastbytes_aligned                0x00000c7f   Thumb Code     0  rt_memcpy_w.o(.text)
    __use_two_region_memory                  0x00000c9b   Thumb Code     2  heapauxi.o(.text)
    __rt_heap_escrow$2region                 0x00000c9d   Thumb Code     2  heapauxi.o(.text)
    __rt_heap_expand$2region                 0x00000c9f   Thumb Code     2  heapauxi.o(.text)
    __rt_locale                              0x00000ca1   Thumb Code    10  rt_locale_twolibspace.o(.text)
    _printf_int_common                       0x00000cab   Thumb Code   178  _printf_intcommon.o(.text)
    _printf_char_common                      0x00000d67   Thumb Code    32  _printf_char_common.o(.text)
    _sputc                                   0x00000d8d   Thumb Code    10  _sputc.o(.text)
    _snputc                                  0x00000d97   Thumb Code    16  _snputc.o(.text)
    _printf_cs_common                        0x00000da7   Thumb Code    20  _printf_char.o(.text)
    _printf_char                             0x00000dbb   Thumb Code    16  _printf_char.o(.text)
    _printf_string                           0x00000dcb   Thumb Code     8  _printf_char.o(.text)
    _printf_lcs_common                       0x00000dd3   Thumb Code    20  _printf_wchar.o(.text)
    _printf_wchar                            0x00000de7   Thumb Code    16  _printf_wchar.o(.text)
    _printf_wstring                          0x00000df7   Thumb Code     8  _printf_wchar.o(.text)
    _wcrtomb                                 0x00000dff   Thumb Code    64  _wcrtomb.o(.text)
    strcmp                                   0x00000e41   Thumb Code   128  strcmpv7m.o(.text)
    _sys_exit                                0x00000ec1   Thumb Code     8  sys_exit.o(.text)
    __user_setup_stackheap                   0x00000ecd   Thumb Code    74  sys_stackheap_outer.o(.text)
    __I$use$semihosting                      0x00000f17   Thumb Code     0  use_no_semi.o(.text)
    __use_no_semihosting_swi                 0x00000f17   Thumb Code     2  use_no_semi.o(.text)
    SVC_Count                                0x00000f18   Data           4  svc_table.o(SVC_TABLE)
    __semihosting_library_function           0x00000f19   Thumb Code     0  indicate_semi.o(.text)
    GPIOTE_IRQHandler                        0x00000f1d   Thumb Code   554  nrf_drv_gpiote.o(i.GPIOTE_IRQHandler)
    SVC_Table                                0x00000f1c   Data           0  svc_table.o(SVC_TABLE)
    SPIM0_SPIS0_TWIM0_TWIS0_SPI0_TWI0_IRQHandler 0x00001155   Thumb Code    12  nrf_drv_twi.o(i.SPIM0_SPIS0_TWIM0_TWIS0_SPI0_TWI0_IRQHandler)
    SPIM1_SPIS1_TWIM1_TWIS1_SPI1_TWI1_IRQHandler 0x00001169   Thumb Code    16  nrf_drv_spi.o(i.SPIM1_SPIS1_TWIM1_TWIS1_SPI1_TWI1_IRQHandler)
    SPI_controller                           0x0000117d   Thumb Code   308  data_transfer.o(i.SPI_controller)
    SPI_init                                 0x000013a1   Thumb Code   146  data_transfer.o(i.SPI_init)
    SynHandler                               0x00001479   Thumb Code    64  data_transfer.o(i.SynHandler)
    SystemCoreClockUpdate                    0x000014e9   Thumb Code     8  system_nrf52.o(i.SystemCoreClockUpdate)
    SystemInit                               0x000014f9   Thumb Code   512  system_nrf52.o(i.SystemInit)
    UARTE0_UART0_IRQHandler                  0x0000172d   Thumb Code    28  nrf_drv_uart.o(i.UARTE0_UART0_IRQHandler)
    _init_box                                0x00001751   Thumb Code    70  rt_membox.o(i._init_box)
    _is_digit                                0x00001797   Thumb Code    14  __printf_wp.o(i._is_digit)
    _mutex_acquire                           0x000017a5   Thumb Code    22  rtx_conf_cm.o(i._mutex_acquire)
    _mutex_release                           0x000017c5   Thumb Code    18  rtx_conf_cm.o(i._mutex_release)
    app_error_fault_handler                  0x000017e1   Thumb Code    90  app_error_weak.o(i.app_error_fault_handler)
    app_error_handler_bare                   0x0000185d   Thumb Code    28  app_error.o(i.app_error_handler_bare)
    app_util_critical_region_enter           0x00001879   Thumb Code    10  app_util_platform.o(i.app_util_critical_region_enter)
    app_util_critical_region_exit            0x00001883   Thumb Code    10  app_util_platform.o(i.app_util_critical_region_exit)
    app_util_disable_irq                     0x0000188d   Thumb Code    14  app_util_platform.o(i.app_util_disable_irq)
    app_util_enable_irq                      0x000018a1   Thumb Code    20  app_util_platform.o(i.app_util_enable_irq)
    buffer_is_empty                          0x00001a41   Thumb Code    20  nrf_log_frontend.o(i.buffer_is_empty)
    comhub                                   0x00001b49   Thumb Code    82  comhub.o(i.comhub)
    comhub_init                              0x00001c15   Thumb Code    40  comhub.o(i.comhub_init)
    dbg_init                                 0x00001c69   Thumb Code    34  hal_cm.o(i.dbg_init)
    dbg_task_notify                          0x00001c99   Thumb Code    32  hal_cm.o(i.dbg_task_notify)
    dbg_task_switch                          0x00001cb9   Thumb Code    16  hal_cm.o(i.dbg_task_switch)
    isrMessageGet                            0x000020c1   Thumb Code    42  rt_cmsis.o(i.isrMessageGet)
    isrMessagePut                            0x000020eb   Thumb Code    44  rt_cmsis.o(i.isrMessagePut)
    isrSignalSet                             0x00002117   Thumb Code    36  rt_cmsis.o(i.isrSignalSet)
    isr_evt_set                              0x0000213d   Thumb Code    34  rt_event.o(i.isr_evt_set)
    isr_mbx_receive                          0x00002165   Thumb Code    86  rt_mailbox.o(i.isr_mbx_receive)
    isr_mbx_send                             0x000021bb   Thumb Code    14  rt_mailbox.o(i.isr_mbx_send)
    main                                     0x000021c9   Thumb Code   110  main.o(i.main)
    nrf_drv_common_irq_enable                0x000022c1   Thumb Code    92  nrf_drv_common.o(i.nrf_drv_common_irq_enable)
    nrf_drv_gpiote_in_event_enable           0x00002335   Thumb Code   164  nrf_drv_gpiote.o(i.nrf_drv_gpiote_in_event_enable)
    nrf_drv_gpiote_in_init                   0x000023e1   Thumb Code   206  nrf_drv_gpiote.o(i.nrf_drv_gpiote_in_init)
    nrf_drv_gpiote_init                      0x000024bd   Thumb Code    90  nrf_drv_gpiote.o(i.nrf_drv_gpiote_init)
    nrf_drv_gpiote_out_clear                 0x0000251d   Thumb Code    12  nrf_drv_gpiote.o(i.nrf_drv_gpiote_out_clear)
    nrf_drv_gpiote_out_init                  0x00002529   Thumb Code   190  nrf_drv_gpiote.o(i.nrf_drv_gpiote_out_init)
    nrf_drv_gpiote_out_set                   0x000025f5   Thumb Code    12  nrf_drv_gpiote.o(i.nrf_drv_gpiote_out_set)
    nrf_drv_spi_init                         0x00002629   Thumb Code   316  nrf_drv_spi.o(i.nrf_drv_spi_init)
    nrf_drv_spi_transfer                     0x0000276d   Thumb Code    44  nrf_drv_spi.o(i.nrf_drv_spi_transfer)
    nrf_drv_spi_xfer                         0x00002799   Thumb Code   104  nrf_drv_spi.o(i.nrf_drv_spi_xfer)
    nrf_drv_uart_init                        0x00002805   Thumb Code   126  nrf_drv_uart.o(i.nrf_drv_uart_init)
    nrf_drv_uart_tx                          0x00002889   Thumb Code    96  nrf_drv_uart.o(i.nrf_drv_uart_tx)
    nrf_drv_uart_tx_in_progress              0x000029f5   Thumb Code    22  nrf_drv_uart.o(i.nrf_drv_uart_tx_in_progress)
    nrf_drv_uart_uninit                      0x00002a11   Thumb Code   130  nrf_drv_uart.o(i.nrf_drv_uart_uninit)
    nrf_log_backend_hexdump_handler_get      0x00002ca5   Thumb Code     4  nrf_log_backend_serial.o(i.nrf_log_backend_hexdump_handler_get)
    nrf_log_backend_init                     0x00002cad   Thumb Code   110  nrf_log_backend_serial.o(i.nrf_log_backend_init)
    nrf_log_backend_std_handler_get          0x00003011   Thumb Code     4  nrf_log_backend_serial.o(i.nrf_log_backend_std_handler_get)
    nrf_log_blocking_backend_set             0x00003019   Thumb Code    10  nrf_log_frontend.o(i.nrf_log_blocking_backend_set)
    nrf_log_frontend_dequeue                 0x00003025   Thumb Code   438  nrf_log_frontend.o(i.nrf_log_frontend_dequeue)
    nrf_log_frontend_init                    0x000031e1   Thumb Code    30  nrf_log_frontend.o(i.nrf_log_frontend_init)
    nrf_log_frontend_std_0                   0x00003205   Thumb Code    88  nrf_log_frontend.o(i.nrf_log_frontend_std_0)
    nrf_log_frontend_std_1                   0x00003265   Thumb Code   108  nrf_log_frontend.o(i.nrf_log_frontend_std_1)
    nrf_log_frontend_std_3                   0x000032d9   Thumb Code   138  nrf_log_frontend.o(i.nrf_log_frontend_std_3)
    nrf_log_handlers_set                     0x0000336d   Thumb Code    12  nrf_log_frontend.o(i.nrf_log_handlers_set)
    nrf_log_init                             0x0000337d   Thumb Code    44  nrf_log_frontend.o(i.nrf_log_init)
    osDelay                                  0x000034e9   Thumb Code    18  rt_cmsis.o(i.osDelay)
    osKernelInitialize                       0x00003501   Thumb Code    30  rt_cmsis.o(i.osKernelInitialize)
    osKernelStart                            0x00003525   Thumb Code    98  rt_cmsis.o(i.osKernelStart)
    osMailCreate                             0x00003591   Thumb Code    36  rt_cmsis.o(i.osMailCreate)
    osMailGet                                0x000035bd   Thumb Code    22  rt_cmsis.o(i.osMailGet)
    osMailPut                                0x000035d3   Thumb Code    20  rt_cmsis.o(i.osMailPut)
    osMessageGet                             0x000035e9   Thumb Code    18  rt_cmsis.o(i.osMessageGet)
    osMessagePut                             0x00003601   Thumb Code    18  rt_cmsis.o(i.osMessagePut)
    osSignalSet                              0x00003619   Thumb Code    18  rt_cmsis.o(i.osSignalSet)
    osSignalWait                             0x00003631   Thumb Code    18  rt_cmsis.o(i.osSignalWait)
    osThreadCreate                           0x00003649   Thumb Code    36  rt_cmsis.o(i.osThreadCreate)
    osThreadExit                             0x00003675   Thumb Code    14  rt_cmsis.o(i.osThreadExit)
    osTimerCall                              0x0000368d   Thumb Code     8  rt_cmsis.o(i.osTimerCall)
    osTimerThread                            0x00003699   Thumb Code    38  rt_cmsis.o(i.osTimerThread)
    os_error                                 0x000036c5   Thumb Code    34  rtx_conf_cm.o(i.os_error)
    os_idle_demon                            0x000036e7   Thumb Code     4  rtx_conf_cm.o(i.os_idle_demon)
    os_tick_init                             0x000036ed   Thumb Code    32  rt_system.o(i.os_tick_init)
    os_tick_irqack                           0x00003715   Thumb Code     2  rt_system.o(i.os_tick_irqack)
    rt_alloc_box                             0x0000384d   Thumb Code    26  rt_membox.o(i.rt_alloc_box)
    rt_alloc_mem                             0x00003867   Thumb Code    62  rt_memory.o(i.rt_alloc_mem)
    rt_block                                 0x000038a5   Thumb Code    48  rt_task.o(i.rt_block)
    rt_chk_robin                             0x000038dd   Thumb Code    60  rt_robin.o(i.rt_chk_robin)
    rt_dec_dly                               0x00003925   Thumb Code   102  rt_list.o(i.rt_dec_dly)
    rt_dispatch                              0x00003995   Thumb Code    60  rt_task.o(i.rt_dispatch)
    rt_dly_wait                              0x000039d9   Thumb Code     6  rt_time.o(i.rt_dly_wait)
    rt_evt_psh                               0x000039e1   Thumb Code    76  rt_event.o(i.rt_evt_psh)
    rt_evt_set                               0x00003a31   Thumb Code    88  rt_event.o(i.rt_evt_set)
    rt_evt_wait                              0x00003a8d   Thumb Code    56  rt_event.o(i.rt_evt_wait)
    rt_free_box                              0x00003ac9   Thumb Code    44  rt_membox.o(i.rt_free_box)
    rt_free_mem                              0x00003af5   Thumb Code    40  rt_memory.o(i.rt_free_mem)
    rt_get_first                             0x00003b1d   Thumb Code    40  rt_list.o(i.rt_get_first)
    rt_init_mem                              0x00003b95   Thumb Code    26  rt_memory.o(i.rt_init_mem)
    rt_init_robin                            0x00003bb1   Thumb Code    14  rt_robin.o(i.rt_init_robin)
    rt_init_stack                            0x00003bc9   Thumb Code   118  hal_cm.o(i.rt_init_stack)
    rt_mbx_check                             0x00003c49   Thumb Code     8  rt_mailbox.o(i.rt_mbx_check)
    rt_mbx_init                              0x00003c51   Thumb Code    26  rt_mailbox.o(i.rt_mbx_init)
    rt_mbx_psh                               0x00003c6d   Thumb Code   236  rt_mailbox.o(i.rt_mbx_psh)
    rt_mbx_send                              0x00003d5d   Thumb Code   148  rt_mailbox.o(i.rt_mbx_send)
    rt_mbx_wait                              0x00003df5   Thumb Code   174  rt_mailbox.o(i.rt_mbx_wait)
    rt_mut_release                           0x00003eed   Thumb Code   208  rt_mutex.o(i.rt_mut_release)
    rt_mut_wait                              0x00003fc5   Thumb Code   114  rt_mutex.o(i.rt_mut_wait)
    rt_pop_req                               0x0000403d   Thumb Code   112  rt_system.o(i.rt_pop_req)
    rt_psh_req                               0x000040b9   Thumb Code    22  rt_system.o(i.rt_psh_req)
    rt_psq_enq                               0x000040d9   Thumb Code    88  rt_list.o(i.rt_psq_enq)
    rt_put_dly                               0x00004135   Thumb Code    68  rt_list.o(i.rt_put_dly)
    rt_put_prio                              0x0000417d   Thumb Code    54  rt_list.o(i.rt_put_prio)
    rt_put_rdy_first                         0x000041b5   Thumb Code    14  rt_list.o(i.rt_put_rdy_first)
    rt_resort_prio                           0x000041c9   Thumb Code    46  rt_list.o(i.rt_resort_prio)
    rt_ret_val                               0x0000420d   Thumb Code    12  hal_cm.o(i.rt_ret_val)
    rt_ret_val2                              0x00004219   Thumb Code    16  hal_cm.o(i.rt_ret_val2)
    rt_rmv_dly                               0x00004229   Thumb Code    40  rt_list.o(i.rt_rmv_dly)
    rt_rmv_list                              0x00004251   Thumb Code    44  rt_list.o(i.rt_rmv_list)
    rt_sem_psh                               0x00004281   Thumb Code    48  rt_semaphore.o(i.rt_sem_psh)
    rt_stk_check                             0x000042b5   Thumb Code    28  rt_system.o(i.rt_stk_check)
    rt_switch_req                            0x000042d9   Thumb Code    30  rt_task.o(i.rt_switch_req)
    rt_sys_init                              0x00004301   Thumb Code   138  rt_task.o(i.rt_sys_init)
    rt_sys_start                             0x000043cd   Thumb Code   110  rt_task.o(i.rt_sys_start)
    rt_systick                               0x00004445   Thumb Code    50  rt_system.o(i.rt_systick)
    rt_tsk_create                            0x000044cd   Thumb Code   118  rt_task.o(i.rt_tsk_create)
    rt_tsk_delete                            0x00004555   Thumb Code   352  rt_task.o(i.rt_tsk_delete)
    rt_tsk_prio                              0x000046d1   Thumb Code   108  rt_task.o(i.rt_tsk_prio)
    rt_tsk_self                              0x0000474d   Thumb Code    12  rt_task.o(i.rt_tsk_self)
    spi_event_handler                        0x00004801   Thumb Code     8  data_transfer.o(i.spi_event_handler)
    svcDelay                                 0x0000490f   Thumb Code    18  rt_cmsis.o(i.svcDelay)
    svcKernelInitialize                      0x00004921   Thumb Code    80  rt_cmsis.o(i.svcKernelInitialize)
    svcKernelStart                           0x00004991   Thumb Code    62  rt_cmsis.o(i.svcKernelStart)
    svcMailCreate                            0x000049d9   Thumb Code    66  rt_cmsis.o(i.svcMailCreate)
    svcMessageCreate                         0x00004a1b   Thumb Code    36  rt_cmsis.o(i.svcMessageCreate)
    svcMessageGet                            0x00004a3f   Thumb Code    58  rt_cmsis.o(i.svcMessageGet)
    svcMessagePut                            0x00004a79   Thumb Code    54  rt_cmsis.o(i.svcMessagePut)
    svcSignalSet                             0x00004aaf   Thumb Code    36  rt_cmsis.o(i.svcSignalSet)
    svcSignalWait                            0x00004ad5   Thumb Code    80  rt_cmsis.o(i.svcSignalWait)
    svcThreadCreate                          0x00004b29   Thumb Code    96  rt_cmsis.o(i.svcThreadCreate)
    svcThreadGetId                           0x00004b95   Thumb Code    22  rt_cmsis.o(i.svcThreadGetId)
    svcThreadTerminate                       0x00004bb1   Thumb Code    50  rt_cmsis.o(i.svcThreadTerminate)
    svcTimerCall                             0x00004be9   Thumb Code    24  rt_cmsis.o(i.svcTimerCall)
    sysTimerTick                             0x00004c01   Thumb Code    84  rt_cmsis.o(i.sysTimerTick)
    tx_clr                                   0x00004cc3   Thumb Code    18  data_transfer.o(i.tx_clr)
    tx_set                                   0x00004cf7   Thumb Code    20  data_transfer.o(i.tx_set)
    _get_lc_ctype                            0x00004f6d   Thumb Code    44  lc_ctype_c.o(locale$$code)
    _fp_init                                 0x00004f99   Thumb Code    10  fpinit.o(x$fpl$fpinit)
    __fplib_config_fpu_vfp                   0x00004fa1   Thumb Code     0  fpinit.o(x$fpl$fpinit)
    __fplib_config_pureend_doubles           0x00004fa1   Thumb Code     0  fpinit.o(x$fpl$fpinit)
    os_thread_def_SPI_controller             0x00004fa4   Data          16  main.o(.constdata)
    os_thread_def_comhub                     0x00004fb4   Data          16  main.o(.constdata)
    os_mutex_def_mut_log                     0x00004fcc   Data           4  data_transfer.o(.constdata)
    os_mailQ_def_mail_pool_in                0x00004fe8   Data          12  comhub.o(.constdata)
    os_mailQ_def_mail_pool_spi               0x00004ff4   Data          12  comhub.o(.constdata)
    os_maxtaskrun                            0x00005094   Data           2  rtx_conf_cm.o(.constdata)
    os_stackinfo                             0x00005098   Data           4  rtx_conf_cm.o(.constdata)
    os_rrobin                                0x0000509c   Data           4  rtx_conf_cm.o(.constdata)
    os_tickfreq                              0x000050a0   Data           4  rtx_conf_cm.o(.constdata)
    os_tickus_i                              0x000050a4   Data           2  rtx_conf_cm.o(.constdata)
    os_tickus_f                              0x000050a6   Data           2  rtx_conf_cm.o(.constdata)
    os_trv                                   0x000050a8   Data           4  rtx_conf_cm.o(.constdata)
    os_flags                                 0x000050ac   Data           1  rtx_conf_cm.o(.constdata)
    CMSIS_RTOS_API_Version                   0x000050b0   Data           4  rtx_conf_cm.o(.constdata)
    CMSIS_RTOS_RTX_Version                   0x000050b4   Data           4  rtx_conf_cm.o(.constdata)
    os_clockrate                             0x000050b8   Data           4  rtx_conf_cm.o(.constdata)
    os_timernum                              0x000050bc   Data           4  rtx_conf_cm.o(.constdata)
    mp_tcb_size                              0x000050c0   Data           2  rtx_conf_cm.o(.constdata)
    mp_stk_size                              0x000050c4   Data           4  rtx_conf_cm.o(.constdata)
    os_stack_sz                              0x000050c8   Data           4  rtx_conf_cm.o(.constdata)
    os_fifo_size                             0x000050cc   Data           1  rtx_conf_cm.o(.constdata)
    os_thread_def_osTimerThread              0x000050d0   Data          16  rtx_conf_cm.o(.constdata)
    os_messageQ_def_osTimerMessageQ          0x000050e0   Data           8  rtx_conf_cm.o(.constdata)
    mp_tmr_size                              0x000050e8   Data           2  rtx_conf_cm.o(.constdata)
    os_thread_def_main                       0x000050ec   Data          16  rtx_conf_cm.o(.constdata)
    Region$$Table$$Base                      0x0000514c   Number         0  anon$$obj.o(Region$$Table)
    Region$$Table$$Limit                     0x0000516c   Number         0  anon$$obj.o(Region$$Table)
    __ctype                                  0x00005179   Data           0  lc_ctype_c.o(locale$$data)
    tid_SPI                                  0x20000000   Data           4  main.o(.data)
    tid_comhub                               0x20000004   Data           4  main.o(.data)
    p                                        0x2000000c   Data           4  data_transfer.o(.data)
    mut_log                                  0x20000018   Data           4  data_transfer.o(.data)
    os_mailQ_p_mail_pool_in                  0x20000020   Data           8  comhub.o(.data)
    os_mailQ_p_mail_pool_spi                 0x20000028   Data           8  comhub.o(.data)
    osThreadId_osTimerThread                 0x20000044   Data           4  rtx_conf_cm.o(.data)
    osMessageQId_osTimerMessageQ             0x20000048   Data           4  rtx_conf_cm.o(.data)
    os_tmr                                   0x2000004c   Data           4  rtx_conf_cm.o(.data)
    m_tmr                                    0x20000050   Data           4  rtx_conf_cm.o(.data)
    SystemCoreClock                          0x20000058   Data           4  system_nrf52.o(.data)
    os_initialized                           0x2000005c   Data           1  rt_cmsis.o(.data)
    os_running                               0x2000005d   Data           1  rt_cmsis.o(.data)
    os_timer_head                            0x20000060   Data           4  rt_cmsis.o(.data)
    os_tsk                                   0x20000064   Data           8  rt_task.o(.data)
    os_tick_irqn                             0x20000070   Data           4  rt_system.o(.data)
    os_time                                  0x20000074   Data           4  rt_time.o(.data)
    os_robin                                 0x20000078   Data           8  rt_robin.o(.data)
    dbg_msg                                  0x20000080   Data           1  hal_cm.o(.data)
    os_mutex_cb_mut_log                      0x20000084   Data          16  data_transfer.o(.bss)
    os_mailQ_q_mail_pool_in                  0x20000094   Data          56  comhub.o(.bss)
    os_mailQ_m_mail_pool_in                  0x200000cc   Data          92  comhub.o(.bss)
    os_mailQ_q_mail_pool_spi                 0x20000128   Data          56  comhub.o(.bss)
    os_mailQ_m_mail_pool_spi                 0x20000160   Data          92  comhub.o(.bss)
    mail_q_id                                0x200001bc   Data          20  comhub.o(.bss)
    mp_tcb                                   0x20000798   Data         480  rtx_conf_cm.o(.bss)
    mp_stk                                   0x20000978   Data        1616  rtx_conf_cm.o(.bss)
    os_stack_mem                             0x20000fc8   Data         432  rtx_conf_cm.o(.bss)
    os_fifo                                  0x20001178   Data         132  rtx_conf_cm.o(.bss)
    os_active_TCB                            0x200011fc   Data          36  rtx_conf_cm.o(.bss)
    os_messageQ_q_osTimerMessageQ            0x20001220   Data          32  rtx_conf_cm.o(.bss)
    os_idle_TCB                              0x20001620   Data          52  rt_task.o(.bss)
    os_rdy                                   0x20001654   Data          24  rt_list.o(.bss)
    os_dly                                   0x2000166c   Data          24  rt_list.o(.bss)
    __libspace_start                         0x20001684   Data          96  libspace.o(.bss)
    __temporary_stack_top$libspace           0x200016e4   Data           0  libspace.o(.bss)



==============================================================================

Memory Map of the image

  Image Entry point : 0x000006a5

  Load Region LR_1 (Base: 0x00000000, Size: 0x00005300, Max: 0xffffffff, ABSOLUTE)

    Execution Region ER_RO (Base: 0x00000000, Size: 0x0000527c, Max: 0xffffffff, ABSOLUTE)

    Base Addr    Size         Type   Attr      Idx    E Section Name        Object

    0x00000000   0x00000400   Data   RO         1915    RESET               arm_startup_nrf52.o
    0x00000400   0x00000008   Code   RO         3295  * !!!main             c_w.l(__main.o)
    0x00000408   0x00000034   Code   RO         3486    !!!scatter          c_w.l(__scatter.o)
    0x0000043c   0x0000001a   Code   RO         3488    !!handler_copy      c_w.l(__scatter_copy.o)
    0x00000456   0x00000002   PAD
    0x00000458   0x0000001c   Code   RO         3490    !!handler_zi        c_w.l(__scatter_zi.o)
    0x00000474   0x00000000   Code   RO         3283    .ARM.Collect$$_printf_percent$$00000000  c_w.l(_printf_percent.o)
    0x00000474   0x00000006   Code   RO         3280    .ARM.Collect$$_printf_percent$$00000008  c_w.l(_printf_i.o)
    0x0000047a   0x00000006   Code   RO         3281    .ARM.Collect$$_printf_percent$$00000009  c_w.l(_printf_d.o)
    0x00000480   0x00000006   Code   RO         3282    .ARM.Collect$$_printf_percent$$0000000A  c_w.l(_printf_u.o)
    0x00000486   0x00000006   Code   RO         3279    .ARM.Collect$$_printf_percent$$0000000B  c_w.l(_printf_o.o)
    0x0000048c   0x00000006   Code   RO         3278    .ARM.Collect$$_printf_percent$$0000000C  c_w.l(_printf_x.o)
    0x00000492   0x0000000a   Code   RO         3324    .ARM.Collect$$_printf_percent$$00000012  c_w.l(_printf_l.o)
    0x0000049c   0x00000006   Code   RO         3277    .ARM.Collect$$_printf_percent$$00000013  c_w.l(_printf_c.o)
    0x000004a2   0x00000006   Code   RO         3284    .ARM.Collect$$_printf_percent$$00000015  c_w.l(_printf_lc.o)
    0x000004a8   0x00000004   Code   RO         3323    .ARM.Collect$$_printf_percent$$00000017  c_w.l(_printf_percent_end.o)
    0x000004ac   0x00000002   Code   RO         3419    .ARM.Collect$$libinit$$00000000  c_w.l(libinit.o)
    0x000004ae   0x00000004   Code   RO         3358    .ARM.Collect$$libinit$$00000001  c_w.l(libinit2.o)
    0x000004b2   0x00000000   Code   RO         3361    .ARM.Collect$$libinit$$00000004  c_w.l(libinit2.o)
    0x000004b2   0x00000000   Code   RO         3364    .ARM.Collect$$libinit$$0000000A  c_w.l(libinit2.o)
    0x000004b2   0x00000000   Code   RO         3366    .ARM.Collect$$libinit$$0000000C  c_w.l(libinit2.o)
    0x000004b2   0x00000000   Code   RO         3368    .ARM.Collect$$libinit$$0000000E  c_w.l(libinit2.o)
    0x000004b2   0x00000006   Code   RO         3369    .ARM.Collect$$libinit$$0000000F  c_w.l(libinit2.o)
    0x000004b8   0x00000000   Code   RO         3371    .ARM.Collect$$libinit$$00000011  c_w.l(libinit2.o)
    0x000004b8   0x0000000c   Code   RO         3372    .ARM.Collect$$libinit$$00000012  c_w.l(libinit2.o)
    0x000004c4   0x00000000   Code   RO         3373    .ARM.Collect$$libinit$$00000013  c_w.l(libinit2.o)
    0x000004c4   0x00000000   Code   RO         3375    .ARM.Collect$$libinit$$00000015  c_w.l(libinit2.o)
    0x000004c4   0x00000000   Code   RO         3377    .ARM.Collect$$libinit$$00000017  c_w.l(libinit2.o)
    0x000004c4   0x00000000   Code   RO         3379    .ARM.Collect$$libinit$$00000019  c_w.l(libinit2.o)
    0x000004c4   0x00000000   Code   RO         3381    .ARM.Collect$$libinit$$0000001B  c_w.l(libinit2.o)
    0x000004c4   0x00000000   Code   RO         3383    .ARM.Collect$$libinit$$0000001D  c_w.l(libinit2.o)
    0x000004c4   0x00000000   Code   RO         3385    .ARM.Collect$$libinit$$0000001F  c_w.l(libinit2.o)
    0x000004c4   0x00000000   Code   RO         3387    .ARM.Collect$$libinit$$00000021  c_w.l(libinit2.o)
    0x000004c4   0x00000000   Code   RO         3389    .ARM.Collect$$libinit$$00000023  c_w.l(libinit2.o)
    0x000004c4   0x00000000   Code   RO         3391    .ARM.Collect$$libinit$$00000025  c_w.l(libinit2.o)
    0x000004c4   0x00000000   Code   RO         3395    .ARM.Collect$$libinit$$0000002C  c_w.l(libinit2.o)
    0x000004c4   0x00000000   Code   RO         3397    .ARM.Collect$$libinit$$0000002E  c_w.l(libinit2.o)
    0x000004c4   0x00000000   Code   RO         3399    .ARM.Collect$$libinit$$00000030  c_w.l(libinit2.o)
    0x000004c4   0x00000000   Code   RO         3401    .ARM.Collect$$libinit$$00000032  c_w.l(libinit2.o)
    0x000004c4   0x00000002   Code   RO         3402    .ARM.Collect$$libinit$$00000033  c_w.l(libinit2.o)
    0x000004c6   0x00000002   Code   RO         3420    .ARM.Collect$$libshutdown$$00000000  c_w.l(libshutdown.o)
    0x000004c8   0x00000000   Code   RO         3437    .ARM.Collect$$libshutdown$$00000002  c_w.l(libshutdown2.o)
    0x000004c8   0x00000000   Code   RO         3439    .ARM.Collect$$libshutdown$$00000004  c_w.l(libshutdown2.o)
    0x000004c8   0x00000000   Code   RO         3442    .ARM.Collect$$libshutdown$$00000007  c_w.l(libshutdown2.o)
    0x000004c8   0x00000000   Code   RO         3445    .ARM.Collect$$libshutdown$$0000000A  c_w.l(libshutdown2.o)
    0x000004c8   0x00000000   Code   RO         3447    .ARM.Collect$$libshutdown$$0000000C  c_w.l(libshutdown2.o)
    0x000004c8   0x00000000   Code   RO         3450    .ARM.Collect$$libshutdown$$0000000F  c_w.l(libshutdown2.o)
    0x000004c8   0x00000002   Code   RO         3451    .ARM.Collect$$libshutdown$$00000010  c_w.l(libshutdown2.o)
    0x000004ca   0x00000000   Code   RO         3297    .ARM.Collect$$rtentry$$00000000  c_w.l(__rtentry.o)
    0x000004ca   0x00000000   Code   RO         3331    .ARM.Collect$$rtentry$$00000002  c_w.l(__rtentry2.o)
    0x000004ca   0x00000006   Code   RO         3343    .ARM.Collect$$rtentry$$00000004  c_w.l(__rtentry4.o)
    0x000004d0   0x00000000   Code   RO         3333    .ARM.Collect$$rtentry$$00000009  c_w.l(__rtentry2.o)
    0x000004d0   0x00000004   Code   RO         3334    .ARM.Collect$$rtentry$$0000000A  c_w.l(__rtentry2.o)
    0x000004d4   0x00000008   Code   RO         3335    .ARM.Collect$$rtentry$$0000000B  c_w.l(__rtentry2.o)
    0x000004dc   0x00000008   Code   RO         3337    .ARM.Collect$$rtentry$$0000000D  c_w.l(__rtentry2.o)
    0x000004e4   0x00000002   Code   RO         3298    .ARM.Collect$$rtexit$$00000000  c_w.l(rtexit.o)
    0x000004e6   0x00000000   Code   RO         3346    .ARM.Collect$$rtexit$$00000002  c_w.l(rtexit2.o)
    0x000004e6   0x00000004   Code   RO         3347    .ARM.Collect$$rtexit$$00000003  c_w.l(rtexit2.o)
    0x000004ea   0x00000006   Code   RO         3348    .ARM.Collect$$rtexit$$00000004  c_w.l(rtexit2.o)
    0x000004f0   0x0000001c   Code   RO         1855    .emb_text           rtx_conf_cm.o
    0x0000050c   0x00000198   Code   RO         3191    .emb_text           RTX_CM4.lib(hal_cm4.o)
    0x000006a4   0x00000040   Code   RO         1916  * .text               arm_startup_nrf52.o
    0x000006e4   0x00000008   Code   RO         3206    .text               c_w.l(libspace.o)
    0x000006ec   0x00000010   Code   RO         3209    .text               c_w.l(rt_ctype_table.o)
    0x000006fc   0x00000038   Code   RO         3213    .text               c_w.l(__2snprintf.o)
    0x00000734   0x0000004e   Code   RO         3219    .text               c_w.l(_printf_pad.o)
    0x00000782   0x00000024   Code   RO         3221    .text               c_w.l(_printf_truncate.o)
    0x000007a6   0x00000052   Code   RO         3223    .text               c_w.l(_printf_str.o)
    0x000007f8   0x00000078   Code   RO         3225    .text               c_w.l(_printf_dec.o)
    0x00000870   0x000000bc   Code   RO         3227    .text               c_w.l(_printf_wctomb.o)
    0x0000092c   0x00000050   Code   RO         3232    .text               c_w.l(_printf_oct_int.o)
    0x0000097c   0x00000058   Code   RO         3239    .text               c_w.l(_printf_hex_int.o)
    0x000009d4   0x00000188   Code   RO         3274    .text               c_w.l(__printf_flags_ss_wp.o)
    0x00000b5c   0x00000012   Code   RO         3285    .text               c_w.l(exit.o)
    0x00000b6e   0x0000003e   Code   RO         3287    .text               c_w.l(strlen.o)
    0x00000bac   0x0000008a   Code   RO         3289    .text               c_w.l(rt_memcpy_v6.o)
    0x00000c36   0x00000064   Code   RO         3291    .text               c_w.l(rt_memcpy_w.o)
    0x00000c9a   0x00000006   Code   RO         3293    .text               c_w.l(heapauxi.o)
    0x00000ca0   0x0000000a   Code   RO         3309    .text               c_w.l(rt_locale_twolibspace.o)
    0x00000caa   0x000000b2   Code   RO         3311    .text               c_w.l(_printf_intcommon.o)
    0x00000d5c   0x00000030   Code   RO         3313    .text               c_w.l(_printf_char_common.o)
    0x00000d8c   0x0000000a   Code   RO         3315    .text               c_w.l(_sputc.o)
    0x00000d96   0x00000010   Code   RO         3317    .text               c_w.l(_snputc.o)
    0x00000da6   0x0000002c   Code   RO         3319    .text               c_w.l(_printf_char.o)
    0x00000dd2   0x0000002c   Code   RO         3321    .text               c_w.l(_printf_wchar.o)
    0x00000dfe   0x00000040   Code   RO         3325    .text               c_w.l(_wcrtomb.o)
    0x00000e3e   0x00000002   PAD
    0x00000e40   0x00000080   Code   RO         3356    .text               c_w.l(strcmpv7m.o)
    0x00000ec0   0x0000000c   Code   RO         3403    .text               c_w.l(sys_exit.o)
    0x00000ecc   0x0000004a   Code   RO         3405    .text               c_w.l(sys_stackheap_outer.o)
    0x00000f16   0x00000002   Code   RO         3423    .text               c_w.l(use_no_semi.o)
    0x00000f18   0x00000000   Code   RO         3425    .text               c_w.l(indicate_semi.o)
    0x00000f18   0x00000004   Code   RO         3201    SVC_TABLE           RTX_CM4.lib(svc_table.o)
    0x00000f1c   0x00000238   Code   RO          294    i.GPIOTE_IRQHandler  nrf_drv_gpiote.o
    0x00001154   0x00000014   Code   RO          775    i.SPIM0_SPIS0_TWIM0_TWIS0_SPI0_TWI0_IRQHandler  nrf_drv_twi.o
    0x00001168   0x00000014   Code   RO          634    i.SPIM1_SPIS1_TWIM1_TWIS1_SPI1_TWI1_IRQHandler  nrf_drv_spi.o
    0x0000117c   0x00000224   Code   RO          192    i.SPI_controller    data_transfer.o
    0x000013a0   0x000000d8   Code   RO          193    i.SPI_init          data_transfer.o
    0x00001478   0x00000070   Code   RO          194    i.SynHandler        data_transfer.o
    0x000014e8   0x00000010   Code   RO         1923    i.SystemCoreClockUpdate  system_nrf52.o
    0x000014f8   0x00000234   Code   RO         1924    i.SystemInit        system_nrf52.o
    0x0000172c   0x00000024   Code   RO         1032    i.UARTE0_UART0_IRQHandler  nrf_drv_uart.o
    0x00001750   0x00000046   Code   RO         3085    i._init_box         RTX_CM4.lib(rt_membox.o)
    0x00001796   0x0000000e   Code   RO         3267    i._is_digit         c_w.l(__printf_wp.o)
    0x000017a4   0x00000020   Code   RO         1857    i._mutex_acquire    rtx_conf_cm.o
    0x000017c4   0x0000001c   Code   RO         1859    i._mutex_release    rtx_conf_cm.o
    0x000017e0   0x0000007c   Code   RO         1670    i.app_error_fault_handler  app_error_weak.o
    0x0000185c   0x0000001c   Code   RO         1628    i.app_error_handler_bare  app_error.o
    0x00001878   0x0000000a   Code   RO         1579    i.app_util_critical_region_enter  app_util_platform.o
    0x00001882   0x0000000a   Code   RO         1580    i.app_util_critical_region_exit  app_util_platform.o
    0x0000188c   0x00000014   Code   RO         1581    i.app_util_disable_irq  app_util_platform.o
    0x000018a0   0x00000018   Code   RO         1582    i.app_util_enable_irq  app_util_platform.o
    0x000018b8   0x000000e4   Code   RO         1033    i.apply_config      nrf_drv_uart.o
    0x0000199c   0x00000014   Code   RO         1334    i.buf_len_update    nrf_log_backend_serial.o
    0x000019b0   0x00000090   Code   RO         1447    i.buf_prealloc      nrf_log_frontend.o
    0x00001a40   0x00000018   Code   RO         1448    i.buffer_is_empty   nrf_log_frontend.o
    0x00001a58   0x00000032   Code   RO         1335    i.byte2hex          nrf_log_backend_serial.o
    0x00001a8a   0x00000002   PAD
    0x00001a8c   0x00000020   Code   RO          295    i.channel_free      nrf_drv_gpiote.o
    0x00001aac   0x00000010   Code   RO          296    i.channel_handler_get  nrf_drv_gpiote.o
    0x00001abc   0x00000080   Code   RO          297    i.channel_port_alloc  nrf_drv_gpiote.o
    0x00001b3c   0x0000000c   Code   RO          298    i.channel_port_get  nrf_drv_gpiote.o
    0x00001b48   0x000000cc   Code   RO          258    i.comhub            comhub.o
    0x00001c14   0x00000054   Code   RO          259    i.comhub_init       comhub.o
    0x00001c68   0x00000030   Code   RO         3138    i.dbg_init          RTX_CM4.lib(hal_cm.o)
    0x00001c98   0x00000020   Code   RO         3139    i.dbg_task_notify   RTX_CM4.lib(hal_cm.o)
    0x00001cb8   0x00000010   Code   RO         3140    i.dbg_task_switch   RTX_CM4.lib(hal_cm.o)
    0x00001cc8   0x00000030   Code   RO         1925    i.errata_16         system_nrf52.o
    0x00001cf8   0x00000054   Code   RO         1926    i.errata_31         system_nrf52.o
    0x00001d4c   0x00000030   Code   RO         1927    i.errata_32         system_nrf52.o
    0x00001d7c   0x00000054   Code   RO         1928    i.errata_36         system_nrf52.o
    0x00001dd0   0x00000030   Code   RO         1929    i.errata_37         system_nrf52.o
    0x00001e00   0x00000030   Code   RO         1930    i.errata_57         system_nrf52.o
    0x00001e30   0x00000030   Code   RO         1931    i.errata_66         system_nrf52.o
    0x00001e60   0x0000001e   Code   RO          635    i.finish_transfer   nrf_drv_spi.o
    0x00001e7e   0x00000002   PAD
    0x00001e80   0x0000008c   Code   RO         1034    i.interrupts_enable  nrf_drv_uart.o
    0x00001f0c   0x00000024   Code   RO          636    i.irq_handler_spim  nrf_drv_spi.o
    0x00001f30   0x00000190   Code   RO          776    i.irq_handler_twim  nrf_drv_twi.o
    0x000020c0   0x0000002a   Code   RO         1994    i.isrMessageGet     RTX_CM4.lib(rt_cmsis.o)
    0x000020ea   0x0000002c   Code   RO         1995    i.isrMessagePut     RTX_CM4.lib(rt_cmsis.o)
    0x00002116   0x00000024   Code   RO         1997    i.isrSignalSet      RTX_CM4.lib(rt_cmsis.o)
    0x0000213a   0x00000002   PAD
    0x0000213c   0x00000028   Code   RO         2822    i.isr_evt_set       RTX_CM4.lib(rt_event.o)
    0x00002164   0x00000056   Code   RO         2940    i.isr_mbx_receive   RTX_CM4.lib(rt_mailbox.o)
    0x000021ba   0x0000000e   Code   RO         2941    i.isr_mbx_send      RTX_CM4.lib(rt_mailbox.o)
    0x000021c8   0x0000009c   Code   RO            4    i.main              main.o
    0x00002264   0x00000016   Code   RO          299    i.nrf_bitmask_bit_is_set  nrf_drv_gpiote.o
    0x0000227a   0x00000002   PAD
    0x0000227c   0x00000044   Code   RO         1035    i.nrf_drv_common_irq_disable  nrf_drv_uart.o
    0x000022c0   0x00000068   Code   RO          606    i.nrf_drv_common_irq_enable  nrf_drv_common.o
    0x00002328   0x0000000a   Code   RO         1036    i.nrf_drv_get_IRQn  nrf_drv_uart.o
    0x00002332   0x00000002   PAD
    0x00002334   0x000000ac   Code   RO          304    i.nrf_drv_gpiote_in_event_enable  nrf_drv_gpiote.o
    0x000023e0   0x000000dc   Code   RO          305    i.nrf_drv_gpiote_in_init  nrf_drv_gpiote.o
    0x000024bc   0x00000060   Code   RO          308    i.nrf_drv_gpiote_init  nrf_drv_gpiote.o
    0x0000251c   0x0000000c   Code   RO          310    i.nrf_drv_gpiote_out_clear  nrf_drv_gpiote.o
    0x00002528   0x000000cc   Code   RO          311    i.nrf_drv_gpiote_out_init  nrf_drv_gpiote.o
    0x000025f4   0x0000000c   Code   RO          312    i.nrf_drv_gpiote_out_set  nrf_drv_gpiote.o
    0x00002600   0x00000014   Code   RO          637    i.nrf_drv_is_in_RAM  nrf_drv_spi.o
    0x00002614   0x00000014   Code   RO         1037    i.nrf_drv_is_in_RAM  nrf_drv_uart.o
    0x00002628   0x00000144   Code   RO          639    i.nrf_drv_spi_init  nrf_drv_spi.o
    0x0000276c   0x0000002c   Code   RO          641    i.nrf_drv_spi_transfer  nrf_drv_spi.o
    0x00002798   0x0000006c   Code   RO          643    i.nrf_drv_spi_xfer  nrf_drv_spi.o
    0x00002804   0x00000084   Code   RO         1039    i.nrf_drv_uart_init  nrf_drv_uart.o
    0x00002888   0x00000064   Code   RO         1046    i.nrf_drv_uart_tx   nrf_drv_uart.o
    0x000028ec   0x0000008c   Code   RO         1048    i.nrf_drv_uart_tx_for_uart  nrf_drv_uart.o
    0x00002978   0x0000007c   Code   RO         1049    i.nrf_drv_uart_tx_for_uarte  nrf_drv_uart.o
    0x000029f4   0x0000001c   Code   RO         1050    i.nrf_drv_uart_tx_in_progress  nrf_drv_uart.o
    0x00002a10   0x0000008c   Code   RO         1051    i.nrf_drv_uart_uninit  nrf_drv_uart.o
    0x00002a9c   0x00000028   Code   RO          323    i.nrf_gpio_cfg      nrf_drv_gpiote.o
    0x00002ac4   0x00000028   Code   RO          644    i.nrf_gpio_cfg      nrf_drv_spi.o
    0x00002aec   0x00000028   Code   RO         1052    i.nrf_gpio_cfg      nrf_drv_uart.o
    0x00002b14   0x00000018   Code   RO         1053    i.nrf_gpio_cfg_default  nrf_drv_uart.o
    0x00002b2c   0x0000001a   Code   RO         1054    i.nrf_gpio_cfg_input  nrf_drv_uart.o
    0x00002b46   0x00000018   Code   RO          645    i.nrf_gpio_cfg_output  nrf_drv_spi.o
    0x00002b5e   0x00000018   Code   RO         1055    i.nrf_gpio_cfg_output  nrf_drv_uart.o
    0x00002b76   0x00000032   Code   RO          325    i.nrf_gpio_cfg_sense_set  nrf_drv_gpiote.o
    0x00002ba8   0x00000016   Code   RO          326    i.nrf_gpio_pin_clear  nrf_drv_gpiote.o
    0x00002bbe   0x00000016   Code   RO          646    i.nrf_gpio_pin_clear  nrf_drv_spi.o
    0x00002bd4   0x00000018   Code   RO          327    i.nrf_gpio_pin_read  nrf_drv_gpiote.o
    0x00002bec   0x00000016   Code   RO          328    i.nrf_gpio_pin_set  nrf_drv_gpiote.o
    0x00002c02   0x00000016   Code   RO          647    i.nrf_gpio_pin_set  nrf_drv_spi.o
    0x00002c18   0x00000016   Code   RO         1056    i.nrf_gpio_pin_set  nrf_drv_uart.o
    0x00002c2e   0x00000002   PAD
    0x00002c30   0x00000028   Code   RO          329    i.nrf_gpio_ports_read  nrf_drv_gpiote.o
    0x00002c58   0x0000000c   Code   RO          330    i.nrf_gpiote_event_addr_get  nrf_drv_gpiote.o
    0x00002c64   0x0000001c   Code   RO          331    i.nrf_gpiote_event_clear  nrf_drv_gpiote.o
    0x00002c80   0x00000016   Code   RO          332    i.nrf_gpiote_event_is_set  nrf_drv_gpiote.o
    0x00002c96   0x00000002   PAD
    0x00002c98   0x0000000c   Code   RO          333    i.nrf_gpiote_int_enable  nrf_drv_gpiote.o
    0x00002ca4   0x00000008   Code   RO         1337    i.nrf_log_backend_hexdump_handler_get  nrf_log_backend_serial.o
    0x00002cac   0x00000084   Code   RO         1338    i.nrf_log_backend_init  nrf_log_backend_serial.o
    0x00002d30   0x0000015e   Code   RO         1339    i.nrf_log_backend_serial_hexdump_handler  nrf_log_backend_serial.o
    0x00002e8e   0x00000182   Code   RO         1340    i.nrf_log_backend_serial_std_handler  nrf_log_backend_serial.o
    0x00003010   0x00000008   Code   RO         1341    i.nrf_log_backend_std_handler_get  nrf_log_backend_serial.o
    0x00003018   0x0000000a   Code   RO         1450    i.nrf_log_blocking_backend_set  nrf_log_frontend.o
    0x00003022   0x00000002   PAD
    0x00003024   0x000001bc   Code   RO         1451    i.nrf_log_frontend_dequeue  nrf_log_frontend.o
    0x000031e0   0x00000024   Code   RO         1453    i.nrf_log_frontend_init  nrf_log_frontend.o
    0x00003204   0x00000060   Code   RO         1454    i.nrf_log_frontend_std_0  nrf_log_frontend.o
    0x00003264   0x00000074   Code   RO         1455    i.nrf_log_frontend_std_1  nrf_log_frontend.o
    0x000032d8   0x00000094   Code   RO         1457    i.nrf_log_frontend_std_3  nrf_log_frontend.o
    0x0000336c   0x00000010   Code   RO         1462    i.nrf_log_handlers_set  nrf_log_frontend.o
    0x0000337c   0x0000002c   Code   RO         1463    i.nrf_log_init      nrf_log_frontend.o
    0x000033a8   0x0000000e   Code   RO          648    i.nrf_spim_event_check  nrf_drv_spi.o
    0x000033b6   0x0000000e   Code   RO          649    i.nrf_spim_event_clear  nrf_drv_spi.o
    0x000033c4   0x00000006   Code   RO          650    i.nrf_spim_int_disable  nrf_drv_spi.o
    0x000033ca   0x00000006   Code   RO          651    i.nrf_spim_int_enable  nrf_drv_spi.o
    0x000033d0   0x00000006   Code   RO          652    i.nrf_spim_task_trigger  nrf_drv_spi.o
    0x000033d6   0x0000000c   Code   RO          792    i.nrf_twim_errorsrc_get_and_clear  nrf_drv_twi.o
    0x000033e2   0x0000000e   Code   RO          793    i.nrf_twim_event_check  nrf_drv_twi.o
    0x000033f0   0x0000000e   Code   RO          794    i.nrf_twim_event_clear  nrf_drv_twi.o
    0x000033fe   0x00000006   Code   RO          795    i.nrf_twim_int_disable  nrf_drv_twi.o
    0x00003404   0x00000006   Code   RO          796    i.nrf_twim_int_enable  nrf_drv_twi.o
    0x0000340a   0x0000000a   Code   RO          798    i.nrf_twim_rxd_amount_get  nrf_drv_twi.o
    0x00003414   0x00000006   Code   RO          799    i.nrf_twim_shorts_set  nrf_drv_twi.o
    0x0000341a   0x00000006   Code   RO          800    i.nrf_twim_task_trigger  nrf_drv_twi.o
    0x00003420   0x0000000a   Code   RO          802    i.nrf_twim_txd_amount_get  nrf_drv_twi.o
    0x0000342a   0x0000000c   Code   RO         1057    i.nrf_uart_errorsrc_get_and_clear  nrf_drv_uart.o
    0x00003436   0x0000000e   Code   RO         1058    i.nrf_uart_event_check  nrf_drv_uart.o
    0x00003444   0x0000000e   Code   RO         1059    i.nrf_uart_event_clear  nrf_drv_uart.o
    0x00003452   0x0000000a   Code   RO         1060    i.nrf_uart_hwfc_pins_set  nrf_drv_uart.o
    0x0000345c   0x00000006   Code   RO         1061    i.nrf_uart_int_disable  nrf_drv_uart.o
    0x00003462   0x00000006   Code   RO         1062    i.nrf_uart_int_enable  nrf_drv_uart.o
    0x00003468   0x00000012   Code   RO         1063    i.nrf_uart_int_enable_check  nrf_drv_uart.o
    0x0000347a   0x00000006   Code   RO         1064    i.nrf_uart_task_trigger  nrf_drv_uart.o
    0x00003480   0x0000000a   Code   RO         1065    i.nrf_uart_txrx_pins_set  nrf_drv_uart.o
    0x0000348a   0x0000000c   Code   RO         1066    i.nrf_uarte_errorsrc_get_and_clear  nrf_drv_uart.o
    0x00003496   0x0000000e   Code   RO         1067    i.nrf_uarte_event_check  nrf_drv_uart.o
    0x000034a4   0x0000000e   Code   RO         1068    i.nrf_uarte_event_clear  nrf_drv_uart.o
    0x000034b2   0x0000000c   Code   RO         1069    i.nrf_uarte_hwfc_pins_set  nrf_drv_uart.o
    0x000034be   0x00000006   Code   RO         1070    i.nrf_uarte_int_disable  nrf_drv_uart.o
    0x000034c4   0x00000006   Code   RO         1071    i.nrf_uarte_int_enable  nrf_drv_uart.o
    0x000034ca   0x0000000a   Code   RO         1072    i.nrf_uarte_rx_amount_get  nrf_drv_uart.o
    0x000034d4   0x00000006   Code   RO         1073    i.nrf_uarte_task_trigger  nrf_drv_uart.o
    0x000034da   0x0000000e   Code   RO         1074    i.nrf_uarte_txrx_pins_set  nrf_drv_uart.o
    0x000034e8   0x00000018   Code   RO         1998    i.osDelay           RTX_CM4.lib(rt_cmsis.o)
    0x00003500   0x00000024   Code   RO         1999    i.osKernelInitialize  RTX_CM4.lib(rt_cmsis.o)
    0x00003524   0x0000006c   Code   RO         2001    i.osKernelStart     RTX_CM4.lib(rt_cmsis.o)
    0x00003590   0x0000002c   Code   RO         2005    i.osMailCreate      RTX_CM4.lib(rt_cmsis.o)
    0x000035bc   0x00000016   Code   RO         2007    i.osMailGet         RTX_CM4.lib(rt_cmsis.o)
    0x000035d2   0x00000014   Code   RO         2008    i.osMailPut         RTX_CM4.lib(rt_cmsis.o)
    0x000035e6   0x00000002   PAD
    0x000035e8   0x00000018   Code   RO         2010    i.osMessageGet      RTX_CM4.lib(rt_cmsis.o)
    0x00003600   0x00000018   Code   RO         2011    i.osMessagePut      RTX_CM4.lib(rt_cmsis.o)
    0x00003618   0x00000018   Code   RO         2025    i.osSignalSet       RTX_CM4.lib(rt_cmsis.o)
    0x00003630   0x00000018   Code   RO         2026    i.osSignalWait      RTX_CM4.lib(rt_cmsis.o)
    0x00003648   0x0000002c   Code   RO         2027    i.osThreadCreate    RTX_CM4.lib(rt_cmsis.o)
    0x00003674   0x00000018   Code   RO         2028    i.osThreadExit      RTX_CM4.lib(rt_cmsis.o)
    0x0000368c   0x0000000c   Code   RO         2034    i.osTimerCall       RTX_CM4.lib(rt_cmsis.o)
    0x00003698   0x0000002c   Code   RO         2039    i.osTimerThread     RTX_CM4.lib(rt_cmsis.o)
    0x000036c4   0x00000022   Code   RO         1860    i.os_error          rtx_conf_cm.o
    0x000036e6   0x00000004   Code   RO         1861    i.os_idle_demon     rtx_conf_cm.o
    0x000036ea   0x00000002   PAD
    0x000036ec   0x00000028   Code   RO         2732    i.os_tick_init      RTX_CM4.lib(rt_system.o)
    0x00003714   0x00000002   Code   RO         2733    i.os_tick_irqack    RTX_CM4.lib(rt_system.o)
    0x00003716   0x00000002   PAD
    0x00003718   0x0000001c   Code   RO          336    i.pin_in_use_by_gpiote  nrf_drv_gpiote.o
    0x00003734   0x00000018   Code   RO          337    i.pin_in_use_by_port  nrf_drv_gpiote.o
    0x0000374c   0x00000020   Code   RO          338    i.pin_in_use_by_te  nrf_drv_gpiote.o
    0x0000376c   0x0000000c   Code   RO          339    i.pin_in_use_clear  nrf_drv_gpiote.o
    0x00003778   0x000000d4   Code   RO         1075    i.pins_to_default   nrf_drv_uart.o
    0x0000384c   0x0000001a   Code   RO         3086    i.rt_alloc_box      RTX_CM4.lib(rt_membox.o)
    0x00003866   0x0000003e   Code   RO         3114    i.rt_alloc_mem      RTX_CM4.lib(rt_memory.o)
    0x000038a4   0x00000038   Code   RO         2613    i.rt_block          RTX_CM4.lib(rt_task.o)
    0x000038dc   0x00000048   Code   RO         3063    i.rt_chk_robin      RTX_CM4.lib(rt_robin.o)
    0x00003924   0x00000070   Code   RO         2864    i.rt_dec_dly        RTX_CM4.lib(rt_list.o)
    0x00003994   0x00000044   Code   RO         2614    i.rt_dispatch       RTX_CM4.lib(rt_task.o)
    0x000039d8   0x00000006   Code   RO         3030    i.rt_dly_wait       RTX_CM4.lib(rt_time.o)
    0x000039de   0x00000002   PAD
    0x000039e0   0x00000050   Code   RO         2825    i.rt_evt_psh        RTX_CM4.lib(rt_event.o)
    0x00003a30   0x0000005c   Code   RO         2826    i.rt_evt_set        RTX_CM4.lib(rt_event.o)
    0x00003a8c   0x0000003c   Code   RO         2827    i.rt_evt_wait       RTX_CM4.lib(rt_event.o)
    0x00003ac8   0x0000002c   Code   RO         3087    i.rt_free_box       RTX_CM4.lib(rt_membox.o)
    0x00003af4   0x00000028   Code   RO         3115    i.rt_free_mem       RTX_CM4.lib(rt_memory.o)
    0x00003b1c   0x00000028   Code   RO         2865    i.rt_get_first      RTX_CM4.lib(rt_list.o)
    0x00003b44   0x00000008   Code   RO         2044    i.rt_id2obj         RTX_CM4.lib(rt_cmsis.o)
    0x00003b4c   0x00000048   Code   RO         2615    i.rt_init_context   RTX_CM4.lib(rt_task.o)
    0x00003b94   0x0000001a   Code   RO         3116    i.rt_init_mem       RTX_CM4.lib(rt_memory.o)
    0x00003bae   0x00000002   PAD
    0x00003bb0   0x00000018   Code   RO         3064    i.rt_init_robin     RTX_CM4.lib(rt_robin.o)
    0x00003bc8   0x00000080   Code   RO         3141    i.rt_init_stack     RTX_CM4.lib(hal_cm.o)
    0x00003c48   0x00000008   Code   RO         2942    i.rt_mbx_check      RTX_CM4.lib(rt_mailbox.o)
    0x00003c50   0x0000001a   Code   RO         2943    i.rt_mbx_init       RTX_CM4.lib(rt_mailbox.o)
    0x00003c6a   0x00000002   PAD
    0x00003c6c   0x000000f0   Code   RO         2944    i.rt_mbx_psh        RTX_CM4.lib(rt_mailbox.o)
    0x00003d5c   0x00000098   Code   RO         2945    i.rt_mbx_send       RTX_CM4.lib(rt_mailbox.o)
    0x00003df4   0x000000b4   Code   RO         2946    i.rt_mbx_wait       RTX_CM4.lib(rt_mailbox.o)
    0x00003ea8   0x00000044   Code   RO         2045    i.rt_ms2tick        RTX_CM4.lib(rt_cmsis.o)
    0x00003eec   0x000000d8   Code   RO         2699    i.rt_mut_release    RTX_CM4.lib(rt_mutex.o)
    0x00003fc4   0x00000078   Code   RO         2700    i.rt_mut_wait       RTX_CM4.lib(rt_mutex.o)
    0x0000403c   0x0000007c   Code   RO         2736    i.rt_pop_req        RTX_CM4.lib(rt_system.o)
    0x000040b8   0x00000020   Code   RO         2737    i.rt_psh_req        RTX_CM4.lib(rt_system.o)
    0x000040d8   0x0000005c   Code   RO         2867    i.rt_psq_enq        RTX_CM4.lib(rt_list.o)
    0x00004134   0x00000048   Code   RO         2868    i.rt_put_dly        RTX_CM4.lib(rt_list.o)
    0x0000417c   0x00000036   Code   RO         2869    i.rt_put_prio       RTX_CM4.lib(rt_list.o)
    0x000041b2   0x00000002   PAD
    0x000041b4   0x00000014   Code   RO         2870    i.rt_put_rdy_first  RTX_CM4.lib(rt_list.o)
    0x000041c8   0x00000034   Code   RO         2871    i.rt_resort_prio    RTX_CM4.lib(rt_list.o)
    0x000041fc   0x00000010   Code   RO         3142    i.rt_ret_regs       RTX_CM4.lib(hal_cm.o)
    0x0000420c   0x0000000c   Code   RO         3143    i.rt_ret_val        RTX_CM4.lib(hal_cm.o)
    0x00004218   0x00000010   Code   RO         3144    i.rt_ret_val2       RTX_CM4.lib(hal_cm.o)
    0x00004228   0x00000028   Code   RO         2872    i.rt_rmv_dly        RTX_CM4.lib(rt_list.o)
    0x00004250   0x00000030   Code   RO         2873    i.rt_rmv_list       RTX_CM4.lib(rt_list.o)
    0x00004280   0x00000034   Code   RO         2991    i.rt_sem_psh        RTX_CM4.lib(rt_semaphore.o)
    0x000042b4   0x00000024   Code   RO         2739    i.rt_stk_check      RTX_CM4.lib(rt_system.o)
    0x000042d8   0x00000028   Code   RO         2616    i.rt_switch_req     RTX_CM4.lib(rt_task.o)
    0x00004300   0x000000cc   Code   RO         2617    i.rt_sys_init       RTX_CM4.lib(rt_task.o)
    0x000043cc   0x00000078   Code   RO         2618    i.rt_sys_start      RTX_CM4.lib(rt_task.o)
    0x00004444   0x00000040   Code   RO         2741    i.rt_systick        RTX_CM4.lib(rt_system.o)
    0x00004484   0x00000012   Code   RO         2046    i.rt_tid2ptcb       RTX_CM4.lib(rt_cmsis.o)
    0x00004496   0x00000002   PAD
    0x00004498   0x00000034   Code   RO         2047    i.rt_timer_insert   RTX_CM4.lib(rt_cmsis.o)
    0x000044cc   0x00000088   Code   RO         2619    i.rt_tsk_create     RTX_CM4.lib(rt_task.o)
    0x00004554   0x0000017c   Code   RO         2620    i.rt_tsk_delete     RTX_CM4.lib(rt_task.o)
    0x000046d0   0x0000007c   Code   RO         2622    i.rt_tsk_prio       RTX_CM4.lib(rt_task.o)
    0x0000474c   0x00000010   Code   RO         2623    i.rt_tsk_self       RTX_CM4.lib(rt_task.o)
    0x0000475c   0x0000003e   Code   RO         1076    i.rx_byte           nrf_drv_uart.o
    0x0000479a   0x0000001e   Code   RO         1077    i.rx_done_event     nrf_drv_uart.o
    0x000047b8   0x00000014   Code   RO         1343    i.serial_is_busy    nrf_log_backend_serial.o
    0x000047cc   0x00000034   Code   RO         1344    i.serial_tx         nrf_log_backend_serial.o
    0x00004800   0x0000000c   Code   RO          195    i.spi_event_handler  data_transfer.o
    0x0000480c   0x00000102   Code   RO          653    i.spim_xfer         nrf_drv_spi.o
    0x0000490e   0x00000012   Code   RO         2049    i.svcDelay          RTX_CM4.lib(rt_cmsis.o)
    0x00004920   0x00000070   Code   RO         2050    i.svcKernelInitialize  RTX_CM4.lib(rt_cmsis.o)
    0x00004990   0x00000048   Code   RO         2052    i.svcKernelStart    RTX_CM4.lib(rt_cmsis.o)
    0x000049d8   0x00000042   Code   RO         2054    i.svcMailCreate     RTX_CM4.lib(rt_cmsis.o)
    0x00004a1a   0x00000024   Code   RO         2055    i.svcMessageCreate  RTX_CM4.lib(rt_cmsis.o)
    0x00004a3e   0x0000003a   Code   RO         2056    i.svcMessageGet     RTX_CM4.lib(rt_cmsis.o)
    0x00004a78   0x00000036   Code   RO         2057    i.svcMessagePut     RTX_CM4.lib(rt_cmsis.o)
    0x00004aae   0x00000024   Code   RO         2068    i.svcSignalSet      RTX_CM4.lib(rt_cmsis.o)
    0x00004ad2   0x00000002   PAD
    0x00004ad4   0x00000054   Code   RO         2069    i.svcSignalWait     RTX_CM4.lib(rt_cmsis.o)
    0x00004b28   0x0000006c   Code   RO         2070    i.svcThreadCreate   RTX_CM4.lib(rt_cmsis.o)
    0x00004b94   0x0000001c   Code   RO         2071    i.svcThreadGetId    RTX_CM4.lib(rt_cmsis.o)
    0x00004bb0   0x00000038   Code   RO         2074    i.svcThreadTerminate  RTX_CM4.lib(rt_cmsis.o)
    0x00004be8   0x00000018   Code   RO         2076    i.svcTimerCall      RTX_CM4.lib(rt_cmsis.o)
    0x00004c00   0x0000005c   Code   RO         2085    i.sysTimerTick      RTX_CM4.lib(rt_cmsis.o)
    0x00004c5c   0x00000040   Code   RO         1345    i.timestamp_process  nrf_log_backend_serial.o
    0x00004c9c   0x00000026   Code   RO         1079    i.tx_byte           nrf_drv_uart.o
    0x00004cc2   0x00000012   Code   RO          196    i.tx_clr            data_transfer.o
    0x00004cd4   0x00000022   Code   RO         1080    i.tx_done_event     nrf_drv_uart.o
    0x00004cf6   0x00000014   Code   RO          197    i.tx_set            data_transfer.o
    0x00004d0a   0x00000002   PAD
    0x00004d0c   0x00000010   Code   RO         1346    i.uart_event_handler  nrf_log_backend_serial.o
    0x00004d1c   0x00000142   Code   RO         1081    i.uart_irq_handler  nrf_drv_uart.o
    0x00004e5e   0x0000010c   Code   RO         1082    i.uarte_irq_handler  nrf_drv_uart.o
    0x00004f6a   0x00000002   PAD
    0x00004f6c   0x0000002c   Code   RO         3328    locale$$code        c_w.l(lc_ctype_c.o)
    0x00004f98   0x0000000a   Code   RO         3421    x$fpl$fpinit        fz_wm.l(fpinit.o)
    0x00004fa2   0x00000002   PAD
    0x00004fa4   0x00000020   Data   RO            5    .constdata          main.o
    0x00004fc4   0x00000023   Data   RO          199    .constdata          data_transfer.o
    0x00004fe7   0x00000001   PAD
    0x00004fe8   0x00000018   Data   RO          261    .constdata          comhub.o
    0x00005000   0x00000047   Data   RO          341    .constdata          nrf_drv_gpiote.o
    0x00005047   0x00000001   PAD
    0x00005048   0x00000028   Data   RO         1348    .constdata          nrf_log_backend_serial.o
    0x00005070   0x00000024   Data   RO         1466    .constdata          nrf_log_frontend.o
    0x00005094   0x00000068   Data   RO         1863    .constdata          rtx_conf_cm.o
    0x000050fc   0x00000008   Data   RO         3228    .constdata          c_w.l(_printf_wctomb.o)
    0x00005104   0x00000028   Data   RO         3240    .constdata          c_w.l(_printf_hex_int.o)
    0x0000512c   0x00000011   Data   RO         3275    .constdata          c_w.l(__printf_flags_ss_wp.o)
    0x0000513d   0x00000003   PAD
    0x00005140   0x0000000b   Data   RO         1467    .conststring        nrf_log_frontend.o
    0x0000514b   0x00000001   PAD
    0x0000514c   0x00000020   Data   RO         3484    Region$$Table       anon$$obj.o
    0x0000516c   0x00000110   Data   RO         3327    locale$$data        c_w.l(lc_ctype_c.o)


    Execution Region ER_RW (Base: 0x20000000, Size: 0x00000084, Max: 0xffffffff, ABSOLUTE)

    Base Addr    Size         Type   Attr      Idx    E Section Name        Object

    0x20000000   0x00000008   Data   RW            6    .data               main.o
    0x20000008   0x00000015   Data   RW          200    .data               data_transfer.o
    0x2000001d   0x00000003   PAD
    0x20000020   0x00000010   Data   RW          262    .data               comhub.o
    0x20000030   0x0000000b   Data   RW         1349    .data               nrf_log_backend_serial.o
    0x2000003b   0x00000001   PAD
    0x2000003c   0x00000004   Data   RW         1468    .data               nrf_log_frontend.o
    0x20000040   0x00000004   Data   RW         1583    .data               app_util_platform.o
    0x20000044   0x00000014   Data   RW         1864    .data               rtx_conf_cm.o
    0x20000058   0x00000004   Data   RW         1932    .data               system_nrf52.o
    0x2000005c   0x00000008   Data   RW         2088    .data               RTX_CM4.lib(rt_cmsis.o)
    0x20000064   0x00000008   Data   RW         2625    .data               RTX_CM4.lib(rt_task.o)
    0x2000006c   0x00000008   Data   RW         2744    .data               RTX_CM4.lib(rt_system.o)
    0x20000074   0x00000004   Data   RW         3034    .data               RTX_CM4.lib(rt_time.o)
    0x20000078   0x00000008   Data   RW         3065    .data               RTX_CM4.lib(rt_robin.o)
    0x20000080   0x00000001   Data   RW         3145    .data               RTX_CM4.lib(hal_cm.o)


    Execution Region ER_ZI (Base: 0x20000084, Size: 0x00005664, Max: 0xffffffff, ABSOLUTE)

    Base Addr    Size         Type   Attr      Idx    E Section Name        Object

    0x20000084   0x00000010   Zero   RW          198    .bss                data_transfer.o
    0x20000094   0x0000013c   Zero   RW          260    .bss                comhub.o
    0x200001d0   0x00000048   Zero   RW          340    .bss                nrf_drv_gpiote.o
    0x20000218   0x00000020   Zero   RW          654    .bss                nrf_drv_spi.o
    0x20000238   0x00000028   Zero   RW          806    .bss                nrf_drv_twi.o
    0x20000260   0x00000020   Zero   RW         1083    .bss                nrf_drv_uart.o
    0x20000280   0x00000100   Zero   RW         1347    .bss                nrf_log_backend_serial.o
    0x20000380   0x00000418   Zero   RW         1465    .bss                nrf_log_frontend.o
    0x20000798   0x00000e88   Zero   RW         1862    .bss                rtx_conf_cm.o
    0x20001620   0x00000034   Zero   RW         2624    .bss                RTX_CM4.lib(rt_task.o)
    0x20001654   0x00000030   Zero   RW         2874    .bss                RTX_CM4.lib(rt_list.o)
    0x20001684   0x00000060   Zero   RW         3207    .bss                c_w.l(libspace.o)
    0x200016e4   0x00000004   PAD
    0x200016e8   0x00002000   Zero   RW         1914    HEAP                arm_startup_nrf52.o
    0x200036e8   0x00002000   Zero   RW         1913    STACK               arm_startup_nrf52.o


==============================================================================

Image component sizes


      Code (inc. data)   RO Data    RW Data    ZI Data      Debug   Object Name

        28          0          0          0          0       2137   app_error.o
       124         34          0          0          0      30433   app_error_weak.o
        64         10          0          4          0       3062   app_util_platform.o
        64         26       1024          0      16384        912   arm_startup_nrf52.o
       288        166         24         16        316       2297   comhub.o
       926        362         35         21         16       5968   data_transfer.o
       156         46         32          8          0      62327   main.o
       104         12          0          0          0      30643   nrf_drv_common.o
      1862        114         71          0         72      34386   nrf_drv_gpiote.o
       994         16          0          0         32      52723   nrf_drv_spi.o
       504          8          0          0         40      17407   nrf_drv_twi.o
      2458         74          0          0         32      46500   nrf_drv_uart.o
      1106         64         40         11        256      16451   nrf_log_backend_serial.o
      1078         58         47          4       1048      11545   nrf_log_frontend.o
       126         26        104         20       3720       9303   rtx_conf_cm.o
       988        102          0          4          0       5339   system_nrf52.o

    ----------------------------------------------------------------------
     10890       1118       1412         92      21916     331433   Object Totals
         0          0         32          0          0          0   (incl. Generated)
        20          0          3          4          0          0   (incl. Padding)

    ----------------------------------------------------------------------

      Code (inc. data)   RO Data    RW Data    ZI Data      Debug   Library Member Name

       268         24          0          1          0       4524   hal_cm.o
       408         34          0          0          0        824   hal_cm4.o
      1586        174          0          8          0      43505   rt_cmsis.o
       272         18          0          0          0       2842   rt_event.o
       530         34          0          0         48       8685   rt_list.o
       706         14          0          0          0       5123   rt_mailbox.o
       140          0          0          0          0       2069   rt_membox.o
       128          0          0          0          0       2451   rt_memory.o
       336         14          0          0          0       1739   rt_mutex.o
        96         22          0          8          0       1254   rt_robin.o
        52          4          0          0          0        621   rt_semaphore.o
       298         52          0          8          0       6511   rt_system.o
      1216        174          0          8         52      10129   rt_task.o
         6          0          0          4          0        700   rt_time.o
         4          4          0          0          0        208   svc_table.o
        56          6          0          0          0         88   __2snprintf.o
         8          0          0          0          0         68   __main.o
       392          4         17          0          0         92   __printf_flags_ss_wp.o
        14          0          0          0          0         68   __printf_wp.o
         0          0          0          0          0          0   __rtentry.o
        20          0          0          0          0          0   __rtentry2.o
         6          0          0          0          0          0   __rtentry4.o
        52          8          0          0          0          0   __scatter.o
        26          0          0          0          0          0   __scatter_copy.o
        28          0          0          0          0          0   __scatter_zi.o
         6          0          0          0          0          0   _printf_c.o
        44          0          0          0          0        108   _printf_char.o
        48          6          0          0          0         96   _printf_char_common.o
         6          0          0          0          0          0   _printf_d.o
       120         16          0          0          0         92   _printf_dec.o
        88          4         40          0          0         88   _printf_hex_int.o
         6          0          0          0          0          0   _printf_i.o
       178          0          0          0          0         88   _printf_intcommon.o
        10          0          0          0          0          0   _printf_l.o
         6          0          0          0          0          0   _printf_lc.o
         6          0          0          0          0          0   _printf_o.o
        80          8          0          0          0         88   _printf_oct_int.o
        78          0          0          0          0        108   _printf_pad.o
         0          0          0          0          0          0   _printf_percent.o
         4          0          0          0          0          0   _printf_percent_end.o
        82          0          0          0          0         80   _printf_str.o
        36          0          0          0          0         84   _printf_truncate.o
         6          0          0          0          0          0   _printf_u.o
        44          0          0          0          0        108   _printf_wchar.o
       188          6          8          0          0         92   _printf_wctomb.o
         6          0          0          0          0          0   _printf_x.o
        16          0          0          0          0         68   _snputc.o
        10          0          0          0          0         68   _sputc.o
        64          0          0          0          0         92   _wcrtomb.o
        18          0          0          0          0         80   exit.o
         6          0          0          0          0        152   heapauxi.o
         0          0          0          0          0          0   indicate_semi.o
        44         10        272          0          0         76   lc_ctype_c.o
         2          0          0          0          0          0   libinit.o
        24          0          0          0          0          0   libinit2.o
         2          0          0          0          0          0   libshutdown.o
         2          0          0          0          0          0   libshutdown2.o
         8          4          0          0         96         68   libspace.o
        16          4          0          0          0         76   rt_ctype_table.o
        10          0          0          0          0         76   rt_locale_twolibspace.o
       138          0          0          0          0         68   rt_memcpy_v6.o
       100          0          0          0          0         80   rt_memcpy_w.o
         2          0          0          0          0          0   rtexit.o
        10          0          0          0          0          0   rtexit2.o
       128          0          0          0          0         68   strcmpv7m.o
        62          0          0          0          0         76   strlen.o
        12          4          0          0          0         68   sys_exit.o
        74          0          0          0          0         80   sys_stackheap_outer.o
         2          0          0          0          0         68   use_no_semi.o
        10          0          0          0          0        116   fpinit.o

    ----------------------------------------------------------------------
      8474        648        340         40        200      93913   Library Totals
        24          0          3          3          4          0   (incl. Padding)

    ----------------------------------------------------------------------

      Code (inc. data)   RO Data    RW Data    ZI Data      Debug   Library Name

      6046        568          0         37        100      91185   RTX_CM4.lib
      2394         80        337          0         96       2612   c_w.l
        10          0          0          0          0        116   fz_wm.l

    ----------------------------------------------------------------------
      8474        648        340         40        200      93913   Library Totals

    ----------------------------------------------------------------------

==============================================================================


      Code (inc. data)   RO Data    RW Data    ZI Data      Debug   

     19364       1766       1752        132      22116     401142   Grand Totals
     19364       1766       1752        132      22116     401142   ELF Image Totals
     19364       1766       1752        132          0          0   ROM Totals

==============================================================================

    Total RO  Size (Code + RO Data)                21116 (  20.62kB)
    Total RW  Size (RW Data + ZI Data)             22248 (  21.73kB)
    Total ROM Size (Code + RO Data + RW Data)      21248 (  20.75kB)

==============================================================================

