Component: ARM Compiler 5.06 update 3 (build 300) Tool: armlink [4d35c9]

==============================================================================

Section Cross References

    main.o(i.main) refers to rt_cmsis.o(i.osKernelInitialize) for osKernelInitialize
    main.o(i.main) refers to lamp_control.o(i.InitLampControl) for InitLampControl
    main.o(i.main) refers to switch_monitor.o(i.SwitchMonitorInit) for SwitchMonitorInit
    main.o(i.main) refers to uart_print.o(i.UartPrintInit) for UartPrintInit
    main.o(i.main) refers to rt_cmsis.o(i.osThreadCreate) for osThreadCreate
    main.o(i.main) refers to uart_print.o(i.UartPrintf) for UartPrintf
    main.o(i.main) refers to rt_cmsis.o(i.osKernelStart) for osKernelStart
    main.o(i.main) refers to main.o(.constdata) for os_thread_def_LampControl
    main.o(i.main) refers to main.o(.data) for tid_Lamp1
    main.o(.constdata) refers to lamp_control.o(i.LampControl) for LampControl
    main.o(.constdata) refers to switch_monitor.o(i.SwitchMonitor) for SwitchMonitor
    main.o(.constdata) refers to uart_print.o(i.UartPrint) for UartPrint
    lamp_control.o(i.InitLampControl) refers to rt_cmsis.o(i.osSemaphoreCreate) for osSemaphoreCreate
    lamp_control.o(i.InitLampControl) refers to lamp_control.o(.constdata) for os_semaphore_def_sem1
    lamp_control.o(i.InitLampControl) refers to main.o(.data) for sem1
    lamp_control.o(i.LampControl) refers to rt_cmsis.o(i.osSignalWait) for osSignalWait
    lamp_control.o(i.LampControl) refers to rt_cmsis.o(i.osSignalClear) for osSignalClear
    lamp_control.o(i.LampControl) refers to rt_cmsis.o(i.osSemaphoreWait) for osSemaphoreWait
    lamp_control.o(i.LampControl) refers to rt_cmsis.o(i.osDelay) for osDelay
    lamp_control.o(i.LampControl) refers to rt_cmsis.o(i.osSemaphoreRelease) for osSemaphoreRelease
    lamp_control.o(i.LampControl) refers to main.o(.data) for tid_SwitchMonitor
    lamp_control.o(.constdata) refers to lamp_control.o(.data) for os_semaphore_cb_sem1
    uart_print.o(i.UartPrint) refers to rt_cmsis.o(i.osMailGet) for osMailGet
    uart_print.o(i.UartPrint) refers to rt_cmsis.o(i.osMutexWait) for osMutexWait
    uart_print.o(i.UartPrint) refers to nrf_drv_uart.o(i.nrf_drv_uart_tx) for nrf_drv_uart_tx
    uart_print.o(i.UartPrint) refers to rt_cmsis.o(i.osMutexRelease) for osMutexRelease
    uart_print.o(i.UartPrint) refers to strlen.o(.text) for strlen
    uart_print.o(i.UartPrint) refers to uart_print.o(.data) for printQ_Id
    uart_print.o(i.UartPrintInit) refers to rt_cmsis.o(i.osMutexCreate) for osMutexCreate
    uart_print.o(i.UartPrintInit) refers to rt_cmsis.o(i.osMailCreate) for osMailCreate
    uart_print.o(i.UartPrintInit) refers to nrf_drv_uart.o(i.nrf_drv_uart_init) for nrf_drv_uart_init
    uart_print.o(i.UartPrintInit) refers to uart_print.o(.data) for uart_conf
    uart_print.o(i.UartPrintInit) refers to uart_print.o(.constdata) for os_mutex_def_mut
    uart_print.o(i.UartPrintf) refers to rt_cmsis.o(i.osMailAlloc) for osMailAlloc
    uart_print.o(i.UartPrintf) refers to vsnprintf.o(.text) for vsnprintf
    uart_print.o(i.UartPrintf) refers to rt_cmsis.o(i.osMailPut) for osMailPut
    uart_print.o(i.UartPrintf) refers to uart_print.o(.data) for printQ_Id
    uart_print.o(.constdata) refers to uart_print.o(.bss) for os_mutex_cb_mut
    uart_print.o(.constdata) refers to uart_print.o(.data) for os_mailQ_p_printQ
    uart_print.o(.data) refers to uart_print.o(.bss) for os_mailQ_q_printQ
    switch_monitor.o(i.SwitchMonitor) refers to rt_cmsis.o(i.osMessageGet) for osMessageGet
    switch_monitor.o(i.SwitchMonitor) refers to uart_print.o(i.UartPrintf) for UartPrintf
    switch_monitor.o(i.SwitchMonitor) refers to rt_cmsis.o(i.osSignalSet) for osSignalSet
    switch_monitor.o(i.SwitchMonitor) refers to switch_monitor.o(.data) for switch_msg_q
    switch_monitor.o(i.SwitchMonitor) refers to main.o(.data) for tid_Lamp1
    switch_monitor.o(i.SwitchMonitorInit) refers to rt_cmsis.o(i.osMessageCreate) for osMessageCreate
    switch_monitor.o(i.SwitchMonitorInit) refers to switch_monitor.o(.constdata) for os_messageQ_def_switch_msg_q
    switch_monitor.o(i.SwitchMonitorInit) refers to switch_monitor.o(.data) for switch_msg_q
    switch_monitor.o(i.SwitchMonitorInterruptHandler) refers to rt_cmsis.o(i.osMessagePut) for osMessagePut
    switch_monitor.o(i.SwitchMonitorInterruptHandler) refers to switch_monitor.o(.data) for switch_msg_q
    switch_monitor.o(i.__SVC_1) refers to nrf_drv_gpiote.o(i.nrf_drv_gpiote_init) for nrf_drv_gpiote_init
    switch_monitor.o(i.__SVC_1) refers to nrf_drv_gpiote.o(i.nrf_drv_gpiote_in_init) for nrf_drv_gpiote_in_init
    switch_monitor.o(i.__SVC_1) refers to nrf_drv_gpiote.o(i.nrf_drv_gpiote_in_event_enable) for nrf_drv_gpiote_in_event_enable
    switch_monitor.o(i.__SVC_1) refers to switch_monitor.o(.constdata) for .constdata
    switch_monitor.o(i.__SVC_1) refers to switch_monitor.o(i.SwitchMonitorInterruptHandler) for SwitchMonitorInterruptHandler
[...]
    .data                                    0x200000b0   Section        1  hal_cm.o(.data)
    .bss                                     0x200000b4   Section     1164  uart_print.o(.bss)
    .bss                                     0x20000540   Section       80  switch_monitor.o(.bss)
    .bss                                     0x20000590   Section       72  nrf_drv_gpiote.o(.bss)
    m_cb                                     0x20000590   Data          72  nrf_drv_gpiote.o(.bss)
    .bss                                     0x200005d8   Section       28  nrf_drv_uart.o(.bss)
    m_cb                                     0x200005d8   Data          28  nrf_drv_uart.o(.bss)
    .bss                                     0x200005f8   Section     3720  rtx_conf_cm.o(.bss)
    std_libspace                             0x200010a0   Data         864  rtx_conf_cm.o(.bss)
    std_libmutex                             0x20001400   Data         128  rtx_conf_cm.o(.bss)
    .bss                                     0x20001480   Section       52  rt_task.o(.bss)
    .bss                                     0x200014b4   Section       48  rt_list.o(.bss)
    .bss                                     0x200014e4   Section       96  libspace.o(.bss)
    HEAP                                     0x20001548   Section     8192  arm_startup_nrf52.o(HEAP)
    Heap_Mem                                 0x20001548   Data        8192  arm_startup_nrf52.o(HEAP)
    STACK                                    0x20003548   Section     8192  arm_startup_nrf52.o(STACK)
    Stack_Mem                                0x20003548   Data        8192  arm_startup_nrf52.o(STACK)
    __initial_sp                             0x20005548   Data           0  arm_startup_nrf52.o(STACK)

    Global Symbols

    Symbol Name                              Value     Ov Type        Size  Object(Section)

    BuildAttributes$$THM_ISAv4$E$P$D$K$B$S$7EM$VFPi3$EXTD16$VFPS$VFMA$PE$A:L22UL41UL21$X:L11$S22US41US21$IEEE1$IW$USESV6$~STKCKD$USESV7$~SHL$OTIME$ROPI$IEEEJ$EBA8$UX$STANDARDLIB$REQ8$PRES8$EABIv2 0x00000000   Number         0  anon$$obj.o ABSOLUTE
    __ARM_use_no_argv                        0x00000000   Number         0  main.o ABSOLUTE
    __Vectors                                0x00000000   Data           4  arm_startup_nrf52.o(RESET)
    _printf_flags                            0x00000000   Number         0  printf_stubs.o ABSOLUTE
    _printf_return_value                     0x00000000   Number         0  printf_stubs.o ABSOLUTE
    _printf_sizespec                         0x00000000   Number         0  printf_stubs.o ABSOLUTE
    _printf_widthprec                        0x00000000   Number         0  printf_stubs.o ABSOLUTE
    __ARM_exceptions_init                     - Undefined Weak Reference
    __alloca_initialize                       - Undefined Weak Reference
    __arm_preinit_                            - Undefined Weak Reference
    __cpp_initialize__aeabi_                  - Undefined Weak Reference
    __cxa_finalize                            - Undefined Weak Reference
    __sigvec_lookup                           - Undefined Weak Reference
    _atexit_init                              - Undefined Weak Reference
    _call_atexit_fns                          - Undefined Weak Reference
    _clock_init                               - Undefined Weak Reference
    _fp_trap_init                             - Undefined Weak Reference
    _fp_trap_shutdown                         - Undefined Weak Reference
    _get_lc_collate                           - Undefined Weak Reference
    _get_lc_monetary                          - Undefined Weak Reference
    _get_lc_time                              - Undefined Weak Reference
    _getenv_init                              - Undefined Weak Reference
    _handle_redirection                       - Undefined Weak Reference
    _init_alloc                               - Undefined Weak Reference
    _init_user_alloc                          - Undefined Weak Reference
    _initio                                   - Undefined Weak Reference
    _printf_mbtowc                            - Undefined Weak Reference
    _printf_wc                                - Undefined Weak Reference
    _rand_init                                - Undefined Weak Reference
    _signal_finish                            - Undefined Weak Reference
    _signal_init                              - Undefined Weak Reference
    _terminate_alloc                          - Undefined Weak Reference
    _terminate_user_alloc                     - Undefined Weak Reference
    _terminateio                              - Undefined Weak Reference
    __Vectors_End                            0x00000400   Data           0  arm_startup_nrf52.o(RESET)
    __Vectors_Size                           0x00000400   Number         0  arm_startup_nrf52.o ABSOLUTE
    __main                                   0x00000401   Thumb Code     8  __main.o(!!!main)
    __scatterload                            0x00000409   Thumb Code     0  __scatter.o(!!!scatter)
    __scatterload_rt2                        0x00000409   Thumb Code    44  __scatter.o(!!!scatter)
    __scatterload_rt2_thumb_only             0x00000409   Thumb Code     0  __scatter.o(!!!scatter)
    __scatterload_null                       0x00000417   Thumb Code     0  __scatter.o(!!!scatter)
    __scatterload_copy                       0x0000043d   Thumb Code    26  __scatter_copy.o(!!handler_copy)
    __scatterload_zeroinit                   0x00000459   Thumb Code    28  __scatter_zi.o(!!handler_zi)
    _printf_n                                0x00000475   Thumb Code     0  _printf_n.o(.ARM.Collect$$_printf_percent$$00000001)
    _printf_percent                          0x00000475   Thumb Code     0  _printf_percent.o(.ARM.Collect$$_printf_percent$$00000000)
    _printf_p                                0x0000047b   Thumb Code     0  _printf_p.o(.ARM.Collect$$_printf_percent$$00000002)
    __RL_RTX_VER                             0x00000480   Number         0  rt_system.o ABSOLUTE
    _printf_f                                0x00000481   Thumb Code     0  _printf_f.o(.ARM.Collect$$_printf_percent$$00000003)
    _printf_e                                0x00000487   Thumb Code     0  _printf_e.o(.ARM.Collect$$_printf_percent$$00000004)
    _printf_g                                0x0000048d   Thumb Code     0  _printf_g.o(.ARM.Collect$$_printf_percent$$00000005)
    _printf_a                                0x00000493   Thumb Code     0  _printf_a.o(.ARM.Collect$$_printf_percent$$00000006)
    _printf_ll                               0x00000499   Thumb Code     0  _printf_ll.o(.ARM.Collect$$_printf_percent$$00000007)
    _printf_i                                0x000004a3   Thumb Code     0  _printf_i.o(.ARM.Collect$$_printf_percent$$00000008)
    _printf_d                                0x000004a9   Thumb Code     0  _printf_d.o(.ARM.Collect$$_printf_percent$$00000009)
    _printf_u                                0x000004af   Thumb Code     0  _printf_u.o(.ARM.Collect$$_printf_percent$$0000000A)
    _printf_o                                0x000004b5   Thumb Code     0  _printf_o.o(.ARM.Collect$$_printf_percent$$0000000B)
    _printf_x                                0x000004bb   Thumb Code     0  _printf_x.o(.ARM.Collect$$_printf_percent$$0000000C)
    _printf_lli                              0x000004c1   Thumb Code     0  _printf_lli.o(.ARM.Collect$$_printf_percent$$0000000D)
    _printf_lld                              0x000004c7   Thumb Code     0  _printf_lld.o(.ARM.Collect$$_printf_percent$$0000000E)
    _printf_llu                              0x000004cd   Thumb Code     0  _printf_llu.o(.ARM.Collect$$_printf_percent$$0000000F)
    _printf_llo                              0x000004d3   Thumb Code     0  _printf_llo.o(.ARM.Collect$$_printf_percent$$00000010)
    _printf_llx                              0x000004d9   Thumb Code     0  _printf_llx.o(.ARM.Collect$$_printf_percent$$00000011)
    _printf_l                                0x000004df   Thumb Code     0  _printf_l.o(.ARM.Collect$$_printf_percent$$00000012)
    _printf_c                                0x000004e9   Thumb Code     0  _printf_c.o(.ARM.Collect$$_printf_percent$$00000013)
    _printf_s                                0x000004ef   Thumb Code     0  _printf_s.o(.ARM.Collect$$_printf_percent$$00000014)
    _printf_lc                               0x000004f5   Thumb Code     0  _printf_lc.o(.ARM.Collect$$_printf_percent$$00000015)
    _printf_ls                               0x000004fb   Thumb Code     0  _printf_ls.o(.ARM.Collect$$_printf_percent$$00000016)
    _printf_percent_end                      0x00000501   Thumb Code     0  _printf_percent_end.o(.ARM.Collect$$_printf_percent$$00000017)
    __rt_lib_init                            0x00000505   Thumb Code     0  libinit.o(.ARM.Collect$$libinit$$00000000)
    __rt_lib_init_fp_1                       0x00000507   Thumb Code     0  libinit2.o(.ARM.Collect$$libinit$$00000001)
    __rt_lib_init_heap_1                     0x0000050b   Thumb Code     0  libinit2.o(.ARM.Collect$$libinit$$0000000A)
    __rt_lib_init_lc_common                  0x0000050b   Thumb Code     0  libinit2.o(.ARM.Collect$$libinit$$0000000F)
    __rt_lib_init_preinit_1                  0x0000050b   Thumb Code     0  libinit2.o(.ARM.Collect$$libinit$$00000004)
    __rt_lib_init_rand_1                     0x0000050b   Thumb Code     0  libinit2.o(.ARM.Collect$$libinit$$0000000E)
    __rt_lib_init_user_alloc_1               0x0000050b   Thumb Code     0  libinit2.o(.ARM.Collect$$libinit$$0000000C)
    __rt_lib_init_lc_collate_1               0x00000511   Thumb Code     0  libinit2.o(.ARM.Collect$$libinit$$00000011)
    __rt_lib_init_lc_ctype_2                 0x00000511   Thumb Code     0  libinit2.o(.ARM.Collect$$libinit$$00000012)
    __rt_lib_init_lc_ctype_1                 0x0000051d   Thumb Code     0  libinit2.o(.ARM.Collect$$libinit$$00000013)
    __rt_lib_init_lc_monetary_1              0x0000051d   Thumb Code     0  libinit2.o(.ARM.Collect$$libinit$$00000015)
    __rt_lib_init_lc_numeric_2               0x0000051d   Thumb Code     0  libinit2.o(.ARM.Collect$$libinit$$00000016)
    __rt_lib_init_alloca_1                   0x00000527   Thumb Code     0  libinit2.o(.ARM.Collect$$libinit$$0000002E)
    __rt_lib_init_argv_1                     0x00000527   Thumb Code     0  libinit2.o(.ARM.Collect$$libinit$$0000002C)
    __rt_lib_init_atexit_1                   0x00000527   Thumb Code     0  libinit2.o(.ARM.Collect$$libinit$$0000001B)
    __rt_lib_init_clock_1                    0x00000527   Thumb Code     0  libinit2.o(.ARM.Collect$$libinit$$00000021)
    __rt_lib_init_cpp_1                      0x00000527   Thumb Code     0  libinit2.o(.ARM.Collect$$libinit$$00000032)
    __rt_lib_init_exceptions_1               0x00000527   Thumb Code     0  libinit2.o(.ARM.Collect$$libinit$$00000030)
    __rt_lib_init_fp_trap_1                  0x00000527   Thumb Code     0  libinit2.o(.ARM.Collect$$libinit$$0000001F)
    __rt_lib_init_getenv_1                   0x00000527   Thumb Code     0  libinit2.o(.ARM.Collect$$libinit$$00000023)
    __rt_lib_init_lc_numeric_1               0x00000527   Thumb Code     0  libinit2.o(.ARM.Collect$$libinit$$00000017)
    __rt_lib_init_lc_time_1                  0x00000527   Thumb Code     0  libinit2.o(.ARM.Collect$$libinit$$00000019)
    __rt_lib_init_return                     0x00000527   Thumb Code     0  libinit2.o(.ARM.Collect$$libinit$$00000033)
    __rt_lib_init_signal_1                   0x00000527   Thumb Code     0  libinit2.o(.ARM.Collect$$libinit$$0000001D)
    __rt_lib_init_stdio_1                    0x00000527   Thumb Code     0  libinit2.o(.ARM.Collect$$libinit$$00000025)
    __rt_lib_shutdown                        0x00000529   Thumb Code     0  libshutdown.o(.ARM.Collect$$libshutdown$$00000000)
    __rt_lib_shutdown_cpp_1                  0x0000052b   Thumb Code     0  libshutdown2.o(.ARM.Collect$$libshutdown$$00000002)
    __rt_lib_shutdown_fp_trap_1              0x0000052b   Thumb Code     0  libshutdown2.o(.ARM.Collect$$libshutdown$$00000007)
    __rt_lib_shutdown_heap_1                 0x0000052b   Thumb Code     0  libshutdown2.o(.ARM.Collect$$libshutdown$$0000000F)
    __rt_lib_shutdown_return                 0x0000052b   Thumb Code     0  libshutdown2.o(.ARM.Collect$$libshutdown$$00000010)
    __rt_lib_shutdown_signal_1               0x0000052b   Thumb Code     0  libshutdown2.o(.ARM.Collect$$libshutdown$$0000000A)
    __rt_lib_shutdown_stdio_1                0x0000052b   Thumb Code     0  libshutdown2.o(.ARM.Collect$$libshutdown$$00000004)
    __rt_lib_shutdown_user_alloc_1           0x0000052b   Thumb Code     0  libshutdown2.o(.ARM.Collect$$libshutdown$$0000000C)
    __rt_entry                               0x0000052d   Thumb Code     0  __rtentry.o(.ARM.Collect$$rtentry$$00000000)
    __rt_entry_presh_1                       0x0000052d   Thumb Code     0  __rtentry2.o(.ARM.Collect$$rtentry$$00000002)
    __rt_entry_sh                            0x0000052d   Thumb Code     0  __rtentry4.o(.ARM.Collect$$rtentry$$00000004)
    __rt_entry_li                            0x00000533   Thumb Code     0  __rtentry2.o(.ARM.Collect$$rtentry$$0000000A)
    __rt_entry_postsh_1                      0x00000533   Thumb Code     0  __rtentry2.o(.ARM.Collect$$rtentry$$00000009)
    __rt_entry_postli_1                      0x00000537   Thumb Code     0  __rtentry2.o(.ARM.Collect$$rtentry$$0000000B)
    __rt_entry_main                          0x0000053f   Thumb Code     0  __rtentry2.o(.ARM.Collect$$rtentry$$0000000D)
    __rt_exit                                0x00000547   Thumb Code     0  rtexit.o(.ARM.Collect$$rtexit$$00000000)
    __rt_exit_ls                             0x00000549   Thumb Code     0  rtexit2.o(.ARM.Collect$$rtexit$$00000003)
    __rt_exit_prels_1                        0x00000549   Thumb Code     0  rtexit2.o(.ARM.Collect$$rtexit$$00000002)
    __rt_exit_exit                           0x0000054d   Thumb Code     0  rtexit2.o(.ARM.Collect$$rtexit$$00000004)
    _platform_post_lib_init                  0x00000555   Thumb Code    24  rtx_conf_cm.o(.emb_text)
    rt_set_PSP                               0x00000571   Thumb Code     6  hal_cm4.o(.emb_text)
    rt_get_PSP                               0x00000577   Thumb Code     6  hal_cm4.o(.emb_text)
    os_set_env                               0x0000057d   Thumb Code    24  hal_cm4.o(.emb_text)
    _alloc_box                               0x00000599   Thumb Code    28  hal_cm4.o(.emb_text)
    _free_box                                0x000005b9   Thumb Code    28  hal_cm4.o(.emb_text)
    SVC_Handler                              0x000005d9   Thumb Code   168  hal_cm4.o(.emb_text)
    PendSV_Handler                           0x00000691   Thumb Code    96  hal_cm4.o(.emb_text)
    SysTick_Handler                          0x000006f5   Thumb Code     8  hal_cm4.o(.emb_text)
    OS_Tick_Handler                          0x000006fd   Thumb Code    12  hal_cm4.o(.emb_text)
    Reset_Handler                            0x00000709   Thumb Code     8  arm_startup_nrf52.o(.text)
    NMI_Handler                              0x00000711   Thumb Code     2  arm_startup_nrf52.o(.text)
    HardFault_Handler                        0x00000713   Thumb Code     2  arm_startup_nrf52.o(.text)
    MemoryManagement_Handler                 0x00000715   Thumb Code     2  arm_startup_nrf52.o(.text)
    BusFault_Handler                         0x00000717   Thumb Code     2  arm_startup_nrf52.o(.text)
    UsageFault_Handler                       0x00000719   Thumb Code     2  arm_startup_nrf52.o(.text)
    DebugMon_Handler                         0x0000071d   Thumb Code     2  arm_startup_nrf52.o(.text)
    CCM_AAR_IRQHandler                       0x00000723   Thumb Code     0  arm_startup_nrf52.o(.text)
    COMP_LPCOMP_IRQHandler                   0x00000723   Thumb Code     0  arm_startup_nrf52.o(.text)
    ECB_IRQHandler                           0x00000723   Thumb Code     0  arm_startup_nrf52.o(.text)
    FPU_IRQHandler                           0x00000723   Thumb Code     0  arm_startup_nrf52.o(.text)
    I2S_IRQHandler                           0x00000723   Thumb Code     0  arm_startup_nrf52.o(.text)
    MWU_IRQHandler                           0x00000723   Thumb Code     0  arm_startup_nrf52.o(.text)
    NFCT_IRQHandler                          0x00000723   Thumb Code     0  arm_startup_nrf52.o(.text)
    PDM_IRQHandler                           0x00000723   Thumb Code     0  arm_startup_nrf52.o(.text)
    POWER_CLOCK_IRQHandler                   0x00000723   Thumb Code     0  arm_startup_nrf52.o(.text)
    PWM0_IRQHandler                          0x00000723   Thumb Code     0  arm_startup_nrf52.o(.text)
    PWM1_IRQHandler                          0x00000723   Thumb Code     0  arm_startup_nrf52.o(.text)
    PWM2_IRQHandler                          0x00000723   Thumb Code     0  arm_startup_nrf52.o(.text)
    QDEC_IRQHandler                          0x00000723   Thumb Code     0  arm_startup_nrf52.o(.text)
    RADIO_IRQHandler                         0x00000723   Thumb Code     0  arm_startup_nrf52.o(.text)
    RNG_IRQHandler                           0x00000723   Thumb Code     0  arm_startup_nrf52.o(.text)
    RTC0_IRQHandler                          0x00000723   Thumb Code     0  arm_startup_nrf52.o(.text)
    RTC1_IRQHandler                          0x00000723   Thumb Code     0  arm_startup_nrf52.o(.text)
    RTC2_IRQHandler                          0x00000723   Thumb Code     0  arm_startup_nrf52.o(.text)
    SAADC_IRQHandler                         0x00000723   Thumb Code     0  arm_startup_nrf52.o(.text)
    SPIM0_SPIS0_TWIM0_TWIS0_SPI0_TWI0_IRQHandler 0x00000723   Thumb Code     0  arm_startup_nrf52.o(.text)
    SPIM1_SPIS1_TWIM1_TWIS1_SPI1_TWI1_IRQHandler 0x00000723   Thumb Code     0  arm_startup_nrf52.o(.text)
    SPIM2_SPIS2_SPI2_IRQHandler              0x00000723   Thumb Code     0  arm_startup_nrf52.o(.text)
    SWI0_EGU0_IRQHandler                     0x00000723   Thumb Code     0  arm_startup_nrf52.o(.text)
    SWI1_EGU1_IRQHandler                     0x00000723   Thumb Code     0  arm_startup_nrf52.o(.text)
    SWI2_EGU2_IRQHandler                     0x00000723   Thumb Code     0  arm_startup_nrf52.o(.text)
    SWI3_EGU3_IRQHandler                     0x00000723   Thumb Code     0  arm_startup_nrf52.o(.text)
    SWI4_EGU4_IRQHandler                     0x00000723   Thumb Code     0  arm_startup_nrf52.o(.text)
    SWI5_EGU5_IRQHandler                     0x00000723   Thumb Code     0  arm_startup_nrf52.o(.text)
    TEMP_IRQHandler                          0x00000723   Thumb Code     0  arm_startup_nrf52.o(.text)
    TIMER0_IRQHandler                        0x00000723   Thumb Code     0  arm_startup_nrf52.o(.text)
    TIMER1_IRQHandler                        0x00000723   Thumb Code     0  arm_startup_nrf52.o(.text)
    TIMER2_IRQHandler                        0x00000723   Thumb Code     0  arm_startup_nrf52.o(.text)
    TIMER3_IRQHandler                        0x00000723   Thumb Code     0  arm_startup_nrf52.o(.text)
    TIMER4_IRQHandler                        0x00000723   Thumb Code     0  arm_startup_nrf52.o(.text)
    WDT_IRQHandler                           0x00000723   Thumb Code     0  arm_startup_nrf52.o(.text)
    __user_initial_stackheap                 0x00000725   Thumb Code    10  arm_startup_nrf52.o(.text)
    __user_libspace                          0x00000749   Thumb Code     8  libspace.o(.text)
    __user_perproc_libspace                  0x00000749   Thumb Code     0  libspace.o(.text)
    vsnprintf                                0x00000751   Thumb Code    48  vsnprintf.o(.text)
    exit                                     0x00000785   Thumb Code    18  exit.o(.text)
    strlen                                   0x00000797   Thumb Code    62  strlen.o(.text)
    __use_two_region_memory                  0x000007d5   Thumb Code     2  heapauxi.o(.text)
    __rt_heap_escrow$2region                 0x000007d7   Thumb Code     2  heapauxi.o(.text)
    __rt_heap_expand$2region                 0x000007d9   Thumb Code     2  heapauxi.o(.text)
    _printf_pre_padding                      0x000007db   Thumb Code    44  _printf_pad.o(.text)
    _printf_post_padding                     0x00000807   Thumb Code    34  _printf_pad.o(.text)
    _printf_truncate_signed                  0x00000829   Thumb Code    18  _printf_truncate.o(.text)
    _printf_truncate_unsigned                0x0000083b   Thumb Code    18  _printf_truncate.o(.text)
    _printf_str                              0x0000084d   Thumb Code    82  _printf_str.o(.text)
    _printf_int_dec                          0x000008a1   Thumb Code   104  _printf_dec.o(.text)
    _printf_charcount                        0x00000919   Thumb Code    40  _printf_charcount.o(.text)
    _printf_char_common                      0x0000094b   Thumb Code    32  _printf_char_common.o(.text)
    _sputc                                   0x00000971   Thumb Code    10  _sputc.o(.text)
    _snputc                                  0x0000097b   Thumb Code    16  _snputc.o(.text)
    _printf_wctomb                           0x0000098d   Thumb Code   182  _printf_wctomb.o(.text)
    _printf_longlong_dec                     0x00000a49   Thumb Code   108  _printf_longlong_dec.o(.text)
    _printf_longlong_oct                     0x00000ac5   Thumb Code    68  _printf_oct_int_ll.o(.text)
    _printf_int_oct                          0x00000b09   Thumb Code    24  _printf_oct_int_ll.o(.text)
    _printf_ll_oct                           0x00000b21   Thumb Code    12  _printf_oct_int_ll.o(.text)
    _printf_longlong_hex                     0x00000b35   Thumb Code    86  _printf_hex_int_ll_ptr.o(.text)
    _printf_int_hex                          0x00000b8b   Thumb Code    28  _printf_hex_int_ll_ptr.o(.text)
    _printf_ll_hex                           0x00000ba7   Thumb Code    12  _printf_hex_int_ll_ptr.o(.text)
    _printf_hex_ptr                          0x00000bb3   Thumb Code    18  _printf_hex_int_ll_ptr.o(.text)
    __printf                                 0x00000bc9   Thumb Code   388  __printf_flags_ss_wp.o(.text)
    _ll_udiv10                               0x00000d51   Thumb Code   138  lludiv10.o(.text)
    _printf_int_common                       0x00000ddb   Thumb Code   178  _printf_intcommon.o(.text)
    __lib_sel_fp_printf                      0x00000e8d   Thumb Code     2  _printf_fp_dec.o(.text)
    _printf_fp_dec_real                      0x0000103b   Thumb Code   620  _printf_fp_dec.o(.text)
    _printf_fp_hex_real                      0x000012a9   Thumb Code   756  _printf_fp_hex.o(.text)
    _printf_cs_common                        0x000015a5   Thumb Code    20  _printf_char.o(.text)
    _printf_char                             0x000015b9   Thumb Code    16  _printf_char.o(.text)
    _printf_string                           0x000015c9   Thumb Code     8  _printf_char.o(.text)
    _printf_lcs_common                       0x000015d1   Thumb Code    20  _printf_wchar.o(.text)
    _printf_wchar                            0x000015e5   Thumb Code    16  _printf_wchar.o(.text)
    _printf_wstring                          0x000015f5   Thumb Code     8  _printf_wchar.o(.text)
    _wcrtomb                                 0x000015fd   Thumb Code    64  _wcrtomb.o(.text)
    _sys_exit                                0x0000163d   Thumb Code     8  sys_exit.o(.text)
    __user_setup_stackheap                   0x00001649   Thumb Code    74  sys_stackheap_outer.o(.text)
    __rt_ctype_table                         0x00001695   Thumb Code    16  rt_ctype_table.o(.text)
    __rt_locale                              0x000016a5   Thumb Code    10  rt_locale_twolibspace.o(.text)
    _printf_fp_infnan                        0x000016b1   Thumb Code   112  _printf_fp_infnan.o(.text)
    _btod_etento                             0x00001731   Thumb Code   216  bigflt0.o(.text)
    __I$use$semihosting                      0x0000180d   Thumb Code     0  use_no_semi.o(.text)
    __use_no_semihosting_swi                 0x0000180d   Thumb Code     2  use_no_semi.o(.text)
    __semihosting_library_function           0x0000180f   Thumb Code     0  indicate_semi.o(.text)
    strcmp                                   0x00001811   Thumb Code   128  strcmpv7m.o(.text)
    _btod_d2e                                0x00001891   Thumb Code    62  btod.o(CL$$btod_d2e)
    _d2e_denorm_low                          0x000018cf   Thumb Code    70  btod.o(CL$$btod_d2e_denorm_low)
    _d2e_norm_op1                            0x00001915   Thumb Code    96  btod.o(CL$$btod_d2e_norm_op1)
    __btod_div_common                        0x00001975   Thumb Code   696  btod.o(CL$$btod_div_common)
    _e2e                                     0x00001cad   Thumb Code   198  btod.o(CL$$btod_e2e)
    _btod_ediv                               0x00001d73   Thumb Code    40  btod.o(CL$$btod_ediv)
    _btod_emul                               0x00001d9b   Thumb Code    40  btod.o(CL$$btod_emul)
    __btod_mult_common                       0x00001dc3   Thumb Code   580  btod.o(CL$$btod_mult_common)
    SVC_Count                                0x00002008   Data           4  svc_table.o(SVC_TABLE)
    SVC_Table                                0x0000200c   Data           0  svc_table.o(SVC_TABLE)
    GPIOTE_IRQHandler                        0x00002011   Thumb Code   422  nrf_drv_gpiote.o(i.GPIOTE_IRQHandler)
    InitLampControl                          0x000021cd   Thumb Code   104  lamp_control.o(i.InitLampControl)
    LampControl                              0x00002245   Thumb Code   162  lamp_control.o(i.LampControl)
    SwitchMonitor                            0x000022f5   Thumb Code   248  switch_monitor.o(i.SwitchMonitor)
    SwitchMonitorInit                        0x00002435   Thumb Code    18  switch_monitor.o(i.SwitchMonitorInit)
    SwitchMonitorInterruptHandler            0x00002451   Thumb Code    20  switch_monitor.o(i.SwitchMonitorInterruptHandler)
    SystemCoreClockUpdate                    0x00002469   Thumb Code     8  system_nrf52.o(i.SystemCoreClockUpdate)
    SystemInit                               0x00002479   Thumb Code   512  system_nrf52.o(i.SystemInit)
    UARTE0_UART0_IRQHandler                  0x000026ad   Thumb Code    12  nrf_drv_uart.o(i.UARTE0_UART0_IRQHandler)
    UartPrint                                0x000026c1   Thumb Code    90  uart_print.o(i.UartPrint)
    UartPrintInit                            0x00002729   Thumb Code    54  uart_print.o(i.UartPrintInit)
    UartPrintf                               0x00002779   Thumb Code    54  uart_print.o(i.UartPrintf)
    __ARM_fpclassify                         0x000027b5   Thumb Code    48  fpclassify.o(i.__ARM_fpclassify)
    __SVC_1                                  0x000027e5   Thumb Code    86  switch_monitor.o(i.__SVC_1)
    _init_box                                0x00002845   Thumb Code    70  rt_membox.o(i._init_box)
    _is_digit                                0x0000288b   Thumb Code    14  __printf_wp.o(i._is_digit)
    _mutex_acquire                           0x00002899   Thumb Code    22  rtx_conf_cm.o(i._mutex_acquire)
    _mutex_release                           0x000028b9   Thumb Code    18  rtx_conf_cm.o(i._mutex_release)
    dbg_init                                 0x000029f5   Thumb Code    34  hal_cm.o(i.dbg_init)
    dbg_task_notify                          0x00002a25   Thumb Code    32  hal_cm.o(i.dbg_task_notify)
    dbg_task_switch                          0x00002a45   Thumb Code    16  hal_cm.o(i.dbg_task_switch)
    isrMessageGet                            0x00002bed   Thumb Code    42  rt_cmsis.o(i.isrMessageGet)
    isrMessagePut                            0x00002c17   Thumb Code    44  rt_cmsis.o(i.isrMessagePut)
    isrSemaphoreRelease                      0x00002c43   Thumb Code    40  rt_cmsis.o(i.isrSemaphoreRelease)
    isrSignalSet                             0x00002c6b   Thumb Code    36  rt_cmsis.o(i.isrSignalSet)
    isr_evt_set                              0x00002c91   Thumb Code    34  rt_event.o(i.isr_evt_set)
    isr_mbx_receive                          0x00002cb9   Thumb Code    82  rt_mailbox.o(i.isr_mbx_receive)
    isr_mbx_send                             0x00002d0b   Thumb Code    14  rt_mailbox.o(i.isr_mbx_send)
    isr_sem_send                             0x00002d19   Thumb Code    16  rt_semaphore.o(i.isr_sem_send)
    main                                     0x00002d29   Thumb Code   104  main.o(i.main)
    nrf_drv_common_irq_enable                0x00002dc1   Thumb Code    84  nrf_drv_common.o(i.nrf_drv_common_irq_enable)
    nrf_drv_gpiote_in_event_enable           0x00002e2d   Thumb Code   170  nrf_drv_gpiote.o(i.nrf_drv_gpiote_in_event_enable)
    nrf_drv_gpiote_in_init                   0x00002ee5   Thumb Code   198  nrf_drv_gpiote.o(i.nrf_drv_gpiote_in_init)
    nrf_drv_gpiote_init                      0x00002fbd   Thumb Code    86  nrf_drv_gpiote.o(i.nrf_drv_gpiote_init)
    nrf_drv_uart_init                        0x00003019   Thumb Code   134  nrf_drv_uart.o(i.nrf_drv_uart_init)
    nrf_drv_uart_tx                          0x000030a9   Thumb Code    52  nrf_drv_uart.o(i.nrf_drv_uart_tx)
    nrf_drv_uart_tx_in_progress              0x00003171   Thumb Code    26  nrf_drv_uart.o(i.nrf_drv_uart_tx_in_progress)
    osDelay                                  0x000032ed   Thumb Code    18  rt_cmsis.o(i.osDelay)
    osKernelInitialize                       0x00003305   Thumb Code    30  rt_cmsis.o(i.osKernelInitialize)
    osKernelStart                            0x00003329   Thumb Code    98  rt_cmsis.o(i.osKernelStart)
    osMailAlloc                              0x00003395   Thumb Code    22  rt_cmsis.o(i.osMailAlloc)
    osMailCreate                             0x000033b1   Thumb Code    38  rt_cmsis.o(i.osMailCreate)
    osMailGet                                0x000033e1   Thumb Code    22  rt_cmsis.o(i.osMailGet)
    osMailPut                                0x000033f7   Thumb Code    20  rt_cmsis.o(i.osMailPut)
    osMessageCreate                          0x0000340d   Thumb Code    38  rt_cmsis.o(i.osMessageCreate)
    osMessageGet                             0x0000343d   Thumb Code    18  rt_cmsis.o(i.osMessageGet)
    osMessagePut                             0x00003455   Thumb Code    18  rt_cmsis.o(i.osMessagePut)
    osMutexCreate                            0x0000346d   Thumb Code    38  rt_cmsis.o(i.osMutexCreate)
    osMutexRelease                           0x0000349d   Thumb Code    18  rt_cmsis.o(i.osMutexRelease)
    osMutexWait                              0x000034b5   Thumb Code    18  rt_cmsis.o(i.osMutexWait)
    osSemaphoreCreate                        0x000034cd   Thumb Code    38  rt_cmsis.o(i.osSemaphoreCreate)
    osSemaphoreRelease                       0x000034fd   Thumb Code    18  rt_cmsis.o(i.osSemaphoreRelease)
    osSemaphoreWait                          0x00003515   Thumb Code    20  rt_cmsis.o(i.osSemaphoreWait)
    osSignalClear                            0x0000352d   Thumb Code    20  rt_cmsis.o(i.osSignalClear)
    osSignalSet                              0x00003545   Thumb Code    18  rt_cmsis.o(i.osSignalSet)
    osSignalWait                             0x0000355d   Thumb Code    18  rt_cmsis.o(i.osSignalWait)
    osThreadCreate                           0x00003575   Thumb Code    38  rt_cmsis.o(i.osThreadCreate)
    osThreadExit                             0x000035a5   Thumb Code    14  rt_cmsis.o(i.osThreadExit)
    osTimerCall                              0x000035bd   Thumb Code     8  rt_cmsis.o(i.osTimerCall)
    osTimerThread                            0x000035c9   Thumb Code    38  rt_cmsis.o(i.osTimerThread)
    os_error                                 0x000035f5   Thumb Code    34  rtx_conf_cm.o(i.os_error)
    os_idle_demon                            0x00003617   Thumb Code     4  rtx_conf_cm.o(i.os_idle_demon)
    os_tick_init                             0x0000361d   Thumb Code    32  rt_system.o(i.os_tick_init)
    os_tick_irqack                           0x00003645   Thumb Code     2  rt_system.o(i.os_tick_irqack)
    rt_alloc_box                             0x000036a9   Thumb Code    26  rt_membox.o(i.rt_alloc_box)
    rt_alloc_mem                             0x000036c3   Thumb Code    62  rt_memory.o(i.rt_alloc_mem)
    rt_block                                 0x00003701   Thumb Code    48  rt_task.o(i.rt_block)
    rt_chk_robin                             0x00003739   Thumb Code    60  rt_robin.o(i.rt_chk_robin)
    rt_dec_dly                               0x00003781   Thumb Code   102  rt_list.o(i.rt_dec_dly)
    rt_dispatch                              0x000037f1   Thumb Code    60  rt_task.o(i.rt_dispatch)
    rt_dly_wait                              0x00003835   Thumb Code     6  rt_time.o(i.rt_dly_wait)
    rt_evt_clr                               0x0000383d   Thumb Code    22  rt_event.o(i.rt_evt_clr)
    rt_evt_psh                               0x00003859   Thumb Code    76  rt_event.o(i.rt_evt_psh)
    rt_evt_set                               0x000038a9   Thumb Code    88  rt_event.o(i.rt_evt_set)
    rt_evt_wait                              0x00003905   Thumb Code    56  rt_event.o(i.rt_evt_wait)
    rt_free_box                              0x00003941   Thumb Code    44  rt_membox.o(i.rt_free_box)
    rt_free_mem                              0x0000396d   Thumb Code    40  rt_memory.o(i.rt_free_mem)
    rt_get_first                             0x00003995   Thumb Code    40  rt_list.o(i.rt_get_first)
    rt_init_mem                              0x00003a0d   Thumb Code    26  rt_memory.o(i.rt_init_mem)
    rt_init_robin                            0x00003a29   Thumb Code    14  rt_robin.o(i.rt_init_robin)
    rt_init_stack                            0x00003a41   Thumb Code   118  hal_cm.o(i.rt_init_stack)
    rt_mbx_check                             0x00003ac1   Thumb Code     8  rt_mailbox.o(i.rt_mbx_check)
    rt_mbx_init                              0x00003ac9   Thumb Code    26  rt_mailbox.o(i.rt_mbx_init)
    rt_mbx_psh                               0x00003ae5   Thumb Code   236  rt_mailbox.o(i.rt_mbx_psh)
    rt_mbx_send                              0x00003bd5   Thumb Code   148  rt_mailbox.o(i.rt_mbx_send)
    rt_mbx_wait                              0x00003c6d   Thumb Code   174  rt_mailbox.o(i.rt_mbx_wait)
    rt_mut_init                              0x00003d65   Thumb Code    16  rt_mutex.o(i.rt_mut_init)
    rt_mut_release                           0x00003d75   Thumb Code   208  rt_mutex.o(i.rt_mut_release)
    rt_mut_wait                              0x00003e4d   Thumb Code   100  rt_mutex.o(i.rt_mut_wait)
    rt_pop_req                               0x00003eb5   Thumb Code   112  rt_system.o(i.rt_pop_req)
    rt_psh_req                               0x00003f31   Thumb Code    22  rt_system.o(i.rt_psh_req)
    rt_psq_enq                               0x00003f51   Thumb Code    88  rt_list.o(i.rt_psq_enq)
    rt_put_dly                               0x00003fad   Thumb Code    68  rt_list.o(i.rt_put_dly)
    rt_put_prio                              0x00003ff5   Thumb Code    54  rt_list.o(i.rt_put_prio)
    rt_put_rdy_first                         0x0000402d   Thumb Code    14  rt_list.o(i.rt_put_rdy_first)
    rt_resort_prio                           0x00004041   Thumb Code    46  rt_list.o(i.rt_resort_prio)
    rt_ret_val                               0x00004085   Thumb Code    12  hal_cm.o(i.rt_ret_val)
    rt_ret_val2                              0x00004091   Thumb Code    16  hal_cm.o(i.rt_ret_val2)
    rt_rmv_dly                               0x000040a1   Thumb Code    40  rt_list.o(i.rt_rmv_dly)
    rt_rmv_list                              0x000040c9   Thumb Code    44  rt_list.o(i.rt_rmv_list)
    rt_sem_init                              0x000040f9   Thumb Code    12  rt_semaphore.o(i.rt_sem_init)
    rt_sem_psh                               0x00004105   Thumb Code    48  rt_semaphore.o(i.rt_sem_psh)
    rt_sem_send                              0x00004139   Thumb Code    42  rt_semaphore.o(i.rt_sem_send)
    rt_sem_wait                              0x00004165   Thumb Code    58  rt_semaphore.o(i.rt_sem_wait)
    rt_stk_check                             0x000041a5   Thumb Code    28  rt_system.o(i.rt_stk_check)
    rt_switch_req                            0x000041c9   Thumb Code    30  rt_task.o(i.rt_switch_req)
    rt_sys_init                              0x000041f1   Thumb Code   138  rt_task.o(i.rt_sys_init)
    rt_sys_start                             0x000042bd   Thumb Code   110  rt_task.o(i.rt_sys_start)
    rt_systick                               0x00004335   Thumb Code    50  rt_system.o(i.rt_systick)
    rt_tsk_create                            0x000043bd   Thumb Code   118  rt_task.o(i.rt_tsk_create)
    rt_tsk_delete                            0x00004445   Thumb Code   352  rt_task.o(i.rt_tsk_delete)
    rt_tsk_prio                              0x000045c1   Thumb Code   108  rt_task.o(i.rt_tsk_prio)
    rt_tsk_self                              0x0000463d   Thumb Code    12  rt_task.o(i.rt_tsk_self)
    svcDelay                                 0x000046a9   Thumb Code    18  rt_cmsis.o(i.svcDelay)
    svcKernelInitialize                      0x000046bd   Thumb Code    80  rt_cmsis.o(i.svcKernelInitialize)
    svcKernelStart                           0x0000472d   Thumb Code    62  rt_cmsis.o(i.svcKernelStart)
    svcMailCreate                            0x00004775   Thumb Code    66  rt_cmsis.o(i.svcMailCreate)
    svcMessageCreate                         0x000047b7   Thumb Code    36  rt_cmsis.o(i.svcMessageCreate)
    svcMessageGet                            0x000047db   Thumb Code    58  rt_cmsis.o(i.svcMessageGet)
    svcMessagePut                            0x00004815   Thumb Code    54  rt_cmsis.o(i.svcMessagePut)
    svcMutexCreate                           0x0000484b   Thumb Code    28  rt_cmsis.o(i.svcMutexCreate)
    svcMutexRelease                          0x00004867   Thumb Code    34  rt_cmsis.o(i.svcMutexRelease)
    svcMutexWait                             0x00004889   Thumb Code    54  rt_cmsis.o(i.svcMutexWait)
    svcSemaphoreCreate                       0x000048bf   Thumb Code    36  rt_cmsis.o(i.svcSemaphoreCreate)
    svcSemaphoreRelease                      0x000048e3   Thumb Code    40  rt_cmsis.o(i.svcSemaphoreRelease)
    svcSemaphoreWait                         0x0000490b   Thumb Code    50  rt_cmsis.o(i.svcSemaphoreWait)
    svcSignalClear                           0x0000493d   Thumb Code    36  rt_cmsis.o(i.svcSignalClear)
    svcSignalSet                             0x00004961   Thumb Code    36  rt_cmsis.o(i.svcSignalSet)
    svcSignalWait                            0x00004985   Thumb Code    80  rt_cmsis.o(i.svcSignalWait)
    svcThreadCreate                          0x000049d9   Thumb Code   100  rt_cmsis.o(i.svcThreadCreate)
    svcThreadGetId                           0x00004a49   Thumb Code    22  rt_cmsis.o(i.svcThreadGetId)
    svcThreadTerminate                       0x00004a65   Thumb Code    50  rt_cmsis.o(i.svcThreadTerminate)
    svcTimerCall                             0x00004a9d   Thumb Code    24  rt_cmsis.o(i.svcTimerCall)
    sysMailAlloc                             0x00004ab5   Thumb Code    84  rt_cmsis.o(i.sysMailAlloc)
    sysTimerTick                             0x00004b0d   Thumb Code    84  rt_cmsis.o(i.sysTimerTick)
    _get_lc_numeric                          0x00004cf5   Thumb Code    44  lc_numeric_c.o(locale$$code)
    _get_lc_ctype                            0x00004d21   Thumb Code    44  lc_ctype_c.o(locale$$code)
    _fp_init                                 0x00004d4d   Thumb Code    10  fpinit.o(x$fpl$fpinit)
    __fplib_config_fpu_vfp                   0x00004d55   Thumb Code     0  fpinit.o(x$fpl$fpinit)
    __fplib_config_pureend_doubles           0x00004d55   Thumb Code     0  fpinit.o(x$fpl$fpinit)
    _printf_fp_dec                           0x00004d57   Thumb Code     4  printf1.o(x$fpl$printf1)
    _printf_fp_hex                           0x00004d5b   Thumb Code     4  printf2.o(x$fpl$printf2)
    __I$use$fp                               0x00004d5e   Number         0  usenofp.o(x$fpl$usenofp)
    os_thread_def_LampControl                0x00004d60   Data          16  main.o(.constdata)
    os_thread_def_SwitchMonitor              0x00004d70   Data          16  main.o(.constdata)
    os_thread_def_UartPrint                  0x00004d80   Data          16  main.o(.constdata)
    os_semaphore_def_sem1                    0x00004d90   Data           4  lamp_control.o(.constdata)
    os_mutex_def_mut                         0x00004d94   Data           4  uart_print.o(.constdata)
    os_mailQ_def_printQ                      0x00004d98   Data          12  uart_print.o(.constdata)
    os_messageQ_def_switch_msg_q             0x00004da4   Data           8  switch_monitor.o(.constdata)
    os_maxtaskrun                            0x00004db0   Data           2  rtx_conf_cm.o(.constdata)
    os_stackinfo                             0x00004db4   Data           4  rtx_conf_cm.o(.constdata)
    os_rrobin                                0x00004db8   Data           4  rtx_conf_cm.o(.constdata)
    os_tickfreq                              0x00004dbc   Data           4  rtx_conf_cm.o(.constdata)
    os_tickus_i                              0x00004dc0   Data           2  rtx_conf_cm.o(.constdata)
    os_tickus_f                              0x00004dc2   Data           2  rtx_conf_cm.o(.constdata)
    os_trv                                   0x00004dc4   Data           4  rtx_conf_cm.o(.constdata)
    os_flags                                 0x00004dc8   Data           1  rtx_conf_cm.o(.constdata)
    CMSIS_RTOS_API_Version                   0x00004dcc   Data           4  rtx_conf_cm.o(.constdata)
    CMSIS_RTOS_RTX_Version                   0x00004dd0   Data           4  rtx_conf_cm.o(.constdata)
    os_clockrate                             0x00004dd4   Data           4  rtx_conf_cm.o(.constdata)
    os_timernum                              0x00004dd8   Data           4  rtx_conf_cm.o(.constdata)
    mp_tcb_size                              0x00004ddc   Data           2  rtx_conf_cm.o(.constdata)
    mp_stk_size                              0x00004de0   Data           4  rtx_conf_cm.o(.constdata)
    os_stack_sz                              0x00004de4   Data           4  rtx_conf_cm.o(.constdata)
    os_fifo_size                             0x00004de8   Data           1  rtx_conf_cm.o(.constdata)
    os_thread_def_osTimerThread              0x00004dec   Data          16  rtx_conf_cm.o(.constdata)
    os_messageQ_def_osTimerMessageQ          0x00004dfc   Data           8  rtx_conf_cm.o(.constdata)
    mp_tmr_size                              0x00004e04   Data           2  rtx_conf_cm.o(.constdata)
    Region$$Table$$Base                      0x00004f04   Number         0  anon$$obj.o(Region$$Table)
    Region$$Table$$Limit                     0x00004f24   Number         0  anon$$obj.o(Region$$Table)
    __ctype                                  0x00004f4d   Data           0  lc_ctype_c.o(locale$$data)
    tid_Lamp1                                0x20000000   Data           4  main.o(.data)
    tid_Lamp2                                0x20000004   Data           4  main.o(.data)
    tid_Lamp3                                0x20000008   Data           4  main.o(.data)
    tid_Lamp4                                0x2000000c   Data           4  main.o(.data)
    tid_SwitchMonitor                        0x20000010   Data           4  main.o(.data)
    tid_UartPrint                            0x20000014   Data           4  main.o(.data)
    sem1                                     0x20000018   Data           4  main.o(.data)
    os_semaphore_cb_sem1                     0x2000001c   Data           8  lamp_control.o(.data)
    uart_inst                                0x20000024   Data           8  uart_print.o(.data)
    uart_conf                                0x2000002c   Data          32  uart_print.o(.data)
    mut                                      0x2000004c   Data           4  uart_print.o(.data)
    printQ_Id                                0x20000050   Data           4  uart_print.o(.data)
    os_mailQ_p_printQ                        0x20000054   Data           8  uart_print.o(.data)
    switch_msg_q                             0x2000005c   Data           4  switch_monitor.o(.data)
    lamp1_blinking                           0x20000060   Data           1  switch_monitor.o(.data)
    lamp2_blinking                           0x20000061   Data           1  switch_monitor.o(.data)
    lamp3_blinking                           0x20000062   Data           1  switch_monitor.o(.data)
    lamp4_blinking                           0x20000063   Data           1  switch_monitor.o(.data)
    osThreadId_osTimerThread                 0x20000064   Data           4  rtx_conf_cm.o(.data)
    osMessageQId_osTimerMessageQ             0x20000068   Data           4  rtx_conf_cm.o(.data)
    os_tmr                                   0x2000006c   Data           4  rtx_conf_cm.o(.data)
    m_tmr                                    0x20000070   Data           4  rtx_conf_cm.o(.data)
    os_thread_def_main                       0x20000078   Data          16  rtx_conf_cm.o(.data)
    SystemCoreClock                          0x20000088   Data           4  system_nrf52.o(.data)
    os_initialized                           0x2000008c   Data           1  rt_cmsis.o(.data)
    os_running                               0x2000008d   Data           1  rt_cmsis.o(.data)
    os_timer_head                            0x20000090   Data           4  rt_cmsis.o(.data)
    os_tsk                                   0x20000094   Data           8  rt_task.o(.data)
    os_tick_irqn                             0x200000a0   Data           4  rt_system.o(.data)
    os_time                                  0x200000a4   Data           4  rt_time.o(.data)
    os_robin                                 0x200000a8   Data           8  rt_robin.o(.data)
    dbg_msg                                  0x200000b0   Data           1  hal_cm.o(.data)
    os_mutex_cb_mut                          0x200000b4   Data          16  uart_print.o(.bss)
    os_mailQ_q_printQ                        0x200000c4   Data          96  uart_print.o(.bss)
    os_mailQ_m_printQ                        0x20000124   Data        1052  uart_print.o(.bss)
    os_messageQ_q_switch_msg_q               0x20000540   Data          80  switch_monitor.o(.bss)
    mp_tcb                                   0x200005f8   Data         480  rtx_conf_cm.o(.bss)
    mp_stk                                   0x200007d8   Data        1616  rtx_conf_cm.o(.bss)
    os_stack_mem                             0x20000e28   Data         432  rtx_conf_cm.o(.bss)
    os_fifo                                  0x20000fd8   Data         132  rtx_conf_cm.o(.bss)
    os_active_TCB                            0x2000105c   Data          36  rtx_conf_cm.o(.bss)
    os_messageQ_q_osTimerMessageQ            0x20001080   Data          32  rtx_conf_cm.o(.bss)
    os_idle_TCB                              0x20001480   Data          52  rt_task.o(.bss)
    os_rdy                                   0x200014b4   Data          24  rt_list.o(.bss)
    os_dly                                   0x200014cc   Data          24  rt_list.o(.bss)
    __libspace_start                         0x200014e4   Data          96  libspace.o(.bss)
    __temporary_stack_top$libspace           0x20001544   Data           0  libspace.o(.bss)



==============================================================================

Memory Map of the image

  Image Entry point : 0x00000709

  Load Region LR_1 (Base: 0x00000000, Size: 0x00005104, Max: 0xffffffff, ABSOLUTE)

    Execution Region ER_RO (Base: 0x00000000, Size: 0x00005050, Max: 0xffffffff, ABSOLUTE)

    Base Addr    Size         Type   Attr      Idx    E Section Name        Object

    0x00000000   0x00000400   Data   RO          902    RESET               arm_startup_nrf52.o
    0x00000400   0x00000008   Code   RO         2213  * !!!main             c_w.l(__main.o)
    0x00000408   0x00000034   Code   RO         2542    !!!scatter          c_w.l(__scatter.o)
    0x0000043c   0x0000001a   Code   RO         2544    !!handler_copy      c_w.l(__scatter_copy.o)
    0x00000456   0x00000002   PAD
    0x00000458   0x0000001c   Code   RO         2546    !!handler_zi        c_w.l(__scatter_zi.o)
    0x00000474   0x00000000   Code   RO         2305    .ARM.Collect$$_printf_percent$$00000000  c_w.l(_printf_percent.o)
    0x00000474   0x00000006   Code   RO         2294    .ARM.Collect$$_printf_percent$$00000001  c_w.l(_printf_n.o)
    0x0000047a   0x00000006   Code   RO         2296    .ARM.Collect$$_printf_percent$$00000002  c_w.l(_printf_p.o)
    0x00000480   0x00000006   Code   RO         2301    .ARM.Collect$$_printf_percent$$00000003  c_w.l(_printf_f.o)
    0x00000486   0x00000006   Code   RO         2302    .ARM.Collect$$_printf_percent$$00000004  c_w.l(_printf_e.o)
    0x0000048c   0x00000006   Code   RO         2303    .ARM.Collect$$_printf_percent$$00000005  c_w.l(_printf_g.o)
    0x00000492   0x00000006   Code   RO         2304    .ARM.Collect$$_printf_percent$$00000006  c_w.l(_printf_a.o)
    0x00000498   0x0000000a   Code   RO         2309    .ARM.Collect$$_printf_percent$$00000007  c_w.l(_printf_ll.o)
    0x000004a2   0x00000006   Code   RO         2298    .ARM.Collect$$_printf_percent$$00000008  c_w.l(_printf_i.o)
    0x000004a8   0x00000006   Code   RO         2299    .ARM.Collect$$_printf_percent$$00000009  c_w.l(_printf_d.o)
    0x000004ae   0x00000006   Code   RO         2300    .ARM.Collect$$_printf_percent$$0000000A  c_w.l(_printf_u.o)
    0x000004b4   0x00000006   Code   RO         2297    .ARM.Collect$$_printf_percent$$0000000B  c_w.l(_printf_o.o)
    0x000004ba   0x00000006   Code   RO         2295    .ARM.Collect$$_printf_percent$$0000000C  c_w.l(_printf_x.o)
    0x000004c0   0x00000006   Code   RO         2306    .ARM.Collect$$_printf_percent$$0000000D  c_w.l(_printf_lli.o)
    0x000004c6   0x00000006   Code   RO         2307    .ARM.Collect$$_printf_percent$$0000000E  c_w.l(_printf_lld.o)
    0x000004cc   0x00000006   Code   RO         2308    .ARM.Collect$$_printf_percent$$0000000F  c_w.l(_printf_llu.o)
    0x000004d2   0x00000006   Code   RO         2313    .ARM.Collect$$_printf_percent$$00000010  c_w.l(_printf_llo.o)
    0x000004d8   0x00000006   Code   RO         2314    .ARM.Collect$$_printf_percent$$00000011  c_w.l(_printf_llx.o)
    0x000004de   0x0000000a   Code   RO         2310    .ARM.Collect$$_printf_percent$$00000012  c_w.l(_printf_l.o)
    0x000004e8   0x00000006   Code   RO         2292    .ARM.Collect$$_printf_percent$$00000013  c_w.l(_printf_c.o)
    0x000004ee   0x00000006   Code   RO         2293    .ARM.Collect$$_printf_percent$$00000014  c_w.l(_printf_s.o)
    0x000004f4   0x00000006   Code   RO         2311    .ARM.Collect$$_printf_percent$$00000015  c_w.l(_printf_lc.o)
    0x000004fa   0x00000006   Code   RO         2312    .ARM.Collect$$_printf_percent$$00000016  c_w.l(_printf_ls.o)
    0x00000500   0x00000004   Code   RO         2362    .ARM.Collect$$_printf_percent$$00000017  c_w.l(_printf_percent_end.o)
    0x00000504   0x00000002   Code   RO         2418    .ARM.Collect$$libinit$$00000000  c_w.l(libinit.o)
    0x00000506   0x00000004   Code   RO         2439    .ARM.Collect$$libinit$$00000001  c_w.l(libinit2.o)
    0x0000050a   0x00000000   Code   RO         2442    .ARM.Collect$$libinit$$00000004  c_w.l(libinit2.o)
    0x0000050a   0x00000000   Code   RO         2445    .ARM.Collect$$libinit$$0000000A  c_w.l(libinit2.o)
    0x0000050a   0x00000000   Code   RO         2447    .ARM.Collect$$libinit$$0000000C  c_w.l(libinit2.o)
    0x0000050a   0x00000000   Code   RO         2449    .ARM.Collect$$libinit$$0000000E  c_w.l(libinit2.o)
    0x0000050a   0x00000006   Code   RO         2450    .ARM.Collect$$libinit$$0000000F  c_w.l(libinit2.o)
    0x00000510   0x00000000   Code   RO         2452    .ARM.Collect$$libinit$$00000011  c_w.l(libinit2.o)
    0x00000510   0x0000000c   Code   RO         2453    .ARM.Collect$$libinit$$00000012  c_w.l(libinit2.o)
    0x0000051c   0x00000000   Code   RO         2454    .ARM.Collect$$libinit$$00000013  c_w.l(libinit2.o)
    0x0000051c   0x00000000   Code   RO         2456    .ARM.Collect$$libinit$$00000015  c_w.l(libinit2.o)
    0x0000051c   0x0000000a   Code   RO         2457    .ARM.Collect$$libinit$$00000016  c_w.l(libinit2.o)
    0x00000526   0x00000000   Code   RO         2458    .ARM.Collect$$libinit$$00000017  c_w.l(libinit2.o)
    0x00000526   0x00000000   Code   RO         2460    .ARM.Collect$$libinit$$00000019  c_w.l(libinit2.o)
    0x00000526   0x00000000   Code   RO         2462    .ARM.Collect$$libinit$$0000001B  c_w.l(libinit2.o)
    0x00000526   0x00000000   Code   RO         2464    .ARM.Collect$$libinit$$0000001D  c_w.l(libinit2.o)
    0x00000526   0x00000000   Code   RO         2466    .ARM.Collect$$libinit$$0000001F  c_w.l(libinit2.o)
    0x00000526   0x00000000   Code   RO         2468    .ARM.Collect$$libinit$$00000021  c_w.l(libinit2.o)
    0x00000526   0x00000000   Code   RO         2470    .ARM.Collect$$libinit$$00000023  c_w.l(libinit2.o)
    0x00000526   0x00000000   Code   RO         2472    .ARM.Collect$$libinit$$00000025  c_w.l(libinit2.o)
    0x00000526   0x00000000   Code   RO         2476    .ARM.Collect$$libinit$$0000002C  c_w.l(libinit2.o)
    0x00000526   0x00000000   Code   RO         2478    .ARM.Collect$$libinit$$0000002E  c_w.l(libinit2.o)
    0x00000526   0x00000000   Code   RO         2480    .ARM.Collect$$libinit$$00000030  c_w.l(libinit2.o)
    0x00000526   0x00000000   Code   RO         2482    .ARM.Collect$$libinit$$00000032  c_w.l(libinit2.o)
    0x00000526   0x00000002   Code   RO         2483    .ARM.Collect$$libinit$$00000033  c_w.l(libinit2.o)
    0x00000528   0x00000002   Code   RO         2419    .ARM.Collect$$libshutdown$$00000000  c_w.l(libshutdown.o)
    0x0000052a   0x00000000   Code   RO         2485    .ARM.Collect$$libshutdown$$00000002  c_w.l(libshutdown2.o)
    0x0000052a   0x00000000   Code   RO         2487    .ARM.Collect$$libshutdown$$00000004  c_w.l(libshutdown2.o)
    0x0000052a   0x00000000   Code   RO         2490    .ARM.Collect$$libshutdown$$00000007  c_w.l(libshutdown2.o)
    0x0000052a   0x00000000   Code   RO         2493    .ARM.Collect$$libshutdown$$0000000A  c_w.l(libshutdown2.o)
    0x0000052a   0x00000000   Code   RO         2495    .ARM.Collect$$libshutdown$$0000000C  c_w.l(libshutdown2.o)
    0x0000052a   0x00000000   Code   RO         2498    .ARM.Collect$$libshutdown$$0000000F  c_w.l(libshutdown2.o)
    0x0000052a   0x00000002   Code   RO         2499    .ARM.Collect$$libshutdown$$00000010  c_w.l(libshutdown2.o)
    0x0000052c   0x00000000   Code   RO         2215    .ARM.Collect$$rtentry$$00000000  c_w.l(__rtentry.o)
    0x0000052c   0x00000000   Code   RO         2324    .ARM.Collect$$rtentry$$00000002  c_w.l(__rtentry2.o)
    0x0000052c   0x00000006   Code   RO         2336    .ARM.Collect$$rtentry$$00000004  c_w.l(__rtentry4.o)
    0x00000532   0x00000000   Code   RO         2326    .ARM.Collect$$rtentry$$00000009  c_w.l(__rtentry2.o)
    0x00000532   0x00000004   Code   RO         2327    .ARM.Collect$$rtentry$$0000000A  c_w.l(__rtentry2.o)
    0x00000536   0x00000008   Code   RO         2328    .ARM.Collect$$rtentry$$0000000B  c_w.l(__rtentry2.o)
    0x0000053e   0x00000008   Code   RO         2330    .ARM.Collect$$rtentry$$0000000D  c_w.l(__rtentry2.o)
    0x00000546   0x00000002   Code   RO         2216    .ARM.Collect$$rtexit$$00000000  c_w.l(rtexit.o)
    0x00000548   0x00000000   Code   RO         2339    .ARM.Collect$$rtexit$$00000002  c_w.l(rtexit2.o)
    0x00000548   0x00000004   Code   RO         2340    .ARM.Collect$$rtexit$$00000003  c_w.l(rtexit2.o)
    0x0000054c   0x00000006   Code   RO         2341    .ARM.Collect$$rtexit$$00000004  c_w.l(rtexit2.o)
    0x00000552   0x00000002   PAD
    0x00000554   0x0000001c   Code   RO          842    .emb_text           rtx_conf_cm.o
    0x00000570   0x00000198   Code   RO         2188    .emb_text           RTX_CM4.lib(hal_cm4.o)
    0x00000708   0x00000040   Code   RO          903  * .text               arm_startup_nrf52.o
    0x00000748   0x00000008   Code   RO         2200    .text               c_w.l(libspace.o)
    0x00000750   0x00000034   Code   RO         2205    .text               c_w.l(vsnprintf.o)
    0x00000784   0x00000012   Code   RO         2207    .text               c_w.l(exit.o)
    0x00000796   0x0000003e   Code   RO         2209    .text               c_w.l(strlen.o)
    0x000007d4   0x00000006   Code   RO         2211    .text               c_w.l(heapauxi.o)
    0x000007da   0x0000004e   Code   RO         2224    .text               c_w.l(_printf_pad.o)
    0x00000828   0x00000024   Code   RO         2226    .text               c_w.l(_printf_truncate.o)
    0x0000084c   0x00000052   Code   RO         2228    .text               c_w.l(_printf_str.o)
    0x0000089e   0x00000002   PAD
    0x000008a0   0x00000078   Code   RO         2230    .text               c_w.l(_printf_dec.o)
    0x00000918   0x00000028   Code   RO         2232    .text               c_w.l(_printf_charcount.o)
    0x00000940   0x00000030   Code   RO         2234    .text               c_w.l(_printf_char_common.o)
    0x00000970   0x0000000a   Code   RO         2236    .text               c_w.l(_sputc.o)
    0x0000097a   0x00000010   Code   RO         2238    .text               c_w.l(_snputc.o)
    0x0000098a   0x00000002   PAD
    0x0000098c   0x000000bc   Code   RO         2240    .text               c_w.l(_printf_wctomb.o)
    0x00000a48   0x0000007c   Code   RO         2243    .text               c_w.l(_printf_longlong_dec.o)
    0x00000ac4   0x00000070   Code   RO         2249    .text               c_w.l(_printf_oct_int_ll.o)
    0x00000b34   0x00000094   Code   RO         2269    .text               c_w.l(_printf_hex_int_ll_ptr.o)
    0x00000bc8   0x00000188   Code   RO         2289    .text               c_w.l(__printf_flags_ss_wp.o)
    0x00000d50   0x0000008a   Code   RO         2347    .text               c_w.l(lludiv10.o)
    0x00000dda   0x000000b2   Code   RO         2349    .text               c_w.l(_printf_intcommon.o)
    0x00000e8c   0x0000041a   Code   RO         2351    .text               c_w.l(_printf_fp_dec.o)
    0x000012a6   0x00000002   PAD
    0x000012a8   0x000002fc   Code   RO         2353    .text               c_w.l(_printf_fp_hex.o)
    0x000015a4   0x0000002c   Code   RO         2358    .text               c_w.l(_printf_char.o)
    0x000015d0   0x0000002c   Code   RO         2360    .text               c_w.l(_printf_wchar.o)
    0x000015fc   0x00000040   Code   RO         2363    .text               c_w.l(_wcrtomb.o)
    0x0000163c   0x0000000c   Code   RO         2365    .text               c_w.l(sys_exit.o)
    0x00001648   0x0000004a   Code   RO         2367    .text               c_w.l(sys_stackheap_outer.o)
    0x00001692   0x00000002   PAD
    0x00001694   0x00000010   Code   RO         2369    .text               c_w.l(rt_ctype_table.o)
    0x000016a4   0x0000000a   Code   RO         2376    .text               c_w.l(rt_locale_twolibspace.o)
    0x000016ae   0x00000002   PAD
    0x000016b0   0x00000080   Code   RO         2378    .text               c_w.l(_printf_fp_infnan.o)
    0x00001730   0x000000dc   Code   RO         2380    .text               c_w.l(bigflt0.o)
    0x0000180c   0x00000002   Code   RO         2425    .text               c_w.l(use_no_semi.o)
    0x0000180e   0x00000000   Code   RO         2427    .text               c_w.l(indicate_semi.o)
    0x0000180e   0x00000002   PAD
    0x00001810   0x00000080   Code   RO         2437    .text               c_w.l(strcmpv7m.o)
    0x00001890   0x0000003e   Code   RO         2383    CL$$btod_d2e        c_w.l(btod.o)
    0x000018ce   0x00000046   Code   RO         2385    CL$$btod_d2e_denorm_low  c_w.l(btod.o)
    0x00001914   0x00000060   Code   RO         2384    CL$$btod_d2e_norm_op1  c_w.l(btod.o)
    0x00001974   0x00000338   Code   RO         2393    CL$$btod_div_common  c_w.l(btod.o)
    0x00001cac   0x000000c6   Code   RO         2390    CL$$btod_e2e        c_w.l(btod.o)
    0x00001d72   0x00000028   Code   RO         2387    CL$$btod_ediv       c_w.l(btod.o)
    0x00001d9a   0x00000028   Code   RO         2386    CL$$btod_emul       c_w.l(btod.o)
    0x00001dc2   0x00000244   Code   RO         2392    CL$$btod_mult_common  c_w.l(btod.o)
    0x00002006   0x00000002   PAD
    0x00002008   0x00000008   Code   RO          299    SVC_TABLE           svc_table.o
    0x00002010   0x000001bc   Code   RO          305    i.GPIOTE_IRQHandler  nrf_drv_gpiote.o
    0x000021cc   0x00000078   Code   RO          159    i.InitLampControl   lamp_control.o
    0x00002244   0x000000b0   Code   RO          160    i.LampControl       lamp_control.o
    0x000022f4   0x00000140   Code   RO          254    i.SwitchMonitor     switch_monitor.o
    0x00002434   0x0000001c   Code   RO          255    i.SwitchMonitorInit  switch_monitor.o
    0x00002450   0x00000018   Code   RO          256    i.SwitchMonitorInterruptHandler  switch_monitor.o
    0x00002468   0x00000010   Code   RO          910    i.SystemCoreClockUpdate  system_nrf52.o
    0x00002478   0x00000234   Code   RO          911    i.SystemInit        system_nrf52.o
    0x000026ac   0x00000014   Code   RO          590    i.UARTE0_UART0_IRQHandler  nrf_drv_uart.o
    0x000026c0   0x00000068   Code   RO          197    i.UartPrint         uart_print.o
    0x00002728   0x00000050   Code   RO          198    i.UartPrintInit     uart_print.o
    0x00002778   0x0000003c   Code   RO          199    i.UartPrintf        uart_print.o
    0x000027b4   0x00000030   Code   RO         2423    i.__ARM_fpclassify  m_wm.l(fpclassify.o)
    0x000027e4   0x00000060   Code   RO          257    i.__SVC_1           switch_monitor.o
    0x00002844   0x00000046   Code   RO         2082    i._init_box         RTX_CM4.lib(rt_membox.o)
    0x0000288a   0x0000000e   Code   RO         2282    i._is_digit         c_w.l(__printf_wp.o)
    0x00002898   0x00000020   Code   RO          844    i._mutex_acquire    rtx_conf_cm.o
    0x000028b8   0x0000001c   Code   RO          846    i._mutex_release    rtx_conf_cm.o
    0x000028d4   0x00000064   Code   RO          591    i.apply_config      nrf_drv_uart.o
    0x00002938   0x00000020   Code   RO          306    i.channel_free      nrf_drv_gpiote.o
    0x00002958   0x00000010   Code   RO          307    i.channel_handler_get  nrf_drv_gpiote.o
    0x00002968   0x00000080   Code   RO          308    i.channel_port_alloc  nrf_drv_gpiote.o
    0x000029e8   0x0000000c   Code   RO          309    i.channel_port_get  nrf_drv_gpiote.o
    0x000029f4   0x00000030   Code   RO         2135    i.dbg_init          RTX_CM4.lib(hal_cm.o)
    0x00002a24   0x00000020   Code   RO         2136    i.dbg_task_notify   RTX_CM4.lib(hal_cm.o)
    0x00002a44   0x00000010   Code   RO         2137    i.dbg_task_switch   RTX_CM4.lib(hal_cm.o)
    0x00002a54   0x00000030   Code   RO          912    i.errata_16         system_nrf52.o
    0x00002a84   0x00000054   Code   RO          913    i.errata_31         system_nrf52.o
    0x00002ad8   0x00000030   Code   RO          914    i.errata_32         system_nrf52.o
    0x00002b08   0x00000054   Code   RO          915    i.errata_36         system_nrf52.o
    0x00002b5c   0x00000030   Code   RO          916    i.errata_37         system_nrf52.o
    0x00002b8c   0x00000030   Code   RO          917    i.errata_57         system_nrf52.o
    0x00002bbc   0x00000030   Code   RO          918    i.errata_66         system_nrf52.o
    0x00002bec   0x0000002a   Code   RO          985    i.isrMessageGet     RTX_CM4.lib(rt_cmsis.o)
    0x00002c16   0x0000002c   Code   RO          986    i.isrMessagePut     RTX_CM4.lib(rt_cmsis.o)
    0x00002c42   0x00000028   Code   RO          987    i.isrSemaphoreRelease  RTX_CM4.lib(rt_cmsis.o)
    0x00002c6a   0x00000024   Code   RO          988    i.isrSignalSet      RTX_CM4.lib(rt_cmsis.o)
    0x00002c8e   0x00000002   PAD
    0x00002c90   0x00000028   Code   RO         1819    i.isr_evt_set       RTX_CM4.lib(rt_event.o)
    0x00002cb8   0x00000052   Code   RO         1937    i.isr_mbx_receive   RTX_CM4.lib(rt_mailbox.o)
    0x00002d0a   0x0000000e   Code   RO         1938    i.isr_mbx_send      RTX_CM4.lib(rt_mailbox.o)
    0x00002d18   0x00000010   Code   RO         1985    i.isr_sem_send      RTX_CM4.lib(rt_semaphore.o)
    0x00002d28   0x00000098   Code   RO            4    i.main              main.o
    0x00002dc0   0x00000060   Code   RO          817    i.nrf_drv_common_irq_enable  nrf_drv_common.o
    0x00002e20   0x0000000a   Code   RO          592    i.nrf_drv_get_IRQn  nrf_drv_uart.o
    0x00002e2a   0x00000002   PAD
    0x00002e2c   0x000000b8   Code   RO          314    i.nrf_drv_gpiote_in_event_enable  nrf_drv_gpiote.o
    0x00002ee4   0x000000d8   Code   RO          315    i.nrf_drv_gpiote_in_init  nrf_drv_gpiote.o
    0x00002fbc   0x0000005c   Code   RO          318    i.nrf_drv_gpiote_init  nrf_drv_gpiote.o
    0x00003018   0x00000090   Code   RO          594    i.nrf_drv_uart_init  nrf_drv_uart.o
    0x000030a8   0x00000038   Code   RO          600    i.nrf_drv_uart_tx   nrf_drv_uart.o
    0x000030e0   0x00000090   Code   RO          602    i.nrf_drv_uart_tx_for_uart  nrf_drv_uart.o
    0x00003170   0x00000020   Code   RO          603    i.nrf_drv_uart_tx_in_progress  nrf_drv_uart.o
    0x00003190   0x00000024   Code   RO          333    i.nrf_gpio_cfg      nrf_drv_gpiote.o
    0x000031b4   0x00000024   Code   RO          605    i.nrf_gpio_cfg      nrf_drv_uart.o
    0x000031d8   0x0000001a   Code   RO          607    i.nrf_gpio_cfg_input  nrf_drv_uart.o
    0x000031f2   0x00000018   Code   RO          608    i.nrf_gpio_cfg_output  nrf_drv_uart.o
    0x0000320a   0x00000002   PAD
    0x0000320c   0x00000024   Code   RO          335    i.nrf_gpio_cfg_sense_set  nrf_drv_gpiote.o
    0x00003230   0x00000010   Code   RO          609    i.nrf_gpio_pin_set  nrf_drv_uart.o
    0x00003240   0x0000000c   Code   RO          338    i.nrf_gpiote_event_addr_get  nrf_drv_gpiote.o
    0x0000324c   0x0000001c   Code   RO          339    i.nrf_gpiote_event_clear  nrf_drv_gpiote.o
    0x00003268   0x00000016   Code   RO          340    i.nrf_gpiote_event_is_set  nrf_drv_gpiote.o
    0x0000327e   0x00000002   PAD
    0x00003280   0x0000000c   Code   RO          341    i.nrf_gpiote_int_enable  nrf_drv_gpiote.o
    0x0000328c   0x0000000c   Code   RO          610    i.nrf_uart_errorsrc_get_and_clear  nrf_drv_uart.o
    0x00003298   0x0000000e   Code   RO          611    i.nrf_uart_event_check  nrf_drv_uart.o
    0x000032a6   0x0000000e   Code   RO          612    i.nrf_uart_event_clear  nrf_drv_uart.o
    0x000032b4   0x0000000a   Code   RO          613    i.nrf_uart_hwfc_pins_set  nrf_drv_uart.o
    0x000032be   0x00000006   Code   RO          614    i.nrf_uart_int_disable  nrf_drv_uart.o
    0x000032c4   0x00000006   Code   RO          615    i.nrf_uart_int_enable  nrf_drv_uart.o
    0x000032ca   0x00000012   Code   RO          616    i.nrf_uart_int_enable_check  nrf_drv_uart.o
    0x000032dc   0x00000006   Code   RO          617    i.nrf_uart_task_trigger  nrf_drv_uart.o
    0x000032e2   0x0000000a   Code   RO          618    i.nrf_uart_txrx_pins_set  nrf_drv_uart.o
    0x000032ec   0x00000018   Code   RO          989    i.osDelay           RTX_CM4.lib(rt_cmsis.o)
    0x00003304   0x00000024   Code   RO          990    i.osKernelInitialize  RTX_CM4.lib(rt_cmsis.o)
    0x00003328   0x0000006c   Code   RO          992    i.osKernelStart     RTX_CM4.lib(rt_cmsis.o)
    0x00003394   0x0000001c   Code   RO          994    i.osMailAlloc       RTX_CM4.lib(rt_cmsis.o)
    0x000033b0   0x00000030   Code   RO          996    i.osMailCreate      RTX_CM4.lib(rt_cmsis.o)
    0x000033e0   0x00000016   Code   RO          998    i.osMailGet         RTX_CM4.lib(rt_cmsis.o)
    0x000033f6   0x00000014   Code   RO          999    i.osMailPut         RTX_CM4.lib(rt_cmsis.o)
    0x0000340a   0x00000002   PAD
    0x0000340c   0x00000030   Code   RO         1000    i.osMessageCreate   RTX_CM4.lib(rt_cmsis.o)
    0x0000343c   0x00000018   Code   RO         1001    i.osMessageGet      RTX_CM4.lib(rt_cmsis.o)
    0x00003454   0x00000018   Code   RO         1002    i.osMessagePut      RTX_CM4.lib(rt_cmsis.o)
    0x0000346c   0x00000030   Code   RO         1003    i.osMutexCreate     RTX_CM4.lib(rt_cmsis.o)
    0x0000349c   0x00000018   Code   RO         1005    i.osMutexRelease    RTX_CM4.lib(rt_cmsis.o)
    0x000034b4   0x00000018   Code   RO         1006    i.osMutexWait       RTX_CM4.lib(rt_cmsis.o)
    0x000034cc   0x00000030   Code   RO         1011    i.osSemaphoreCreate  RTX_CM4.lib(rt_cmsis.o)
    0x000034fc   0x00000018   Code   RO         1013    i.osSemaphoreRelease  RTX_CM4.lib(rt_cmsis.o)
    0x00003514   0x00000018   Code   RO         1014    i.osSemaphoreWait   RTX_CM4.lib(rt_cmsis.o)
    0x0000352c   0x00000018   Code   RO         1015    i.osSignalClear     RTX_CM4.lib(rt_cmsis.o)
    0x00003544   0x00000018   Code   RO         1016    i.osSignalSet       RTX_CM4.lib(rt_cmsis.o)
    0x0000355c   0x00000018   Code   RO         1017    i.osSignalWait      RTX_CM4.lib(rt_cmsis.o)
    0x00003574   0x00000030   Code   RO         1018    i.osThreadCreate    RTX_CM4.lib(rt_cmsis.o)
    0x000035a4   0x00000018   Code   RO         1019    i.osThreadExit      RTX_CM4.lib(rt_cmsis.o)
    0x000035bc   0x0000000c   Code   RO         1025    i.osTimerCall       RTX_CM4.lib(rt_cmsis.o)
    0x000035c8   0x0000002c   Code   RO         1030    i.osTimerThread     RTX_CM4.lib(rt_cmsis.o)
    0x000035f4   0x00000022   Code   RO          847    i.os_error          rtx_conf_cm.o
    0x00003616   0x00000004   Code   RO          848    i.os_idle_demon     rtx_conf_cm.o
    0x0000361a   0x00000002   PAD
    0x0000361c   0x00000028   Code   RO         1729    i.os_tick_init      RTX_CM4.lib(rt_system.o)
    0x00003644   0x00000002   Code   RO         1730    i.os_tick_irqack    RTX_CM4.lib(rt_system.o)
    0x00003646   0x00000002   PAD
    0x00003648   0x0000001c   Code   RO          344    i.pin_in_use_by_gpiote  nrf_drv_gpiote.o
    0x00003664   0x00000018   Code   RO          345    i.pin_in_use_by_port  nrf_drv_gpiote.o
    0x0000367c   0x00000020   Code   RO          346    i.pin_in_use_by_te  nrf_drv_gpiote.o
    0x0000369c   0x0000000c   Code   RO          347    i.pin_in_use_clear  nrf_drv_gpiote.o
    0x000036a8   0x0000001a   Code   RO         2083    i.rt_alloc_box      RTX_CM4.lib(rt_membox.o)
    0x000036c2   0x0000003e   Code   RO         2111    i.rt_alloc_mem      RTX_CM4.lib(rt_memory.o)
    0x00003700   0x00000038   Code   RO         1610    i.rt_block          RTX_CM4.lib(rt_task.o)
    0x00003738   0x00000048   Code   RO         2060    i.rt_chk_robin      RTX_CM4.lib(rt_robin.o)
    0x00003780   0x00000070   Code   RO         1861    i.rt_dec_dly        RTX_CM4.lib(rt_list.o)
    0x000037f0   0x00000044   Code   RO         1611    i.rt_dispatch       RTX_CM4.lib(rt_task.o)
    0x00003834   0x00000006   Code   RO         2027    i.rt_dly_wait       RTX_CM4.lib(rt_time.o)
    0x0000383a   0x00000002   PAD
    0x0000383c   0x0000001c   Code   RO         1820    i.rt_evt_clr        RTX_CM4.lib(rt_event.o)
    0x00003858   0x00000050   Code   RO         1822    i.rt_evt_psh        RTX_CM4.lib(rt_event.o)
    0x000038a8   0x0000005c   Code   RO         1823    i.rt_evt_set        RTX_CM4.lib(rt_event.o)
    0x00003904   0x0000003c   Code   RO         1824    i.rt_evt_wait       RTX_CM4.lib(rt_event.o)
    0x00003940   0x0000002c   Code   RO         2084    i.rt_free_box       RTX_CM4.lib(rt_membox.o)
    0x0000396c   0x00000028   Code   RO         2112    i.rt_free_mem       RTX_CM4.lib(rt_memory.o)
    0x00003994   0x00000028   Code   RO         1862    i.rt_get_first      RTX_CM4.lib(rt_list.o)
    0x000039bc   0x00000008   Code   RO         1035    i.rt_id2obj         RTX_CM4.lib(rt_cmsis.o)
    0x000039c4   0x00000048   Code   RO         1612    i.rt_init_context   RTX_CM4.lib(rt_task.o)
    0x00003a0c   0x0000001a   Code   RO         2113    i.rt_init_mem       RTX_CM4.lib(rt_memory.o)
    0x00003a26   0x00000002   PAD
    0x00003a28   0x00000018   Code   RO         2061    i.rt_init_robin     RTX_CM4.lib(rt_robin.o)
    0x00003a40   0x00000080   Code   RO         2138    i.rt_init_stack     RTX_CM4.lib(hal_cm.o)
    0x00003ac0   0x00000008   Code   RO         1939    i.rt_mbx_check      RTX_CM4.lib(rt_mailbox.o)
    0x00003ac8   0x0000001a   Code   RO         1940    i.rt_mbx_init       RTX_CM4.lib(rt_mailbox.o)
    0x00003ae2   0x00000002   PAD
    0x00003ae4   0x000000f0   Code   RO         1941    i.rt_mbx_psh        RTX_CM4.lib(rt_mailbox.o)
    0x00003bd4   0x00000098   Code   RO         1942    i.rt_mbx_send       RTX_CM4.lib(rt_mailbox.o)
    0x00003c6c   0x000000b4   Code   RO         1943    i.rt_mbx_wait       RTX_CM4.lib(rt_mailbox.o)
    0x00003d20   0x00000044   Code   RO         1036    i.rt_ms2tick        RTX_CM4.lib(rt_cmsis.o)
    0x00003d64   0x00000010   Code   RO         1695    i.rt_mut_init       RTX_CM4.lib(rt_mutex.o)
    0x00003d74   0x000000d8   Code   RO         1696    i.rt_mut_release    RTX_CM4.lib(rt_mutex.o)
    0x00003e4c   0x00000068   Code   RO         1697    i.rt_mut_wait       RTX_CM4.lib(rt_mutex.o)
    0x00003eb4   0x0000007c   Code   RO         1733    i.rt_pop_req        RTX_CM4.lib(rt_system.o)
    0x00003f30   0x00000020   Code   RO         1734    i.rt_psh_req        RTX_CM4.lib(rt_system.o)
    0x00003f50   0x0000005c   Code   RO         1864    i.rt_psq_enq        RTX_CM4.lib(rt_list.o)
    0x00003fac   0x00000048   Code   RO         1865    i.rt_put_dly        RTX_CM4.lib(rt_list.o)
    0x00003ff4   0x00000036   Code   RO         1866    i.rt_put_prio       RTX_CM4.lib(rt_list.o)
    0x0000402a   0x00000002   PAD
    0x0000402c   0x00000014   Code   RO         1867    i.rt_put_rdy_first  RTX_CM4.lib(rt_list.o)
    0x00004040   0x00000034   Code   RO         1868    i.rt_resort_prio    RTX_CM4.lib(rt_list.o)
    0x00004074   0x00000010   Code   RO         2139    i.rt_ret_regs       RTX_CM4.lib(hal_cm.o)
    0x00004084   0x0000000c   Code   RO         2140    i.rt_ret_val        RTX_CM4.lib(hal_cm.o)
    0x00004090   0x00000010   Code   RO         2141    i.rt_ret_val2       RTX_CM4.lib(hal_cm.o)
    0x000040a0   0x00000028   Code   RO         1869    i.rt_rmv_dly        RTX_CM4.lib(rt_list.o)
    0x000040c8   0x00000030   Code   RO         1870    i.rt_rmv_list       RTX_CM4.lib(rt_list.o)
    0x000040f8   0x0000000c   Code   RO         1987    i.rt_sem_init       RTX_CM4.lib(rt_semaphore.o)
    0x00004104   0x00000034   Code   RO         1988    i.rt_sem_psh        RTX_CM4.lib(rt_semaphore.o)
    0x00004138   0x0000002a   Code   RO         1989    i.rt_sem_send       RTX_CM4.lib(rt_semaphore.o)
    0x00004162   0x00000002   PAD
    0x00004164   0x00000040   Code   RO         1990    i.rt_sem_wait       RTX_CM4.lib(rt_semaphore.o)
    0x000041a4   0x00000024   Code   RO         1736    i.rt_stk_check      RTX_CM4.lib(rt_system.o)
    0x000041c8   0x00000028   Code   RO         1613    i.rt_switch_req     RTX_CM4.lib(rt_task.o)
    0x000041f0   0x000000cc   Code   RO         1614    i.rt_sys_init       RTX_CM4.lib(rt_task.o)
    0x000042bc   0x00000078   Code   RO         1615    i.rt_sys_start      RTX_CM4.lib(rt_task.o)
    0x00004334   0x00000040   Code   RO         1738    i.rt_systick        RTX_CM4.lib(rt_system.o)
    0x00004374   0x00000012   Code   RO         1037    i.rt_tid2ptcb       RTX_CM4.lib(rt_cmsis.o)
    0x00004386   0x00000002   PAD
    0x00004388   0x00000034   Code   RO         1038    i.rt_timer_insert   RTX_CM4.lib(rt_cmsis.o)
    0x000043bc   0x00000088   Code   RO         1616    i.rt_tsk_create     RTX_CM4.lib(rt_task.o)
    0x00004444   0x0000017c   Code   RO         1617    i.rt_tsk_delete     RTX_CM4.lib(rt_task.o)
    0x000045c0   0x0000007c   Code   RO         1619    i.rt_tsk_prio       RTX_CM4.lib(rt_task.o)
    0x0000463c   0x00000010   Code   RO         1620    i.rt_tsk_self       RTX_CM4.lib(rt_task.o)
    0x0000464c   0x0000003e   Code   RO          620    i.rx_byte           nrf_drv_uart.o
    0x0000468a   0x0000001e   Code   RO          621    i.rx_done_event     nrf_drv_uart.o
    0x000046a8   0x00000012   Code   RO         1040    i.svcDelay          RTX_CM4.lib(rt_cmsis.o)
    0x000046ba   0x00000002   PAD
    0x000046bc   0x00000070   Code   RO         1041    i.svcKernelInitialize  RTX_CM4.lib(rt_cmsis.o)
    0x0000472c   0x00000048   Code   RO         1043    i.svcKernelStart    RTX_CM4.lib(rt_cmsis.o)
    0x00004774   0x00000042   Code   RO         1045    i.svcMailCreate     RTX_CM4.lib(rt_cmsis.o)
    0x000047b6   0x00000024   Code   RO         1046    i.svcMessageCreate  RTX_CM4.lib(rt_cmsis.o)
    0x000047da   0x0000003a   Code   RO         1047    i.svcMessageGet     RTX_CM4.lib(rt_cmsis.o)
    0x00004814   0x00000036   Code   RO         1048    i.svcMessagePut     RTX_CM4.lib(rt_cmsis.o)
    0x0000484a   0x0000001c   Code   RO         1049    i.svcMutexCreate    RTX_CM4.lib(rt_cmsis.o)
    0x00004866   0x00000022   Code   RO         1051    i.svcMutexRelease   RTX_CM4.lib(rt_cmsis.o)
    0x00004888   0x00000036   Code   RO         1052    i.svcMutexWait      RTX_CM4.lib(rt_cmsis.o)
    0x000048be   0x00000024   Code   RO         1054    i.svcSemaphoreCreate  RTX_CM4.lib(rt_cmsis.o)
    0x000048e2   0x00000028   Code   RO         1056    i.svcSemaphoreRelease  RTX_CM4.lib(rt_cmsis.o)
    0x0000490a   0x00000032   Code   RO         1057    i.svcSemaphoreWait  RTX_CM4.lib(rt_cmsis.o)
    0x0000493c   0x00000024   Code   RO         1058    i.svcSignalClear    RTX_CM4.lib(rt_cmsis.o)
    0x00004960   0x00000024   Code   RO         1059    i.svcSignalSet      RTX_CM4.lib(rt_cmsis.o)
    0x00004984   0x00000054   Code   RO         1060    i.svcSignalWait     RTX_CM4.lib(rt_cmsis.o)
    0x000049d8   0x00000070   Code   RO         1061    i.svcThreadCreate   RTX_CM4.lib(rt_cmsis.o)
    0x00004a48   0x0000001c   Code   RO         1062    i.svcThreadGetId    RTX_CM4.lib(rt_cmsis.o)
    0x00004a64   0x00000038   Code   RO         1065    i.svcThreadTerminate  RTX_CM4.lib(rt_cmsis.o)
    0x00004a9c   0x00000018   Code   RO         1067    i.svcTimerCall      RTX_CM4.lib(rt_cmsis.o)
    0x00004ab4   0x00000058   Code   RO         1072    i.sysMailAlloc      RTX_CM4.lib(rt_cmsis.o)
    0x00004b0c   0x0000005c   Code   RO         1076    i.sysTimerTick      RTX_CM4.lib(rt_cmsis.o)
    0x00004b68   0x00000026   Code   RO          623    i.tx_byte           nrf_drv_uart.o
    0x00004b8e   0x00000022   Code   RO          624    i.tx_done_event     nrf_drv_uart.o
    0x00004bb0   0x00000142   Code   RO          625    i.uart_irq_handler  nrf_drv_uart.o
    0x00004cf2   0x00000002   PAD
    0x00004cf4   0x0000002c   Code   RO         2406    locale$$code        c_w.l(lc_numeric_c.o)
    0x00004d20   0x0000002c   Code   RO         2431    locale$$code        c_w.l(lc_ctype_c.o)
    0x00004d4c   0x0000000a   Code   RO         2506    x$fpl$fpinit        fz_wm.l(fpinit.o)
    0x00004d56   0x00000004   Code   RO         2315    x$fpl$printf1       fz_wm.l(printf1.o)
    0x00004d5a   0x00000004   Code   RO         2317    x$fpl$printf2       fz_wm.l(printf2.o)
    0x00004d5e   0x00000000   Code   RO         2422    x$fpl$usenofp       fz_wm.l(usenofp.o)
    0x00004d5e   0x00000002   PAD
    0x00004d60   0x00000030   Data   RO            5    .constdata          main.o
    0x00004d90   0x00000004   Data   RO          161    .constdata          lamp_control.o
    0x00004d94   0x00000010   Data   RO          201    .constdata          uart_print.o
    0x00004da4   0x0000000c   Data   RO          259    .constdata          switch_monitor.o
    0x00004db0   0x00000056   Data   RO          850    .constdata          rtx_conf_cm.o
    0x00004e06   0x00000002   PAD
    0x00004e08   0x00000008   Data   RO         2241    .constdata          c_w.l(_printf_wctomb.o)
    0x00004e10   0x00000028   Data   RO         2270    .constdata          c_w.l(_printf_hex_int_ll_ptr.o)
    0x00004e38   0x00000011   Data   RO         2290    .constdata          c_w.l(__printf_flags_ss_wp.o)
    0x00004e49   0x00000026   Data   RO         2354    .constdata          c_w.l(_printf_fp_hex.o)
    0x00004e6f   0x00000001   PAD
    0x00004e70   0x00000094   Data   RO         2381    .constdata          c_w.l(bigflt0.o)
    0x00004f04   0x00000020   Data   RO         2540    Region$$Table       anon$$obj.o
    0x00004f24   0x0000001c   Data   RO         2405    locale$$data        c_w.l(lc_numeric_c.o)
    0x00004f40   0x00000110   Data   RO         2430    locale$$data        c_w.l(lc_ctype_c.o)


    Execution Region ER_RW (Base: 0x20000000, Size: 0x000000b4, Max: 0xffffffff, ABSOLUTE)

    Base Addr    Size         Type   Attr      Idx    E Section Name        Object

    0x20000000   0x0000001c   Data   RW            6    .data               main.o
    0x2000001c   0x00000008   Data   RW          162    .data               lamp_control.o
    0x20000024   0x00000038   Data   RW          202    .data               uart_print.o
    0x2000005c   0x00000008   Data   RW          260    .data               switch_monitor.o
    0x20000064   0x00000024   Data   RW          851    .data               rtx_conf_cm.o
    0x20000088   0x00000004   Data   RW          919    .data               system_nrf52.o
    0x2000008c   0x00000008   Data   RW         1079    .data               RTX_CM4.lib(rt_cmsis.o)
    0x20000094   0x00000008   Data   RW         1622    .data               RTX_CM4.lib(rt_task.o)
    0x2000009c   0x00000008   Data   RW         1741    .data               RTX_CM4.lib(rt_system.o)
    0x200000a4   0x00000004   Data   RW         2031    .data               RTX_CM4.lib(rt_time.o)
    0x200000a8   0x00000008   Data   RW         2062    .data               RTX_CM4.lib(rt_robin.o)
    0x200000b0   0x00000001   Data   RW         2142    .data               RTX_CM4.lib(hal_cm.o)


    Execution Region ER_ZI (Base: 0x200000b4, Size: 0x00005494, Max: 0xffffffff, ABSOLUTE)

    Base Addr    Size         Type   Attr      Idx    E Section Name        Object

    0x200000b4   0x0000048c   Zero   RW          200    .bss                uart_print.o
    0x20000540   0x00000050   Zero   RW          258    .bss                switch_monitor.o
    0x20000590   0x00000048   Zero   RW          348    .bss                nrf_drv_gpiote.o
    0x200005d8   0x0000001c   Zero   RW          626    .bss                nrf_drv_uart.o
    0x200005f4   0x00000004   PAD
    0x200005f8   0x00000e88   Zero   RW          849    .bss                rtx_conf_cm.o
    0x20001480   0x00000034   Zero   RW         1621    .bss                RTX_CM4.lib(rt_task.o)
    0x200014b4   0x00000030   Zero   RW         1871    .bss                RTX_CM4.lib(rt_list.o)
    0x200014e4   0x00000060   Zero   RW         2201    .bss                c_w.l(libspace.o)
    0x20001544   0x00000004   PAD
    0x20001548   0x00002000   Zero   RW          901    HEAP                arm_startup_nrf52.o
    0x20003548   0x00002000   Zero   RW          900    STACK               arm_startup_nrf52.o


==============================================================================

Image component sizes


      Code (inc. data)   RO Data    RW Data    ZI Data      Debug   Object Name

        64         26       1024          0      16384        936   arm_startup_nrf52.o
       296         30          4          8          0       5290   lamp_control.o
       152         48         48         28          0      54354   main.o
        96         12          0          0          0      27603   nrf_drv_common.o
      1366        124          0          0         72      25572   nrf_drv_gpiote.o
      1190         44          0          0         28      28142   nrf_drv_uart.o
       126         26         86         36       3720       9375   rtx_conf_cm.o
         8          8          0          0          0        208   svc_table.o
       468         96         12          8         80       3551   switch_monitor.o
       988        102          0          4          0      32154   system_nrf52.o
       244         46         16         56       1164       4016   uart_print.o

    ----------------------------------------------------------------------
      5008        562       1224        140      21452     191201   Object Totals
         0          0         32          0          0          0   (incl. Generated)
        10          0          2          0          4          0   (incl. Padding)

    ----------------------------------------------------------------------

      Code (inc. data)   RO Data    RW Data    ZI Data      Debug   Library Member Name

       268         24          0          1          0       4452   hal_cm.o
       408         34          0          0          0        816   hal_cm4.o
      2296        244          0          8          0      55384   rt_cmsis.o
       300         24          0          0          0       3383   rt_event.o
       530         34          0          0         48       8597   rt_list.o
       702         14          0          0          0       5063   rt_mailbox.o
       140          0          0          0          0       2045   rt_membox.o
       128          0          0          0          0       2419   rt_memory.o
       336         12          0          0          0       2201   rt_mutex.o
        96         22          0          8          0       1230   rt_robin.o
       186         10          0          0          0       3102   rt_semaphore.o
       298         52          0          8          0       6439   rt_system.o
      1216        174          0          8         52      10025   rt_task.o
         6          0          0          4          0        684   rt_time.o
         8          0          0          0          0         68   __main.o
       392          4         17          0          0         92   __printf_flags_ss_wp.o
        14          0          0          0          0         68   __printf_wp.o
         0          0          0          0          0          0   __rtentry.o
        20          0          0          0          0          0   __rtentry2.o
         6          0          0          0          0          0   __rtentry4.o
        52          8          0          0          0          0   __scatter.o
        26          0          0          0          0          0   __scatter_copy.o
        28          0          0          0          0          0   __scatter_zi.o
         6          0          0          0          0          0   _printf_a.o
         6          0          0          0          0          0   _printf_c.o
        44          0          0          0          0        108   _printf_char.o
        48          6          0          0          0         96   _printf_char_common.o
        40          0          0          0          0         68   _printf_charcount.o
         6          0          0          0          0          0   _printf_d.o
       120         16          0          0          0         92   _printf_dec.o
         6          0          0          0          0          0   _printf_e.o
         6          0          0          0          0          0   _printf_f.o
      1050          0          0          0          0        216   _printf_fp_dec.o
       764          8         38          0          0        100   _printf_fp_hex.o
       128         16          0          0          0         84   _printf_fp_infnan.o
         6          0          0          0          0          0   _printf_g.o
       148          4         40          0          0        160   _printf_hex_int_ll_ptr.o
         6          0          0          0          0          0   _printf_i.o
       178          0          0          0          0         88   _printf_intcommon.o
        10          0          0          0          0          0   _printf_l.o
         6          0          0          0          0          0   _printf_lc.o
        10          0          0          0          0          0   _printf_ll.o
         6          0          0          0          0          0   _printf_lld.o
         6          0          0          0          0          0   _printf_lli.o
         6          0          0          0          0          0   _printf_llo.o
         6          0          0          0          0          0   _printf_llu.o
         6          0          0          0          0          0   _printf_llx.o
       124         16          0          0          0         92   _printf_longlong_dec.o
         6          0          0          0          0          0   _printf_ls.o
         6          0          0          0          0          0   _printf_n.o
         6          0          0          0          0          0   _printf_o.o
       112          8          0          0          0        124   _printf_oct_int_ll.o
         6          0          0          0          0          0   _printf_p.o
        78          0          0          0          0        108   _printf_pad.o
         0          0          0          0          0          0   _printf_percent.o
         4          0          0          0          0          0   _printf_percent_end.o
         6          0          0          0          0          0   _printf_s.o
        82          0          0          0          0         80   _printf_str.o
        36          0          0          0          0         84   _printf_truncate.o
         6          0          0          0          0          0   _printf_u.o
        44          0          0          0          0        108   _printf_wchar.o
       188          6          8          0          0         92   _printf_wctomb.o
         6          0          0          0          0          0   _printf_x.o
        16          0          0          0          0         68   _snputc.o
        10          0          0          0          0         68   _sputc.o
        64          0          0          0          0         92   _wcrtomb.o
       220          4        148          0          0         96   bigflt0.o
      1910        128          0          0          0        672   btod.o
        18          0          0          0          0         80   exit.o
         6          0          0          0          0        152   heapauxi.o
         0          0          0          0          0          0   indicate_semi.o
        44         10        272          0          0         76   lc_ctype_c.o
        44         10         28          0          0         76   lc_numeric_c.o
         2          0          0          0          0          0   libinit.o
        34          0          0          0          0          0   libinit2.o
         2          0          0          0          0          0   libshutdown.o
         2          0          0          0          0          0   libshutdown2.o
         8          4          0          0         96         68   libspace.o
       138          0          0          0          0         80   lludiv10.o
        16          4          0          0          0         76   rt_ctype_table.o
        10          0          0          0          0         76   rt_locale_twolibspace.o
         2          0          0          0          0          0   rtexit.o
        10          0          0          0          0          0   rtexit2.o
       128          0          0          0          0         68   strcmpv7m.o
        62          0          0          0          0         76   strlen.o
        12          4          0          0          0         68   sys_exit.o
        74          0          0          0          0         80   sys_stackheap_outer.o
         2          0          0          0          0         68   use_no_semi.o
        52          4          0          0          0         80   vsnprintf.o
        10          0          0          0          0        116   fpinit.o
         4          0          0          0          0        116   printf1.o
         4          0          0          0          0        116   printf2.o
         0          0          0          0          0          0   usenofp.o
        48          0          0          0          0        124   fpclassify.o

    ----------------------------------------------------------------------
     13776        904        552         40        200     110360   Library Totals
        40          0          1          3          4          0   (incl. Padding)

    ----------------------------------------------------------------------

      Code (inc. data)   RO Data    RW Data    ZI Data      Debug   Library Name

      6910        644          0         37        100     105840   RTX_CM4.lib
      6760        260        551          0         96       4048   c_w.l
        18          0          0          0          0        348   fz_wm.l
        48          0          0          0          0        124   m_wm.l

    ----------------------------------------------------------------------
     13776        904        552         40        200     110360   Library Totals

    ----------------------------------------------------------------------

==============================================================================


      Code (inc. data)   RO Data    RW Data    ZI Data      Debug   

     18784       1466       1776        180      21652     281777   Grand Totals
     18784       1466       1776        180      21652     281777   ELF Image Totals
     18784       1466       1776        180          0          0   ROM Totals

==============================================================================

    Total RO  Size (Code + RO Data)                20560 (  20.08kB)
    Total RW  Size (RW Data + ZI Data)             21832 (  21.32kB)
    Total ROM Size (Code + RO Data + RW Data)      20740 (  20.25kB)

==============================================================================

